PRT1
68
156
4 0 4 (2944 1024 2048 ) (2048 1024 2048 ) (2048 1024 -1264 ) (2944 1024 -1264 ) 
4 0 2 (2048 1536 -1264 ) (2048 1024 -1264 ) (2048 1024 2048 ) (2048 1536 2048 ) 
4 0 1 (2944 1024 -1264 ) (2048 1024 -1264 ) (2048 1536 -1264 ) (2944 1536 -1264 ) 
4 1 5 (2944 1024 -1264 ) (2048 1024 -1264 ) (2048 1024 -3712 ) (2944 1024 -3712 ) 
4 1 3 (2048 1536 -3712 ) (2048 1024 -3712 ) (2048 1024 -1264 ) (2048 1536 -1264 ) 
4 2 16 (1024 1024 -1264 ) (1024 1024 2048 ) (1024 1536 2048 ) (1024 1536 -1264 ) 
4 2 6 (1024 1024 2048 ) (1024 1024 -1264 ) (2048 1024 -1264 ) (2048 1024 2048 ) 
4 2 3 (2048 1536 -1264 ) (2048 1024 -1264 ) (1024 1024 -1264 ) (1024 1536 -1264 ) 
4 3 17 (1024 1024 -3712 ) (1024 1024 -1264 ) (1024 1536 -1264 ) (1024 1536 -3712 ) 
4 3 7 (1024 1024 -1264 ) (1024 1024 -3712 ) (2048 1024 -3712 ) (2048 1024 -1264 ) 
4 4 8 (2944 0 2048 ) (2048 0 2048 ) (2048 0 -1264 ) (2944 0 -1264 ) 
4 4 6 (2048 1024 2048 ) (2048 1024 -1264 ) (2048 0 -1264 ) (2048 0 2048 ) 
4 4 5 (2048 1024 -1264 ) (2944 1024 -1264 ) (2944 0 -1264 ) (2048 0 -1264 ) 
4 5 9 (2944 0 -1264 ) (2048 0 -1264 ) (2048 0 -3712 ) (2944 0 -3712 ) 
4 5 7 (2048 1024 -1264 ) (2048 1024 -3712 ) (2048 0 -3712 ) (2048 0 -1264 ) 
4 6 22 (1024 0 -1264 ) (1024 0 2048 ) (1024 1024 2048 ) (1024 1024 -1264 ) 
4 6 10 (2048 0 -1264 ) (2048 0 2048 ) (1024 0 2048 ) (1024 0 -1264 ) 
4 6 7 (1024 0 -1264 ) (1024 1024 -1264 ) (2048 1024 -1264 ) (2048 0 -1264 ) 
4 7 23 (1024 0 -3712 ) (1024 0 -1264 ) (1024 1024 -1264 ) (1024 1024 -3712 ) 
4 7 11 (2048 0 -3712 ) (2048 0 -1264 ) (1024 0 -1264 ) (1024 0 -3712 ) 
4 8 12 (2944 -1024 2048 ) (2048 -1024 2048 ) (2048 -1024 -1264 ) (2944 -1024 -1264 ) 
4 8 10 (2048 0 2048 ) (2048 0 -1264 ) (2048 -1024 -1264 ) (2048 -1024 2048 ) 
4 8 9 (2944 -1024 -1264 ) (2048 -1024 -1264 ) (2048 0 -1264 ) (2944 0 -1264 ) 
4 9 13 (2944 -1024 -1264 ) (2048 -1024 -1264 ) (2048 -1024 -3712 ) (2944 -1024 -3712 ) 
4 9 11 (2048 0 -1264 ) (2048 0 -3712 ) (2048 -1024 -3712 ) (2048 -1024 -1264 ) 
4 10 36 (1024 -1024 -1264 ) (1024 -1024 2048 ) (1024 0 2048 ) (1024 0 -1264 ) 
4 10 14 (2048 -1024 -1264 ) (2048 -1024 2048 ) (1024 -1024 2048 ) (1024 -1024 -1264 ) 
4 10 11 (2048 0 -1264 ) (2048 -1024 -1264 ) (1024 -1024 -1264 ) (1024 0 -1264 ) 
4 11 37 (1024 -1024 -3712 ) (1024 -1024 -1264 ) (1024 0 -1264 ) (1024 0 -3712 ) 
4 11 15 (2048 -1024 -3712 ) (2048 -1024 -1264 ) (1024 -1024 -1264 ) (1024 -1024 -3712 ) 
4 12 14 (2048 -1536 2048 ) (2048 -1024 2048 ) (2048 -1024 -1264 ) (2048 -1536 -1264 ) 
4 12 13 (2048 -1536 -1264 ) (2048 -1024 -1264 ) (2944 -1024 -1264 ) (2944 -1536 -1264 ) 
4 13 15 (2048 -1536 -1264 ) (2048 -1024 -1264 ) (2048 -1024 -3712 ) (2048 -1536 -3712 ) 
4 14 42 (1024 -1536 2048 ) (1024 -1024 2048 ) (1024 -1024 -1264 ) (1024 -1536 -1264 ) 
4 14 15 (1024 -1024 -1264 ) (2048 -1024 -1264 ) (2048 -1536 -1264 ) (1024 -1536 -1264 ) 
4 15 43 (1024 -1536 -1264 ) (1024 -1024 -1264 ) (1024 -1024 -3712 ) (1024 -1536 -3712 ) 
4 16 22 (1024 1024 -1264 ) (1024 1024 2048 ) (0 1024 2048 ) (0 1024 -1264 ) 
4 16 18 (0 1536 -1264 ) (0 1024 -1264 ) (0 1024 2048 ) (0 1536 2048 ) 
4 16 17 (1024 1024 -1264 ) (0 1024 -1264 ) (0 1536 -1264 ) (1024 1536 -1264 ) 
4 17 23 (1024 1024 -3712 ) (1024 1024 -1264 ) (0 1024 -1264 ) (0 1024 -3712 ) 
4 17 20 (0 1536 -3712 ) (0 1024 -3712 ) (0 1024 -1264 ) (0 1536 -1264 ) 
4 18 25 (-576 1024 -1264 ) (0 1024 -1264 ) (0 1024 -256 ) (-576 1024 -256 ) 
4 18 24 (0 1024 -256 ) (0 1024 2048 ) (-576 1024 2048 ) (-576 1024 -256 ) 
4 18 20 (0 1536 -1264 ) (0 1024 -1264 ) (-576 1024 -1264 ) (-576 1536 -1264 ) 
4 18 19 (-576 1024 2048 ) (-576 1536 2048 ) (-576 1536 -256 ) (-576 1024 -256 ) 
4 19 28 (-1024 1024 -256 ) (-1024 1024 2048 ) (-1024 1536 2048 ) (-1024 1536 -256 ) 
4 19 24 (-1024 1024 2048 ) (-1024 1024 -256 ) (-576 1024 -256 ) (-576 1024 2048 ) 
4 20 26 (-576 1024 -3712 ) (0 1024 -3712 ) (0 1024 -1264 ) (-576 1024 -1264 ) 
4 20 21 (-576 1536 -2048 ) (-576 1536 -3712 ) (-576 1024 -3712 ) (-576 1024 -2048 ) 
4 21 29 (-1024 1024 -3712 ) (-1024 1024 -2048 ) (-1024 1536 -2048 ) (-1024 1536 -3712 ) 
4 21 27 (-1024 1024 -2048 ) (-1024 1024 -3712 ) (-576 1024 -3712 ) (-576 1024 -2048 ) 
4 22 36 (1024 0 -1264 ) (1024 0 2048 ) (0 0 2048 ) (0 0 -1264 ) 
4 22 25 (0 1024 -256 ) (0 1024 -1264 ) (0 0 -1264 ) (0 0 -256 ) 
4 22 24 (0 1024 2048 ) (0 1024 -256 ) (0 0 -256 ) (0 0 2048 ) 
4 22 23 (0 1024 -1264 ) (1024 1024 -1264 ) (1024 0 -1264 ) (0 0 -1264 ) 
4 23 37 (1024 0 -3712 ) (1024 0 -1264 ) (0 0 -1264 ) (0 0 -3712 ) 
4 23 26 (0 1024 -1264 ) (0 1024 -3712 ) (0 0 -3712 ) (0 0 -1264 ) 
4 24 38 (0 0 -256 ) (0 0 2048 ) (-1024 0 2048 ) (-1024 0 -256 ) 
4 24 30 (-1024 0 -256 ) (-1024 0 2048 ) (-1024 1024 2048 ) (-1024 1024 -256 ) 
4 24 25 (0 0 -256 ) (-576 0 -256 ) (-576 1024 -256 ) (0 1024 -256 ) 
4 25 39 (0 0 -1264 ) (0 0 -256 ) (-576 0 -256 ) (-576 0 -1264 ) 
4 25 26 (-576 1024 -1264 ) (0 1024 -1264 ) (0 0 -1264 ) (-576 0 -1264 ) 
4 26 40 (0 0 -3712 ) (0 0 -1264 ) (-576 0 -1264 ) (-576 0 -3712 ) 
4 26 27 (-576 1024 -3712 ) (-576 0 -3712 ) (-576 0 -2048 ) (-576 1024 -2048 ) 
4 27 41 (-1024 0 -2048 ) (-1024 0 -3712 ) (-576 0 -3712 ) (-576 0 -2048 ) 
4 27 31 (-1024 0 -3712 ) (-1024 0 -2048 ) (-1024 1024 -2048 ) (-1024 1024 -3712 ) 
4 28 32 (-2048 1024 -256 ) (-2048 1024 2048 ) (-2048 1536 2048 ) (-2048 1536 -256 ) 
4 28 30 (-1024 1024 -256 ) (-1024 1024 2048 ) (-2048 1024 2048 ) (-2048 1024 -256 ) 
4 29 33 (-2048 1024 -3712 ) (-2048 1024 -2048 ) (-2048 1536 -2048 ) (-2048 1536 -3712 ) 
4 29 31 (-1024 1024 -3712 ) (-1024 1024 -2048 ) (-2048 1024 -2048 ) (-2048 1024 -3712 ) 
4 30 60 (-1024 0 -256 ) (-1024 0 2048 ) (-2048 0 2048 ) (-2048 0 -256 ) 
4 30 34 (-2048 0 -256 ) (-2048 0 2048 ) (-2048 1024 2048 ) (-2048 1024 -256 ) 
4 31 61 (-1024 0 -3712 ) (-1024 0 -2048 ) (-2048 0 -2048 ) (-2048 0 -3712 ) 
4 31 35 (-2048 0 -3712 ) (-2048 0 -2048 ) (-2048 1024 -2048 ) (-2048 1024 -3712 ) 
4 32 34 (-2048 1024 -256 ) (-2048 1024 2048 ) (-2432 1024 2048 ) (-2432 1024 -256 ) 
4 33 35 (-2048 1024 -3712 ) (-2048 1024 -2048 ) (-2432 1024 -2048 ) (-2432 1024 -3712 ) 
4 34 62 (-2048 0 -256 ) (-2048 0 2048 ) (-2432 0 2048 ) (-2432 0 -256 ) 
4 35 63 (-2048 0 -3712 ) (-2048 0 -2048 ) (-2432 0 -2048 ) (-2432 0 -3712 ) 
4 36 42 (1024 -1024 -1264 ) (1024 -1024 2048 ) (0 -1024 2048 ) (0 -1024 -1264 ) 
4 36 39 (0 0 -256 ) (0 0 -1264 ) (0 -1024 -1264 ) (0 -1024 -256 ) 
4 36 38 (0 0 2048 ) (0 0 -256 ) (0 -1024 -256 ) (0 -1024 2048 ) 
4 36 37 (1024 -1024 -1264 ) (0 -1024 -1264 ) (0 0 -1264 ) (1024 0 -1264 ) 
4 37 43 (1024 -1024 -3712 ) (1024 -1024 -1264 ) (0 -1024 -1264 ) (0 -1024 -3712 ) 
4 37 40 (0 0 -1264 ) (0 0 -3712 ) (0 -1024 -3712 ) (0 -1024 -1264 ) 
4 38 60 (-1024 0 2048 ) (-1024 0 -256 ) (-1024 -1024 -256 ) (-1024 -1024 2048 ) 
4 38 44 (0 -1024 -256 ) (0 -1024 2048 ) (-1024 -1024 2048 ) (-1024 -1024 -256 ) 
4 38 39 (0 -1024 -256 ) (-576 -1024 -256 ) (-576 0 -256 ) (0 0 -256 ) 
4 39 45 (0 -1024 -1264 ) (0 -1024 -256 ) (-384 -1024 -256 ) (-384 -1024 -1264 ) 
4 39 48 (-384 -1024 -256 ) (-576 -1024 -256 ) (-576 -1024 -1264 ) (-384 -1024 -1264 ) 
4 39 40 (-576 0 -1264 ) (0 0 -1264 ) (0 -1024 -1264 ) (-576 -1024 -1264 ) 
4 40 59 (0 -1024 -3712 ) (0 -1024 -2048 ) (-576 -1024 -2048 ) (-576 -1024 -3712 ) 
4 40 58 (-304 -1024 -1264 ) (-576 -1024 -1264 ) (-576 -1024 -2048 ) (-304 -1024 -2048 ) 
4 40 57 (-80 -1024 -1264 ) (-304 -1024 -1264 ) (-304 -1024 -2048 ) (-80 -1024 -2048 ) 
4 40 56 (0 -1024 -2048 ) (0 -1024 -1264 ) (-80 -1024 -1264 ) (-80 -1024 -2048 ) 
4 40 41 (-576 0 -3712 ) (-576 -1024 -3712 ) (-576 -1024 -2048 ) (-576 0 -2048 ) 
4 41 61 (-1024 0 -2048 ) (-1024 0 -3712 ) (-1024 -1024 -3712 ) (-1024 -1024 -2048 ) 
4 41 59 (-1024 -1024 -2048 ) (-1024 -1024 -3712 ) (-576 -1024 -3712 ) (-576 -1024 -2048 ) 
4 42 50 (0 -1232 -880 ) (0 -1232 -1264 ) (0 -1536 -1264 ) (0 -1536 -880 ) 
4 42 49 (0 -1536 2048 ) (0 -1232 2048 ) (0 -1232 -640 ) (0 -1536 -640 ) 
4 42 46 (0 -1232 -640 ) (0 -1232 -256 ) (0 -1152 -256 ) (0 -1152 -640 ) 
4 42 47 (0 -1152 -1264 ) (0 -1232 -1264 ) (0 -1232 -880 ) (0 -1152 -880 ) 
4 42 45 (0 -1024 -256 ) (0 -1024 -1264 ) (0 -1152 -1264 ) (0 -1152 -256 ) 
4 42 44 (0 -1232 2048 ) (0 -1024 2048 ) (0 -1024 -256 ) (0 -1232 -256 ) 
4 42 43 (0 -1536 -1264 ) (0 -1024 -1264 ) (1024 -1024 -1264 ) (1024 -1536 -1264 ) 
4 43 59 (0 -1024 -2048 ) (0 -1024 -3712 ) (0 -1536 -3712 ) (0 -1536 -2048 ) 
4 43 56 (0 -1536 -1264 ) (0 -1024 -1264 ) (0 -1024 -2048 ) (0 -1536 -2048 ) 
4 44 64 (-1024 -1024 2048 ) (-1024 -1024 -256 ) (-1024 -1232 -256 ) (-1024 -1232 2048 ) 
4 44 55 (-1024 -1232 2048 ) (-1024 -1232 -256 ) (-576 -1232 -256 ) (-576 -1232 2048 ) 
4 44 54 (-576 -1232 -256 ) (-384 -1232 -256 ) (-384 -1232 2048 ) (-576 -1232 2048 ) 
4 44 52 (-384 -1232 -256 ) (-304 -1232 -256 ) (-304 -1232 2048 ) (-384 -1232 2048 ) 
4 44 51 (-304 -1232 -256 ) (-80 -1232 -256 ) (-80 -1232 2048 ) (-304 -1232 2048 ) 
4 44 49 (-80 -1232 -256 ) (0 -1232 -256 ) (0 -1232 2048 ) (-80 -1232 2048 ) 
4 44 46 (0 -1232 -256 ) (-384 -1232 -256 ) (-384 -1152 -256 ) (0 -1152 -256 ) 
4 44 45 (-384 -1152 -256 ) (-384 -1024 -256 ) (0 -1024 -256 ) (0 -1152 -256 ) 
4 44 48 (-384 -1232 -256 ) (-576 -1232 -256 ) (-576 -1024 -256 ) (-384 -1024 -256 ) 
4 45 58 (-384 -1024 -1264 ) (-304 -1024 -1264 ) (-304 -1152 -1264 ) (-384 -1152 -1264 ) 
4 45 57 (-304 -1024 -1264 ) (-80 -1024 -1264 ) (-80 -1152 -1264 ) (-304 -1152 -1264 ) 
4 45 56 (-80 -1024 -1264 ) (0 -1024 -1264 ) (0 -1152 -1264 ) (-80 -1152 -1264 ) 
4 45 46 (-384 -1152 -256 ) (-384 -1152 -640 ) (0 -1152 -640 ) (0 -1152 -256 ) 
4 45 47 (-384 -1152 -880 ) (-384 -1152 -1264 ) (0 -1152 -1264 ) (0 -1152 -880 ) 
4 45 48 (-384 -1024 -1264 ) (-384 -1152 -1264 ) (-384 -1152 -256 ) (-384 -1024 -256 ) 
4 46 52 (-304 -1232 -256 ) (-384 -1232 -256 ) (-384 -1232 -640 ) (-304 -1232 -640 ) 
4 46 51 (-80 -1232 -256 ) (-304 -1232 -256 ) (-304 -1232 -384 ) (-80 -1232 -384 ) 
4 46 49 (0 -1232 -640 ) (0 -1232 -256 ) (-80 -1232 -256 ) (-80 -1232 -640 ) 
4 46 48 (-384 -1232 -640 ) (-384 -1232 -256 ) (-384 -1152 -256 ) (-384 -1152 -640 ) 
4 47 58 (-304 -1232 -1264 ) (-384 -1232 -1264 ) (-384 -1152 -1264 ) (-304 -1152 -1264 ) 
4 47 57 (-80 -1232 -1264 ) (-304 -1232 -1264 ) (-304 -1152 -1264 ) (-80 -1152 -1264 ) 
4 47 56 (0 -1152 -1264 ) (0 -1232 -1264 ) (-80 -1232 -1264 ) (-80 -1152 -1264 ) 
4 47 53 (-384 -1232 -1264 ) (-304 -1232 -1264 ) (-304 -1232 -880 ) (-384 -1232 -880 ) 
4 47 50 (-80 -1232 -1264 ) (0 -1232 -1264 ) (0 -1232 -880 ) (-80 -1232 -880 ) 
4 47 48 (-384 -1152 -1264 ) (-384 -1232 -1264 ) (-384 -1232 -880 ) (-384 -1152 -880 ) 
4 48 58 (-576 -1024 -1264 ) (-384 -1024 -1264 ) (-384 -1232 -1264 ) (-576 -1232 -1264 ) 
4 48 54 (-576 -1232 -1264 ) (-384 -1232 -1264 ) (-384 -1232 -256 ) (-576 -1232 -256 ) 
4 49 51 (-80 -1232 2048 ) (-80 -1232 -384 ) (-80 -1536 -384 ) (-80 -1536 2048 ) 
4 50 56 (0 -1232 -1264 ) (0 -1536 -1264 ) (-80 -1536 -1264 ) (-80 -1232 -1264 ) 
4 51 52 (-304 -1232 2048 ) (-304 -1232 -384 ) (-304 -1536 -384 ) (-304 -1536 2048 ) 
4 52 54 (-384 -1536 -640 ) (-384 -1536 2048 ) (-384 -1232 2048 ) (-384 -1232 -640 ) 
4 53 58 (-304 -1536 -1264 ) (-384 -1536 -1264 ) (-384 -1232 -1264 ) (-304 -1232 -1264 ) 
4 53 54 (-384 -1536 -1264 ) (-384 -1536 -880 ) (-384 -1232 -880 ) (-384 -1232 -1264 ) 
4 54 58 (-384 -1536 -1264 ) (-576 -1536 -1264 ) (-576 -1232 -1264 ) (-384 -1232 -1264 ) 
4 54 55 (-576 -1536 -256 ) (-576 -1536 2048 ) (-576 -1232 2048 ) (-576 -1232 -256 ) 
4 55 64 (-1024 -1232 2048 ) (-1024 -1232 -256 ) (-1024 -1536 -256 ) (-1024 -1536 2048 ) 
4 56 59 (0 -1536 -2048 ) (-80 -1536 -2048 ) (-80 -1024 -2048 ) (0 -1024 -2048 ) 
4 56 57 (-80 -1024 -2048 ) (-80 -1232 -2048 ) (-80 -1232 -1264 ) (-80 -1024 -1264 ) 
4 57 59 (-304 -1232 -2048 ) (-304 -1024 -2048 ) (-80 -1024 -2048 ) (-80 -1232 -2048 ) 
4 57 58 (-304 -1024 -2048 ) (-304 -1232 -2048 ) (-304 -1232 -1264 ) (-304 -1024 -1264 ) 
4 58 59 (-304 -1536 -2048 ) (-576 -1536 -2048 ) (-576 -1024 -2048 ) (-304 -1024 -2048 ) 
4 59 65 (-1024 -1536 -3712 ) (-1024 -1536 -2048 ) (-1024 -1024 -2048 ) (-1024 -1024 -3712 ) 
4 60 64 (-1024 -1024 -256 ) (-1024 -1024 2048 ) (-2048 -1024 2048 ) (-2048 -1024 -256 ) 
4 60 62 (-2048 0 2048 ) (-2048 0 -256 ) (-2048 -1024 -256 ) (-2048 -1024 2048 ) 
4 61 65 (-1024 -1024 -3712 ) (-1024 -1024 -2048 ) (-2048 -1024 -2048 ) (-2048 -1024 -3712 ) 
4 61 63 (-2048 0 -2048 ) (-2048 0 -3712 ) (-2048 -1024 -3712 ) (-2048 -1024 -2048 ) 
4 62 66 (-2048 -1024 -256 ) (-2048 -1024 2048 ) (-2432 -1024 2048 ) (-2432 -1024 -256 ) 
4 63 67 (-2048 -1024 -3712 ) (-2048 -1024 -2048 ) (-2432 -1024 -2048 ) (-2432 -1024 -3712 ) 
4 64 66 (-2048 -1024 2048 ) (-2048 -1024 -256 ) (-2048 -1536 -256 ) (-2048 -1536 2048 ) 
4 65 67 (-2048 -1024 -2048 ) (-2048 -1024 -3712 ) (-2048 -1536 -3712 ) (-2048 -1536 -2048 ) 
