PRT1
233
828
4 0 29 (2808 2048 1520 ) (2048 2048 1520 ) (2048 2048 -2544 ) (2808 2048 -2544 ) 
4 0 28 (2048 2048 -2544 ) (2048 2048 -256 ) (2048 2144 -256 ) (2048 2144 -2544 ) 
4 0 26 (2048 2048 -256 ) (2048 2048 128 ) (2048 2144 128 ) (2048 2144 -256 ) 
4 0 20 (2048 2048 128 ) (2048 2048 1520 ) (2048 2128 1520 ) (2048 2128 128 ) 
4 0 12 (2048 2144 1024 ) (2048 2144 128 ) (2048 2128 128 ) (2048 2128 1024 ) 
4 0 11 (2048 2128 1520 ) (2048 2144 1520 ) (2048 2144 1024 ) (2048 2128 1024 ) 
4 0 9 (2048 2368 504 ) (2048 2368 -2544 ) (2048 2144 -2544 ) (2048 2144 504 ) 
4 0 7 (2048 2368 752 ) (2048 2368 504 ) (2048 2144 504 ) (2048 2144 752 ) 
4 0 6 (2048 2368 768 ) (2048 2368 752 ) (2048 2144 752 ) (2048 2144 768 ) 
4 0 5 (2048 2144 1520 ) (2048 2368 1520 ) (2048 2368 768 ) (2048 2144 768 ) 
4 0 2 (2048 2368 1520 ) (2048 2384 1520 ) (2048 2384 -2544 ) (2048 2368 -2544 ) 
4 0 1 (2048 2384 1520 ) (2048 2552 1520 ) (2048 2552 -2544 ) (2048 2384 -2544 ) 
4 1 57 (1024 2552 784 ) (1024 2552 -2544 ) (1024 2384 -2544 ) (1024 2384 784 ) 
4 1 53 (1024 2384 1520 ) (1024 2552 1520 ) (1024 2552 784 ) (1024 2384 784 ) 
4 1 3 (1384 2384 752 ) (1384 2384 1520 ) (1024 2384 1520 ) (1024 2384 752 ) 
4 1 4 (1024 2384 -2544 ) (1384 2384 -2544 ) (1384 2384 504 ) (1024 2384 504 ) 
4 1 2 (1384 2384 -2544 ) (2048 2384 -2544 ) (2048 2384 1520 ) (1384 2384 1520 ) 
4 2 9 (1384 2368 -2544 ) (2048 2368 -2544 ) (2048 2368 504 ) (1384 2368 504 ) 
4 2 7 (2048 2368 504 ) (2048 2368 752 ) (1400 2368 752 ) (1400 2368 504 ) 
4 2 6 (2048 2368 752 ) (2048 2368 768 ) (1384 2368 768 ) (1384 2368 752 ) 
4 2 5 (2048 2368 768 ) (2048 2368 1520 ) (1384 2368 1520 ) (1384 2368 768 ) 
4 2 3 (1384 2384 1520 ) (1384 2384 752 ) (1384 2368 752 ) (1384 2368 1520 ) 
4 2 4 (1384 2384 504 ) (1384 2384 -2544 ) (1384 2368 -2544 ) (1384 2368 504 ) 
4 3 58 (1024 2368 752 ) (1024 2368 784 ) (1024 2384 784 ) (1024 2384 752 ) 
4 3 53 (1024 2368 784 ) (1024 2368 1520 ) (1024 2384 1520 ) (1024 2384 784 ) 
4 3 5 (1024 2368 1520 ) (1024 2368 768 ) (1384 2368 768 ) (1384 2368 1520 ) 
4 4 59 (1024 2368 -2544 ) (1024 2368 504 ) (1024 2384 504 ) (1024 2384 -2544 ) 
4 4 10 (1024 2368 128 ) (1024 2368 -2544 ) (1384 2368 -2544 ) (1384 2368 128 ) 
4 5 61 (1024 2144 768 ) (1024 2144 784 ) (1024 2368 784 ) (1024 2368 768 ) 
4 5 53 (1024 2144 784 ) (1024 2144 1520 ) (1024 2368 1520 ) (1024 2368 784 ) 
4 5 16 (1280 2144 1520 ) (1024 2144 1520 ) (1024 2144 768 ) (1280 2144 768 ) 
4 5 14 (1344 2144 1024 ) (1280 2144 1024 ) (1280 2144 768 ) (1344 2144 768 ) 
4 5 13 (1360 2144 1024 ) (1344 2144 1024 ) (1344 2144 768 ) (1360 2144 768 ) 
4 5 12 (2048 2144 768 ) (2048 2144 1024 ) (1472 2144 1024 ) (1472 2144 768 ) 
4 5 11 (2048 2144 1024 ) (2048 2144 1520 ) (1280 2144 1520 ) (1280 2144 1024 ) 
4 5 6 (2048 2144 768 ) (1384 2144 768 ) (1384 2368 768 ) (2048 2368 768 ) 
4 6 12 (2048 2144 752 ) (2048 2144 768 ) (1472 2144 768 ) (1472 2144 752 ) 
4 6 7 (2048 2144 752 ) (1400 2144 752 ) (1400 2368 752 ) (2048 2368 752 ) 
4 7 12 (2048 2144 504 ) (2048 2144 752 ) (1472 2144 752 ) (1472 2144 504 ) 
4 7 9 (2048 2144 504 ) (1400 2144 504 ) (1400 2368 504 ) (2048 2368 504 ) 
4 8 62 (1024 2144 504 ) (1024 2144 752 ) (1024 2368 752 ) (1024 2368 504 ) 
4 8 19 (1024 2144 640 ) (1024 2144 536 ) (1088 2144 536 ) (1088 2144 640 ) 
4 8 17 (1184 2144 536 ) (1248 2144 536 ) (1248 2144 640 ) (1184 2144 640 ) 
4 8 18 (1104 2144 536 ) (1168 2144 536 ) (1168 2144 640 ) (1104 2144 640 ) 
4 8 15 (1280 2144 640 ) (1280 2144 504 ) (1344 2144 504 ) (1344 2144 640 ) 
4 9 28 (2048 2144 -2544 ) (2048 2144 -256 ) (1384 2144 -256 ) (1384 2144 -2544 ) 
4 9 27 (1472 2144 128 ) (1384 2144 128 ) (1384 2144 -240 ) (1472 2144 -240 ) 
4 9 26 (2048 2144 -256 ) (2048 2144 128 ) (1472 2144 128 ) (1472 2144 -256 ) 
4 9 12 (2048 2144 128 ) (2048 2144 504 ) (1472 2144 504 ) (1472 2144 128 ) 
4 9 10 (1384 2368 -2544 ) (1384 2144 -2544 ) (1384 2144 128 ) (1384 2368 128 ) 
4 10 75 (1024 2144 -2544 ) (1024 2144 128 ) (1024 2368 128 ) (1024 2368 -2544 ) 
4 10 28 (1024 2144 -256 ) (1024 2144 -2544 ) (1384 2144 -2544 ) (1384 2144 -256 ) 
4 10 27 (1024 2144 128 ) (1024 2144 -240 ) (1384 2144 -240 ) (1384 2144 128 ) 
4 11 22 (1360 2128 1520 ) (1280 2128 1520 ) (1280 2128 1024 ) (1360 2128 1024 ) 
4 11 21 (1472 2128 1520 ) (1360 2128 1520 ) (1360 2128 1024 ) (1472 2128 1024 ) 
4 11 20 (2048 2128 1024 ) (2048 2128 1520 ) (1472 2128 1520 ) (1472 2128 1024 ) 
4 11 16 (1280 2144 1520 ) (1280 2144 1024 ) (1280 2128 1024 ) (1280 2128 1520 ) 
4 11 14 (1344 2128 1024 ) (1280 2128 1024 ) (1280 2144 1024 ) (1344 2144 1024 ) 
4 11 13 (1360 2128 1024 ) (1344 2128 1024 ) (1344 2144 1024 ) (1360 2144 1024 ) 
4 11 12 (2048 2128 1024 ) (1472 2128 1024 ) (1472 2144 1024 ) (2048 2144 1024 ) 
4 12 26 (1472 2144 128 ) (2048 2144 128 ) (2048 2128 128 ) (1472 2128 128 ) 
4 12 20 (1472 2128 128 ) (2048 2128 128 ) (2048 2128 1024 ) (1472 2128 1024 ) 
4 13 22 (1360 2128 752 ) (1360 2128 1024 ) (1344 2128 1024 ) (1344 2128 752 ) 
4 13 14 (1344 2128 752 ) (1344 2128 1024 ) (1344 2144 1024 ) (1344 2144 752 ) 
4 14 22 (1344 2128 752 ) (1344 2128 1024 ) (1280 2128 1024 ) (1280 2128 752 ) 
4 14 16 (1280 2144 1024 ) (1280 2144 752 ) (1280 2128 752 ) (1280 2128 1024 ) 
4 15 22 (1344 2128 504 ) (1344 2128 640 ) (1280 2128 640 ) (1280 2128 504 ) 
4 16 63 (1024 2144 784 ) (1024 2144 752 ) (1024 2128 752 ) (1024 2128 784 ) 
4 16 53 (1024 2144 1520 ) (1024 2144 784 ) (1024 2128 784 ) (1024 2128 1520 ) 
4 16 24 (1264 2128 1520 ) (1024 2128 1520 ) (1024 2128 752 ) (1264 2128 752 ) 
4 16 22 (1280 2128 752 ) (1280 2128 1520 ) (1264 2128 1520 ) (1264 2128 752 ) 
4 17 24 (1248 2128 640 ) (1184 2128 640 ) (1184 2128 536 ) (1248 2128 536 ) 
4 18 24 (1168 2128 640 ) (1104 2128 640 ) (1104 2128 536 ) (1168 2128 536 ) 
4 19 24 (1088 2128 640 ) (1024 2128 640 ) (1024 2128 536 ) (1088 2128 536 ) 
4 20 30 (2048 2048 128 ) (2048 2048 1520 ) (1472 2048 1520 ) (1472 2048 128 ) 
4 20 26 (2048 2048 128 ) (1472 2048 128 ) (1472 2128 128 ) (2048 2128 128 ) 
4 20 21 (1472 2048 1520 ) (1472 2128 1520 ) (1472 2128 1024 ) (1472 2048 1024 ) 
4 21 31 (1472 2048 1520 ) (1360 2048 1520 ) (1360 2048 1024 ) (1472 2048 1024 ) 
4 21 22 (1360 2128 1520 ) (1360 2128 1024 ) (1360 2048 1024 ) (1360 2048 1520 ) 
4 22 33 (1264 2048 1520 ) (1264 2048 408 ) (1360 2048 408 ) (1360 2048 1520 ) 
4 22 24 (1264 2128 1520 ) (1264 2128 536 ) (1264 2048 536 ) (1264 2048 1520 ) 
4 23 34 (1264 2048 384 ) (1264 2048 128 ) (1360 2048 128 ) (1360 2048 384 ) 
4 23 27 (1360 2048 128 ) (1264 2048 128 ) (1264 2128 128 ) (1360 2128 128 ) 
4 24 65 (1024 2048 536 ) (1024 2048 784 ) (1024 2128 784 ) (1024 2128 536 ) 
4 24 54 (1024 2048 784 ) (1024 2048 1520 ) (1024 2056 1520 ) (1024 2056 784 ) 
4 24 53 (1024 2056 1520 ) (1024 2128 1520 ) (1024 2128 784 ) (1024 2056 784 ) 
4 24 37 (1232 2048 536 ) (1264 2048 536 ) (1264 2048 1024 ) (1232 2048 1024 ) 
4 24 38 (1024 2048 1024 ) (1024 2048 536 ) (1232 2048 536 ) (1232 2048 1024 ) 
4 24 36 (1024 2048 1520 ) (1024 2048 1024 ) (1264 2048 1024 ) (1264 2048 1520 ) 
4 24 25 (1024 2128 536 ) (1232 2128 536 ) (1232 2048 536 ) (1024 2048 536 ) 
4 25 74 (1024 2048 128 ) (1024 2048 504 ) (1024 2128 504 ) (1024 2128 128 ) 
4 25 65 (1024 2048 504 ) (1024 2048 536 ) (1024 2128 536 ) (1024 2128 504 ) 
4 25 38 (1024 2048 536 ) (1024 2048 128 ) (1232 2048 128 ) (1232 2048 536 ) 
4 25 27 (1232 2048 128 ) (1024 2048 128 ) (1024 2128 128 ) (1232 2128 128 ) 
4 26 50 (2048 2048 -256 ) (2048 2048 128 ) (1472 2048 128 ) (1472 2048 -256 ) 
4 26 28 (1472 2144 -256 ) (2048 2144 -256 ) (2048 2048 -256 ) (1472 2048 -256 ) 
4 26 27 (1472 2048 -240 ) (1472 2048 128 ) (1472 2144 128 ) (1472 2144 -240 ) 
4 27 76 (1024 2048 -240 ) (1024 2048 128 ) (1024 2144 128 ) (1024 2144 -240 ) 
4 27 51 (1472 2048 128 ) (1024 2048 128 ) (1024 2048 -240 ) (1472 2048 -240 ) 
4 28 77 (1024 2048 -2544 ) (1024 2048 -256 ) (1024 2144 -256 ) (1024 2144 -2544 ) 
4 28 52 (1472 2048 -256 ) (1024 2048 -256 ) (1024 2048 -2544 ) (1472 2048 -2544 ) 
4 28 50 (2048 2048 -2544 ) (2048 2048 -256 ) (1472 2048 -256 ) (1472 2048 -2544 ) 
4 29 195 (2808 1024 1520 ) (2048 1024 1520 ) (2048 1024 -2544 ) (2808 1024 -2544 ) 
4 29 50 (2048 2048 128 ) (2048 2048 -2544 ) (2048 1024 -2544 ) (2048 1024 128 ) 
4 29 30 (2048 2048 1520 ) (2048 2048 128 ) (2048 1024 128 ) (2048 1024 1520 ) 
4 30 196 (2048 1024 128 ) (2048 1024 1520 ) (1472 1024 1520 ) (1472 1024 128 ) 
4 30 50 (2048 2048 128 ) (2048 1024 128 ) (1472 1024 128 ) (1472 2048 128 ) 
4 30 31 (1472 1072 1024 ) (1472 1072 1520 ) (1472 2048 1520 ) (1472 2048 1024 ) 
4 30 32 (1472 1072 128 ) (1472 1024 128 ) (1472 1024 1520 ) (1472 1072 1520 ) 
4 31 33 (1360 1776 1520 ) (1360 2048 1520 ) (1360 2048 1024 ) (1360 1776 1024 ) 
4 31 35 (1360 1072 1024 ) (1360 1072 1520 ) (1360 1776 1520 ) (1360 1776 1024 ) 
4 31 32 (1472 1072 1024 ) (1472 1072 1520 ) (1360 1072 1520 ) (1360 1072 1024 ) 
4 32 196 (1472 1024 1520 ) (1360 1024 1520 ) (1360 1024 128 ) (1472 1024 128 ) 
4 32 51 (1472 1024 128 ) (1360 1024 128 ) (1360 1072 128 ) (1472 1072 128 ) 
4 32 35 (1360 1072 128 ) (1360 1024 128 ) (1360 1024 1520 ) (1360 1072 1520 ) 
4 33 42 (1264 1936 408 ) (1264 1840 408 ) (1264 1840 1024 ) (1264 1936 1024 ) 
4 33 39 (1264 1936 640 ) (1264 1936 1024 ) (1264 2032 1024 ) (1264 2032 640 ) 
4 33 37 (1264 2048 1024 ) (1264 2048 536 ) (1264 2032 536 ) (1264 2032 1024 ) 
4 33 36 (1264 2048 1520 ) (1264 2048 1024 ) (1264 1776 1024 ) (1264 1776 1520 ) 
4 33 35 (1360 1776 408 ) (1360 1776 1520 ) (1264 1776 1520 ) (1264 1776 408 ) 
4 34 51 (1264 1776 128 ) (1264 2048 128 ) (1360 2048 128 ) (1360 1776 128 ) 
4 34 42 (1264 1936 128 ) (1264 1840 128 ) (1264 1840 384 ) (1264 1936 384 ) 
4 34 40 (1264 2032 128 ) (1264 1936 128 ) (1264 1936 274.286011 ) (1264 2032 274.286011 ) 
4 34 35 (1360 1776 128 ) (1360 1776 384 ) (1264 1776 384 ) (1264 1776 128 ) 
4 35 196 (1264 1024 1520 ) (1264 1024 128 ) (1360 1024 128 ) (1360 1024 1520 ) 
4 35 51 (1360 1024 128 ) (1264 1024 128 ) (1264 1776 128 ) (1360 1776 128 ) 
4 35 48 (1264 1408 128 ) (1264 1392 128 ) (1264 1392 504 ) (1264 1408 504 ) 
4 35 45 (1264 1488 408 ) (1264 1488 1024 ) (1264 1584 1024 ) (1264 1584 408 ) 
4 35 44 (1264 1616 128 ) (1264 1584 128 ) (1264 1584 1024 ) (1264 1616 1024 ) 
4 35 46 (1264 1488 128 ) (1264 1408 128 ) (1264 1408 1024 ) (1264 1488 1024 ) 
4 35 36 (1264 1024 1024 ) (1264 1024 1520 ) (1264 1776 1520 ) (1264 1776 1024 ) 
4 36 197 (1024 1024 1520 ) (1024 1024 1024 ) (1264 1024 1024 ) (1264 1024 1520 ) 
4 36 96 (1024 1024 1024 ) (1024 1024 1520 ) (1024 2048 1520 ) (1024 2048 1024 ) 
4 36 45 (1264 1584 1024 ) (1264 1488 1024 ) (1040 1488 1024 ) (1040 1584 1024 ) 
4 36 44 (1264 1616 1024 ) (1264 1584 1024 ) (1040 1584 1024 ) (1040 1616 1024 ) 
4 36 46 (1264 1488 1024 ) (1264 1408 1024 ) (1040 1408 1024 ) (1040 1488 1024 ) 
4 36 47 (1040 1408 1024 ) (1024 1408 1024 ) (1024 1840 1024 ) (1040 1840 1024 ) 
4 36 43 (1136 1840 1024 ) (1024 1840 1024 ) (1024 1936 1024 ) (1136 1936 1024 ) 
4 36 42 (1264 1936 1024 ) (1264 1840 1024 ) (1136 1840 1024 ) (1136 1936 1024 ) 
4 36 41 (1136 1936 1024 ) (1024 1936 1024 ) (1024 2032 1024 ) (1136 2032 1024 ) 
4 36 39 (1264 2032 1024 ) (1264 1936 1024 ) (1136 1936 1024 ) (1136 2032 1024 ) 
4 36 37 (1264 2048 1024 ) (1264 2032 1024 ) (1232 2032 1024 ) (1232 2048 1024 ) 
4 36 38 (1232 2032 1024 ) (1024 2032 1024 ) (1024 2048 1024 ) (1232 2048 1024 ) 
4 37 39 (1264 2032 640 ) (1264 2032 1024 ) (1232 2032 1024 ) (1232 2032 640 ) 
4 37 38 (1232 2032 536 ) (1232 2032 1024 ) (1232 2048 1024 ) (1232 2048 536 ) 
4 38 97 (1024 2032 1024 ) (1024 2048 1024 ) (1024 2048 128 ) (1024 2032 128 ) 
4 38 51 (1024 2032 128 ) (1024 2048 128 ) (1232 2048 128 ) (1232 2032 128 ) 
4 38 41 (1136 2032 640 ) (1136 2032 1024 ) (1024 2032 1024 ) (1024 2032 640 ) 
4 38 39 (1232 2032 640 ) (1232 2032 1024 ) (1136 2032 1024 ) (1136 2032 640 ) 
4 38 40 (1136 2032 128 ) (1232 2032 128 ) (1232 2032 274.286011 ) (1136 2032 274.286011 ) 
4 39 42 (1264 1936 640 ) (1264 1936 1024 ) (1136 1936 1024 ) (1136 1936 640 ) 
4 39 41 (1136 2032 1024 ) (1136 2032 640 ) (1136 1936 640 ) (1136 1936 1024 ) 
4 40 51 (1136 2032 128 ) (1264 2032 128 ) (1264 1936 128 ) (1136 1936 128 ) 
4 40 42 (1136 1936 128 ) (1264 1936 128 ) (1264 1936 274.286011 ) (1136 1936 274.286011 ) 
4 41 98 (1024 1936 1024 ) (1024 2032 1024 ) (1024 2032 640 ) (1024 1936 640 ) 
4 41 43 (1136 1936 640 ) (1136 1936 1024 ) (1024 1936 1024 ) (1024 1936 640 ) 
4 42 51 (1136 1936 128 ) (1264 1936 128 ) (1264 1840 128 ) (1136 1840 128 ) 
4 42 43 (1136 1936 1024 ) (1136 1936 400 ) (1136 1840 400 ) (1136 1840 1024 ) 
4 43 100 (1024 1840 1024 ) (1024 1936 1024 ) (1024 1936 400 ) (1024 1840 400 ) 
4 43 47 (1040 1840 1024 ) (1024 1840 1024 ) (1024 1840 400 ) (1040 1840 400 ) 
4 44 51 (1264 1616 128 ) (1264 1584 128 ) (1040 1584 128 ) (1040 1616 128 ) 
4 44 45 (1040 1584 1024 ) (1040 1584 408 ) (1264 1584 408 ) (1264 1584 1024 ) 
4 44 47 (1040 1616 128 ) (1040 1584 128 ) (1040 1584 1024 ) (1040 1616 1024 ) 
4 45 47 (1040 1488 408 ) (1040 1488 1024 ) (1040 1584 1024 ) (1040 1584 408 ) 
4 45 46 (1040 1488 1024 ) (1040 1488 408 ) (1264 1488 408 ) (1264 1488 1024 ) 
4 46 51 (1264 1488 128 ) (1264 1408 128 ) (1040 1408 128 ) (1040 1488 128 ) 
4 46 48 (1040 1408 128 ) (1264 1408 128 ) (1264 1408 504 ) (1040 1408 504 ) 
4 46 47 (1040 1488 128 ) (1040 1408 128 ) (1040 1408 1024 ) (1040 1488 1024 ) 
4 47 123 (1024 1504 128 ) (1024 1408 128 ) (1024 1408 504 ) (1024 1504 504 ) 
4 47 121 (1024 1616 504 ) (1024 1616 128 ) (1024 1504 128 ) (1024 1504 504 ) 
4 47 119 (1024 1408 1024 ) (1024 1616 1024 ) (1024 1616 504 ) (1024 1408 504 ) 
4 47 116 (1024 1616 1024 ) (1024 1712 1024 ) (1024 1712 128 ) (1024 1616 128 ) 
4 47 102 (1024 1712 1024 ) (1024 1840 1024 ) (1024 1840 128 ) (1024 1712 128 ) 
4 47 51 (1024 1408 128 ) (1024 1840 128 ) (1040 1840 128 ) (1040 1408 128 ) 
4 47 49 (1024 1408 128 ) (1040 1408 128 ) (1040 1408 504 ) (1024 1408 504 ) 
4 48 51 (1040 1408 128 ) (1264 1408 128 ) (1264 1392 128 ) (1040 1392 128 ) 
4 48 49 (1040 1392 504 ) (1040 1408 504 ) (1040 1408 128 ) (1040 1392 128 ) 
4 49 123 (1024 1408 504 ) (1024 1408 128 ) (1024 1072 128 ) (1024 1072 504 ) 
4 49 51 (1024 1072 128 ) (1024 1408 128 ) (1040 1408 128 ) (1040 1072 128 ) 
4 50 199 (2048 1024 -2544 ) (2048 1024 128 ) (1472 1024 128 ) (1472 1024 -2544 ) 
4 50 51 (1472 1024 -240 ) (1472 1024 128 ) (1472 2048 128 ) (1472 2048 -240 ) 
4 50 52 (1472 2048 -2544 ) (1472 1024 -2544 ) (1472 1024 -256 ) (1472 2048 -256 ) 
4 51 200 (1472 1024 128 ) (1024 1024 128 ) (1024 1024 -240 ) (1472 1024 -240 ) 
4 51 126 (1024 1024 -240 ) (1024 1024 128 ) (1024 2048 128 ) (1024 2048 -240 ) 
4 52 201 (1024 1024 -256 ) (1024 1024 -2544 ) (1472 1024 -2544 ) (1472 1024 -256 ) 
4 52 127 (1024 1024 -2544 ) (1024 1024 -256 ) (1024 2048 -256 ) (1024 2048 -2544 ) 
4 53 182 (0 2056 1520 ) (0 2144 1520 ) (0 2144 784 ) (0 2056 784 ) 
4 53 181 (0 2144 1520 ) (0 2552 1520 ) (0 2552 784 ) (0 2144 784 ) 
4 53 87 (192 2224 784 ) (208 2224 784 ) (208 2072 784 ) (192 2072 784 ) 
4 53 88 (0 2056 784 ) (0 2224 784 ) (192 2224 784 ) (192 2056 784 ) 
4 53 85 (208 2224 784 ) (448 2224 784 ) (448 2072 784 ) (208 2072 784 ) 
4 53 84 (448 2224 784 ) (464 2224 784 ) (464 2072 784 ) (448 2072 784 ) 
4 53 81 (640 2224 784 ) (656 2224 784 ) (656 2056 784 ) (640 2056 784 ) 
4 53 83 (464 2224 784 ) (640 2224 784 ) (640 2056 784 ) (464 2056 784 ) 
4 53 78 (624 2368 784 ) (720 2368 784 ) (720 2224 784 ) (624 2224 784 ) 
4 53 79 (0 2224 784 ) (0 2368 784 ) (624 2368 784 ) (624 2224 784 ) 
4 53 72 (736 2056 784 ) (720 2056 784 ) (720 2128 784 ) (736 2128 784 ) 
4 53 71 (912 2128 784 ) (912 2056 784 ) (736 2056 784 ) (736 2128 784 ) 
4 53 70 (912 2160 784 ) (912 2128 784 ) (720 2128 784 ) (720 2160 784 ) 
4 53 67 (912 2224 784 ) (912 2160 784 ) (896 2160 784 ) (896 2224 784 ) 
4 53 68 (896 2160 784 ) (720 2160 784 ) (720 2224 784 ) (896 2224 784 ) 
4 53 66 (720 2368 784 ) (912 2368 784 ) (912 2224 784 ) (720 2224 784 ) 
4 53 63 (1024 2144 784 ) (1024 2128 784 ) (912 2128 784 ) (912 2144 784 ) 
4 53 65 (1024 2128 784 ) (1024 2056 784 ) (912 2056 784 ) (912 2128 784 ) 
4 53 61 (912 2368 784 ) (1024 2368 784 ) (1024 2144 784 ) (912 2144 784 ) 
4 53 58 (1024 2384 784 ) (1024 2368 784 ) (912 2368 784 ) (912 2384 784 ) 
4 53 57 (912 2552 784 ) (1024 2552 784 ) (1024 2384 784 ) (912 2384 784 ) 
4 53 60 (0 2368 784 ) (0 2552 784 ) (912 2552 784 ) (912 2368 784 ) 
4 53 55 (448 2056 1024 ) (448 2056 1520 ) (208 2056 1520 ) (208 2056 1024 ) 
4 53 54 (448 2056 784 ) (1024 2056 784 ) (1024 2056 1520 ) (448 2056 1520 ) 
4 53 56 (0 2056 784 ) (208 2056 784 ) (208 2056 1520 ) (0 2056 1520 ) 
4 54 129 (688 2048 1024 ) (448 2048 1024 ) (448 2048 784 ) (688 2048 784 ) 
4 54 128 (720 2048 1024 ) (688 2048 1024 ) (688 2048 784 ) (720 2048 784 ) 
4 54 107 (736 2048 1024 ) (720 2048 1024 ) (720 2048 784 ) (736 2048 784 ) 
4 54 106 (848 2048 1024 ) (736 2048 1024 ) (736 2048 784 ) (848 2048 784 ) 
4 54 97 (1024 2048 784 ) (1024 2048 1024 ) (912 2048 1024 ) (912 2048 784 ) 
4 54 99 (912 2048 1024 ) (848 2048 1024 ) (848 2048 784 ) (912 2048 784 ) 
4 54 96 (1024 2048 1024 ) (1024 2048 1520 ) (448 2048 1520 ) (448 2048 1024 ) 
4 54 81 (640 2056 784 ) (656 2056 784 ) (656 2048 784 ) (640 2048 784 ) 
4 54 83 (464 2056 784 ) (640 2056 784 ) (640 2048 784 ) (464 2048 784 ) 
4 54 72 (720 2056 784 ) (736 2056 784 ) (736 2048 784 ) (720 2048 784 ) 
4 54 71 (736 2056 784 ) (912 2056 784 ) (912 2048 784 ) (736 2048 784 ) 
4 54 65 (912 2056 784 ) (1024 2056 784 ) (1024 2048 784 ) (912 2048 784 ) 
4 54 55 (448 2056 1520 ) (448 2056 1024 ) (448 2048 1024 ) (448 2048 1520 ) 
4 55 96 (448 2048 1520 ) (208 2048 1520 ) (208 2048 1024 ) (448 2048 1024 ) 
4 55 56 (208 2056 1520 ) (208 2056 1024 ) (208 2048 1024 ) (208 2048 1520 ) 
4 56 182 (0 2048 784 ) (0 2048 1520 ) (0 2056 1520 ) (0 2056 784 ) 
4 56 132 (0 2048 1024 ) (0 2048 784 ) (192 2048 784 ) (192 2048 1024 ) 
4 56 131 (192 2048 784 ) (208 2048 784 ) (208 2048 1024 ) (192 2048 1024 ) 
4 56 96 (208 2048 1520 ) (0 2048 1520 ) (0 2048 1024 ) (208 2048 1024 ) 
4 56 88 (0 2048 784 ) (0 2056 784 ) (192 2056 784 ) (192 2048 784 ) 
4 57 58 (912 2384 784 ) (912 2384 752 ) (1024 2384 752 ) (1024 2384 784 ) 
4 57 59 (912 2384 504 ) (912 2384 -2544 ) (1024 2384 -2544 ) (1024 2384 504 ) 
4 57 60 (912 2552 784 ) (912 2552 -2544 ) (912 2384 -2544 ) (912 2384 784 ) 
4 58 61 (1024 2368 768 ) (1024 2368 784 ) (912 2368 784 ) (912 2368 768 ) 
4 58 60 (912 2368 752 ) (912 2368 784 ) (912 2384 784 ) (912 2384 752 ) 
4 59 75 (1024 2368 -2544 ) (1024 2368 128 ) (912 2368 128 ) (912 2368 -2544 ) 
4 59 60 (912 2384 -2544 ) (912 2368 -2544 ) (912 2368 504 ) (912 2384 504 ) 
4 60 181 (0 2368 -2544 ) (0 2368 784 ) (0 2552 784 ) (0 2552 -2544 ) 
4 60 93 (0 2368 128 ) (0 2368 -2544 ) (720 2368 -2544 ) (720 2368 128 ) 
4 60 91 (144 2368 128 ) (464 2368 128 ) (464 2368 632 ) (144 2368 632 ) 
4 60 92 (0 2368 632 ) (0 2368 128 ) (144 2368 128 ) (144 2368 632 ) 
4 60 90 (464 2368 128 ) (624 2368 128 ) (624 2368 632 ) (464 2368 632 ) 
4 60 78 (720 2368 784 ) (624 2368 784 ) (624 2368 768 ) (720 2368 768 ) 
4 60 79 (624 2368 784 ) (0 2368 784 ) (0 2368 632 ) (624 2368 632 ) 
4 60 75 (720 2368 128 ) (720 2368 -2544 ) (912 2368 -2544 ) (912 2368 128 ) 
4 60 66 (912 2368 784 ) (720 2368 784 ) (720 2368 768 ) (912 2368 768 ) 
4 61 70 (912 2160 768 ) (912 2144 768 ) (912 2144 784 ) (912 2160 784 ) 
4 61 67 (912 2224 768 ) (912 2160 768 ) (912 2160 784 ) (912 2224 784 ) 
4 61 66 (912 2368 784 ) (912 2368 768 ) (912 2224 768 ) (912 2224 784 ) 
4 61 63 (912 2144 784 ) (912 2144 768 ) (1024 2144 768 ) (1024 2144 784 ) 
4 62 69 (912 2224 504 ) (912 2160 504 ) (912 2160 640 ) (912 2224 640 ) 
4 62 64 (944 2144 536 ) (1008 2144 536 ) (1008 2144 640 ) (944 2144 640 ) 
4 63 70 (912 2128 768 ) (912 2128 784 ) (912 2144 784 ) (912 2144 768 ) 
4 63 65 (912 2128 784 ) (912 2128 752 ) (1024 2128 752 ) (1024 2128 784 ) 
4 64 65 (944 2128 536 ) (1008 2128 536 ) (1008 2128 640 ) (944 2128 640 ) 
4 65 97 (1024 2048 504 ) (1024 2048 784 ) (912 2048 784 ) (912 2048 504 ) 
4 65 74 (1024 2048 504 ) (912 2048 504 ) (912 2128 504 ) (1024 2128 504 ) 
4 65 71 (912 2128 504 ) (912 2048 504 ) (912 2048 784 ) (912 2128 784 ) 
4 66 78 (720 2368 784 ) (720 2368 768 ) (720 2224 768 ) (720 2224 784 ) 
4 66 67 (896 2224 768 ) (912 2224 768 ) (912 2224 784 ) (896 2224 784 ) 
4 66 68 (720 2224 784 ) (744 2224 768 ) (896 2224 768 ) (896 2224 784 ) 
4 67 70 (912 2160 768 ) (912 2160 784 ) (896 2160 784 ) (896 2160 768 ) 
4 67 68 (896 2224 784 ) (896 2224 768 ) (896 2160 768 ) (896 2160 784 ) 
4 68 70 (720 2160 784 ) (744 2160 768 ) (896 2160 768 ) (896 2160 784 ) 
4 69 80 (720 2160 632 ) (720 2160 768 ) (720 2224 768 ) (720 2224 632 ) 
4 70 72 (720 2128 784 ) (720 2128 768 ) (736 2128 768 ) (736 2128 784 ) 
4 70 71 (736 2128 768 ) (912 2128 768 ) (912 2128 784 ) (736 2128 784 ) 
4 71 111 (736 2048 640 ) (736 2048 504 ) (752 2048 504 ) (752 2048 640 ) 
4 71 110 (752 2048 504 ) (848 2048 504 ) (848 2048 640 ) (752 2048 640 ) 
4 71 106 (848 2048 784 ) (736 2048 784 ) (736 2048 640 ) (848 2048 640 ) 
4 71 99 (912 2048 784 ) (848 2048 784 ) (848 2048 504 ) (912 2048 504 ) 
4 71 74 (912 2048 504 ) (736 2048 504 ) (736 2128 504 ) (912 2128 504 ) 
4 71 72 (736 2128 784 ) (736 2128 768 ) (736 2048 768 ) (736 2048 784 ) 
4 71 73 (736 2128 640 ) (736 2128 504 ) (736 2048 504 ) (736 2048 640 ) 
4 72 107 (736 2048 784 ) (720 2048 784 ) (720 2048 768 ) (736 2048 768 ) 
4 73 111 (720 2048 640 ) (720 2048 504 ) (736 2048 504 ) (736 2048 640 ) 
4 73 89 (720 2128 504 ) (720 2048 504 ) (720 2048 616 ) (720 2128 616 ) 
4 73 80 (720 2048 632 ) (720 2048 640 ) (720 2128 640 ) (720 2128 632 ) 
4 73 74 (736 2048 504 ) (720 2048 504 ) (720 2128 504 ) (736 2128 504 ) 
4 74 114 (720 2048 400 ) (720 2048 128 ) (816 2048 128 ) (816 2048 400 ) 
4 74 113 (816 2048 128 ) (848 2048 128 ) (848 2048 400 ) (816 2048 400 ) 
4 74 111 (752 2048 504 ) (720 2048 504 ) (720 2048 400 ) (752 2048 400 ) 
4 74 110 (848 2048 504 ) (752 2048 504 ) (752 2048 400 ) (848 2048 400 ) 
4 74 97 (1024 2048 128 ) (1024 2048 504 ) (912 2048 504 ) (912 2048 128 ) 
4 74 99 (912 2048 504 ) (848 2048 504 ) (848 2048 128 ) (912 2048 128 ) 
4 74 89 (720 2128 128 ) (720 2048 128 ) (720 2048 504 ) (720 2128 504 ) 
4 74 76 (720 2048 128 ) (720 2128 128 ) (1024 2128 128 ) (1024 2048 128 ) 
4 75 93 (720 2368 128 ) (720 2368 -2544 ) (720 2144 -2544 ) (720 2144 128 ) 
4 75 76 (1024 2144 -240 ) (1024 2144 128 ) (720 2144 128 ) (720 2144 -240 ) 
4 75 77 (720 2144 -2544 ) (1024 2144 -2544 ) (1024 2144 -256 ) (720 2144 -256 ) 
4 76 126 (1024 2048 -240 ) (1024 2048 128 ) (720 2048 128 ) (720 2048 -240 ) 
4 76 94 (720 2048 -240 ) (720 2048 128 ) (720 2144 128 ) (720 2144 -240 ) 
4 77 127 (1024 2048 -2544 ) (1024 2048 -256 ) (720 2048 -256 ) (720 2048 -2544 ) 
4 77 95 (720 2144 -2544 ) (720 2048 -2544 ) (720 2048 -256 ) (720 2144 -256 ) 
4 78 81 (656 2224 784 ) (640 2224 784 ) (640 2224 768 ) (656 2224 768 ) 
4 78 83 (640 2224 784 ) (624 2224 784 ) (624 2224 768 ) (640 2224 768 ) 
4 78 79 (624 2368 784 ) (624 2368 768 ) (624 2224 768 ) (624 2224 784 ) 
4 79 181 (0 2224 784 ) (0 2368 784 ) (0 2368 632 ) (0 2224 632 ) 
4 79 91 (144 2368 632 ) (464 2368 632 ) (464 2224 632 ) (144 2224 632 ) 
4 79 92 (0 2368 632 ) (144 2368 632 ) (144 2224 632 ) (0 2224 632 ) 
4 79 90 (464 2368 632 ) (624 2368 632 ) (624 2224 632 ) (464 2224 632 ) 
4 79 87 (192 2224 632 ) (208 2224 632 ) (208 2224 784 ) (192 2224 784 ) 
4 79 88 (0 2224 632 ) (192 2224 632 ) (192 2224 784 ) (0 2224 784 ) 
4 79 85 (208 2224 632 ) (448 2224 632 ) (448 2224 784 ) (208 2224 784 ) 
4 79 84 (448 2224 632 ) (464 2224 632 ) (464 2224 784 ) (448 2224 784 ) 
4 79 83 (464 2224 632 ) (624 2224 632 ) (624 2224 784 ) (464 2224 784 ) 
4 80 140 (720 2048 632 ) (720 2048 640 ) (656 2048 640 ) (656 2048 632 ) 
4 80 133 (720 2048 640 ) (720 2048 768 ) (656 2048 768 ) (656 2048 640 ) 
4 80 82 (656 2224 640 ) (656 2224 632 ) (656 2048 632 ) (656 2048 640 ) 
4 81 134 (656 2048 784 ) (640 2048 784 ) (640 2048 768 ) (656 2048 768 ) 
4 81 83 (640 2224 784 ) (640 2224 768 ) (640 2048 768 ) (640 2048 784 ) 
4 82 140 (640 2048 640 ) (640 2048 632 ) (656 2048 632 ) (656 2048 640 ) 
4 82 83 (640 2224 640 ) (640 2224 632 ) (640 2048 632 ) (640 2048 640 ) 
4 83 140 (464 2048 640 ) (464 2048 632 ) (640 2048 632 ) (640 2048 640 ) 
4 83 134 (640 2048 784 ) (464 2048 784 ) (464 2048 768 ) (640 2048 768 ) 
4 83 90 (464 2128 632 ) (464 2224 632 ) (624 2224 632 ) (624 2128 632 ) 
4 83 84 (464 2224 784 ) (464 2224 632 ) (464 2072 632 ) (464 2072 784 ) 
4 84 91 (448 2072 632 ) (448 2224 632 ) (464 2224 632 ) (464 2072 632 ) 
4 84 85 (448 2224 784 ) (448 2224 632 ) (448 2072 632 ) (448 2072 784 ) 
4 85 91 (208 2072 632 ) (208 2224 632 ) (448 2224 632 ) (448 2072 632 ) 
4 85 87 (208 2224 784 ) (208 2224 632 ) (208 2072 632 ) (208 2072 784 ) 
4 86 147 (448 2048 784 ) (208 2048 784 ) (208 2048 632 ) (448 2048 632 ) 
4 87 91 (192 2072 632 ) (192 2224 632 ) (208 2224 632 ) (208 2072 632 ) 
4 87 88 (192 2224 784 ) (192 2224 632 ) (192 2072 632 ) (192 2072 784 ) 
4 88 182 (0 2048 632 ) (0 2048 784 ) (0 2144 784 ) (0 2144 632 ) 
4 88 181 (0 2144 784 ) (0 2224 784 ) (0 2224 632 ) (0 2144 632 ) 
4 88 148 (192 2048 784 ) (0 2048 784 ) (0 2048 632 ) (192 2048 632 ) 
4 88 91 (144 2072 632 ) (144 2224 632 ) (192 2224 632 ) (192 2072 632 ) 
4 88 92 (144 2048 632 ) (0 2048 632 ) (0 2224 632 ) (144 2224 632 ) 
4 89 141 (720 2048 128 ) (720 2048 616 ) (624 2048 616 ) (624 2048 128 ) 
4 89 94 (720 2128 128 ) (720 2048 128 ) (624 2048 128 ) (624 2128 128 ) 
4 90 94 (624 2144 128 ) (624 2128 128 ) (464 2128 128 ) (464 2144 128 ) 
4 90 93 (464 2368 128 ) (624 2368 128 ) (624 2144 128 ) (464 2144 128 ) 
4 90 91 (464 2368 128 ) (464 2128 128 ) (464 2128 632 ) (464 2368 632 ) 
4 91 94 (464 2144 128 ) (464 2072 128 ) (144 2072 128 ) (144 2144 128 ) 
4 91 93 (144 2368 128 ) (464 2368 128 ) (464 2144 128 ) (144 2144 128 ) 
4 91 92 (144 2368 128 ) (144 2072 128 ) (144 2072 632 ) (144 2368 632 ) 
4 92 182 (0 2048 128 ) (0 2048 632 ) (0 2144 632 ) (0 2144 128 ) 
4 92 181 (0 2144 632 ) (0 2368 632 ) (0 2368 128 ) (0 2144 128 ) 
4 92 152 (144 2048 632 ) (0 2048 632 ) (0 2048 128 ) (144 2048 128 ) 
4 92 94 (0 2048 128 ) (0 2144 128 ) (144 2144 128 ) (144 2048 128 ) 
4 92 93 (0 2144 128 ) (0 2368 128 ) (144 2368 128 ) (144 2144 128 ) 
4 93 181 (0 2144 128 ) (0 2368 128 ) (0 2368 -2544 ) (0 2144 -2544 ) 
4 93 94 (720 2144 -240 ) (720 2144 128 ) (0 2144 128 ) (0 2144 -240 ) 
4 93 95 (0 2144 -2544 ) (720 2144 -2544 ) (720 2144 -256 ) (0 2144 -256 ) 
4 94 182 (0 2048 -240 ) (0 2048 128 ) (0 2144 128 ) (0 2144 -240 ) 
4 94 154 (464 2048 128 ) (0 2048 128 ) (0 2048 -240 ) (464 2048 -240 ) 
4 94 143 (624 2048 128 ) (464 2048 128 ) (464 2048 -240 ) (624 2048 -240 ) 
4 94 141 (720 2048 -240 ) (720 2048 128 ) (624 2048 128 ) (624 2048 -240 ) 
4 95 183 (0 2048 -2544 ) (0 2048 -256 ) (0 2144 -256 ) (0 2144 -2544 ) 
4 95 155 (464 2048 -256 ) (0 2048 -256 ) (0 2048 -2544 ) (464 2048 -2544 ) 
4 95 145 (720 2048 -2544 ) (720 2048 -256 ) (464 2048 -256 ) (464 2048 -2544 ) 
4 96 205 (1024 1024 1024 ) (1024 1024 1520 ) (0 1024 1520 ) (0 1024 1024 ) 
4 96 186 (0 1488 1520 ) (0 1808 1520 ) (0 1808 1024 ) (0 1488 1024 ) 
4 96 185 (0 1808 1520 ) (0 2048 1520 ) (0 2048 1024 ) (0 1808 1024 ) 
4 96 187 (0 1024 1024 ) (0 1024 1520 ) (0 1488 1520 ) (0 1488 1024 ) 
4 96 177 (240 1024 1024 ) (80 1024 1024 ) (80 1104 1024 ) (240 1104 1024 ) 
4 96 178 (80 1024 1024 ) (0 1024 1024 ) (0 1392 1024 ) (80 1392 1024 ) 
4 96 171 (464 1328 1024 ) (464 1392 1024 ) (592 1392 1024 ) (592 1328 1024 ) 
4 96 173 (592 1024 1024 ) (464 1024 1024 ) (464 1232 1024 ) (592 1232 1024 ) 
4 96 170 (704 1024 1024 ) (592 1024 1024 ) (592 1392 1024 ) (704 1392 1024 ) 
4 96 174 (464 1024 1024 ) (240 1024 1024 ) (240 1392 1024 ) (464 1392 1024 ) 
4 96 167 (704 1152 1024 ) (704 1392 1024 ) (720 1392 1024 ) (720 1152 1024 ) 
4 96 169 (720 1024 1024 ) (704 1024 1024 ) (704 1072 1024 ) (720 1072 1024 ) 
4 96 165 (0 1424 1024 ) (0 1488 1024 ) (192 1488 1024 ) (192 1424 1024 ) 
4 96 163 (192 1688 1024 ) (424 1688 1024 ) (424 1424 1024 ) (192 1424 1024 ) 
4 96 160 (720 1520 1024 ) (720 1424 1024 ) (576 1424 1024 ) (576 1520 1024 ) 
4 96 162 (448 1424 1024 ) (424 1424 1024 ) (424 1520 1024 ) (448 1520 1024 ) 
4 96 157 (592 1688 1024 ) (688 1688 1024 ) (688 1616 1024 ) (592 1616 1024 ) 
4 96 159 (720 1616 1024 ) (720 1520 1024 ) (424 1520 1024 ) (424 1616 1024 ) 
4 96 166 (0 1392 1024 ) (0 1424 1024 ) (720 1424 1024 ) (720 1392 1024 ) 
4 96 132 (0 1808 1024 ) (0 2048 1024 ) (192 2048 1024 ) (192 1808 1024 ) 
4 96 131 (192 2048 1024 ) (208 2048 1024 ) (208 1688 1024 ) (192 1688 1024 ) 
4 96 130 (448 1704 1024 ) (448 1688 1024 ) (208 1688 1024 ) (208 1704 1024 ) 
4 96 129 (448 2048 1024 ) (688 2048 1024 ) (688 1688 1024 ) (448 1688 1024 ) 
4 96 128 (688 2048 1024 ) (720 2048 1024 ) (720 1776 1024 ) (688 1776 1024 ) 
4 96 120 (720 1152 1024 ) (720 1616 1024 ) (960 1616 1024 ) (960 1152 1024 ) 
4 96 119 (960 1616 1024 ) (1024 1616 1024 ) (1024 1408 1024 ) (960 1408 1024 ) 
4 96 117 (848 1712 1024 ) (936 1712 1024 ) (936 1616 1024 ) (848 1616 1024 ) 
4 96 116 (936 1712 1024 ) (1024 1712 1024 ) (1024 1616 1024 ) (936 1616 1024 ) 
4 96 107 (720 1952 1024 ) (720 2048 1024 ) (736 2048 1024 ) (736 1952 1024 ) 
4 96 108 (720 1776 1024 ) (720 1952 1024 ) (736 1952 1024 ) (736 1776 1024 ) 
4 96 106 (736 2048 1024 ) (848 2048 1024 ) (848 1776 1024 ) (736 1776 1024 ) 
4 96 103 (848 1744 1024 ) (848 1840 1024 ) (944 1840 1024 ) (944 1744 1024 ) 
4 96 105 (944 1712 1024 ) (848 1712 1024 ) (848 1744 1024 ) (944 1744 1024 ) 
4 96 102 (1024 1840 1024 ) (1024 1712 1024 ) (944 1712 1024 ) (944 1840 1024 ) 
4 96 100 (1024 1936 1024 ) (1024 1840 1024 ) (912 1840 1024 ) (912 1936 1024 ) 
4 96 101 (912 1840 1024 ) (848 1840 1024 ) (848 1936 1024 ) (912 1936 1024 ) 
4 96 98 (1024 2032 1024 ) (1024 1936 1024 ) (912 1936 1024 ) (912 2032 1024 ) 
4 96 97 (912 2048 1024 ) (1024 2048 1024 ) (1024 2032 1024 ) (912 2032 1024 ) 
4 96 99 (848 2048 1024 ) (912 2048 1024 ) (912 1936 1024 ) (848 1936 1024 ) 
4 97 126 (912 2048 128 ) (1024 2048 128 ) (1024 2032 128 ) (912 2032 128 ) 
4 97 98 (912 2032 1024 ) (912 2032 640 ) (1024 2032 640 ) (1024 2032 1024 ) 
4 97 99 (912 2048 128 ) (912 2032 128 ) (912 2032 1024 ) (912 2048 1024 ) 
4 98 100 (1024 1936 640 ) (1024 1936 1024 ) (912 1936 1024 ) (912 1936 640 ) 
4 98 99 (912 1936 640 ) (912 1936 1024 ) (912 2032 1024 ) (912 2032 640 ) 
4 99 126 (848 2048 128 ) (912 2048 128 ) (912 1936 128 ) (848 1936 128 ) 
4 99 113 (848 2048 128 ) (848 1936 128 ) (848 1936 400 ) (848 2048 400 ) 
4 99 110 (848 1936 400 ) (848 1936 640 ) (848 2048 640 ) (848 2048 400 ) 
4 99 106 (848 1936 640 ) (848 1936 1024 ) (848 2048 1024 ) (848 2048 640 ) 
4 99 101 (848 1936 1024 ) (848 1936 128 ) (912 1936 128 ) (912 1936 1024 ) 
4 100 103 (944 1840 1024 ) (912 1840 1024 ) (912 1840 704 ) (944 1840 704 ) 
4 100 102 (1024 1840 400 ) (1024 1840 1024 ) (944 1840 1024 ) (944 1840 400 ) 
4 100 101 (912 1936 1024 ) (912 1936 400 ) (912 1840 400 ) (912 1840 1024 ) 
4 101 126 (912 1840 128 ) (848 1840 128 ) (848 1936 128 ) (912 1936 128 ) 
4 101 113 (848 1936 128 ) (848 1840 128 ) (848 1840 400 ) (848 1936 400 ) 
4 101 110 (848 1840 400 ) (848 1840 640 ) (848 1936 640 ) (848 1936 400 ) 
4 101 106 (848 1840 640 ) (848 1840 1024 ) (848 1936 1024 ) (848 1936 640 ) 
4 101 103 (848 1840 1024 ) (848 1840 704 ) (912 1840 704 ) (912 1840 1024 ) 
4 101 104 (848 1840 384 ) (848 1840 128 ) (912 1840 128 ) (912 1840 384 ) 
4 102 126 (1024 1840 128 ) (1024 1712 128 ) (944 1712 128 ) (944 1840 128 ) 
4 102 116 (944 1712 128 ) (1024 1712 128 ) (1024 1712 1024 ) (944 1712 1024 ) 
4 102 103 (944 1840 1024 ) (944 1840 704 ) (944 1744 704 ) (944 1744 1024 ) 
4 102 104 (944 1840 384 ) (944 1840 128 ) (944 1744 128 ) (944 1744 384 ) 
4 102 105 (944 1744 128 ) (944 1712 128 ) (944 1712 1024 ) (944 1744 1024 ) 
4 103 106 (848 1776 1024 ) (848 1840 1024 ) (848 1840 704 ) (848 1776 704 ) 
4 103 105 (848 1744 1024 ) (848 1744 704 ) (944 1744 704 ) (944 1744 1024 ) 
4 104 126 (848 1744 128 ) (848 1840 128 ) (944 1840 128 ) (944 1744 128 ) 
4 104 113 (848 1840 128 ) (848 1744 128 ) (848 1744 384 ) (848 1840 384 ) 
4 104 105 (848 1744 384 ) (848 1744 128 ) (944 1744 128 ) (944 1744 384 ) 
4 105 126 (944 1712 128 ) (848 1712 128 ) (848 1744 128 ) (944 1744 128 ) 
4 105 118 (936 1712 408 ) (936 1712 616 ) (848 1712 616 ) (848 1712 408 ) 
4 105 117 (936 1712 688 ) (936 1712 1024 ) (848 1712 1024 ) (848 1712 688 ) 
4 105 116 (936 1712 128 ) (944 1712 128 ) (944 1712 1024 ) (936 1712 1024 ) 
4 105 113 (848 1744 128 ) (848 1712 128 ) (848 1712 400 ) (848 1744 400 ) 
4 105 110 (848 1712 400 ) (848 1712 640 ) (848 1744 640 ) (848 1744 400 ) 
4 105 109 (848 1712 640 ) (848 1712 688 ) (848 1744 688 ) (848 1744 640 ) 
4 106 111 (736 2008 640 ) (736 2048 640 ) (752 2048 640 ) (752 2008 640 ) 
4 106 112 (752 1776 640 ) (736 1776 640 ) (736 1936 640 ) (752 1936 640 ) 
4 106 110 (848 2048 640 ) (848 1776 640 ) (752 1776 640 ) (752 2048 640 ) 
4 106 109 (736 1776 640 ) (848 1776 640 ) (848 1776 688 ) (736 1776 688 ) 
4 106 107 (736 1952 768 ) (736 1952 1024 ) (736 2048 1024 ) (736 2048 768 ) 
4 106 108 (736 1952 640 ) (736 1776 640 ) (736 1776 1024 ) (736 1952 1024 ) 
4 107 136 (720 1968 768 ) (720 1952 768 ) (720 1952 784 ) (720 1968 784 ) 
4 107 128 (720 1952 1024 ) (720 2048 1024 ) (720 2048 784 ) (720 1952 784 ) 
4 107 108 (720 1952 1024 ) (720 1952 768 ) (736 1952 768 ) (736 1952 1024 ) 
4 108 137 (720 1952 784 ) (720 1952 640 ) (720 1776 640 ) (720 1776 784 ) 
4 108 128 (720 1776 1024 ) (720 1952 1024 ) (720 1952 784 ) (720 1776 784 ) 
4 108 112 (736 1776 640 ) (720 1776 640 ) (720 1936 640 ) (736 1936 640 ) 
4 108 109 (720 1776 688 ) (720 1776 640 ) (736 1776 640 ) (736 1776 688 ) 
4 109 138 (720 1776 688 ) (720 1776 640 ) (720 1712 640 ) (720 1712 688 ) 
4 109 112 (752 1712 640 ) (720 1712 640 ) (720 1776 640 ) (752 1776 640 ) 
4 109 110 (848 1776 640 ) (848 1712 640 ) (752 1712 640 ) (752 1776 640 ) 
4 110 118 (848 1712 408 ) (848 1712 616 ) (752 1712 616 ) (752 1712 408 ) 
4 110 114 (752 2032 400 ) (752 2048 400 ) (816 2048 400 ) (816 2032 400 ) 
4 110 115 (816 1712 400 ) (752 1712 400 ) (752 1832 400 ) (816 1832 400 ) 
4 110 113 (848 2048 400 ) (848 1712 400 ) (816 1712 400 ) (816 2048 400 ) 
4 110 111 (752 2048 400 ) (752 2008 400 ) (752 2008 640 ) (752 2048 640 ) 
4 110 112 (752 1936 400 ) (752 1712 400 ) (752 1712 640 ) (752 1936 640 ) 
4 111 141 (720 2048 616 ) (720 2048 400 ) (720 2008 400 ) (720 2008 616 ) 
4 111 140 (720 2048 640 ) (720 2048 632 ) (720 2008 632 ) (720 2008 640 ) 
4 111 114 (720 2032 400 ) (720 2048 400 ) (752 2048 400 ) (752 2032 400 ) 
4 112 142 (720 1936 400 ) (720 1712 400 ) (720 1712 632 ) (720 1936 632 ) 
4 112 140 (720 1712 632 ) (720 1712 640 ) (720 1936 640 ) (720 1936 632 ) 
4 112 118 (720 1712 616 ) (720 1712 408 ) (752 1712 408 ) (752 1712 616 ) 
4 112 115 (752 1712 400 ) (720 1712 400 ) (720 1832 400 ) (752 1832 400 ) 
4 113 126 (816 2048 128 ) (848 2048 128 ) (848 1712 128 ) (816 1712 128 ) 
4 113 114 (816 2048 128 ) (816 2032 128 ) (816 2032 400 ) (816 2048 400 ) 
4 113 115 (816 1832 128 ) (816 1712 128 ) (816 1712 400 ) (816 1832 400 ) 
4 114 141 (720 2048 400 ) (720 2048 128 ) (720 2032 128 ) (720 2032 400 ) 
4 114 126 (720 2032 128 ) (720 2048 128 ) (816 2048 128 ) (816 2032 128 ) 
4 115 142 (720 1832 128 ) (720 1712 128 ) (720 1712 400 ) (720 1832 400 ) 
4 115 126 (720 1712 128 ) (720 1832 128 ) (816 1832 128 ) (816 1712 128 ) 
4 116 126 (936 1712 128 ) (1024 1712 128 ) (1024 1616 128 ) (936 1616 128 ) 
4 116 121 (936 1616 128 ) (1024 1616 128 ) (1024 1616 504 ) (936 1616 504 ) 
4 116 120 (960 1616 1024 ) (936 1616 1024 ) (936 1616 504 ) (960 1616 504 ) 
4 116 119 (1024 1616 504 ) (1024 1616 1024 ) (960 1616 1024 ) (960 1616 504 ) 
4 116 118 (936 1712 616 ) (936 1712 408 ) (936 1648 408 ) (936 1648 616 ) 
4 116 117 (936 1712 1024 ) (936 1712 688 ) (936 1616 688 ) (936 1616 1024 ) 
4 117 120 (848 1616 688 ) (936 1616 688 ) (936 1616 1024 ) (848 1616 1024 ) 
4 118 156 (720 1688 408 ) (720 1648 408 ) (720 1648 616 ) (720 1688 616 ) 
4 118 142 (720 1712 616 ) (720 1712 408 ) (720 1688 408 ) (720 1688 616 ) 
4 119 123 (960 1408 504 ) (960 1504 504 ) (1024 1504 504 ) (1024 1408 504 ) 
4 119 121 (960 1504 504 ) (960 1616 504 ) (1024 1616 504 ) (1024 1504 504 ) 
4 119 120 (960 1616 1024 ) (960 1616 504 ) (960 1408 504 ) (960 1408 1024 ) 
4 120 167 (720 1152 1024 ) (720 1392 1024 ) (720 1392 504 ) (720 1152 504 ) 
4 120 160 (720 1424 1024 ) (720 1520 1024 ) (720 1520 504 ) (720 1424 504 ) 
4 120 159 (720 1520 1024 ) (720 1616 1024 ) (720 1616 504 ) (720 1520 504 ) 
4 120 166 (720 1392 1024 ) (720 1424 1024 ) (720 1424 504 ) (720 1392 504 ) 
4 120 124 (720 1392 504 ) (720 1504 504 ) (944 1504 504 ) (944 1392 504 ) 
4 120 125 (720 1152 504 ) (720 1168 504 ) (944 1168 504 ) (944 1152 504 ) 
4 120 123 (944 1504 504 ) (960 1504 504 ) (960 1152 504 ) (944 1152 504 ) 
4 120 122 (720 1504 504 ) (720 1616 504 ) (936 1616 504 ) (936 1504 504 ) 
4 120 121 (936 1616 504 ) (960 1616 504 ) (960 1504 504 ) (936 1504 504 ) 
4 121 126 (936 1616 128 ) (1024 1616 128 ) (1024 1504 128 ) (936 1504 128 ) 
4 121 124 (936 1504 128 ) (944 1504 128 ) (944 1504 504 ) (936 1504 504 ) 
4 121 123 (944 1504 128 ) (1024 1504 128 ) (1024 1504 504 ) (944 1504 504 ) 
4 121 122 (936 1504 408 ) (936 1504 504 ) (936 1616 504 ) (936 1616 408 ) 
4 122 160 (720 1520 408 ) (720 1504 408 ) (720 1504 504 ) (720 1520 504 ) 
4 122 159 (720 1616 504 ) (720 1616 408 ) (720 1520 408 ) (720 1520 504 ) 
4 122 124 (936 1504 408 ) (936 1504 504 ) (720 1504 504 ) (720 1504 408 ) 
4 123 126 (944 1504 128 ) (1024 1504 128 ) (1024 1072 128 ) (944 1072 128 ) 
4 123 124 (944 1504 504 ) (944 1504 128 ) (944 1392 128 ) (944 1392 504 ) 
4 123 125 (944 1168 128 ) (944 1072 128 ) (944 1072 504 ) (944 1168 504 ) 
4 124 160 (720 1504 128 ) (720 1424 128 ) (720 1424 504 ) (720 1504 504 ) 
4 124 166 (720 1424 128 ) (720 1392 128 ) (720 1392 504 ) (720 1424 504 ) 
4 124 126 (720 1392 128 ) (720 1504 128 ) (944 1504 128 ) (944 1392 128 ) 
4 125 168 (720 1152 128 ) (720 1072 128 ) (720 1072 504 ) (720 1152 504 ) 
4 125 167 (720 1168 128 ) (720 1152 128 ) (720 1152 504 ) (720 1168 504 ) 
4 125 126 (720 1072 128 ) (720 1168 128 ) (944 1168 128 ) (944 1072 128 ) 
4 126 216 (1024 1024 -240 ) (1024 1024 128 ) (720 1024 128 ) (720 1024 -240 ) 
4 126 179 (720 1024 -240 ) (720 1024 -136 ) (720 1688 -136 ) (720 1688 -240 ) 
4 126 168 (720 1072 128 ) (720 1152 128 ) (720 1152 -136 ) (720 1072 -136 ) 
4 126 167 (720 1152 128 ) (720 1392 128 ) (720 1392 -136 ) (720 1152 -136 ) 
4 126 169 (720 1024 -136 ) (720 1024 128 ) (720 1072 128 ) (720 1072 -136 ) 
4 126 160 (720 1424 128 ) (720 1520 128 ) (720 1520 -136 ) (720 1424 -136 ) 
4 126 156 (720 1616 128 ) (720 1688 128 ) (720 1688 -136 ) (720 1616 -136 ) 
4 126 159 (720 1520 128 ) (720 1616 128 ) (720 1616 -136 ) (720 1520 -136 ) 
4 126 166 (720 1392 128 ) (720 1424 128 ) (720 1424 -136 ) (720 1392 -136 ) 
4 126 141 (720 1952 128 ) (720 2048 128 ) (720 2048 -240 ) (720 1952 -240 ) 
4 126 142 (720 1688 128 ) (720 1952 128 ) (720 1952 -240 ) (720 1688 -240 ) 
4 127 217 (1024 1024 -2544 ) (1024 1024 -256 ) (720 1024 -256 ) (720 1024 -2544 ) 
4 127 180 (720 1024 -2544 ) (720 1024 -256 ) (720 1688 -256 ) (720 1688 -2544 ) 
4 127 145 (720 1688 -256 ) (720 2048 -256 ) (720 2048 -2544 ) (720 1688 -2544 ) 
4 128 137 (688 1776 784 ) (688 1952 784 ) (720 1952 784 ) (720 1776 784 ) 
4 128 136 (688 1952 784 ) (688 1968 784 ) (720 1968 784 ) (720 1952 784 ) 
4 128 129 (688 2048 784 ) (688 1776 784 ) (688 1776 1024 ) (688 2048 1024 ) 
4 129 157 (688 1688 1024 ) (592 1688 1024 ) (592 1688 784 ) (688 1688 784 ) 
4 129 139 (688 1688 784 ) (464 1688 784 ) (464 1952 784 ) (688 1952 784 ) 
4 129 136 (464 1952 784 ) (464 1968 784 ) (688 1968 784 ) (688 1952 784 ) 
4 129 134 (464 2032 784 ) (464 2048 784 ) (656 2048 784 ) (656 2032 784 ) 
4 129 130 (448 1704 784 ) (448 1688 784 ) (448 1688 1024 ) (448 1704 1024 ) 
4 130 163 (424 1688 1024 ) (208 1688 1024 ) (208 1688 784 ) (424 1688 784 ) 
4 130 131 (208 1704 784 ) (208 1688 784 ) (208 1688 1024 ) (208 1704 1024 ) 
4 131 163 (208 1688 1024 ) (192 1688 1024 ) (192 1688 784 ) (208 1688 784 ) 
4 131 132 (192 2048 784 ) (192 1808 784 ) (192 1808 1024 ) (192 2048 1024 ) 
4 132 185 (0 1808 1024 ) (0 2048 1024 ) (0 2048 784 ) (0 1808 784 ) 
4 132 148 (0 1808 784 ) (0 2048 784 ) (192 2048 784 ) (192 1808 784 ) 
4 133 140 (656 2048 640 ) (720 2048 640 ) (720 2032 640 ) (656 2032 640 ) 
4 133 135 (656 2032 640 ) (720 2032 640 ) (720 2032 768 ) (656 2032 768 ) 
4 135 146 (464 2032 768 ) (464 2032 640 ) (464 1968 640 ) (464 1968 768 ) 
4 135 140 (464 1968 640 ) (464 2032 640 ) (720 2032 640 ) (720 1968 640 ) 
4 136 137 (688 1952 768 ) (720 1952 768 ) (720 1952 784 ) (688 1952 784 ) 
4 136 139 (464 1952 784 ) (464 1952 768 ) (688 1952 768 ) (688 1952 784 ) 
4 137 140 (688 1776 640 ) (688 1952 640 ) (720 1952 640 ) (720 1776 640 ) 
4 137 138 (688 1776 688 ) (688 1776 640 ) (720 1776 640 ) (720 1776 688 ) 
4 137 139 (688 1952 784 ) (688 1952 640 ) (688 1776 640 ) (688 1776 784 ) 
4 138 156 (720 1688 640 ) (720 1688 688 ) (688 1688 688 ) (688 1688 640 ) 
4 138 140 (720 1688 640 ) (688 1688 640 ) (688 1776 640 ) (720 1776 640 ) 
4 138 139 (688 1776 640 ) (688 1688 640 ) (688 1688 688 ) (688 1776 688 ) 
4 139 157 (688 1688 784 ) (592 1688 784 ) (592 1688 640 ) (688 1688 640 ) 
4 139 140 (688 1688 640 ) (464 1688 640 ) (464 1952 640 ) (688 1952 640 ) 
4 140 157 (688 1688 640 ) (592 1688 640 ) (592 1688 632 ) (688 1688 632 ) 
4 140 156 (720 1688 632 ) (720 1688 640 ) (688 1688 640 ) (688 1688 632 ) 
4 140 146 (464 1968 640 ) (464 2032 640 ) (464 2032 632 ) (464 1968 632 ) 
4 140 144 (624 1688 632 ) (464 1688 632 ) (464 1808 632 ) (624 1808 632 ) 
4 140 142 (720 1688 632 ) (624 1688 632 ) (624 1952 632 ) (720 1952 632 ) 
4 141 143 (624 2048 -240 ) (624 1952 -240 ) (624 1952 128 ) (624 2048 128 ) 
4 141 142 (624 1952 616 ) (624 1952 -240 ) (720 1952 -240 ) (720 1952 616 ) 
4 142 179 (720 1688 -240 ) (720 1688 -136 ) (624 1688 -136 ) (624 1688 -240 ) 
4 142 157 (688 1688 632 ) (624 1688 632 ) (624 1688 -136 ) (688 1688 -136 ) 
4 142 156 (720 1688 -136 ) (720 1688 632 ) (688 1688 632 ) (688 1688 -136 ) 
4 142 143 (624 1952 -240 ) (624 1808 -240 ) (624 1808 128 ) (624 1952 128 ) 
4 142 144 (624 1808 -240 ) (624 1688 -240 ) (624 1688 632 ) (624 1808 632 ) 
4 143 154 (464 2048 128 ) (464 2048 -240 ) (464 1808 -240 ) (464 1808 128 ) 
4 143 144 (464 1808 -240 ) (624 1808 -240 ) (624 1808 128 ) (464 1808 128 ) 
4 144 179 (464 1688 -136 ) (464 1688 -240 ) (624 1688 -240 ) (624 1688 -136 ) 
4 144 158 (464 1688 128 ) (464 1688 -136 ) (592 1688 -136 ) (592 1688 128 ) 
4 144 157 (624 1688 632 ) (592 1688 632 ) (592 1688 -136 ) (624 1688 -136 ) 
4 144 154 (464 1688 -240 ) (464 1688 128 ) (464 1808 128 ) (464 1808 -240 ) 
4 144 153 (464 1688 128 ) (464 1688 544 ) (464 1808 544 ) (464 1808 128 ) 
4 145 180 (720 1688 -2544 ) (720 1688 -256 ) (464 1688 -256 ) (464 1688 -2544 ) 
4 145 155 (464 1688 -2544 ) (464 1688 -256 ) (464 2048 -256 ) (464 2048 -2544 ) 
4 146 147 (448 2032 632 ) (448 1968 632 ) (448 1968 768 ) (448 2032 768 ) 
4 147 151 (224 1704 768 ) (224 1704 664 ) (272 1704 664 ) (272 1704 768 ) 
4 147 150 (280 1704 768 ) (280 1704 664 ) (328 1704 664 ) (328 1704 768 ) 
4 147 149 (344 1704 632 ) (408 1704 632 ) (408 1704 760 ) (344 1704 760 ) 
4 148 185 (0 1808 784 ) (0 2048 784 ) (0 2048 632 ) (0 1808 632 ) 
4 148 152 (0 1808 632 ) (0 2048 632 ) (144 2048 632 ) (144 1808 632 ) 
4 149 163 (344 1688 760 ) (344 1688 632 ) (408 1688 632 ) (408 1688 760 ) 
4 150 163 (280 1688 768 ) (280 1688 664 ) (328 1688 664 ) (328 1688 768 ) 
4 151 163 (224 1688 768 ) (224 1688 664 ) (272 1688 664 ) (272 1688 768 ) 
4 152 185 (0 1808 632 ) (0 2048 632 ) (0 2048 128 ) (0 1808 128 ) 
4 152 154 (0 2048 128 ) (144 2048 128 ) (144 1808 128 ) (0 1808 128 ) 
4 153 163 (192 1688 128 ) (424 1688 128 ) (424 1688 544 ) (192 1688 544 ) 
4 153 154 (464 1808 128 ) (464 1688 128 ) (192 1688 128 ) (192 1808 128 ) 
4 154 188 (0 1688 -240 ) (0 1688 128 ) (0 2048 128 ) (0 2048 -240 ) 
4 154 179 (0 1688 -136 ) (0 1688 -240 ) (464 1688 -240 ) (464 1688 -136 ) 
4 154 164 (0 1688 128 ) (0 1688 -136 ) (192 1688 -136 ) (192 1688 128 ) 
4 154 163 (192 1688 -136 ) (424 1688 -136 ) (424 1688 128 ) (192 1688 128 ) 
4 154 158 (424 1688 -136 ) (464 1688 -136 ) (464 1688 128 ) (424 1688 128 ) 
4 155 189 (0 1688 -2544 ) (0 1688 -256 ) (0 2048 -256 ) (0 2048 -2544 ) 
4 155 180 (0 1688 -256 ) (0 1688 -2544 ) (464 1688 -2544 ) (464 1688 -256 ) 
4 156 179 (688 1688 -136 ) (720 1688 -136 ) (720 1616 -136 ) (688 1616 -136 ) 
4 156 157 (688 1688 688 ) (688 1688 -136 ) (688 1616 -136 ) (688 1616 688 ) 
4 156 159 (688 1616 -136 ) (720 1616 -136 ) (720 1616 688 ) (688 1616 688 ) 
4 157 179 (592 1688 -136 ) (688 1688 -136 ) (688 1616 -136 ) (592 1616 -136 ) 
4 157 158 (592 1688 128 ) (592 1688 -136 ) (592 1616 -136 ) (592 1616 128 ) 
4 157 159 (592 1616 -136 ) (688 1616 -136 ) (688 1616 1024 ) (592 1616 1024 ) 
4 158 179 (424 1688 -136 ) (592 1688 -136 ) (592 1616 -136 ) (424 1616 -136 ) 
4 158 163 (424 1688 128 ) (424 1688 -136 ) (424 1616 -136 ) (424 1616 128 ) 
4 158 159 (424 1616 128 ) (424 1616 -136 ) (592 1616 -136 ) (592 1616 128 ) 
4 159 179 (720 1616 -136 ) (720 1520 -136 ) (424 1520 -136 ) (424 1616 -136 ) 
4 159 163 (424 1616 -136 ) (424 1520 -136 ) (424 1520 1024 ) (424 1616 1024 ) 
4 159 161 (576 1520 336 ) (576 1520 552 ) (448 1520 552 ) (448 1520 336 ) 
4 159 160 (576 1520 -136 ) (720 1520 -136 ) (720 1520 1024 ) (576 1520 1024 ) 
4 159 162 (424 1520 1024 ) (424 1520 -136 ) (448 1520 -136 ) (448 1520 1024 ) 
4 160 179 (720 1520 -136 ) (720 1424 -136 ) (576 1424 -136 ) (576 1520 -136 ) 
4 160 161 (576 1520 552 ) (576 1520 336 ) (576 1424 336 ) (576 1424 552 ) 
4 160 166 (576 1424 -136 ) (720 1424 -136 ) (720 1424 1024 ) (576 1424 1024 ) 
4 161 162 (448 1520 552 ) (448 1520 336 ) (448 1424 336 ) (448 1424 552 ) 
4 161 166 (576 1424 336 ) (576 1424 552 ) (448 1424 552 ) (448 1424 336 ) 
4 162 179 (448 1424 -136 ) (424 1424 -136 ) (424 1520 -136 ) (448 1520 -136 ) 
4 162 163 (424 1520 -136 ) (424 1424 -136 ) (424 1424 1024 ) (424 1520 1024 ) 
4 162 166 (424 1424 -136 ) (448 1424 -136 ) (448 1424 1024 ) (424 1424 1024 ) 
4 163 179 (192 1688 -136 ) (424 1688 -136 ) (424 1424 -136 ) (192 1424 -136 ) 
4 163 164 (192 1688 128 ) (192 1688 -136 ) (192 1488 -136 ) (192 1488 128 ) 
4 163 165 (192 1488 -136 ) (192 1424 -136 ) (192 1424 1024 ) (192 1488 1024 ) 
4 163 166 (192 1424 -136 ) (424 1424 -136 ) (424 1424 1024 ) (192 1424 1024 ) 
4 164 188 (0 1688 128 ) (0 1688 -136 ) (0 1488 -136 ) (0 1488 128 ) 
4 164 179 (0 1688 -136 ) (192 1688 -136 ) (192 1488 -136 ) (0 1488 -136 ) 
4 164 165 (0 1488 -136 ) (192 1488 -136 ) (192 1488 128 ) (0 1488 128 ) 
4 165 188 (0 1488 128 ) (0 1488 -136 ) (0 1424 -136 ) (0 1424 128 ) 
4 165 187 (0 1424 1024 ) (0 1488 1024 ) (0 1488 128 ) (0 1424 128 ) 
4 165 179 (192 1488 -136 ) (192 1424 -136 ) (0 1424 -136 ) (0 1488 -136 ) 
4 165 166 (0 1424 -136 ) (192 1424 -136 ) (192 1424 1024 ) (0 1424 1024 ) 
4 166 188 (0 1424 128 ) (0 1424 -136 ) (0 1392 -136 ) (0 1392 128 ) 
4 166 187 (0 1392 1024 ) (0 1424 1024 ) (0 1424 128 ) (0 1392 128 ) 
4 166 179 (720 1424 -136 ) (720 1392 -136 ) (0 1392 -136 ) (0 1424 -136 ) 
4 166 175 (240 1392 248 ) (240 1392 576 ) (80 1392 576 ) (80 1392 248 ) 
4 166 176 (80 1392 -136 ) (240 1392 -136 ) (240 1392 -88 ) (80 1392 -88 ) 
4 166 178 (0 1392 -136 ) (80 1392 -136 ) (80 1392 1024 ) (0 1392 1024 ) 
4 166 171 (464 1392 -136 ) (592 1392 -136 ) (592 1392 1024 ) (464 1392 1024 ) 
4 166 170 (592 1392 -136 ) (704 1392 -136 ) (704 1392 1024 ) (592 1392 1024 ) 
4 166 174 (240 1392 -136 ) (464 1392 -136 ) (464 1392 1024 ) (240 1392 1024 ) 
4 166 167 (704 1392 -136 ) (720 1392 -136 ) (720 1392 1024 ) (704 1392 1024 ) 
4 167 179 (720 1392 -136 ) (720 1152 -136 ) (704 1152 -136 ) (704 1392 -136 ) 
4 167 170 (704 1392 1024 ) (704 1392 -136 ) (704 1152 -136 ) (704 1152 1024 ) 
4 167 168 (704 1152 504 ) (704 1152 -136 ) (720 1152 -136 ) (720 1152 504 ) 
4 168 179 (720 1152 -136 ) (720 1072 -136 ) (704 1072 -136 ) (704 1152 -136 ) 
4 168 170 (704 1152 -136 ) (704 1072 -136 ) (704 1072 504 ) (704 1152 504 ) 
4 168 169 (704 1072 504 ) (704 1072 -136 ) (720 1072 -136 ) (720 1072 504 ) 
4 169 216 (720 1024 -136 ) (720 1024 128 ) (704 1024 128 ) (704 1024 -136 ) 
4 169 206 (720 1024 128 ) (720 1024 1024 ) (704 1024 1024 ) (704 1024 128 ) 
4 169 179 (720 1072 -136 ) (720 1024 -136 ) (704 1024 -136 ) (704 1072 -136 ) 
4 169 170 (704 1072 -136 ) (704 1024 -136 ) (704 1024 1024 ) (704 1072 1024 ) 
4 170 216 (592 1024 128 ) (592 1024 -136 ) (704 1024 -136 ) (704 1024 128 ) 
4 170 206 (704 1024 1024 ) (592 1024 1024 ) (592 1024 128 ) (704 1024 128 ) 
4 170 179 (704 1024 -136 ) (592 1024 -136 ) (592 1392 -136 ) (704 1392 -136 ) 
4 170 172 (592 1328 -136 ) (592 1232 -136 ) (592 1232 128 ) (592 1328 128 ) 
4 170 171 (592 1392 1024 ) (592 1392 -136 ) (592 1328 -136 ) (592 1328 1024 ) 
4 170 173 (592 1232 -136 ) (592 1024 -136 ) (592 1024 1024 ) (592 1232 1024 ) 
4 171 179 (464 1328 -136 ) (464 1392 -136 ) (592 1392 -136 ) (592 1328 -136 ) 
4 171 172 (464 1328 128 ) (464 1328 -136 ) (592 1328 -136 ) (592 1328 128 ) 
4 171 174 (464 1392 1024 ) (464 1392 -136 ) (464 1328 -136 ) (464 1328 1024 ) 
4 172 179 (464 1232 -136 ) (464 1328 -136 ) (592 1328 -136 ) (592 1232 -136 ) 
4 172 174 (464 1328 -136 ) (464 1232 -136 ) (464 1232 128 ) (464 1328 128 ) 
4 172 173 (464 1232 128 ) (464 1232 -136 ) (592 1232 -136 ) (592 1232 128 ) 
4 173 216 (464 1024 128 ) (464 1024 -136 ) (592 1024 -136 ) (592 1024 128 ) 
4 173 207 (560 1024 1024 ) (464 1024 1024 ) (464 1024 128 ) (560 1024 128 ) 
4 173 206 (592 1024 1024 ) (560 1024 1024 ) (560 1024 128 ) (592 1024 128 ) 
4 173 179 (592 1024 -136 ) (464 1024 -136 ) (464 1232 -136 ) (592 1232 -136 ) 
4 173 174 (464 1232 -136 ) (464 1024 -136 ) (464 1024 1024 ) (464 1232 1024 ) 
4 174 216 (240 1024 128 ) (240 1024 -136 ) (464 1024 -136 ) (464 1024 128 ) 
4 174 208 (448 1024 1024 ) (240 1024 1024 ) (240 1024 128 ) (448 1024 128 ) 
4 174 207 (464 1024 1024 ) (448 1024 1024 ) (448 1024 128 ) (464 1024 128 ) 
4 174 179 (464 1024 -136 ) (240 1024 -136 ) (240 1392 -136 ) (464 1392 -136 ) 
4 174 175 (240 1392 576 ) (240 1392 248 ) (240 1104 248 ) (240 1104 576 ) 
4 174 176 (240 1392 -88 ) (240 1392 -136 ) (240 1104 -136 ) (240 1104 -88 ) 
4 174 177 (240 1104 -136 ) (240 1024 -136 ) (240 1024 1024 ) (240 1104 1024 ) 
4 175 177 (80 1104 576 ) (80 1104 248 ) (240 1104 248 ) (240 1104 576 ) 
4 175 178 (80 1392 576 ) (80 1392 248 ) (80 1104 248 ) (80 1104 576 ) 
4 176 179 (80 1104 -136 ) (80 1392 -136 ) (240 1392 -136 ) (240 1104 -136 ) 
4 176 178 (80 1392 -88 ) (80 1392 -136 ) (80 1104 -136 ) (80 1104 -88 ) 
4 176 177 (80 1104 -88 ) (80 1104 -136 ) (240 1104 -136 ) (240 1104 -88 ) 
4 177 216 (80 1024 128 ) (80 1024 -136 ) (240 1024 -136 ) (240 1024 128 ) 
4 177 208 (240 1024 1024 ) (80 1024 1024 ) (80 1024 128 ) (240 1024 128 ) 
4 177 179 (240 1024 -136 ) (80 1024 -136 ) (80 1104 -136 ) (240 1104 -136 ) 
4 177 178 (80 1104 -136 ) (80 1024 -136 ) (80 1024 1024 ) (80 1104 1024 ) 
4 178 216 (0 1024 128 ) (0 1024 -136 ) (80 1024 -136 ) (80 1024 128 ) 
4 178 210 (80 1024 1024 ) (0 1024 1024 ) (0 1024 128 ) (80 1024 128 ) 
4 178 188 (0 1024 -136 ) (0 1024 128 ) (0 1392 128 ) (0 1392 -136 ) 
4 178 187 (0 1024 128 ) (0 1024 1024 ) (0 1392 1024 ) (0 1392 128 ) 
4 178 179 (80 1024 -136 ) (0 1024 -136 ) (0 1392 -136 ) (80 1392 -136 ) 
4 179 216 (720 1024 -240 ) (720 1024 -136 ) (0 1024 -136 ) (0 1024 -240 ) 
4 179 188 (0 1024 -240 ) (0 1024 -136 ) (0 1688 -136 ) (0 1688 -240 ) 
4 180 217 (720 1024 -2544 ) (720 1024 -256 ) (0 1024 -256 ) (0 1024 -2544 ) 
4 180 189 (0 1024 -2544 ) (0 1024 -256 ) (0 1688 -256 ) (0 1688 -2544 ) 
4 181 182 (-16 2144 1520 ) (-16 2144 -240 ) (0 2144 -240 ) (0 2144 1520 ) 
4 181 183 (-16 2144 -256 ) (-16 2144 -2544 ) (0 2144 -2544 ) (0 2144 -256 ) 
4 181 184 (-16 2552 1520 ) (-16 2552 -2544 ) (-16 2144 -2544 ) (-16 2144 1520 ) 
4 182 188 (0 2048 -240 ) (0 2048 128 ) (-16 2048 128 ) (-16 2048 -240 ) 
4 182 185 (0 2048 128 ) (0 2048 1520 ) (-16 2048 1520 ) (-16 2048 128 ) 
4 182 184 (-16 2048 -240 ) (-16 2048 1520 ) (-16 2144 1520 ) (-16 2144 -240 ) 
4 183 189 (0 2048 -2544 ) (0 2048 -256 ) (-16 2048 -256 ) (-16 2048 -2544 ) 
4 183 184 (-16 2144 -2544 ) (-16 2048 -2544 ) (-16 2048 -256 ) (-16 2144 -256 ) 
4 184 190 (-16 2048 1520 ) (-224 2048 1520 ) (-224 2048 -2544 ) (-16 2048 -2544 ) 
4 184 194 (-224 2048 1520 ) (-248 2048 1520 ) (-248 2048 -2544 ) (-224 2048 -2544 ) 
4 185 190 (-16 1808 1520 ) (-16 2048 1520 ) (-16 2048 128 ) (-16 1808 128 ) 
4 185 188 (-16 1808 128 ) (-16 2048 128 ) (0 2048 128 ) (0 1808 128 ) 
4 185 186 (-16 1808 1520 ) (-16 1808 1024 ) (0 1808 1024 ) (0 1808 1520 ) 
4 186 190 (-16 1488 1520 ) (-16 1808 1520 ) (-16 1808 1024 ) (-16 1488 1024 ) 
4 186 187 (-16 1488 1520 ) (-16 1488 1024 ) (0 1488 1024 ) (0 1488 1520 ) 
4 187 219 (0 1024 128 ) (0 1024 1520 ) (-16 1024 1520 ) (-16 1024 128 ) 
4 187 192 (-16 1024 128 ) (-16 1024 1024 ) (-16 1488 1024 ) (-16 1488 128 ) 
4 187 191 (-16 1024 1024 ) (-16 1024 1520 ) (-16 1488 1520 ) (-16 1488 1024 ) 
4 187 188 (0 1024 128 ) (-16 1024 128 ) (-16 1488 128 ) (0 1488 128 ) 
4 188 219 (0 1024 -240 ) (0 1024 128 ) (-16 1024 128 ) (-16 1024 -240 ) 
4 188 193 (-16 1024 -240 ) (-16 1024 128 ) (-16 1488 128 ) (-16 1488 -240 ) 
4 188 190 (-16 1488 128 ) (-16 2048 128 ) (-16 2048 -240 ) (-16 1488 -240 ) 
4 189 224 (0 1024 -2544 ) (0 1024 -256 ) (-16 1024 -256 ) (-16 1024 -2544 ) 
4 189 193 (-16 1488 -2544 ) (-16 1024 -2544 ) (-16 1024 -256 ) (-16 1488 -256 ) 
4 189 190 (-16 2048 -2544 ) (-16 1488 -2544 ) (-16 1488 -256 ) (-16 2048 -256 ) 
4 190 192 (-224 1488 1024 ) (-224 1488 128 ) (-16 1488 128 ) (-16 1488 1024 ) 
4 190 191 (-224 1488 1520 ) (-224 1488 1024 ) (-16 1488 1024 ) (-16 1488 1520 ) 
4 190 193 (-224 1488 128 ) (-224 1488 -2544 ) (-16 1488 -2544 ) (-16 1488 128 ) 
4 190 194 (-224 2048 -2544 ) (-224 1488 -2544 ) (-224 1488 1520 ) (-224 2048 1520 ) 
4 191 226 (-16 1024 1520 ) (-224 1024 1520 ) (-224 1024 1024 ) (-16 1024 1024 ) 
4 191 194 (-224 1024 1024 ) (-224 1024 1520 ) (-224 1488 1520 ) (-224 1488 1024 ) 
4 191 192 (-224 1024 1024 ) (-224 1488 1024 ) (-16 1488 1024 ) (-16 1024 1024 ) 
4 192 227 (-224 1024 1024 ) (-224 1024 128 ) (-16 1024 128 ) (-16 1024 1024 ) 
4 192 193 (-224 1024 128 ) (-224 1488 128 ) (-16 1488 128 ) (-16 1024 128 ) 
4 192 194 (-224 1024 128 ) (-224 1024 1024 ) (-224 1488 1024 ) (-224 1488 128 ) 
4 193 228 (-224 1024 128 ) (-224 1024 -2544 ) (-16 1024 -2544 ) (-16 1024 128 ) 
4 193 194 (-224 1488 -2544 ) (-224 1024 -2544 ) (-224 1024 128 ) (-224 1488 128 ) 
4 194 230 (-224 1024 1520 ) (-248 1024 1520 ) (-248 1024 -2544 ) (-224 1024 -2544 ) 
4 195 203 (2808 0 1520 ) (2048 0 1520 ) (2048 0 -2544 ) (2808 0 -2544 ) 
4 195 199 (2048 0 -2544 ) (2048 0 128 ) (2048 1024 128 ) (2048 1024 -2544 ) 
4 195 196 (2048 0 128 ) (2048 0 1520 ) (2048 1024 1520 ) (2048 1024 128 ) 
4 196 204 (2048 0 128 ) (2048 0 1520 ) (1264 0 1520 ) (1264 0 128 ) 
4 196 200 (1264 1024 128 ) (1472 1024 128 ) (1472 752 128 ) (1264 752 128 ) 
4 196 202 (1472 752 128 ) (1472 0 128 ) (1264 0 128 ) (1264 752 128 ) 
4 196 199 (1472 1024 128 ) (2048 1024 128 ) (2048 0 128 ) (1472 0 128 ) 
4 196 197 (1264 848 1024 ) (1264 848 1520 ) (1264 1024 1520 ) (1264 1024 1024 ) 
4 196 198 (1264 848 128 ) (1264 0 128 ) (1264 0 1520 ) (1264 848 1520 ) 
4 197 205 (1024 1024 1520 ) (1024 1024 1024 ) (1024 848 1024 ) (1024 848 1520 ) 
4 197 198 (1264 848 1024 ) (1264 848 1520 ) (1024 848 1520 ) (1024 848 1024 ) 
4 198 211 (1024 848 128 ) (1024 0 128 ) (1024 0 1520 ) (1024 848 1520 ) 
4 198 204 (1264 0 1520 ) (1024 0 1520 ) (1024 0 128 ) (1264 0 128 ) 
4 198 200 (1024 752 128 ) (1024 848 128 ) (1264 848 128 ) (1264 752 128 ) 
4 198 202 (1024 0 128 ) (1024 752 128 ) (1264 752 128 ) (1264 0 128 ) 
4 199 204 (2048 0 -2544 ) (2048 0 128 ) (1472 0 128 ) (1472 0 -2544 ) 
4 199 200 (1472 752 -240 ) (1472 752 128 ) (1472 1024 128 ) (1472 1024 -240 ) 
4 199 201 (1472 1024 -2544 ) (1472 752 -2544 ) (1472 752 -256 ) (1472 1024 -256 ) 
4 199 202 (1472 752 -2544 ) (1472 0 -2544 ) (1472 0 128 ) (1472 752 128 ) 
4 200 216 (1024 1024 128 ) (1024 1024 -240 ) (1024 752 -240 ) (1024 752 128 ) 
4 200 202 (1472 752 -240 ) (1472 752 128 ) (1024 752 128 ) (1024 752 -240 ) 
4 201 217 (1024 1024 -256 ) (1024 1024 -2544 ) (1024 752 -2544 ) (1024 752 -256 ) 
4 201 202 (1024 752 -2544 ) (1472 752 -2544 ) (1472 752 -256 ) (1024 752 -256 ) 
4 202 218 (1024 752 -2544 ) (1024 0 -2544 ) (1024 0 128 ) (1024 752 128 ) 
4 202 204 (1472 0 128 ) (1024 0 128 ) (1024 0 -2544 ) (1472 0 -2544 ) 
4 203 204 (2048 0 1520 ) (2048 0 -2544 ) (2048 -1016 -2544 ) (2048 -1016 1520 ) 
4 204 231 (1024 -1016 1520 ) (1024 0 1520 ) (1024 0 -2544 ) (1024 -1016 -2544 ) 
4 205 219 (0 1024 1520 ) (0 1024 1024 ) (0 848 1024 ) (0 848 1520 ) 
4 205 212 (0 848 1520 ) (0 848 1024 ) (624 848 1024 ) (624 848 1520 ) 
4 205 211 (624 848 1024 ) (1024 848 1024 ) (1024 848 1520 ) (624 848 1520 ) 
4 205 209 (448 848 1024 ) (80 848 1024 ) (80 1008 1024 ) (448 1008 1024 ) 
4 205 208 (80 1008 1024 ) (80 1024 1024 ) (448 1024 1024 ) (448 1008 1024 ) 
4 205 210 (80 848 1024 ) (0 848 1024 ) (0 1024 1024 ) (80 1024 1024 ) 
4 205 207 (448 1008 1024 ) (448 1024 1024 ) (560 1024 1024 ) (560 1008 1024 ) 
4 205 206 (720 848 1024 ) (560 848 1024 ) (560 1024 1024 ) (720 1024 1024 ) 
4 206 216 (560 1024 128 ) (720 1024 128 ) (720 848 128 ) (560 848 128 ) 
4 206 212 (560 848 128 ) (624 848 128 ) (624 848 1024 ) (560 848 1024 ) 
4 206 211 (624 848 128 ) (720 848 128 ) (720 848 1024 ) (624 848 1024 ) 
4 206 207 (560 1024 128 ) (560 1008 128 ) (560 1008 1024 ) (560 1024 1024 ) 
4 207 216 (448 1024 128 ) (560 1024 128 ) (560 1008 128 ) (448 1008 128 ) 
4 207 208 (448 1024 128 ) (448 1008 128 ) (448 1008 1024 ) (448 1024 1024 ) 
4 208 216 (80 1024 128 ) (448 1024 128 ) (448 1008 128 ) (80 1008 128 ) 
4 208 209 (80 1008 1024 ) (80 1008 448 ) (448 1008 448 ) (448 1008 1024 ) 
4 208 210 (80 1024 128 ) (80 1008 128 ) (80 1008 1024 ) (80 1024 1024 ) 
4 209 212 (448 848 448 ) (448 848 1024 ) (80 848 1024 ) (80 848 448 ) 
4 209 210 (80 848 448 ) (80 848 1024 ) (80 1008 1024 ) (80 1008 448 ) 
4 210 219 (0 1024 1024 ) (0 1024 128 ) (0 848 128 ) (0 848 1024 ) 
4 210 216 (0 848 128 ) (0 1024 128 ) (80 1024 128 ) (80 848 128 ) 
4 210 212 (0 848 1024 ) (0 848 128 ) (80 848 128 ) (80 848 1024 ) 
4 211 231 (1024 0 128 ) (1024 0 1520 ) (624 0 1520 ) (624 0 128 ) 
4 211 216 (624 752 128 ) (624 848 128 ) (1024 848 128 ) (1024 752 128 ) 
4 211 218 (1024 0 128 ) (624 0 128 ) (624 752 128 ) (1024 752 128 ) 
4 211 214 (624 752 1024 ) (624 752 128 ) (624 528 128 ) (624 528 1024 ) 
4 211 213 (624 528 1520 ) (624 752 1520 ) (624 752 1024 ) (624 528 1024 ) 
4 211 212 (624 752 1520 ) (624 848 1520 ) (624 848 128 ) (624 752 128 ) 
4 211 215 (624 0 1520 ) (624 528 1520 ) (624 528 128 ) (624 0 128 ) 
4 212 219 (0 848 128 ) (0 752 128 ) (0 752 1520 ) (0 848 1520 ) 
4 212 216 (0 752 128 ) (0 848 128 ) (624 848 128 ) (624 752 128 ) 
4 212 214 (0 752 128 ) (624 752 128 ) (624 752 1024 ) (0 752 1024 ) 
4 212 213 (624 752 1024 ) (624 752 1520 ) (0 752 1520 ) (0 752 1024 ) 
4 213 220 (0 528 1024 ) (0 528 1520 ) (0 752 1520 ) (0 752 1024 ) 
4 213 215 (624 528 1024 ) (624 528 1520 ) (0 528 1520 ) (0 528 1024 ) 
4 213 214 (624 528 1024 ) (0 528 1024 ) (0 752 1024 ) (624 752 1024 ) 
4 214 221 (0 752 128 ) (0 528 128 ) (0 528 1024 ) (0 752 1024 ) 
4 214 218 (0 528 128 ) (0 752 128 ) (624 752 128 ) (624 528 128 ) 
4 214 215 (0 528 128 ) (624 528 128 ) (624 528 1024 ) (0 528 1024 ) 
4 215 231 (624 0 1520 ) (0 0 1520 ) (0 0 128 ) (624 0 128 ) 
4 215 223 (0 528 128 ) (0 0 128 ) (0 0 1520 ) (0 528 1520 ) 
4 215 218 (624 0 128 ) (0 0 128 ) (0 528 128 ) (624 528 128 ) 
4 216 219 (0 1024 128 ) (0 1024 -240 ) (0 752 -240 ) (0 752 128 ) 
4 216 218 (1024 752 -240 ) (1024 752 128 ) (0 752 128 ) (0 752 -240 ) 
4 217 224 (0 1024 -256 ) (0 1024 -2544 ) (0 752 -2544 ) (0 752 -256 ) 
4 217 218 (0 752 -2544 ) (1024 752 -2544 ) (1024 752 -256 ) (0 752 -256 ) 
4 218 231 (1024 0 -2544 ) (1024 0 128 ) (0 0 128 ) (0 0 -2544 ) 
4 218 225 (0 752 -2544 ) (0 0 -2544 ) (0 0 -240 ) (0 752 -240 ) 
4 218 222 (0 528 128 ) (0 752 128 ) (0 752 -240 ) (0 528 -240 ) 
4 218 223 (0 0 -240 ) (0 0 128 ) (0 528 128 ) (0 528 -240 ) 
4 219 227 (-16 1024 1024 ) (-16 1024 128 ) (-16 752 128 ) (-16 752 1024 ) 
4 219 226 (-16 752 1520 ) (-16 1024 1520 ) (-16 1024 1024 ) (-16 752 1024 ) 
4 219 228 (-16 1024 128 ) (-16 1024 -240 ) (-16 752 -240 ) (-16 752 128 ) 
4 219 221 (-16 752 1024 ) (-16 752 128 ) (0 752 128 ) (0 752 1024 ) 
4 219 220 (-16 752 1520 ) (-16 752 1024 ) (0 752 1024 ) (0 752 1520 ) 
4 219 222 (-16 752 128 ) (-16 752 -240 ) (0 752 -240 ) (0 752 128 ) 
4 220 229 (-16 528 1520 ) (-16 752 1520 ) (-16 752 1024 ) (-16 528 1024 ) 
4 220 223 (-16 528 1520 ) (-16 528 1024 ) (0 528 1024 ) (0 528 1520 ) 
4 220 221 (0 528 1024 ) (-16 528 1024 ) (-16 752 1024 ) (0 752 1024 ) 
4 221 229 (-16 752 1024 ) (-16 752 128 ) (-16 528 128 ) (-16 528 1024 ) 
4 221 222 (0 528 128 ) (-16 528 128 ) (-16 752 128 ) (0 752 128 ) 
4 221 223 (-16 528 1024 ) (-16 528 128 ) (0 528 128 ) (0 528 1024 ) 
4 222 229 (-16 752 128 ) (-16 752 -240 ) (-16 528 -240 ) (-16 528 128 ) 
4 222 225 (-16 528 -240 ) (-16 752 -240 ) (0 752 -240 ) (0 528 -240 ) 
4 222 223 (-16 528 128 ) (-16 528 -240 ) (0 528 -240 ) (0 528 128 ) 
4 223 232 (0 0 -240 ) (0 0 1520 ) (-16 0 1520 ) (-16 0 -240 ) 
4 223 229 (-16 0 -240 ) (-16 0 1520 ) (-16 528 1520 ) (-16 528 -240 ) 
4 223 225 (-16 0 -240 ) (-16 528 -240 ) (0 528 -240 ) (0 0 -240 ) 
4 224 228 (-16 1024 -2544 ) (-16 752 -2544 ) (-16 752 -256 ) (-16 1024 -256 ) 
4 224 225 (-16 752 -256 ) (-16 752 -2544 ) (0 752 -2544 ) (0 752 -256 ) 
4 225 232 (0 0 -2544 ) (0 0 -240 ) (-16 0 -240 ) (-16 0 -2544 ) 
4 225 229 (-16 752 -2544 ) (-16 0 -2544 ) (-16 0 -240 ) (-16 752 -240 ) 
4 226 230 (-224 752 1024 ) (-224 752 1520 ) (-224 1024 1520 ) (-224 1024 1024 ) 
4 226 229 (-224 752 1520 ) (-224 752 1024 ) (-16 752 1024 ) (-16 752 1520 ) 
4 226 227 (-16 752 1024 ) (-224 752 1024 ) (-224 1024 1024 ) (-16 1024 1024 ) 
4 227 228 (-16 752 128 ) (-224 752 128 ) (-224 1024 128 ) (-16 1024 128 ) 
4 227 230 (-224 752 128 ) (-224 752 1024 ) (-224 1024 1024 ) (-224 1024 128 ) 
4 227 229 (-224 752 1024 ) (-224 752 128 ) (-16 752 128 ) (-16 752 1024 ) 
4 228 229 (-224 752 128 ) (-224 752 -2544 ) (-16 752 -2544 ) (-16 752 128 ) 
4 228 230 (-224 1024 -2544 ) (-224 752 -2544 ) (-224 752 128 ) (-224 1024 128 ) 
4 229 232 (-16 0 1520 ) (-224 0 1520 ) (-224 0 -2544 ) (-16 0 -2544 ) 
4 229 230 (-224 752 -2544 ) (-224 0 -2544 ) (-224 0 1520 ) (-224 752 1520 ) 
4 230 232 (-224 0 1520 ) (-248 0 1520 ) (-248 0 -2544 ) (-224 0 -2544 ) 
4 231 232 (0 0 1520 ) (0 0 -2544 ) (0 -1016 -2544 ) (0 -1016 1520 ) 
