PRT1
449
975
4 0 4 (7269.330078 8192 -1792 ) (7269.330078 8192 4096 ) (7168 8192 4096 ) (7168 8192 -1792 ) 
4 0 1 (7168 8192 -1792 ) (7168 8192 4096 ) (7168 8320.940430 4096 ) (7168 8320.940430 -1792 ) 
4 1 7 (7168 8192 -1792 ) (7168 8192 4096 ) (6144 8192 4096 ) (6144 8192 -1792 ) 
4 1 2 (6144 8192 -1792 ) (6144 8192 4096 ) (6144 8320.940430 4096 ) (6144 8320.940430 -1792 ) 
4 2 8 (6144 8192 -1792 ) (6144 8192 4096 ) (5120 8192 4096 ) (5120 8192 -1792 ) 
4 2 3 (5120 8192 -1792 ) (5120 8192 4096 ) (5120 8320.940430 4096 ) (5120 8320.940430 -1792 ) 
4 3 16 (4096 8192 -1792 ) (4096 8192 4096 ) (4096 8320.940430 4096 ) (4096 8320.940430 -1792 ) 
4 3 9 (5120 8192 -1792 ) (5120 8192 4096 ) (4096 8192 4096 ) (4096 8192 -1792 ) 
4 4 7 (7168 8192 4096 ) (7168 8192 -1792 ) (7168 7168 -1792 ) (7168 7168 4096 ) 
4 4 5 (7269.330078 7168 -1792 ) (7269.330078 7168 4096 ) (7168 7168 4096 ) (7168 7168 -1792 ) 
4 5 10 (7168 6144 -1792 ) (7168 6144 4096 ) (7168 7168 4096 ) (7168 7168 -1792 ) 
4 5 6 (7168 6144 4096 ) (7168 6144 -1792 ) (7269.330078 6144 -1792 ) (7269.330078 6144 4096 ) 
4 6 36 (7269.330078 5120 -1792 ) (7269.330078 5120 4096 ) (7168 5120 4096 ) (7168 5120 -1792 ) 
4 6 11 (7168 5120 -1792 ) (7168 5120 4096 ) (7168 6144 4096 ) (7168 6144 -1792 ) 
4 7 10 (7168 7168 -1792 ) (7168 7168 4096 ) (6144 7168 4096 ) (6144 7168 -1792 ) 
4 7 8 (6144 8192 4096 ) (6144 8192 -1792 ) (6144 7168 -1792 ) (6144 7168 4096 ) 
4 8 12 (6144 7168 -1792 ) (6144 7168 4096 ) (5120 7168 4096 ) (5120 7168 -1792 ) 
4 8 9 (5120 7168 -1792 ) (5120 7168 4096 ) (5120 8192 4096 ) (5120 8192 -1792 ) 
4 9 21 (4096 7168 -1792 ) (4096 7168 4096 ) (4096 8192 4096 ) (4096 8192 -1792 ) 
4 9 13 (5120 7168 -1792 ) (5120 7168 4096 ) (4096 7168 4096 ) (4096 7168 -1792 ) 
4 10 12 (6144 7168 4096 ) (6144 7168 -1792 ) (6144 6144 -1792 ) (6144 6144 4096 ) 
4 10 11 (7168 6144 -1792 ) (7168 6144 4096 ) (6144 6144 4096 ) (6144 6144 -1792 ) 
4 11 38 (7168 5120 -1792 ) (7168 5120 4096 ) (6144 5120 4096 ) (6144 5120 -1792 ) 
4 11 14 (6144 5120 -1792 ) (6144 5120 4096 ) (6144 6144 4096 ) (6144 6144 -1792 ) 
4 12 14 (6144 6144 -1792 ) (6144 6144 4096 ) (5120 6144 4096 ) (5120 6144 -1792 ) 
4 12 13 (5120 7168 4096 ) (5120 7168 -1792 ) (5120 6144 -1792 ) (5120 6144 4096 ) 
4 13 23 (4096 6144 -1792 ) (4096 6144 4096 ) (4096 7168 4096 ) (4096 7168 -1792 ) 
4 13 15 (5120 6144 -1792 ) (5120 6144 4096 ) (4096 6144 4096 ) (4096 6144 -1792 ) 
4 14 43 (6144 5120 -1792 ) (6144 5120 -512 ) (5120 5120 -512 ) (5120 5120 -1792 ) 
4 14 41 (6105.759766 5120 4096 ) (5120 5120 4096 ) (5120 5120 -512 ) (6105.759766 5120 -512 ) 
4 14 40 (6144 5120 -512 ) (6144 5120 4096 ) (6105.759766 5120 4096 ) (6105.759766 5120 -512 ) 
4 14 15 (5120 6144 4096 ) (5120 6144 -1792 ) (5120 5120 -1792 ) (5120 5120 4096 ) 
4 15 46 (5120 5120 -1792 ) (5120 5120 -512 ) (4096 5120 -512 ) (4096 5120 -1792 ) 
4 15 44 (5120 5120 -512 ) (5120 5120 4096 ) (4096 5120 4096 ) (4096 5120 -512 ) 
4 15 25 (4096 5120 -1792 ) (4096 5120 4096 ) (4096 6144 4096 ) (4096 6144 -1792 ) 
4 16 21 (4096 8192 -1792 ) (4096 8192 4096 ) (3072 8192 4096 ) (3072 8192 -1792 ) 
4 16 17 (3072 8192 -1792 ) (3072 8192 4096 ) (3072 8320.940430 4096 ) (3072 8320.940430 -1792 ) 
4 17 22 (3072 8192 -1792 ) (3072 8192 4096 ) (2048 8192 4096 ) (2048 8192 -1792 ) 
4 17 18 (2048 8192 -1792 ) (2048 8192 4096 ) (2048 8320.940430 4096 ) (2048 8320.940430 -1792 ) 
4 18 27 (2048 8192 -1792 ) (2048 8192 4096 ) (1024 8192 4096 ) (1024 8192 -1792 ) 
4 18 19 (1024 8192 -1792 ) (1024 8192 4096 ) (1024 8320.940430 4096 ) (1024 8320.940430 -1792 ) 
4 19 28 (1024 8192 -1792 ) (1024 8192 4096 ) (0 8192 4096 ) (0 8192 -1792 ) 
4 19 20 (0 8192 -1792 ) (0 8192 4096 ) (0 8320.940430 4096 ) (0 8320.940430 -1792 ) 
4 20 128 (-1024 8192 -1792 ) (-1024 8192 4096 ) (-1024 8320.940430 4096 ) (-1024 8320.940430 -1792 ) 
4 20 29 (0 8192 -1792 ) (0 8192 4096 ) (-1024 8192 4096 ) (-1024 8192 -1792 ) 
4 21 23 (4096 7168 -1792 ) (4096 7168 4096 ) (3072 7168 4096 ) (3072 7168 -1792 ) 
4 21 22 (3072 8192 4096 ) (3072 8192 -1792 ) (3072 7168 -1792 ) (3072 7168 4096 ) 
4 22 27 (2048 8192 4096 ) (2048 8192 -1792 ) (2048 7168 -1792 ) (2048 7168 4096 ) 
4 22 24 (3072 7168 -1792 ) (3072 7168 4096 ) (2048 7168 4096 ) (2048 7168 -1792 ) 
4 23 25 (4096 6144 -1792 ) (4096 6144 4096 ) (3072 6144 4096 ) (3072 6144 -1792 ) 
4 23 24 (3072 6144 -1792 ) (3072 6144 4096 ) (3072 7168 4096 ) (3072 7168 -1792 ) 
4 24 30 (2048 6144 -1792 ) (2048 6144 4096 ) (2048 7168 4096 ) (2048 7168 -1792 ) 
4 24 26 (2048 6144 4096 ) (2048 6144 -1792 ) (3072 6144 -1792 ) (3072 6144 4096 ) 
4 25 75 (4096 5120 -1792 ) (4096 5120 -512 ) (3072 5120 -512 ) (3072 5120 -1792 ) 
4 25 73 (4096 5120 -512 ) (4096 5120 4096 ) (3072 5120 4096 ) (3072 5120 -512 ) 
4 25 26 (3072 6144 4096 ) (3072 6144 -1792 ) (3072 5120 -1792 ) (3072 5120 4096 ) 
4 26 78 (3072 5120 -1792 ) (3072 5120 -512 ) (2048 5120 -512 ) (2048 5120 -1792 ) 
4 26 76 (3072 5120 -512 ) (3072 5120 4096 ) (2048 5120 4096 ) (2048 5120 -512 ) 
4 26 31 (2048 5120 -1792 ) (2048 5120 4096 ) (2048 6144 4096 ) (2048 6144 -1792 ) 
4 27 30 (2048 7168 -1792 ) (2048 7168 4096 ) (1024 7168 4096 ) (1024 7168 -1792 ) 
4 27 28 (1024 8192 4096 ) (1024 8192 -1792 ) (1024 7168 -1792 ) (1024 7168 4096 ) 
4 28 32 (1024 7168 -1792 ) (1024 7168 4096 ) (0 7168 4096 ) (0 7168 -1792 ) 
4 28 29 (0 7168 -1792 ) (0 7168 4096 ) (0 8192 4096 ) (0 8192 -1792 ) 
4 29 133 (-1024 7168 -1792 ) (-1024 7168 4096 ) (-1024 8192 4096 ) (-1024 8192 -1792 ) 
4 29 33 (0 7168 -1792 ) (0 7168 4096 ) (-1024 7168 4096 ) (-1024 7168 -1792 ) 
4 30 32 (1024 7168 4096 ) (1024 7168 -1792 ) (1024 6144 -1792 ) (1024 6144 4096 ) 
4 30 31 (2048 6144 -1792 ) (2048 6144 4096 ) (1024 6144 4096 ) (1024 6144 -1792 ) 
4 31 85 (2048 5120 -1792 ) (2048 5120 -512 ) (1024 5120 -512 ) (1024 5120 -1792 ) 
4 31 83 (2048 5120 -512 ) (2048 5120 4096 ) (1024 5120 4096 ) (1024 5120 -512 ) 
4 31 34 (1024 5120 -1792 ) (1024 5120 4096 ) (1024 6144 4096 ) (1024 6144 -1792 ) 
4 32 34 (1024 6144 -1792 ) (1024 6144 4096 ) (0 6144 4096 ) (0 6144 -1792 ) 
4 32 33 (0 7168 4096 ) (0 7168 -1792 ) (0 6144 -1792 ) (0 6144 4096 ) 
4 33 135 (-1024 6144 -1792 ) (-1024 6144 4096 ) (-1024 7168 4096 ) (-1024 7168 -1792 ) 
4 33 35 (0 6144 -1792 ) (0 6144 4096 ) (-1024 6144 4096 ) (-1024 6144 -1792 ) 
4 34 90 (1024 5120 -1792 ) (1024 5120 -512 ) (0 5120 -512 ) (0 5120 -1792 ) 
4 34 88 (1024 5120 -512 ) (1024 5120 4096 ) (0 5120 4096 ) (0 5120 -512 ) 
4 34 35 (0 6144 4096 ) (0 6144 -1792 ) (0 5120 -1792 ) (0 5120 4096 ) 
4 35 137 (-1024 5120 -1792 ) (-1024 5120 4096 ) (-1024 6144 4096 ) (-1024 6144 -1792 ) 
4 35 93 (0 5120 -1792 ) (0 5120 -512 ) (-1024 5120 -512 ) (-1024 5120 -1792 ) 
4 35 91 (0 5120 -512 ) (0 5120 4096 ) (-1024 5120 4096 ) (-1024 5120 -512 ) 
4 36 38 (7168 5120 4096 ) (7168 5120 -1792 ) (7168 4096 -1792 ) (7168 4096 4096 ) 
4 36 37 (7269.330078 4096 -1792 ) (7269.330078 4096 4096 ) (7168 4096 4096 ) (7168 4096 -1792 ) 
4 37 52 (7269.330078 3072 -1792 ) (7269.330078 3072 4096 ) (7168 3072 4096 ) (7168 3072 -1792 ) 
4 37 39 (7168 3072 -1792 ) (7168 3072 4096 ) (7168 4096 4096 ) (7168 4096 -1792 ) 
4 38 43 (6144 4096 -1792 ) (6144 4096 -512 ) (6144 5120 -512 ) (6144 5120 -1792 ) 
4 38 40 (6144 4096 -512 ) (6144 4096 4096 ) (6144 5120 4096 ) (6144 5120 -512 ) 
4 38 39 (7168 4096 -1792 ) (7168 4096 4096 ) (6144 4096 4096 ) (6144 4096 -1792 ) 
4 39 55 (7168 3072 -1792 ) (7168 3072 4096 ) (6144 3072 4096 ) (6144 3072 -1792 ) 
4 39 49 (6144 3072 -1792 ) (6144 3072 -512 ) (6144 4096 -512 ) (6144 4096 -1792 ) 
4 39 47 (6144 3072 -512 ) (6144 3072 4096 ) (6144 4096 4096 ) (6144 4096 -512 ) 
4 40 47 (6144 4096 -512 ) (6144 4096 4096 ) (6105.759766 4096 4096 ) (6105.759766 4096 -512 ) 
4 40 43 (6144 4096 -512 ) (6105.759766 4096 -512 ) (6105.759766 5120 -512 ) (6144 5120 -512 ) 
4 40 42 (6105.759766 4096 -256 ) (6105.759766 4096 4096 ) (6105.759766 4480 4096 ) (6105.759766 4480 -256 ) 
4 40 41 (6105.759766 5120 -512 ) (6105.759766 4480 -512 ) (6105.759766 4480 4096 ) (6105.759766 5120 4096 ) 
4 41 44 (5120 4480 4096 ) (5120 5120 4096 ) (5120 5120 -512 ) (5120 4480 -512 ) 
4 41 43 (5120 4480 -512 ) (5120 5120 -512 ) (6105.759766 5120 -512 ) (6105.759766 4480 -512 ) 
4 41 42 (6105.759766 4480 -256 ) (6105.759766 4480 4096 ) (5120 4480 4096 ) (5120 4480 -256 ) 
4 42 48 (6105.759766 4096 4096 ) (5120 4096 4096 ) (5120 4096 -256 ) (6105.759766 4096 -256 ) 
4 42 45 (5120 4096 -256 ) (5120 4096 4096 ) (5120 4480 4096 ) (5120 4480 -256 ) 
4 43 49 (6144 4096 -1792 ) (6144 4096 -512 ) (5120 4096 -512 ) (5120 4096 -1792 ) 
4 43 46 (5120 4096 -1792 ) (5120 4096 -512 ) (5120 5120 -512 ) (5120 5120 -1792 ) 
4 44 73 (4096 5120 4096 ) (4096 5120 -512 ) (4096 4480 -512 ) (4096 4480 4096 ) 
4 44 46 (5120 5120 -512 ) (5120 4480 -512 ) (4096 4480 -512 ) (4096 5120 -512 ) 
4 44 45 (5120 4480 -256 ) (5120 4480 4096 ) (4096 4480 4096 ) (4096 4480 -256 ) 
4 45 74 (4096 4096 -256 ) (4096 4096 4096 ) (4096 4480 4096 ) (4096 4480 -256 ) 
4 45 50 (4096 4096 4096 ) (4096 4096 -256 ) (5120 4096 -256 ) (5120 4096 4096 ) 
4 46 75 (4096 5120 -512 ) (4096 5120 -1792 ) (4096 4096 -1792 ) (4096 4096 -512 ) 
4 46 51 (4096 4096 -512 ) (4096 4096 -1792 ) (5120 4096 -1792 ) (5120 4096 -512 ) 
4 47 56 (6144 3072 -512 ) (6144 3072 4096 ) (6105.759766 3072 4096 ) (6105.759766 3072 -512 ) 
4 47 49 (6105.759766 4096 -512 ) (6144 4096 -512 ) (6144 3072 -512 ) (6105.759766 3072 -512 ) 
4 47 48 (6105.759766 3072 -256 ) (6105.759766 3072 4096 ) (6105.759766 4096 4096 ) (6105.759766 4096 -256 ) 
4 48 57 (6105.759766 3072 4096 ) (5120 3072 4096 ) (5120 3072 -256 ) (6105.759766 3072 -256 ) 
4 48 50 (5120 4096 4096 ) (5120 4096 -256 ) (5120 3072 -256 ) (5120 3072 4096 ) 
4 49 58 (6144 3072 -1792 ) (6144 3072 -512 ) (5120 3072 -512 ) (5120 3072 -1792 ) 
4 49 51 (5120 4096 -512 ) (5120 4096 -1792 ) (5120 3072 -1792 ) (5120 3072 -512 ) 
4 50 79 (4096 3072 -256 ) (4096 3072 4096 ) (4096 4096 4096 ) (4096 4096 -256 ) 
4 50 59 (5120 3072 -256 ) (5120 3072 4096 ) (4096 3072 4096 ) (4096 3072 -256 ) 
4 51 80 (4096 3072 -1792 ) (4096 3072 -512 ) (4096 4096 -512 ) (4096 4096 -1792 ) 
4 51 60 (5120 3072 -1792 ) (5120 3072 -512 ) (4096 3072 -512 ) (4096 3072 -1792 ) 
4 52 55 (7168 3072 4096 ) (7168 3072 -1792 ) (7168 2048 -1792 ) (7168 2048 4096 ) 
4 52 53 (7269.330078 2048 -1792 ) (7269.330078 2048 4096 ) (7168 2048 4096 ) (7168 2048 -1792 ) 
4 53 61 (7168 1024 -1792 ) (7168 1024 4096 ) (7168 2048 4096 ) (7168 2048 -1792 ) 
4 53 54 (7168 1024 4096 ) (7168 1024 -1792 ) (7269.330078 1024 -1792 ) (7269.330078 1024 4096 ) 
4 54 217 (7269.330078 0 -1792 ) (7269.330078 0 4096 ) (7168 0 4096 ) (7168 0 -1792 ) 
4 54 62 (7168 0 -1792 ) (7168 0 4096 ) (7168 1024 4096 ) (7168 1024 -1792 ) 
4 55 61 (7168 2048 -1792 ) (7168 2048 4096 ) (6144 2048 4096 ) (6144 2048 -1792 ) 
4 55 58 (6144 3072 -512 ) (6144 3072 -1792 ) (6144 2048 -1792 ) (6144 2048 -512 ) 
4 55 56 (6144 3072 4096 ) (6144 3072 -512 ) (6144 2048 -512 ) (6144 2048 4096 ) 
4 56 63 (6144 2048 -512 ) (6144 2048 4096 ) (6105.759766 2048 4096 ) (6105.759766 2048 -512 ) 
4 56 58 (6144 2048 -512 ) (6105.759766 2048 -512 ) (6105.759766 3072 -512 ) (6144 3072 -512 ) 
4 56 57 (6105.759766 2048 -256 ) (6105.759766 2048 4096 ) (6105.759766 3072 4096 ) (6105.759766 3072 -256 ) 
4 57 64 (6105.759766 2048 4096 ) (5120 2048 4096 ) (5120 2048 -256 ) (6105.759766 2048 -256 ) 
4 57 59 (5120 2048 -256 ) (5120 2048 4096 ) (5120 3072 4096 ) (5120 3072 -256 ) 
4 58 65 (6144 2048 -1792 ) (6144 2048 -512 ) (5120 2048 -512 ) (5120 2048 -1792 ) 
4 58 60 (5120 2048 -1792 ) (5120 2048 -512 ) (5120 3072 -512 ) (5120 3072 -1792 ) 
4 59 98 (4096 2048 -256 ) (4096 2048 4096 ) (4096 3072 4096 ) (4096 3072 -256 ) 
4 59 66 (5120 2048 -256 ) (5120 2048 4096 ) (4096 2048 4096 ) (4096 2048 -256 ) 
4 60 99 (4096 2048 -1792 ) (4096 2048 -512 ) (4096 3072 -512 ) (4096 3072 -1792 ) 
4 60 67 (5120 2048 -1792 ) (5120 2048 -512 ) (4096 2048 -512 ) (4096 2048 -1792 ) 
4 61 65 (6144 2048 -512 ) (6144 2048 -1792 ) (6144 1024 -1792 ) (6144 1024 -512 ) 
4 61 63 (6144 2048 4096 ) (6144 2048 -512 ) (6144 1024 -512 ) (6144 1024 4096 ) 
4 61 62 (7168 1024 -1792 ) (7168 1024 4096 ) (6144 1024 4096 ) (6144 1024 -1792 ) 
4 62 219 (7168 0 -1792 ) (7168 0 4096 ) (6144 0 4096 ) (6144 0 -1792 ) 
4 62 70 (6144 0 -1792 ) (6144 0 -512 ) (6144 1024 -512 ) (6144 1024 -1792 ) 
4 62 68 (6144 0 -512 ) (6144 0 4096 ) (6144 1024 4096 ) (6144 1024 -512 ) 
4 63 68 (6144 1024 -512 ) (6144 1024 4096 ) (6105.759766 1024 4096 ) (6105.759766 1024 -512 ) 
4 63 65 (6144 1024 -512 ) (6105.759766 1024 -512 ) (6105.759766 2048 -512 ) (6144 2048 -512 ) 
4 63 64 (6105.759766 1024 -256 ) (6105.759766 1024 4096 ) (6105.759766 2048 4096 ) (6105.759766 2048 -256 ) 
4 64 69 (6105.759766 1024 4096 ) (5120 1024 4096 ) (5120 1024 -256 ) (6105.759766 1024 -256 ) 
4 64 66 (5120 2048 4096 ) (5120 2048 -256 ) (5120 1024 -256 ) (5120 1024 4096 ) 
4 65 70 (6144 1024 -1792 ) (6144 1024 -512 ) (5120 1024 -512 ) (5120 1024 -1792 ) 
4 65 67 (5120 2048 -512 ) (5120 2048 -1792 ) (5120 1024 -1792 ) (5120 1024 -512 ) 
4 66 102 (4096 1024 -256 ) (4096 1024 4096 ) (4096 2048 4096 ) (4096 2048 -256 ) 
4 66 71 (5120 1024 -256 ) (5120 1024 4096 ) (4096 1024 4096 ) (4096 1024 -256 ) 
4 67 103 (4096 1024 -1792 ) (4096 1024 -512 ) (4096 2048 -512 ) (4096 2048 -1792 ) 
4 67 72 (5120 1024 -1792 ) (5120 1024 -512 ) (4096 1024 -512 ) (4096 1024 -1792 ) 
4 68 221 (6144 0 -512 ) (6144 0 4096 ) (6105.759766 0 4096 ) (6105.759766 0 -512 ) 
4 68 70 (6105.759766 1024 -512 ) (6144 1024 -512 ) (6144 0 -512 ) (6105.759766 0 -512 ) 
4 68 69 (6105.759766 0 -256 ) (6105.759766 0 4096 ) (6105.759766 1024 4096 ) (6105.759766 1024 -256 ) 
4 69 222 (6105.759766 0 4096 ) (5120 0 4096 ) (5120 0 -256 ) (6105.759766 0 -256 ) 
4 69 71 (5120 1024 4096 ) (5120 1024 -256 ) (5120 0 -256 ) (5120 0 4096 ) 
4 70 223 (6144 0 -1792 ) (6144 0 -512 ) (5120 0 -512 ) (5120 0 -1792 ) 
4 70 72 (5120 1024 -512 ) (5120 1024 -1792 ) (5120 0 -1792 ) (5120 0 -512 ) 
4 71 224 (5120 0 -256 ) (5120 0 4096 ) (4096 0 4096 ) (4096 0 -256 ) 
4 71 106 (4096 0 -256 ) (4096 0 4096 ) (4096 1024 4096 ) (4096 1024 -256 ) 
4 72 225 (5120 0 -1792 ) (5120 0 -512 ) (4096 0 -512 ) (4096 0 -1792 ) 
4 72 107 (4096 0 -1792 ) (4096 0 -512 ) (4096 1024 -512 ) (4096 1024 -1792 ) 
4 73 76 (3072 5120 4096 ) (3072 5120 -512 ) (3072 4480 -512 ) (3072 4480 4096 ) 
4 73 75 (3072 4480 -512 ) (3072 5120 -512 ) (4096 5120 -512 ) (4096 4480 -512 ) 
4 73 74 (4096 4480 -256 ) (4096 4480 4096 ) (3072 4480 4096 ) (3072 4480 -256 ) 
4 74 79 (4096 4096 -256 ) (4096 4096 4096 ) (3072 4096 4096 ) (3072 4096 -256 ) 
4 74 77 (3072 4096 -256 ) (3072 4096 4096 ) (3072 4480 4096 ) (3072 4480 -256 ) 
4 75 80 (4096 4096 -1792 ) (4096 4096 -512 ) (3072 4096 -512 ) (3072 4096 -1792 ) 
4 75 78 (3072 5120 -512 ) (3072 5120 -1792 ) (3072 4096 -1792 ) (3072 4096 -512 ) 
4 76 83 (2048 5120 4096 ) (2048 5120 -512 ) (2048 4480 -512 ) (2048 4480 4096 ) 
4 76 78 (2048 5120 -512 ) (3072 5120 -512 ) (3072 4480 -512 ) (2048 4480 -512 ) 
4 76 77 (3072 4480 -256 ) (3072 4480 4096 ) (2048 4480 4096 ) (2048 4480 -256 ) 
4 77 84 (2048 4096 -256 ) (2048 4096 4096 ) (2048 4480 4096 ) (2048 4480 -256 ) 
4 77 81 (3072 4096 -256 ) (3072 4096 4096 ) (2048 4096 4096 ) (2048 4096 -256 ) 
4 78 85 (2048 5120 -512 ) (2048 5120 -1792 ) (2048 4096 -1792 ) (2048 4096 -512 ) 
4 78 82 (3072 4096 -1792 ) (3072 4096 -512 ) (2048 4096 -512 ) (2048 4096 -1792 ) 
4 79 98 (4096 3072 -256 ) (4096 3072 4096 ) (3072 3072 4096 ) (3072 3072 -256 ) 
4 79 81 (3072 4096 4096 ) (3072 4096 -256 ) (3072 3072 -256 ) (3072 3072 4096 ) 
4 80 99 (4096 3072 -1792 ) (4096 3072 -512 ) (3072 3072 -512 ) (3072 3072 -1792 ) 
4 80 82 (3072 4096 -512 ) (3072 4096 -1792 ) (3072 3072 -1792 ) (3072 3072 -512 ) 
4 81 100 (3072 3072 -256 ) (3072 3072 4096 ) (2048 3072 4096 ) (2048 3072 -256 ) 
4 81 86 (2048 3072 -256 ) (2048 3072 4096 ) (2048 4096 4096 ) (2048 4096 -256 ) 
4 82 101 (3072 3072 -1792 ) (3072 3072 -512 ) (2048 3072 -512 ) (2048 3072 -1792 ) 
4 82 87 (2048 3072 -1792 ) (2048 3072 -512 ) (2048 4096 -512 ) (2048 4096 -1792 ) 
4 83 88 (1024 4480 4096 ) (1024 5120 4096 ) (1024 5120 -512 ) (1024 4480 -512 ) 
4 83 85 (1024 4480 -512 ) (1024 5120 -512 ) (2048 5120 -512 ) (2048 4480 -512 ) 
4 83 84 (2048 4480 -256 ) (2048 4480 4096 ) (1024 4480 4096 ) (1024 4480 -256 ) 
4 84 89 (1024 4096 -256 ) (1024 4096 4096 ) (1024 4480 4096 ) (1024 4480 -256 ) 
4 84 86 (2048 4096 -256 ) (2048 4096 4096 ) (1024 4096 4096 ) (1024 4096 -256 ) 
4 85 90 (1024 4096 -1792 ) (1024 4096 -512 ) (1024 5120 -512 ) (1024 5120 -1792 ) 
4 85 87 (2048 4096 -1792 ) (2048 4096 -512 ) (1024 4096 -512 ) (1024 4096 -1792 ) 
4 86 110 (2048 3072 -256 ) (2048 3072 4096 ) (1024 3072 4096 ) (1024 3072 -256 ) 
4 86 94 (1024 3072 -256 ) (1024 3072 4096 ) (1024 4096 4096 ) (1024 4096 -256 ) 
4 87 111 (2048 3072 -1792 ) (2048 3072 -512 ) (1024 3072 -512 ) (1024 3072 -1792 ) 
4 87 95 (1024 3072 -1792 ) (1024 3072 -512 ) (1024 4096 -512 ) (1024 4096 -1792 ) 
4 88 91 (0 4480 4096 ) (0 5120 4096 ) (0 5120 -512 ) (0 4480 -512 ) 
4 88 90 (0 4480 -512 ) (0 5120 -512 ) (1024 5120 -512 ) (1024 4480 -512 ) 
4 88 89 (1024 4480 -256 ) (1024 4480 4096 ) (0 4480 4096 ) (0 4480 -256 ) 
4 89 94 (1024 4096 -256 ) (1024 4096 4096 ) (0 4096 4096 ) (0 4096 -256 ) 
4 89 92 (0 4096 -256 ) (0 4096 4096 ) (0 4480 4096 ) (0 4480 -256 ) 
4 90 95 (1024 4096 -1792 ) (1024 4096 -512 ) (0 4096 -512 ) (0 4096 -1792 ) 
4 90 93 (0 4096 -1792 ) (0 4096 -512 ) (0 5120 -512 ) (0 5120 -1792 ) 
4 91 160 (-1024 4480 4096 ) (-1024 5120 4096 ) (-1024 5120 -512 ) (-1024 4480 -512 ) 
4 91 93 (-1024 5120 -512 ) (0 5120 -512 ) (0 4480 -512 ) (-1024 4480 -512 ) 
4 91 92 (0 4480 -256 ) (0 4480 4096 ) (-1024 4480 4096 ) (-1024 4480 -256 ) 
4 92 161 (-1024 4096 -256 ) (-1024 4096 4096 ) (-1024 4480 4096 ) (-1024 4480 -256 ) 
4 92 96 (-1024 4096 4096 ) (-1024 4096 -256 ) (0 4096 -256 ) (0 4096 4096 ) 
4 93 162 (-1024 4096 -1792 ) (-1024 4096 -512 ) (-1024 5120 -512 ) (-1024 5120 -1792 ) 
4 93 97 (-1024 4096 -512 ) (-1024 4096 -1792 ) (0 4096 -1792 ) (0 4096 -512 ) 
4 94 112 (1024 3072 -256 ) (1024 3072 4096 ) (0 3072 4096 ) (0 3072 -256 ) 
4 94 96 (0 4096 4096 ) (0 4096 -256 ) (0 3072 -256 ) (0 3072 4096 ) 
4 95 113 (1024 3072 -1792 ) (1024 3072 -512 ) (0 3072 -512 ) (0 3072 -1792 ) 
4 95 97 (0 4096 -512 ) (0 4096 -1792 ) (0 3072 -1792 ) (0 3072 -512 ) 
4 96 167 (-1024 3072 -256 ) (-1024 3072 4096 ) (-1024 4096 4096 ) (-1024 4096 -256 ) 
4 96 114 (0 3072 -256 ) (0 3072 4096 ) (-1024 3072 4096 ) (-1024 3072 -256 ) 
4 97 168 (-1024 3072 -1792 ) (-1024 3072 -512 ) (-1024 4096 -512 ) (-1024 4096 -1792 ) 
4 97 115 (0 3072 -1792 ) (0 3072 -512 ) (-1024 3072 -512 ) (-1024 3072 -1792 ) 
4 98 102 (4096 2048 -256 ) (4096 2048 4096 ) (3072 2048 4096 ) (3072 2048 -256 ) 
4 98 100 (3072 3072 4096 ) (3072 3072 -256 ) (3072 2048 -256 ) (3072 2048 4096 ) 
4 99 103 (4096 2048 -1792 ) (4096 2048 -512 ) (3072 2048 -512 ) (3072 2048 -1792 ) 
4 99 101 (3072 3072 -512 ) (3072 3072 -1792 ) (3072 2048 -1792 ) (3072 2048 -512 ) 
4 100 110 (2048 3072 4096 ) (2048 3072 -256 ) (2048 2048 -256 ) (2048 2048 4096 ) 
4 100 104 (3072 2048 -256 ) (3072 2048 4096 ) (2048 2048 4096 ) (2048 2048 -256 ) 
4 101 111 (2048 3072 -512 ) (2048 3072 -1792 ) (2048 2048 -1792 ) (2048 2048 -512 ) 
4 101 105 (3072 2048 -1792 ) (3072 2048 -512 ) (2048 2048 -512 ) (2048 2048 -1792 ) 
4 102 106 (4096 1024 -256 ) (4096 1024 4096 ) (3072 1024 4096 ) (3072 1024 -256 ) 
4 102 104 (3072 1024 -256 ) (3072 1024 4096 ) (3072 2048 4096 ) (3072 2048 -256 ) 
4 103 107 (4096 1024 -1792 ) (4096 1024 -512 ) (3072 1024 -512 ) (3072 1024 -1792 ) 
4 103 105 (3072 1024 -1792 ) (3072 1024 -512 ) (3072 2048 -512 ) (3072 2048 -1792 ) 
4 104 116 (2048 1024 -256 ) (2048 1024 4096 ) (2048 2048 4096 ) (2048 2048 -256 ) 
4 104 108 (2048 1024 4096 ) (2048 1024 -256 ) (3072 1024 -256 ) (3072 1024 4096 ) 
4 105 117 (2048 1024 -1792 ) (2048 1024 -512 ) (2048 2048 -512 ) (2048 2048 -1792 ) 
4 105 109 (2048 1024 -512 ) (2048 1024 -1792 ) (3072 1024 -1792 ) (3072 1024 -512 ) 
4 106 254 (4096 0 -256 ) (4096 0 4096 ) (3072 0 4096 ) (3072 0 -256 ) 
4 106 108 (3072 1024 4096 ) (3072 1024 -256 ) (3072 0 -256 ) (3072 0 4096 ) 
4 107 255 (4096 0 -1792 ) (4096 0 -512 ) (3072 0 -512 ) (3072 0 -1792 ) 
4 107 109 (3072 1024 -512 ) (3072 1024 -1792 ) (3072 0 -1792 ) (3072 0 -512 ) 
4 108 256 (3072 0 -256 ) (3072 0 4096 ) (2048 0 4096 ) (2048 0 -256 ) 
4 108 118 (2048 0 -256 ) (2048 0 4096 ) (2048 1024 4096 ) (2048 1024 -256 ) 
4 109 257 (3072 0 -1792 ) (3072 0 -512 ) (2048 0 -512 ) (2048 0 -1792 ) 
4 109 119 (2048 0 -1792 ) (2048 0 -512 ) (2048 1024 -512 ) (2048 1024 -1792 ) 
4 110 116 (2048 2048 -256 ) (2048 2048 4096 ) (1024 2048 4096 ) (1024 2048 -256 ) 
4 110 112 (1024 3072 4096 ) (1024 3072 -256 ) (1024 2048 -256 ) (1024 2048 4096 ) 
4 111 117 (2048 2048 -1792 ) (2048 2048 -512 ) (1024 2048 -512 ) (1024 2048 -1792 ) 
4 111 113 (1024 3072 -512 ) (1024 3072 -1792 ) (1024 2048 -1792 ) (1024 2048 -512 ) 
4 112 120 (1024 2048 -256 ) (1024 2048 4096 ) (0 2048 4096 ) (0 2048 -256 ) 
4 112 114 (0 2048 -256 ) (0 2048 4096 ) (0 3072 4096 ) (0 3072 -256 ) 
4 113 121 (1024 2048 -1792 ) (1024 2048 -512 ) (0 2048 -512 ) (0 2048 -1792 ) 
4 113 115 (0 2048 -1792 ) (0 2048 -512 ) (0 3072 -512 ) (0 3072 -1792 ) 
4 114 178 (-1024 2048 -256 ) (-1024 2048 4096 ) (-1024 3072 4096 ) (-1024 3072 -256 ) 
4 114 122 (0 2048 -256 ) (0 2048 4096 ) (-1024 2048 4096 ) (-1024 2048 -256 ) 
4 115 179 (-1024 2048 -1792 ) (-1024 2048 -512 ) (-1024 3072 -512 ) (-1024 3072 -1792 ) 
4 115 123 (0 2048 -1792 ) (0 2048 -512 ) (-1024 2048 -512 ) (-1024 2048 -1792 ) 
4 116 120 (1024 2048 4096 ) (1024 2048 -256 ) (1024 1024 -256 ) (1024 1024 4096 ) 
4 116 118 (2048 1024 -256 ) (2048 1024 4096 ) (1024 1024 4096 ) (1024 1024 -256 ) 
4 117 121 (1024 2048 -512 ) (1024 2048 -1792 ) (1024 1024 -1792 ) (1024 1024 -512 ) 
4 117 119 (2048 1024 -1792 ) (2048 1024 -512 ) (1024 1024 -512 ) (1024 1024 -1792 ) 
4 118 262 (2048 0 -256 ) (2048 0 4096 ) (1024 0 4096 ) (1024 0 -256 ) 
4 118 124 (1024 0 -256 ) (1024 0 4096 ) (1024 1024 4096 ) (1024 1024 -256 ) 
4 119 263 (2048 0 -1792 ) (2048 0 -512 ) (1024 0 -512 ) (1024 0 -1792 ) 
4 119 125 (1024 0 -1792 ) (1024 0 -512 ) (1024 1024 -512 ) (1024 1024 -1792 ) 
4 120 124 (1024 1024 -256 ) (1024 1024 4096 ) (0 1024 4096 ) (0 1024 -256 ) 
4 120 122 (0 2048 4096 ) (0 2048 -256 ) (0 1024 -256 ) (0 1024 4096 ) 
4 121 125 (1024 1024 -1792 ) (1024 1024 -512 ) (0 1024 -512 ) (0 1024 -1792 ) 
4 121 123 (0 2048 -512 ) (0 2048 -1792 ) (0 1024 -1792 ) (0 1024 -512 ) 
4 122 183 (-1024 1024 -256 ) (-1024 1024 4096 ) (-1024 2048 4096 ) (-1024 2048 -256 ) 
4 122 126 (0 1024 -256 ) (0 1024 4096 ) (-1024 1024 4096 ) (-1024 1024 -256 ) 
4 123 184 (-1024 1024 -1792 ) (-1024 1024 -512 ) (-1024 2048 -512 ) (-1024 2048 -1792 ) 
4 123 127 (0 1024 -1792 ) (0 1024 -512 ) (-1024 1024 -512 ) (-1024 1024 -1792 ) 
4 124 266 (1024 0 -256 ) (1024 0 4096 ) (0 0 4096 ) (0 0 -256 ) 
4 124 126 (0 1024 4096 ) (0 1024 -256 ) (0 0 -256 ) (0 0 4096 ) 
4 125 267 (1024 0 -1792 ) (1024 0 -512 ) (0 0 -512 ) (0 0 -1792 ) 
4 125 127 (0 1024 -512 ) (0 1024 -1792 ) (0 0 -1792 ) (0 0 -512 ) 
4 126 268 (0 0 -256 ) (0 0 4096 ) (-1024 0 4096 ) (-1024 0 -256 ) 
4 126 188 (-1024 0 -256 ) (-1024 0 4096 ) (-1024 1024 4096 ) (-1024 1024 -256 ) 
4 127 269 (0 0 -1792 ) (0 0 -512 ) (-1024 0 -512 ) (-1024 0 -1792 ) 
4 127 189 (-1024 0 -1792 ) (-1024 0 -512 ) (-1024 1024 -512 ) (-1024 1024 -1792 ) 
4 128 133 (-1024 8192 -1792 ) (-1024 8192 4096 ) (-2048 8192 4096 ) (-2048 8192 -1792 ) 
4 128 129 (-2048 8192 -1792 ) (-2048 8192 4096 ) (-2048 8320.940430 4096 ) (-2048 8320.940430 -1792 ) 
4 129 134 (-2048 8192 -1792 ) (-2048 8192 4096 ) (-3072 8192 4096 ) (-3072 8192 -1792 ) 
4 129 130 (-3072 8192 -1792 ) (-3072 8192 4096 ) (-3072 8320.940430 4096 ) (-3072 8320.940430 -1792 ) 
4 130 139 (-3072 8192 -1792 ) (-3072 8192 4096 ) (-4096 8192 4096 ) (-4096 8192 -1792 ) 
4 130 131 (-4096 8192 -1792 ) (-4096 8192 4096 ) (-4096 8320.940430 4096 ) (-4096 8320.940430 -1792 ) 
4 131 140 (-4096 8192 -1792 ) (-4096 8192 4096 ) (-5120 8192 4096 ) (-5120 8192 -1792 ) 
4 131 132 (-5120 8192 -1792 ) (-5120 8192 4096 ) (-5120 8320.940430 4096 ) (-5120 8320.940430 -1792 ) 
4 132 148 (-6144 8192 -1792 ) (-6144 8192 4096 ) (-6144 8320.940430 4096 ) (-6144 8320.940430 -1792 ) 
4 132 141 (-5120 8192 -1792 ) (-5120 8192 4096 ) (-6144 8192 4096 ) (-6144 8192 -1792 ) 
4 133 135 (-1024 7168 -1792 ) (-1024 7168 4096 ) (-2048 7168 4096 ) (-2048 7168 -1792 ) 
4 133 134 (-2048 8192 4096 ) (-2048 8192 -1792 ) (-2048 7168 -1792 ) (-2048 7168 4096 ) 
4 134 139 (-3072 8192 4096 ) (-3072 8192 -1792 ) (-3072 7168 -1792 ) (-3072 7168 4096 ) 
4 134 136 (-2048 7168 -1792 ) (-2048 7168 4096 ) (-3072 7168 4096 ) (-3072 7168 -1792 ) 
4 135 137 (-1024 6144 -1792 ) (-1024 6144 4096 ) (-2048 6144 4096 ) (-2048 6144 -1792 ) 
4 135 136 (-2048 6144 -1792 ) (-2048 6144 4096 ) (-2048 7168 4096 ) (-2048 7168 -1792 ) 
4 136 142 (-3072 6144 -1792 ) (-3072 6144 4096 ) (-3072 7168 4096 ) (-3072 7168 -1792 ) 
4 136 138 (-3072 6144 4096 ) (-3072 6144 -1792 ) (-2048 6144 -1792 ) (-2048 6144 4096 ) 
4 137 162 (-1024 5120 -1792 ) (-1024 5120 -512 ) (-2048 5120 -512 ) (-2048 5120 -1792 ) 
4 137 160 (-1024 5120 -512 ) (-1024 5120 4096 ) (-2048 5120 4096 ) (-2048 5120 -512 ) 
4 137 138 (-2048 6144 4096 ) (-2048 6144 -1792 ) (-2048 5120 -1792 ) (-2048 5120 4096 ) 
4 138 166 (-2048 5120 -1792 ) (-2048 5120 -512 ) (-3072 5120 -512 ) (-3072 5120 -1792 ) 
4 138 163 (-2048 5120 -512 ) (-2048 5120 4096 ) (-2944 5120 4096 ) (-2944 5120 -512 ) 
4 138 165 (-2944 5120 4096 ) (-3072 5120 4096 ) (-3072 5120 -512 ) (-2944 5120 -512 ) 
4 138 143 (-3072 5120 -1792 ) (-3072 5120 4096 ) (-3072 6144 4096 ) (-3072 6144 -1792 ) 
4 139 142 (-3072 7168 -1792 ) (-3072 7168 4096 ) (-4096 7168 4096 ) (-4096 7168 -1792 ) 
4 139 140 (-4096 8192 4096 ) (-4096 8192 -1792 ) (-4096 7168 -1792 ) (-4096 7168 4096 ) 
4 140 144 (-4096 7168 -1792 ) (-4096 7168 4096 ) (-5120 7168 4096 ) (-5120 7168 -1792 ) 
4 140 141 (-5120 7168 -1792 ) (-5120 7168 4096 ) (-5120 8192 4096 ) (-5120 8192 -1792 ) 
4 141 151 (-6144 7168 -1792 ) (-6144 7168 4096 ) (-6144 8192 4096 ) (-6144 8192 -1792 ) 
4 141 145 (-5120 7168 -1792 ) (-5120 7168 4096 ) (-6144 7168 4096 ) (-6144 7168 -1792 ) 
4 142 144 (-4096 7168 4096 ) (-4096 7168 -1792 ) (-4096 6144 -1792 ) (-4096 6144 4096 ) 
4 142 143 (-3072 6144 -1792 ) (-3072 6144 4096 ) (-4096 6144 4096 ) (-4096 6144 -1792 ) 
4 143 172 (-3072 5120 -1792 ) (-3072 5120 4096 ) (-4096 5120 4096 ) (-4096 5120 -1792 ) 
4 143 146 (-4096 5120 -1792 ) (-4096 5120 4096 ) (-4096 6144 4096 ) (-4096 6144 -1792 ) 
4 144 146 (-4096 6144 -1792 ) (-4096 6144 4096 ) (-5120 6144 4096 ) (-5120 6144 -1792 ) 
4 144 145 (-5120 7168 4096 ) (-5120 7168 -1792 ) (-5120 6144 -1792 ) (-5120 6144 4096 ) 
4 145 153 (-6144 6144 -1792 ) (-6144 6144 4096 ) (-6144 7168 4096 ) (-6144 7168 -1792 ) 
4 145 147 (-5120 6144 -1792 ) (-5120 6144 4096 ) (-6144 6144 4096 ) (-6144 6144 -1792 ) 
4 146 174 (-4096 5120 -1792 ) (-4096 5120 4096 ) (-5120 5120 4096 ) (-5120 5120 -1792 ) 
4 146 147 (-5120 6144 4096 ) (-5120 6144 -1792 ) (-5120 5120 -1792 ) (-5120 5120 4096 ) 
4 147 175 (-5120 5120 -1792 ) (-5120 5120 4096 ) (-6144 5120 4096 ) (-6144 5120 -1792 ) 
4 147 155 (-6144 5120 -1792 ) (-6144 5120 4096 ) (-6144 6144 4096 ) (-6144 6144 -1792 ) 
4 148 151 (-6144 8192 -1792 ) (-6144 8192 4096 ) (-7168 8192 4096 ) (-7168 8192 -1792 ) 
4 148 149 (-7168 8192 -1792 ) (-7168 8192 4096 ) (-7168 8320.940430 4096 ) (-7168 8320.940430 -1792 ) 
4 149 152 (-7168 8192 -1792 ) (-7168 8192 4096 ) (-8192 8192 4096 ) (-8192 8192 -1792 ) 
4 149 150 (-8192 8192 -1792 ) (-8192 8192 4096 ) (-8192 8320.940430 4096 ) (-8192 8320.940430 -1792 ) 
4 150 157 (-8192 8192 -1792 ) (-8192 8192 4096 ) (-8869.330078 8192 4096 ) (-8869.330078 8192 -1792 ) 
4 151 153 (-6144 7168 -1792 ) (-6144 7168 4096 ) (-7168 7168 4096 ) (-7168 7168 -1792 ) 
4 151 152 (-7168 8192 4096 ) (-7168 8192 -1792 ) (-7168 7168 -1792 ) (-7168 7168 4096 ) 
4 152 157 (-8192 8192 4096 ) (-8192 8192 -1792 ) (-8192 7168 -1792 ) (-8192 7168 4096 ) 
4 152 154 (-7168 7168 -1792 ) (-7168 7168 4096 ) (-8192 7168 4096 ) (-8192 7168 -1792 ) 
4 153 155 (-6144 6144 -1792 ) (-6144 6144 4096 ) (-7168 6144 4096 ) (-7168 6144 -1792 ) 
4 153 154 (-7168 6144 -1792 ) (-7168 6144 4096 ) (-7168 7168 4096 ) (-7168 7168 -1792 ) 
4 154 158 (-8192 6144 -1792 ) (-8192 6144 4096 ) (-8192 7168 4096 ) (-8192 7168 -1792 ) 
4 154 156 (-8192 6144 4096 ) (-8192 6144 -1792 ) (-7168 6144 -1792 ) (-7168 6144 4096 ) 
4 155 202 (-6144 5120 -1792 ) (-6144 5120 4096 ) (-7168 5120 4096 ) (-7168 5120 -1792 ) 
4 155 156 (-7168 6144 4096 ) (-7168 6144 -1792 ) (-7168 5120 -1792 ) (-7168 5120 4096 ) 
4 156 203 (-7168 5120 -1792 ) (-7168 5120 4096 ) (-8192 5120 4096 ) (-8192 5120 -1792 ) 
4 156 159 (-8192 5120 -1792 ) (-8192 5120 4096 ) (-8192 6144 4096 ) (-8192 6144 -1792 ) 
4 157 158 (-8192 7168 -1792 ) (-8192 7168 4096 ) (-8869.330078 7168 4096 ) (-8869.330078 7168 -1792 ) 
4 158 159 (-8192 6144 -1792 ) (-8192 6144 4096 ) (-8869.330078 6144 4096 ) (-8869.330078 6144 -1792 ) 
4 159 206 (-8192 5120 -1792 ) (-8192 5120 4096 ) (-8869.330078 5120 4096 ) (-8869.330078 5120 -1792 ) 
4 160 163 (-2048 5120 4096 ) (-2048 5120 -512 ) (-2048 4480 -512 ) (-2048 4480 4096 ) 
4 160 162 (-2048 4480 -512 ) (-2048 5120 -512 ) (-1024 5120 -512 ) (-1024 4480 -512 ) 
4 160 161 (-1024 4480 -256 ) (-1024 4480 4096 ) (-2048 4480 4096 ) (-2048 4480 -256 ) 
4 161 167 (-1024 4096 -256 ) (-1024 4096 4096 ) (-2048 4096 4096 ) (-2048 4096 -256 ) 
4 161 164 (-2048 4096 -256 ) (-2048 4096 4096 ) (-2048 4480 4096 ) (-2048 4480 -256 ) 
4 162 168 (-1024 4096 -1792 ) (-1024 4096 -512 ) (-2048 4096 -512 ) (-2048 4096 -1792 ) 
4 162 166 (-2048 5120 -512 ) (-2048 5120 -1792 ) (-2048 4096 -1792 ) (-2048 4096 -512 ) 
4 163 166 (-2944 5120 -512 ) (-2048 5120 -512 ) (-2048 4480 -512 ) (-2944 4480 -512 ) 
4 163 164 (-2944 4480 4096 ) (-2944 4480 -256 ) (-2048 4480 -256 ) (-2048 4480 4096 ) 
4 163 165 (-2944 5120 -512 ) (-2944 4480 -512 ) (-2944 4480 4096 ) (-2944 5120 4096 ) 
4 164 169 (-2048 4096 -256 ) (-2048 4096 4096 ) (-2944 4096 4096 ) (-2944 4096 -256 ) 
4 164 165 (-2944 4096 -256 ) (-2944 4096 4096 ) (-2944 4480 4096 ) (-2944 4480 -256 ) 
4 165 172 (-3072 5120 4096 ) (-3072 5120 -512 ) (-3072 4096 -512 ) (-3072 4096 4096 ) 
4 165 170 (-2944 4096 4096 ) (-3072 4096 4096 ) (-3072 4096 -512 ) (-2944 4096 -512 ) 
4 165 166 (-3072 5120 -512 ) (-2944 5120 -512 ) (-2944 4096 -512 ) (-3072 4096 -512 ) 
4 166 172 (-3072 5120 -512 ) (-3072 5120 -1792 ) (-3072 4096 -1792 ) (-3072 4096 -512 ) 
4 166 171 (-2048 4096 -1792 ) (-2048 4096 -512 ) (-3072 4096 -512 ) (-3072 4096 -1792 ) 
4 167 178 (-1024 3072 -256 ) (-1024 3072 4096 ) (-2048 3072 4096 ) (-2048 3072 -256 ) 
4 167 169 (-2048 4096 4096 ) (-2048 4096 -256 ) (-2048 3072 -256 ) (-2048 3072 4096 ) 
4 168 179 (-1024 3072 -1792 ) (-1024 3072 -512 ) (-2048 3072 -512 ) (-2048 3072 -1792 ) 
4 168 171 (-2048 4096 -512 ) (-2048 4096 -1792 ) (-2048 3072 -1792 ) (-2048 3072 -512 ) 
4 169 180 (-2048 3072 -256 ) (-2048 3072 4096 ) (-2944 3072 4096 ) (-2944 3072 -256 ) 
4 169 170 (-2944 3072 -256 ) (-2944 3072 4096 ) (-2944 4096 4096 ) (-2944 4096 -256 ) 
4 170 181 (-2944 3072 4096 ) (-3072 3072 4096 ) (-3072 3072 -512 ) (-2944 3072 -512 ) 
4 170 173 (-3072 3072 -512 ) (-3072 3072 4096 ) (-3072 4096 4096 ) (-3072 4096 -512 ) 
4 170 171 (-2944 3072 -512 ) (-3072 3072 -512 ) (-3072 4096 -512 ) (-2944 4096 -512 ) 
4 171 182 (-2048 3072 -1792 ) (-2048 3072 -512 ) (-3072 3072 -512 ) (-3072 3072 -1792 ) 
4 171 173 (-3072 3072 -1792 ) (-3072 3072 -512 ) (-3072 4096 -512 ) (-3072 4096 -1792 ) 
4 172 174 (-4096 4096 -1792 ) (-4096 4096 4096 ) (-4096 5120 4096 ) (-4096 5120 -1792 ) 
4 172 173 (-3072 4096 -1792 ) (-3072 4096 4096 ) (-4096 4096 4096 ) (-4096 4096 -1792 ) 
4 173 193 (-3072 3072 -1792 ) (-3072 3072 4096 ) (-4096 3072 4096 ) (-4096 3072 -1792 ) 
4 173 176 (-4096 3072 -1792 ) (-4096 3072 4096 ) (-4096 4096 4096 ) (-4096 4096 -1792 ) 
4 174 176 (-4096 4096 -1792 ) (-4096 4096 4096 ) (-5120 4096 4096 ) (-5120 4096 -1792 ) 
4 174 175 (-5120 4096 -1792 ) (-5120 4096 4096 ) (-5120 5120 4096 ) (-5120 5120 -1792 ) 
4 175 202 (-6144 5120 4096 ) (-6144 5120 -1792 ) (-6144 4096 -1792 ) (-6144 4096 4096 ) 
4 175 177 (-6144 4096 4096 ) (-6144 4096 -1792 ) (-5120 4096 -1792 ) (-5120 4096 4096 ) 
4 176 194 (-4096 3072 -1792 ) (-4096 3072 4096 ) (-5120 3072 4096 ) (-5120 3072 -1792 ) 
4 176 177 (-5120 4096 4096 ) (-5120 4096 -1792 ) (-5120 3072 -1792 ) (-5120 3072 4096 ) 
4 177 204 (-6144 3072 -1792 ) (-6144 3072 4096 ) (-6144 4096 4096 ) (-6144 4096 -1792 ) 
4 177 195 (-5120 3072 -1792 ) (-5120 3072 4096 ) (-6144 3072 4096 ) (-6144 3072 -1792 ) 
4 178 183 (-1024 2048 -256 ) (-1024 2048 4096 ) (-2048 2048 4096 ) (-2048 2048 -256 ) 
4 178 180 (-2048 3072 4096 ) (-2048 3072 -256 ) (-2048 2048 -256 ) (-2048 2048 4096 ) 
4 179 184 (-1024 2048 -1792 ) (-1024 2048 -512 ) (-2048 2048 -512 ) (-2048 2048 -1792 ) 
4 179 182 (-2048 3072 -512 ) (-2048 3072 -1792 ) (-2048 2048 -1792 ) (-2048 2048 -512 ) 
4 180 185 (-2048 2048 -256 ) (-2048 2048 4096 ) (-2944 2048 4096 ) (-2944 2048 -256 ) 
4 180 181 (-2944 2048 -256 ) (-2944 2048 4096 ) (-2944 3072 4096 ) (-2944 3072 -256 ) 
4 181 193 (-3072 3072 4096 ) (-3072 3072 -512 ) (-3072 2048 -512 ) (-3072 2048 4096 ) 
4 181 186 (-2944 2048 4096 ) (-3072 2048 4096 ) (-3072 2048 -512 ) (-2944 2048 -512 ) 
4 181 182 (-3072 3072 -512 ) (-2944 3072 -512 ) (-2944 2048 -512 ) (-3072 2048 -512 ) 
4 182 193 (-3072 3072 -512 ) (-3072 3072 -1792 ) (-3072 2048 -1792 ) (-3072 2048 -512 ) 
4 182 187 (-2048 2048 -1792 ) (-2048 2048 -512 ) (-3072 2048 -512 ) (-3072 2048 -1792 ) 
4 183 188 (-1024 1024 -256 ) (-1024 1024 4096 ) (-2048 1024 4096 ) (-2048 1024 -256 ) 
4 183 185 (-2048 1024 -256 ) (-2048 1024 4096 ) (-2048 2048 4096 ) (-2048 2048 -256 ) 
4 184 189 (-1024 1024 -1792 ) (-1024 1024 -512 ) (-2048 1024 -512 ) (-2048 1024 -1792 ) 
4 184 187 (-2048 1024 -1792 ) (-2048 1024 -512 ) (-2048 2048 -512 ) (-2048 2048 -1792 ) 
4 185 190 (-2048 1024 -256 ) (-2048 1024 4096 ) (-2944 1024 4096 ) (-2944 1024 -256 ) 
4 185 186 (-2944 1024 -256 ) (-2944 1024 4096 ) (-2944 2048 4096 ) (-2944 2048 -256 ) 
4 186 196 (-3072 1024 -512 ) (-3072 1024 4096 ) (-3072 2048 4096 ) (-3072 2048 -512 ) 
4 186 191 (-3072 1024 4096 ) (-3072 1024 -512 ) (-2944 1024 -512 ) (-2944 1024 4096 ) 
4 186 187 (-3072 2048 -512 ) (-2944 2048 -512 ) (-2944 1024 -512 ) (-3072 1024 -512 ) 
4 187 196 (-3072 1024 -1792 ) (-3072 1024 -512 ) (-3072 2048 -512 ) (-3072 2048 -1792 ) 
4 187 192 (-3072 1024 -512 ) (-3072 1024 -1792 ) (-2048 1024 -1792 ) (-2048 1024 -512 ) 
4 188 368 (-1024 0 -256 ) (-1024 0 4096 ) (-2048 0 4096 ) (-2048 0 -256 ) 
4 188 190 (-2048 1024 4096 ) (-2048 1024 -256 ) (-2048 0 -256 ) (-2048 0 4096 ) 
4 189 369 (-1024 0 -1792 ) (-1024 0 -512 ) (-2048 0 -512 ) (-2048 0 -1792 ) 
4 189 192 (-2048 1024 -512 ) (-2048 1024 -1792 ) (-2048 0 -1792 ) (-2048 0 -512 ) 
4 190 370 (-2048 0 -256 ) (-2048 0 4096 ) (-2944 0 4096 ) (-2944 0 -256 ) 
4 190 191 (-2944 0 -256 ) (-2944 0 4096 ) (-2944 1024 4096 ) (-2944 1024 -256 ) 
4 191 371 (-2944 0 4096 ) (-3072 0 4096 ) (-3072 0 -512 ) (-2944 0 -512 ) 
4 191 197 (-3072 0 -512 ) (-3072 0 4096 ) (-3072 1024 4096 ) (-3072 1024 -512 ) 
4 191 192 (-3072 0 -512 ) (-3072 1024 -512 ) (-2944 1024 -512 ) (-2944 0 -512 ) 
4 192 372 (-2048 0 -1792 ) (-2048 0 -512 ) (-3072 0 -512 ) (-3072 0 -1792 ) 
4 192 197 (-3072 0 -1792 ) (-3072 0 -512 ) (-3072 1024 -512 ) (-3072 1024 -1792 ) 
4 193 196 (-3072 2048 -1792 ) (-3072 2048 4096 ) (-4096 2048 4096 ) (-4096 2048 -1792 ) 
4 193 194 (-4096 3072 4096 ) (-4096 3072 -1792 ) (-4096 2048 -1792 ) (-4096 2048 4096 ) 
4 194 198 (-4096 2048 -1792 ) (-4096 2048 4096 ) (-5120 2048 4096 ) (-5120 2048 -1792 ) 
4 194 195 (-5120 2048 -1792 ) (-5120 2048 4096 ) (-5120 3072 4096 ) (-5120 3072 -1792 ) 
4 195 208 (-6144 2048 -1792 ) (-6144 2048 4096 ) (-6144 3072 4096 ) (-6144 3072 -1792 ) 
4 195 199 (-5120 2048 -1792 ) (-5120 2048 4096 ) (-6144 2048 4096 ) (-6144 2048 -1792 ) 
4 196 198 (-4096 2048 4096 ) (-4096 2048 -1792 ) (-4096 1024 -1792 ) (-4096 1024 4096 ) 
4 196 197 (-3072 1024 -1792 ) (-3072 1024 4096 ) (-4096 1024 4096 ) (-4096 1024 -1792 ) 
4 197 378 (-3072 0 -1792 ) (-3072 0 4096 ) (-4096 0 4096 ) (-4096 0 -1792 ) 
4 197 200 (-4096 0 -1792 ) (-4096 0 4096 ) (-4096 1024 4096 ) (-4096 1024 -1792 ) 
4 198 200 (-4096 1024 -1792 ) (-4096 1024 4096 ) (-5120 1024 4096 ) (-5120 1024 -1792 ) 
4 198 199 (-5120 2048 4096 ) (-5120 2048 -1792 ) (-5120 1024 -1792 ) (-5120 1024 4096 ) 
4 199 210 (-6144 1024 -1792 ) (-6144 1024 4096 ) (-6144 2048 4096 ) (-6144 2048 -1792 ) 
4 199 201 (-5120 1024 -1792 ) (-5120 1024 4096 ) (-6144 1024 4096 ) (-6144 1024 -1792 ) 
4 200 380 (-4096 0 -1792 ) (-4096 0 4096 ) (-5120 0 4096 ) (-5120 0 -1792 ) 
4 200 201 (-5120 1024 4096 ) (-5120 1024 -1792 ) (-5120 0 -1792 ) (-5120 0 4096 ) 
4 201 381 (-5120 0 -1792 ) (-5120 0 4096 ) (-6144 0 4096 ) (-6144 0 -1792 ) 
4 201 212 (-6144 0 -1792 ) (-6144 0 4096 ) (-6144 1024 4096 ) (-6144 1024 -1792 ) 
4 202 204 (-6144 4096 -1792 ) (-6144 4096 4096 ) (-7168 4096 4096 ) (-7168 4096 -1792 ) 
4 202 203 (-7168 5120 4096 ) (-7168 5120 -1792 ) (-7168 4096 -1792 ) (-7168 4096 4096 ) 
4 203 206 (-8192 5120 4096 ) (-8192 5120 -1792 ) (-8192 4096 -1792 ) (-8192 4096 4096 ) 
4 203 205 (-7168 4096 -1792 ) (-7168 4096 4096 ) (-8192 4096 4096 ) (-8192 4096 -1792 ) 
4 204 208 (-6144 3072 -1792 ) (-6144 3072 4096 ) (-7168 3072 4096 ) (-7168 3072 -1792 ) 
4 204 205 (-7168 4096 4096 ) (-7168 4096 -1792 ) (-7168 3072 -1792 ) (-7168 3072 4096 ) 
4 205 209 (-7168 3072 -1792 ) (-7168 3072 4096 ) (-8192 3072 4096 ) (-8192 3072 -1792 ) 
4 205 207 (-8192 3072 -1792 ) (-8192 3072 4096 ) (-8192 4096 4096 ) (-8192 4096 -1792 ) 
4 206 207 (-8192 4096 -1792 ) (-8192 4096 4096 ) (-8869.330078 4096 4096 ) (-8869.330078 4096 -1792 ) 
4 207 214 (-8192 3072 -1792 ) (-8192 3072 4096 ) (-8869.330078 3072 4096 ) (-8869.330078 3072 -1792 ) 
4 208 210 (-6144 2048 -1792 ) (-6144 2048 4096 ) (-7168 2048 4096 ) (-7168 2048 -1792 ) 
4 208 209 (-7168 3072 4096 ) (-7168 3072 -1792 ) (-7168 2048 -1792 ) (-7168 2048 4096 ) 
4 209 214 (-8192 3072 4096 ) (-8192 3072 -1792 ) (-8192 2048 -1792 ) (-8192 2048 4096 ) 
4 209 211 (-7168 2048 -1792 ) (-7168 2048 4096 ) (-8192 2048 4096 ) (-8192 2048 -1792 ) 
4 210 212 (-6144 1024 -1792 ) (-6144 1024 4096 ) (-7168 1024 4096 ) (-7168 1024 -1792 ) 
4 210 211 (-7168 1024 -1792 ) (-7168 1024 4096 ) (-7168 2048 4096 ) (-7168 2048 -1792 ) 
4 211 215 (-8192 1024 -1792 ) (-8192 1024 4096 ) (-8192 2048 4096 ) (-8192 2048 -1792 ) 
4 211 213 (-8192 1024 4096 ) (-8192 1024 -1792 ) (-7168 1024 -1792 ) (-7168 1024 4096 ) 
4 212 410 (-6144 0 -1792 ) (-6144 0 4096 ) (-7168 0 4096 ) (-7168 0 -1792 ) 
4 212 213 (-7168 1024 4096 ) (-7168 1024 -1792 ) (-7168 0 -1792 ) (-7168 0 4096 ) 
4 213 411 (-7168 0 -1792 ) (-7168 0 4096 ) (-8192 0 4096 ) (-8192 0 -1792 ) 
4 213 216 (-8192 0 -1792 ) (-8192 0 4096 ) (-8192 1024 4096 ) (-8192 1024 -1792 ) 
4 214 215 (-8192 2048 -1792 ) (-8192 2048 4096 ) (-8869.330078 2048 4096 ) (-8869.330078 2048 -1792 ) 
4 215 216 (-8192 1024 -1792 ) (-8192 1024 4096 ) (-8869.330078 1024 4096 ) (-8869.330078 1024 -1792 ) 
4 216 414 (-8192 0 -1792 ) (-8192 0 4096 ) (-8869.330078 0 4096 ) (-8869.330078 0 -1792 ) 
4 217 219 (7168 0 4096 ) (7168 0 -1792 ) (7168 -1024 -1792 ) (7168 -1024 4096 ) 
4 217 218 (7269.330078 -1024 -1792 ) (7269.330078 -1024 4096 ) (7168 -1024 4096 ) (7168 -1024 -1792 ) 
4 218 231 (7269.330078 -2048 -1792 ) (7269.330078 -2048 4096 ) (7168 -2048 4096 ) (7168 -2048 -1792 ) 
4 218 220 (7168 -2048 -1792 ) (7168 -2048 4096 ) (7168 -1024 4096 ) (7168 -1024 -1792 ) 
4 219 223 (6144 -1024 -1792 ) (6144 -1024 -512 ) (6144 0 -512 ) (6144 0 -1792 ) 
4 219 221 (6144 -1024 -512 ) (6144 -1024 4096 ) (6144 0 4096 ) (6144 0 -512 ) 
4 219 220 (7168 -1024 -1792 ) (7168 -1024 4096 ) (6144 -1024 4096 ) (6144 -1024 -1792 ) 
4 220 234 (7168 -2048 -1792 ) (7168 -2048 4096 ) (6144 -2048 4096 ) (6144 -2048 -1792 ) 
4 220 228 (6144 -2048 -1792 ) (6144 -2048 -512 ) (6144 -1024 -512 ) (6144 -1024 -1792 ) 
4 220 226 (6144 -2048 -512 ) (6144 -2048 4096 ) (6144 -1024 4096 ) (6144 -1024 -512 ) 
4 221 226 (6144 -1024 -512 ) (6144 -1024 4096 ) (6105.759766 -1024 4096 ) (6105.759766 -1024 -512 ) 
4 221 223 (6144 -1024 -512 ) (6105.759766 -1024 -512 ) (6105.759766 0 -512 ) (6144 0 -512 ) 
4 221 222 (6105.759766 -1024 -256 ) (6105.759766 -1024 4096 ) (6105.759766 0 4096 ) (6105.759766 0 -256 ) 
4 222 227 (6105.759766 -1024 4096 ) (5120 -1024 4096 ) (5120 -1024 -256 ) (6105.759766 -1024 -256 ) 
4 222 224 (5120 -1024 -256 ) (5120 -1024 4096 ) (5120 0 4096 ) (5120 0 -256 ) 
4 223 228 (6144 -1024 -1792 ) (6144 -1024 -512 ) (5120 -1024 -512 ) (5120 -1024 -1792 ) 
4 223 225 (5120 -1024 -1792 ) (5120 -1024 -512 ) (5120 0 -512 ) (5120 0 -1792 ) 
4 224 254 (4096 0 4096 ) (4096 0 -256 ) (4096 -1024 -256 ) (4096 -1024 4096 ) 
4 224 229 (4096 -1024 4096 ) (4096 -1024 -256 ) (5120 -1024 -256 ) (5120 -1024 4096 ) 
4 225 255 (4096 0 -512 ) (4096 0 -1792 ) (4096 -1024 -1792 ) (4096 -1024 -512 ) 
4 225 230 (4096 -1024 -512 ) (4096 -1024 -1792 ) (5120 -1024 -1792 ) (5120 -1024 -512 ) 
4 226 235 (6144 -2048 -512 ) (6144 -2048 4096 ) (6105.759766 -2048 4096 ) (6105.759766 -2048 -512 ) 
4 226 228 (6105.759766 -1024 -512 ) (6144 -1024 -512 ) (6144 -2048 -512 ) (6105.759766 -2048 -512 ) 
4 226 227 (6105.759766 -2048 -256 ) (6105.759766 -2048 4096 ) (6105.759766 -1024 4096 ) (6105.759766 -1024 -256 ) 
4 227 236 (6105.759766 -2048 4096 ) (5120 -2048 4096 ) (5120 -2048 -256 ) (6105.759766 -2048 -256 ) 
4 227 229 (5120 -1024 4096 ) (5120 -1024 -256 ) (5120 -2048 -256 ) (5120 -2048 4096 ) 
4 228 237 (6144 -2048 -1792 ) (6144 -2048 -512 ) (5120 -2048 -512 ) (5120 -2048 -1792 ) 
4 228 230 (5120 -1024 -512 ) (5120 -1024 -1792 ) (5120 -2048 -1792 ) (5120 -2048 -512 ) 
4 229 258 (4096 -2048 -256 ) (4096 -2048 4096 ) (4096 -1024 4096 ) (4096 -1024 -256 ) 
4 229 238 (5120 -2048 -256 ) (5120 -2048 4096 ) (4096 -2048 4096 ) (4096 -2048 -256 ) 
4 230 259 (4096 -2048 -1792 ) (4096 -2048 -512 ) (4096 -1024 -512 ) (4096 -1024 -1792 ) 
4 230 239 (5120 -2048 -1792 ) (5120 -2048 -512 ) (4096 -2048 -512 ) (4096 -2048 -1792 ) 
4 231 234 (7168 -2048 4096 ) (7168 -2048 -1792 ) (7168 -3072 -1792 ) (7168 -3072 4096 ) 
4 231 232 (7269.330078 -3072 -1792 ) (7269.330078 -3072 4096 ) (7168 -3072 4096 ) (7168 -3072 -1792 ) 
4 232 240 (7168 -4096 -1792 ) (7168 -4096 4096 ) (7168 -3072 4096 ) (7168 -3072 -1792 ) 
4 232 233 (7168 -4096 4096 ) (7168 -4096 -1792 ) (7269.330078 -4096 -1792 ) (7269.330078 -4096 4096 ) 
4 233 341 (7269.330078 -5120 -1792 ) (7269.330078 -5120 4096 ) (7168 -5120 4096 ) (7168 -5120 -1792 ) 
4 233 241 (7168 -5120 -1792 ) (7168 -5120 4096 ) (7168 -4096 4096 ) (7168 -4096 -1792 ) 
4 234 240 (7168 -3072 -1792 ) (7168 -3072 4096 ) (6144 -3072 4096 ) (6144 -3072 -1792 ) 
4 234 237 (6144 -2048 -512 ) (6144 -2048 -1792 ) (6144 -3072 -1792 ) (6144 -3072 -512 ) 
4 234 235 (6144 -2048 4096 ) (6144 -2048 -512 ) (6144 -3072 -512 ) (6144 -3072 4096 ) 
4 235 242 (6144 -3072 -512 ) (6144 -3072 4096 ) (6105.759766 -3072 4096 ) (6105.759766 -3072 -512 ) 
4 235 237 (6144 -3072 -512 ) (6105.759766 -3072 -512 ) (6105.759766 -2048 -512 ) (6144 -2048 -512 ) 
4 235 236 (6105.759766 -3072 -256 ) (6105.759766 -3072 4096 ) (6105.759766 -2048 4096 ) (6105.759766 -2048 -256 ) 
4 236 243 (6105.759766 -3072 4096 ) (5120 -3072 4096 ) (5120 -3072 -256 ) (6105.759766 -3072 -256 ) 
4 236 238 (5120 -3072 -256 ) (5120 -3072 4096 ) (5120 -2048 4096 ) (5120 -2048 -256 ) 
4 237 244 (6144 -3072 -1792 ) (6144 -3072 -512 ) (5120 -3072 -512 ) (5120 -3072 -1792 ) 
4 237 239 (5120 -3072 -1792 ) (5120 -3072 -512 ) (5120 -2048 -512 ) (5120 -2048 -1792 ) 
4 238 300 (4096 -3072 -256 ) (4096 -3072 4096 ) (4096 -2048 4096 ) (4096 -2048 -256 ) 
4 238 245 (5120 -3072 -256 ) (5120 -3072 4096 ) (4096 -3072 4096 ) (4096 -3072 -256 ) 
4 239 301 (4096 -3072 -1792 ) (4096 -3072 -512 ) (4096 -2048 -512 ) (4096 -2048 -1792 ) 
4 239 246 (5120 -3072 -1792 ) (5120 -3072 -512 ) (4096 -3072 -512 ) (4096 -3072 -1792 ) 
4 240 244 (6144 -3072 -512 ) (6144 -3072 -1792 ) (6144 -4096 -1792 ) (6144 -4096 -512 ) 
4 240 242 (6144 -3072 4096 ) (6144 -3072 -512 ) (6144 -4096 -512 ) (6144 -4096 4096 ) 
4 240 241 (7168 -4096 -1792 ) (7168 -4096 4096 ) (6144 -4096 4096 ) (6144 -4096 -1792 ) 
4 241 343 (7168 -5120 -1792 ) (7168 -5120 4096 ) (6144 -5120 4096 ) (6144 -5120 -1792 ) 
4 241 250 (6144 -5120 -1792 ) (6144 -5120 -512 ) (6144 -4096 -512 ) (6144 -4096 -1792 ) 
4 241 247 (6144 -5120 -512 ) (6144 -5120 4096 ) (6144 -4096 4096 ) (6144 -4096 -512 ) 
4 242 247 (6144 -4096 -512 ) (6144 -4096 4096 ) (6105.759766 -4096 4096 ) (6105.759766 -4096 -512 ) 
4 242 244 (6144 -4096 -512 ) (6105.759766 -4096 -512 ) (6105.759766 -3072 -512 ) (6144 -3072 -512 ) 
4 242 243 (6105.759766 -4096 -256 ) (6105.759766 -4096 4096 ) (6105.759766 -3072 4096 ) (6105.759766 -3072 -256 ) 
4 243 248 (6105.759766 -4096 4096 ) (5120 -4096 4096 ) (5120 -4096 -256 ) (6105.759766 -4096 -256 ) 
4 243 245 (5120 -3072 4096 ) (5120 -3072 -256 ) (5120 -4096 -256 ) (5120 -4096 4096 ) 
4 244 250 (6144 -4096 -1792 ) (6144 -4096 -512 ) (5120 -4096 -512 ) (5120 -4096 -1792 ) 
4 244 246 (5120 -3072 -512 ) (5120 -3072 -1792 ) (5120 -4096 -1792 ) (5120 -4096 -512 ) 
4 245 304 (4096 -4096 -256 ) (4096 -4096 4096 ) (4096 -3072 4096 ) (4096 -3072 -256 ) 
4 245 251 (5120 -4096 -256 ) (5120 -4096 4096 ) (4096 -4096 4096 ) (4096 -4096 -256 ) 
4 246 305 (4096 -4096 -1792 ) (4096 -4096 -512 ) (4096 -3072 -512 ) (4096 -3072 -1792 ) 
4 246 253 (5120 -4096 -1792 ) (5120 -4096 -512 ) (4096 -4096 -512 ) (4096 -4096 -1792 ) 
4 247 345 (6144 -5120 -512 ) (6144 -5120 4096 ) (6105.759766 -5120 4096 ) (6105.759766 -5120 -512 ) 
4 247 250 (6105.759766 -4096 -512 ) (6144 -4096 -512 ) (6144 -5120 -512 ) (6105.759766 -5120 -512 ) 
4 247 248 (6105.759766 -4544 -256 ) (6105.759766 -4544 4096 ) (6105.759766 -4096 4096 ) (6105.759766 -4096 -256 ) 
4 247 249 (6105.759766 -4544 -512 ) (6105.759766 -5120 -512 ) (6105.759766 -5120 4096 ) (6105.759766 -4544 4096 ) 
4 248 251 (5120 -4096 4096 ) (5120 -4096 -256 ) (5120 -4544 -256 ) (5120 -4544 4096 ) 
4 248 249 (6105.759766 -4544 -256 ) (6105.759766 -4544 4096 ) (5120 -4544 4096 ) (5120 -4544 -256 ) 
4 249 345 (6105.759766 -5120 4096 ) (5120 -5120 4096 ) (5120 -5120 -512 ) (6105.759766 -5120 -512 ) 
4 249 252 (5120 -4544 -512 ) (5120 -5120 -512 ) (5120 -5120 4096 ) (5120 -4544 4096 ) 
4 249 250 (6105.759766 -4544 -512 ) (6105.759766 -5120 -512 ) (5120 -5120 -512 ) (5120 -4544 -512 ) 
4 250 345 (6144 -5120 -1792 ) (6144 -5120 -512 ) (5120 -5120 -512 ) (5120 -5120 -1792 ) 
4 250 253 (5120 -4096 -512 ) (5120 -4096 -1792 ) (5120 -5120 -1792 ) (5120 -5120 -512 ) 
4 251 308 (4096 -4544 4096 ) (4096 -4096 4096 ) (4096 -4096 -256 ) (4096 -4544 -256 ) 
4 251 252 (5120 -4544 -256 ) (5120 -4544 4096 ) (4096 -4544 4096 ) (4096 -4544 -256 ) 
4 252 346 (5120 -5120 -512 ) (5120 -5120 4096 ) (4096 -5120 4096 ) (4096 -5120 -512 ) 
4 252 309 (4096 -5120 -512 ) (4096 -5120 4096 ) (4096 -4544 4096 ) (4096 -4544 -512 ) 
4 252 253 (5120 -4544 -512 ) (5120 -5120 -512 ) (4096 -5120 -512 ) (4096 -4544 -512 ) 
4 253 346 (5120 -5120 -1792 ) (5120 -5120 -512 ) (4096 -5120 -512 ) (4096 -5120 -1792 ) 
4 253 310 (4096 -5120 -1792 ) (4096 -5120 -512 ) (4096 -4096 -512 ) (4096 -4096 -1792 ) 
4 254 258 (4096 -1024 -256 ) (4096 -1024 4096 ) (3072 -1024 4096 ) (3072 -1024 -256 ) 
4 254 256 (3072 0 4096 ) (3072 0 -256 ) (3072 -1024 -256 ) (3072 -1024 4096 ) 
4 255 259 (4096 -1024 -1792 ) (4096 -1024 -512 ) (3072 -1024 -512 ) (3072 -1024 -1792 ) 
4 255 257 (3072 0 -512 ) (3072 0 -1792 ) (3072 -1024 -1792 ) (3072 -1024 -512 ) 
4 256 262 (2048 0 4096 ) (2048 0 -256 ) (2048 -1024 -256 ) (2048 -1024 4096 ) 
4 256 260 (3072 -1024 -256 ) (3072 -1024 4096 ) (2048 -1024 4096 ) (2048 -1024 -256 ) 
4 257 263 (2048 0 -512 ) (2048 0 -1792 ) (2048 -1024 -1792 ) (2048 -1024 -512 ) 
4 257 261 (3072 -1024 -1792 ) (3072 -1024 -512 ) (2048 -1024 -512 ) (2048 -1024 -1792 ) 
4 258 300 (4096 -2048 -256 ) (4096 -2048 4096 ) (3072 -2048 4096 ) (3072 -2048 -256 ) 
4 258 260 (3072 -1024 4096 ) (3072 -1024 -256 ) (3072 -2048 -256 ) (3072 -2048 4096 ) 
4 259 301 (4096 -2048 -1792 ) (4096 -2048 -512 ) (3072 -2048 -512 ) (3072 -2048 -1792 ) 
4 259 261 (3072 -1024 -512 ) (3072 -1024 -1792 ) (3072 -2048 -1792 ) (3072 -2048 -512 ) 
4 260 302 (3072 -2048 -256 ) (3072 -2048 4096 ) (2048 -2048 4096 ) (2048 -2048 -256 ) 
4 260 264 (2048 -2048 -256 ) (2048 -2048 4096 ) (2048 -1024 4096 ) (2048 -1024 -256 ) 
4 261 303 (3072 -2048 -1792 ) (3072 -2048 -512 ) (2048 -2048 -512 ) (2048 -2048 -1792 ) 
4 261 265 (2048 -2048 -1792 ) (2048 -2048 -512 ) (2048 -1024 -512 ) (2048 -1024 -1792 ) 
4 262 266 (1024 -1024 -256 ) (1024 -1024 4096 ) (1024 0 4096 ) (1024 0 -256 ) 
4 262 264 (2048 -1024 -256 ) (2048 -1024 4096 ) (1024 -1024 4096 ) (1024 -1024 -256 ) 
4 263 267 (1024 -1024 -1792 ) (1024 -1024 -512 ) (1024 0 -512 ) (1024 0 -1792 ) 
4 263 265 (2048 -1024 -1792 ) (2048 -1024 -512 ) (1024 -1024 -512 ) (1024 -1024 -1792 ) 
4 264 314 (2048 -2048 -256 ) (2048 -2048 4096 ) (1024 -2048 4096 ) (1024 -2048 -256 ) 
4 264 294 (1024 -2048 -256 ) (1024 -2048 -192 ) (1024 -1024 -192 ) (1024 -1024 -256 ) 
4 264 288 (1024 -1920 -144 ) (1024 -1088 -144 ) (1024 -1088 -192 ) (1024 -1920 -192 ) 
4 264 292 (1024 -2048 -192 ) (1024 -2048 -144 ) (1024 -1920 -144 ) (1024 -1920 -192 ) 
4 264 278 (1024 -2048 -144 ) (1024 -2048 -12 ) (1024 -1088 -12 ) (1024 -1088 -144 ) 
4 264 277 (1024 -2048 -12 ) (1024 -2048 4096 ) (1024 -1088 4096 ) (1024 -1088 -12 ) 
4 264 274 (1024 -1076 -192 ) (1024 -1088 -192 ) (1024 -1088 -12 ) (1024 -1076 -12 ) 
4 264 273 (1024 -1024 -12 ) (1024 -1024 -192 ) (1024 -1076 -192 ) (1024 -1076 -12 ) 
4 264 271 (1024 -1088 4096 ) (1024 -1076 4096 ) (1024 -1076 -12 ) (1024 -1088 -12 ) 
4 264 270 (1024 -1076 4096 ) (1024 -1024 4096 ) (1024 -1024 -12 ) (1024 -1076 -12 ) 
4 265 315 (2048 -2048 -1792 ) (2048 -2048 -512 ) (1024 -2048 -512 ) (1024 -2048 -1792 ) 
4 265 297 (1024 -2048 -1792 ) (1024 -2048 -512 ) (1024 -1024 -512 ) (1024 -1024 -1792 ) 
4 266 295 (633.762085 -1024 -192 ) (121.762009 -1024 -192 ) (121.762009 -1024 -256 ) (633.762085 -1024 -256 ) 
4 266 294 (1024 -1024 -256 ) (1024 -1024 -192 ) (633.762085 -1024 -192 ) (633.762085 -1024 -256 ) 
4 266 296 (121.762009 -1024 -192 ) (0 -1024 -192 ) (0 -1024 -256 ) (121.762009 -1024 -256 ) 
4 266 273 (1024 -1024 -192 ) (1024 -1024 -12 ) (0 -1024 -12 ) (0 -1024 -192 ) 
4 266 270 (1024 -1024 -12 ) (1024 -1024 4096 ) (0 -1024 4096 ) (0 -1024 -12 ) 
4 266 268 (0 -1024 -256 ) (0 -1024 4096 ) (0 0 4096 ) (0 0 -256 ) 
4 267 297 (1024 -1024 -1792 ) (1024 -1024 -512 ) (0 -1024 -512 ) (0 -1024 -1792 ) 
4 267 269 (0 -1024 -1792 ) (0 -1024 -512 ) (0 0 -512 ) (0 0 -1792 ) 
4 268 368 (-1024 0 4096 ) (-1024 0 -256 ) (-1024 -1024 -256 ) (-1024 -1024 4096 ) 
4 268 298 (-1024 -1024 4096 ) (-1024 -1024 -256 ) (0 -1024 -256 ) (0 -1024 4096 ) 
4 269 369 (-1024 0 -512 ) (-1024 0 -1792 ) (-1024 -1024 -1792 ) (-1024 -1024 -512 ) 
4 269 299 (-1024 -1024 -512 ) (-1024 -1024 -1792 ) (0 -1024 -1792 ) (0 -1024 -512 ) 
4 270 298 (0 -1024 4096 ) (0 -1024 -12 ) (0 -1076 -12 ) (0 -1076 4096 ) 
4 270 273 (0 -1076 -12 ) (0 -1024 -12 ) (1024 -1024 -12 ) (1024 -1076 -12 ) 
4 270 272 (0 -1076 -12 ) (137.761993 -1076 -12 ) (377.761963 -1076 100 ) (0 -1076 276.288818 ) 
5 270 271 (617.762024 -1076 -12 ) (1024 -1076 -12 ) (1024 -1076 4096 ) (0 -1076 4096 ) (0 -1076 276.288818 ) 
4 271 298 (0 -1088 276.288910 ) (0 -1088 4096 ) (0 -1076 4096 ) (0 -1076 276.288818 ) 
4 271 286 (121.762009 -1088 219.466568 ) (137.761993 -1088 212 ) (137.761993 -1088 4096 ) (121.762009 -1088 4096 ) 
4 271 287 (0 -1088 4096 ) (0 -1088 276.288818 ) (121.762009 -1088 219.466568 ) (121.762009 -1088 4096 ) 
4 271 280 (137.761993 -1088 212 ) (617.762024 -1088 -12 ) (617.762085 -1088 4096 ) (137.761993 -1088 4096 ) 
4 271 277 (617.762024 -1088 -12 ) (1024 -1088 -12 ) (1024 -1088 4096 ) (617.762085 -1088 4096 ) 
4 271 274 (1024 -1088 -12 ) (633.762085 -1088 -12 ) (633.762085 -1076 -12 ) (1024 -1076 -12 ) 
4 271 272 (0 -1076 276.289063 ) (377.762238 -1076 100 ) (377.762329 -1088 100 ) (0 -1088 276.289154 ) 
4 272 298 (0 -1076 -12 ) (0 -1088 -12 ) (0 -1088 276.288910 ) (0 -1076 276.288818 ) 
4 272 286 (121.762009 -1088 -12 ) (137.761993 -1088 -12 ) (137.761993 -1088 212 ) (121.762009 -1088 219.466568 ) 
4 272 287 (0 -1088 276.288818 ) (0 -1088 -12 ) (121.762009 -1088 -12 ) (121.762009 -1088 219.466568 ) 
3 272 281 (137.761993 -1088 -12 ) (377.761963 -1088 100 ) (137.761993 -1088 212 ) 
4 272 276 (121.762009 -1088 -12 ) (0 -1088 -12 ) (0 -1076 -12 ) (121.762009 -1076 -12 ) 
4 273 298 (0 -1024 -12 ) (0 -1024 -192 ) (0 -1076 -192 ) (0 -1076 -12 ) 
4 273 295 (121.762009 -1024 -192 ) (633.762085 -1024 -192 ) (633.762085 -1076 -192 ) (121.762009 -1076 -192 ) 
4 273 294 (633.762085 -1024 -192 ) (1024 -1024 -192 ) (1024 -1076 -192 ) (633.762085 -1076 -192 ) 
4 273 296 (0 -1024 -192 ) (121.762009 -1024 -192 ) (121.762009 -1076 -192 ) (0 -1076 -192 ) 
4 273 276 (0 -1076 -192 ) (121.762009 -1076 -192 ) (121.762009 -1076 -12 ) (0 -1076 -12 ) 
4 273 275 (249.762009 -1076 -192 ) (297.762024 -1076 -192 ) (297.762024 -1076 -96 ) (249.762009 -1076 -96 ) 
4 273 274 (633.762085 -1076 -192 ) (1024 -1076 -192 ) (1024 -1076 -12 ) (633.762085 -1076 -12 ) 
4 274 294 (1024 -1076 -192 ) (1024 -1088 -192 ) (633.762085 -1088 -192 ) (633.762085 -1076 -192 ) 
4 274 288 (633.762085 -1088 -192 ) (1024 -1088 -192 ) (1024 -1088 -144 ) (633.762085 -1088 -144 ) 
4 274 278 (1024 -1088 -144 ) (1024 -1088 -12 ) (633.762085 -1088 -12 ) (633.762085 -1088 -144 ) 
4 275 291 (249.762009 -1088 -192 ) (297.762024 -1088 -192 ) (297.762024 -1088 -144 ) (249.762009 -1088 -144 ) 
4 275 282 (297.762024 -1088 -144 ) (297.762024 -1088 -96 ) (249.762009 -1088 -96 ) (249.762009 -1088 -144 ) 
4 276 298 (0 -1076 -192 ) (0 -1088 -192 ) (0 -1088 -12 ) (0 -1076 -12 ) 
4 276 296 (121.762009 -1088 -192 ) (0 -1088 -192 ) (0 -1076 -192 ) (121.762009 -1076 -192 ) 
4 276 293 (0 -1088 -144 ) (0 -1088 -192 ) (121.762009 -1088 -192 ) (121.762009 -1088 -144 ) 
4 276 287 (0 -1088 -12 ) (0 -1088 -144 ) (121.762009 -1088 -144 ) (121.762009 -1088 -12 ) 
4 277 317 (1024 -2048 -12 ) (1024 -2048 401.577728 ) (617.762085 -2048 212 ) (617.762085 -2048 -12 ) 
4 277 316 (1024 -2048 401.577728 ) (1024 -2048 4096 ) (617.762085 -2048 4096 ) (617.762085 -2048 212 ) 
4 277 280 (617.762085 -1088 4096 ) (617.762085 -1088 -12 ) (617.762085 -2048 -12 ) (617.762085 -2048 4096 ) 
4 277 279 (617.762085 -2048 -12 ) (617.762085 -1920 -12 ) (633.762085 -1920 -12 ) (633.762085 -2048 -12 ) 
4 277 278 (633.762085 -1088 -12 ) (1024 -1088 -12 ) (1024 -2048 -12 ) (633.762085 -2048 -12 ) 
4 278 319 (1024 -2048 -144 ) (1024 -2048 -12 ) (633.762085 -2048 -12 ) (633.762085 -2048 -144 ) 
4 278 288 (633.762085 -1088 -144 ) (1024 -1088 -144 ) (1024 -1920 -144 ) (633.762085 -1920 -144 ) 
4 278 292 (1024 -1920 -144 ) (1024 -2048 -144 ) (633.762085 -2048 -144 ) (633.762085 -1920 -144 ) 
4 278 279 (633.762085 -1920 -144 ) (633.762085 -2048 -144 ) (633.762085 -2048 -12 ) (633.762085 -1920 -12 ) 
4 279 292 (633.762085 -1920 -144 ) (633.762085 -2048 -144 ) (617.762085 -2048 -144 ) (617.762085 -1920 -144 ) 
4 279 284 (617.762085 -2048 -16 ) (617.762085 -2048 -12 ) (617.762085 -1920 -12 ) (617.762085 -1920 -16 ) 
4 279 282 (617.762085 -1920 -144 ) (617.762085 -2048 -144 ) (617.762085 -2048 -16 ) (617.762085 -1920 -16 ) 
3 280 317 (377.761993 -2048 100 ) (617.762085 -2048 -12 ) (617.762085 -2048 212 ) 
5 280 316 (137.761993 -2048 4096 ) (137.761993 -2048 212 ) (377.761993 -2048 100 ) (617.762085 -2048 212 ) (617.762085 -2048 4096 ) 
4 280 286 (137.761993 -1088 4096 ) (137.761993 -1088 212 ) (137.761993 -2048 212 ) (137.761993 -2048 4096 ) 
4 280 284 (377.762146 -1088 100 ) (617.762085 -1088 -12 ) (617.762085 -2048 -12 ) (377.762146 -2048 100 ) 
4 280 281 (137.761993 -2048 212 ) (137.761993 -1088 212 ) (377.762146 -1088 100 ) (377.762146 -2048 100 ) 
3 281 316 (137.761993 -2048 212 ) (137.761993 -2048 -12 ) (377.762024 -2048 100 ) 
4 281 286 (137.761993 -1088 212 ) (137.761993 -1088 -12 ) (137.761993 -2048 -12 ) (137.761993 -2048 212 ) 
4 281 285 (373.476135 -1088 98 ) (377.761719 -1088 100 ) (377.761719 -2048 100 ) (373.476135 -2048 98 ) 
4 281 283 (137.761993 -2048 -12 ) (137.761993 -1088 -12 ) (373.476135 -1088 98 ) (373.476135 -2048 98 ) 
4 282 290 (345.762024 -1088 -144 ) (409.762024 -1088 -144 ) (409.762024 -1216 -144 ) (345.762024 -1216 -144 ) 
4 282 289 (409.762024 -1088 -144 ) (569.762085 -1088 -144 ) (569.762085 -1920 -144 ) (409.762024 -1920 -144 ) 
4 282 291 (185.762009 -1088 -144 ) (345.762024 -1088 -144 ) (345.762024 -1920 -144 ) (185.762009 -1920 -144 ) 
4 282 292 (617.762085 -1920 -144 ) (617.762085 -2048 -144 ) (185.762009 -2048 -144 ) (185.762009 -1920 -144 ) 
4 282 284 (377.762085 -2048 96 ) (617.762085 -2048 -16 ) (617.762085 -1088 -16 ) (377.762054 -1088 96 ) 
4 282 283 (137.761993 -1088 -16.001894 ) (137.761993 -2048 -16.001894 ) (377.761719 -2048 95.998047 ) (377.761719 -1088 95.998047 ) 
4 283 285 (373.478546 -1088 98 ) (373.478577 -2048 97.998993 ) (377.762085 -2048 96 ) (377.762054 -1088 96 ) 
4 284 285 (377.762024 -1088 95.998016 ) (377.762024 -2048 95.997986 ) (377.762024 -2048 100 ) (377.762024 -1088 100 ) 
4 286 316 (137.761993 -2048 -12 ) (137.761993 -2048 4096 ) (121.762009 -2048 4096 ) (121.762009 -2048 -12 ) 
4 286 287 (121.762009 -2048 -12 ) (121.762009 -2048 4096 ) (121.762009 -1088 4096 ) (121.762009 -1088 -12 ) 
4 287 322 (0 -2048 -12 ) (0 -2048 -144 ) (121.762009 -2048 -144 ) (121.762009 -2048 -12 ) 
4 287 316 (0 -2048 4096 ) (0 -2048 -12 ) (121.762009 -2048 -12 ) (121.762009 -2048 4096 ) 
4 287 298 (0 -2048 -144 ) (0 -2048 4096 ) (0 -1088 4096 ) (0 -1088 -144 ) 
4 287 293 (0 -1088 -144 ) (121.762009 -1088 -144 ) (121.762009 -2048 -144 ) (0 -2048 -144 ) 
4 288 294 (1024 -1088 -192 ) (1024 -1920 -192 ) (633.762085 -1920 -192 ) (633.762085 -1088 -192 ) 
4 288 292 (633.762085 -1920 -192 ) (1024 -1920 -192 ) (1024 -1920 -144 ) (633.762085 -1920 -144 ) 
4 289 290 (409.762024 -1216 -144 ) (409.762024 -1088 -144 ) (409.762024 -1088 -192 ) (409.762024 -1216 -192 ) 
4 289 292 (409.762024 -1920 -192 ) (569.762085 -1920 -192 ) (569.762085 -1920 -144 ) (409.762024 -1920 -144 ) 
4 290 291 (345.762024 -1216 -144 ) (345.762024 -1088 -144 ) (345.762024 -1088 -192 ) (345.762024 -1216 -192 ) 
4 291 292 (185.762009 -1920 -144 ) (185.762009 -1920 -192 ) (345.762024 -1920 -192 ) (345.762024 -1920 -144 ) 
4 292 319 (1024 -2048 -192 ) (1024 -2048 -144 ) (633.762085 -2048 -144 ) (633.762085 -2048 -192 ) 
4 292 294 (1024 -1920 -192 ) (1024 -2048 -192 ) (633.762085 -2048 -192 ) (633.762085 -1920 -192 ) 
4 293 322 (121.762009 -2048 -144 ) (0 -2048 -144 ) (0 -2048 -192 ) (121.762009 -2048 -192 ) 
4 293 298 (0 -1088 -192 ) (0 -2048 -192 ) (0 -2048 -144 ) (0 -1088 -144 ) 
4 293 296 (121.762009 -2048 -192 ) (0 -2048 -192 ) (0 -1088 -192 ) (121.762009 -1088 -192 ) 
4 294 319 (1024 -2048 -256 ) (1024 -2048 -192 ) (633.762085 -2048 -192 ) (633.762085 -2048 -256 ) 
4 294 295 (633.762085 -1024 -256 ) (633.762085 -1076 -256 ) (633.762085 -1076 -192 ) (633.762085 -1024 -192 ) 
4 295 296 (121.762009 -1024 -256 ) (121.762009 -1076 -256 ) (121.762009 -1076 -192 ) (121.762009 -1024 -192 ) 
4 296 322 (121.762009 -2048 -192 ) (0 -2048 -192 ) (0 -2048 -256 ) (121.762009 -2048 -256 ) 
4 296 298 (0 -1024 -192 ) (0 -1024 -256 ) (0 -2048 -256 ) (0 -2048 -192 ) 
4 297 323 (1024 -2048 -1792 ) (1024 -2048 -512 ) (0 -2048 -512 ) (0 -2048 -1792 ) 
4 297 299 (0 -1024 -512 ) (0 -1024 -1792 ) (0 -2048 -1792 ) (0 -2048 -512 ) 
4 298 373 (-1024 -2048 -256 ) (-1024 -2048 4096 ) (-1024 -1024 4096 ) (-1024 -1024 -256 ) 
4 298 324 (0 -2048 -256 ) (0 -2048 4096 ) (-1024 -2048 4096 ) (-1024 -2048 -256 ) 
4 299 374 (-1024 -2048 -1792 ) (-1024 -2048 -512 ) (-1024 -1024 -512 ) (-1024 -1024 -1792 ) 
4 299 325 (0 -2048 -1792 ) (0 -2048 -512 ) (-1024 -2048 -512 ) (-1024 -2048 -1792 ) 
4 300 304 (4096 -3072 -256 ) (4096 -3072 4096 ) (3072 -3072 4096 ) (3072 -3072 -256 ) 
4 300 302 (3072 -2048 4096 ) (3072 -2048 -256 ) (3072 -3072 -256 ) (3072 -3072 4096 ) 
4 301 305 (4096 -3072 -1792 ) (4096 -3072 -512 ) (3072 -3072 -512 ) (3072 -3072 -1792 ) 
4 301 303 (3072 -2048 -512 ) (3072 -2048 -1792 ) (3072 -3072 -1792 ) (3072 -3072 -512 ) 
4 302 314 (2048 -2048 4096 ) (2048 -2048 -256 ) (2048 -3072 -256 ) (2048 -3072 4096 ) 
4 302 306 (3072 -3072 -256 ) (3072 -3072 4096 ) (2048 -3072 4096 ) (2048 -3072 -256 ) 
4 303 315 (2048 -2048 -512 ) (2048 -2048 -1792 ) (2048 -3072 -1792 ) (2048 -3072 -512 ) 
4 303 307 (3072 -3072 -1792 ) (3072 -3072 -512 ) (2048 -3072 -512 ) (2048 -3072 -1792 ) 
4 304 308 (4096 -4096 -256 ) (4096 -4096 4096 ) (3072 -4096 4096 ) (3072 -4096 -256 ) 
4 304 306 (3072 -4096 -256 ) (3072 -4096 4096 ) (3072 -3072 4096 ) (3072 -3072 -256 ) 
4 305 310 (4096 -4096 -1792 ) (4096 -4096 -512 ) (3072 -4096 -512 ) (3072 -4096 -1792 ) 
4 305 307 (3072 -4096 -1792 ) (3072 -4096 -512 ) (3072 -3072 -512 ) (3072 -3072 -1792 ) 
4 306 326 (2048 -4096 -256 ) (2048 -4096 4096 ) (2048 -3072 4096 ) (2048 -3072 -256 ) 
4 306 311 (2048 -4096 4096 ) (2048 -4096 -256 ) (3072 -4096 -256 ) (3072 -4096 4096 ) 
4 307 327 (2048 -4096 -1792 ) (2048 -4096 -512 ) (2048 -3072 -512 ) (2048 -3072 -1792 ) 
4 307 313 (2048 -4096 -512 ) (2048 -4096 -1792 ) (3072 -4096 -1792 ) (3072 -4096 -512 ) 
4 308 311 (3072 -4096 4096 ) (3072 -4096 -256 ) (3072 -4544 -256 ) (3072 -4544 4096 ) 
4 308 309 (4096 -4544 -256 ) (4096 -4544 4096 ) (3072 -4544 4096 ) (3072 -4544 -256 ) 
4 309 353 (4096 -5120 -512 ) (4096 -5120 4096 ) (3072 -5120 4096 ) (3072 -5120 -512 ) 
4 309 312 (3072 -4544 -512 ) (3072 -5120 -512 ) (3072 -5120 4096 ) (3072 -4544 4096 ) 
4 309 310 (4096 -5120 -512 ) (3072 -5120 -512 ) (3072 -4544 -512 ) (4096 -4544 -512 ) 
4 310 353 (4096 -5120 -1792 ) (4096 -5120 -512 ) (3072 -5120 -512 ) (3072 -5120 -1792 ) 
4 310 313 (3072 -4096 -512 ) (3072 -4096 -1792 ) (3072 -5120 -1792 ) (3072 -5120 -512 ) 
4 311 328 (2048 -4544 4096 ) (2048 -4096 4096 ) (2048 -4096 -256 ) (2048 -4544 -256 ) 
4 311 312 (3072 -4544 -256 ) (3072 -4544 4096 ) (2048 -4544 4096 ) (2048 -4544 -256 ) 
4 312 354 (3072 -5120 -512 ) (3072 -5120 4096 ) (2048 -5120 4096 ) (2048 -5120 -512 ) 
4 312 329 (2048 -5120 -512 ) (2048 -5120 4096 ) (2048 -4544 4096 ) (2048 -4544 -512 ) 
4 312 313 (2048 -5120 -512 ) (2048 -4544 -512 ) (3072 -4544 -512 ) (3072 -5120 -512 ) 
4 313 354 (3072 -5120 -1792 ) (3072 -5120 -512 ) (2048 -5120 -512 ) (2048 -5120 -1792 ) 
4 313 330 (2048 -5120 -1792 ) (2048 -5120 -512 ) (2048 -4096 -512 ) (2048 -4096 -1792 ) 
4 314 326 (2048 -3072 -256 ) (2048 -3072 4096 ) (1024 -3072 4096 ) (1024 -3072 -256 ) 
4 314 319 (1024 -2048 -12 ) (1024 -2048 -256 ) (1024 -3072 -256 ) (1024 -3072 -12 ) 
4 314 317 (1024 -2048 401.577637 ) (1024 -2048 -12 ) (1024 -2060 -12 ) (1024 -2060 401.577728 ) 
4 314 316 (1024 -2048 4096 ) (1024 -2048 401.577637 ) (1024 -2060 401.577728 ) (1024 -2060 4096 ) 
4 314 318 (1024 -2060 -12 ) (1024 -3072 -12 ) (1024 -3072 4096 ) (1024 -2060 4096 ) 
4 315 327 (2048 -3072 -1792 ) (2048 -3072 -512 ) (1024 -3072 -512 ) (1024 -3072 -1792 ) 
4 315 323 (1024 -2048 -512 ) (1024 -2048 -1792 ) (1024 -3072 -1792 ) (1024 -3072 -512 ) 
4 316 324 (0 -2060 4096 ) (0 -2048 4096 ) (0 -2048 -12 ) (0 -2060 -12 ) 
4 316 322 (0 -2060 -12 ) (0 -2048 -12 ) (121.762009 -2048 -12 ) (121.762009 -2060 -12 ) 
4 316 317 (1024 -2060 401.576904 ) (377.762817 -2060 100 ) (377.762878 -2048 100 ) (1024 -2048 401.576904 ) 
5 316 318 (0 -2060 -12 ) (137.761993 -2060 -12 ) (1024 -2060 401.577728 ) (1024 -2060 4096 ) (0 -2060 4096 ) 
4 317 319 (633.762085 -2048 -12 ) (1024 -2048 -12 ) (1024 -2060 -12 ) (633.762085 -2060 -12 ) 
4 317 318 (617.762024 -2060 -12 ) (1024 -2060 -12 ) (1024 -2060 401.577728 ) (377.761963 -2060 100 ) 
4 318 331 (1024 -3072 -12 ) (1024 -3072 4096 ) (0 -3072 4096 ) (0 -3072 -12 ) 
4 318 324 (0 -3072 -12 ) (0 -3072 4096 ) (0 -2060 4096 ) (0 -2060 -12 ) 
4 318 321 (633.762085 -3072 -12 ) (121.762009 -3072 -12 ) (121.762009 -2060 -12 ) (633.762085 -2060 -12 ) 
4 318 319 (1024 -3072 -12 ) (633.762085 -3072 -12 ) (633.762085 -2060 -12 ) (1024 -2060 -12 ) 
4 318 322 (121.762009 -3072 -12 ) (0 -3072 -12 ) (0 -2060 -12 ) (121.762009 -2060 -12 ) 
4 319 331 (1024 -3072 -256 ) (1024 -3072 -12 ) (633.762085 -3072 -12 ) (633.762085 -3072 -256 ) 
4 319 320 (633.762085 -2048 -256 ) (633.762085 -2060 -256 ) (633.762085 -2060 -192 ) (633.762085 -2048 -192 ) 
4 319 321 (633.762085 -2060 -256 ) (633.762085 -3072 -256 ) (633.762085 -3072 -12 ) (633.762085 -2060 -12 ) 
4 320 321 (121.762009 -2060 -192 ) (121.762009 -2060 -256 ) (633.762085 -2060 -256 ) (633.762085 -2060 -192 ) 
4 320 322 (121.762009 -2048 -256 ) (121.762009 -2060 -256 ) (121.762009 -2060 -192 ) (121.762009 -2048 -192 ) 
4 321 331 (633.762085 -3072 -12 ) (121.762009 -3072 -12 ) (121.762009 -3072 -256 ) (633.762085 -3072 -256 ) 
4 321 322 (121.762009 -2060 -256 ) (121.762009 -3072 -256 ) (121.762009 -3072 -12 ) (121.762009 -2060 -12 ) 
4 322 331 (121.762009 -3072 -12 ) (0 -3072 -12 ) (0 -3072 -256 ) (121.762009 -3072 -256 ) 
4 322 324 (0 -3072 -256 ) (0 -3072 -12 ) (0 -2048 -12 ) (0 -2048 -256 ) 
4 323 332 (1024 -3072 -1792 ) (1024 -3072 -512 ) (0 -3072 -512 ) (0 -3072 -1792 ) 
4 323 325 (0 -3072 -1792 ) (0 -3072 -512 ) (0 -2048 -512 ) (0 -2048 -1792 ) 
4 324 384 (-1024 -3072 -256 ) (-1024 -3072 4096 ) (-1024 -2048 4096 ) (-1024 -2048 -256 ) 
4 324 333 (0 -3072 -256 ) (0 -3072 4096 ) (-1024 -3072 4096 ) (-1024 -3072 -256 ) 
4 325 385 (-1024 -3072 -1792 ) (-1024 -3072 -512 ) (-1024 -2048 -512 ) (-1024 -2048 -1792 ) 
4 325 334 (0 -3072 -1792 ) (0 -3072 -512 ) (-1024 -3072 -512 ) (-1024 -3072 -1792 ) 
4 326 331 (1024 -3072 4096 ) (1024 -3072 -256 ) (1024 -4096 -256 ) (1024 -4096 4096 ) 
4 326 328 (2048 -4096 -256 ) (2048 -4096 4096 ) (1024 -4096 4096 ) (1024 -4096 -256 ) 
4 327 332 (1024 -3072 -512 ) (1024 -3072 -1792 ) (1024 -4096 -1792 ) (1024 -4096 -512 ) 
4 327 330 (2048 -4096 -1792 ) (2048 -4096 -512 ) (1024 -4096 -512 ) (1024 -4096 -1792 ) 
4 328 335 (1024 -4544 4096 ) (1024 -4096 4096 ) (1024 -4096 -256 ) (1024 -4544 -256 ) 
4 328 329 (2048 -4544 -256 ) (2048 -4544 4096 ) (1024 -4544 4096 ) (1024 -4544 -256 ) 
4 329 357 (2048 -5120 -512 ) (2048 -5120 4096 ) (1024 -5120 4096 ) (1024 -5120 -512 ) 
4 329 336 (1024 -5120 -512 ) (1024 -5120 4096 ) (1024 -4544 4096 ) (1024 -4544 -512 ) 
4 329 330 (2048 -5120 -512 ) (1024 -5120 -512 ) (1024 -4544 -512 ) (2048 -4544 -512 ) 
4 330 357 (2048 -5120 -1792 ) (2048 -5120 -512 ) (1024 -5120 -512 ) (1024 -5120 -1792 ) 
4 330 337 (1024 -5120 -1792 ) (1024 -5120 -512 ) (1024 -4096 -512 ) (1024 -4096 -1792 ) 
4 331 335 (1024 -4096 -256 ) (1024 -4096 4096 ) (0 -4096 4096 ) (0 -4096 -256 ) 
4 331 333 (0 -3072 4096 ) (0 -3072 -256 ) (0 -4096 -256 ) (0 -4096 4096 ) 
4 332 337 (1024 -4096 -1792 ) (1024 -4096 -512 ) (0 -4096 -512 ) (0 -4096 -1792 ) 
4 332 334 (0 -3072 -512 ) (0 -3072 -1792 ) (0 -4096 -1792 ) (0 -4096 -512 ) 
4 333 389 (-1024 -4096 -256 ) (-1024 -4096 4096 ) (-1024 -3072 4096 ) (-1024 -3072 -256 ) 
4 333 338 (0 -4096 -256 ) (0 -4096 4096 ) (-1024 -4096 4096 ) (-1024 -4096 -256 ) 
4 334 390 (-1024 -4096 -1792 ) (-1024 -4096 -512 ) (-1024 -3072 -512 ) (-1024 -3072 -1792 ) 
4 334 340 (0 -4096 -1792 ) (0 -4096 -512 ) (-1024 -4096 -512 ) (-1024 -4096 -1792 ) 
4 335 338 (0 -4096 4096 ) (0 -4096 -256 ) (0 -4544 -256 ) (0 -4544 4096 ) 
4 335 336 (1024 -4544 -256 ) (1024 -4544 4096 ) (0 -4544 4096 ) (0 -4544 -256 ) 
4 336 359 (1024 -5120 -512 ) (1024 -5120 4096 ) (0 -5120 4096 ) (0 -5120 -512 ) 
4 336 339 (0 -4544 -512 ) (0 -5120 -512 ) (0 -5120 4096 ) (0 -4544 4096 ) 
4 336 337 (1024 -4544 -512 ) (1024 -5120 -512 ) (0 -5120 -512 ) (0 -4544 -512 ) 
4 337 359 (1024 -5120 -1792 ) (1024 -5120 -512 ) (0 -5120 -512 ) (0 -5120 -1792 ) 
4 337 340 (0 -4096 -512 ) (0 -4096 -1792 ) (0 -5120 -1792 ) (0 -5120 -512 ) 
4 338 394 (-1024 -4544 4096 ) (-1024 -4096 4096 ) (-1024 -4096 -256 ) (-1024 -4544 -256 ) 
4 338 339 (0 -4544 -256 ) (0 -4544 4096 ) (-1024 -4544 4096 ) (-1024 -4544 -256 ) 
4 339 395 (-1024 -5120 -512 ) (-1024 -5120 4096 ) (-1024 -4544 4096 ) (-1024 -4544 -512 ) 
4 339 360 (0 -5120 -512 ) (0 -5120 4096 ) (-1024 -5120 4096 ) (-1024 -5120 -512 ) 
4 339 340 (0 -4544 -512 ) (0 -5120 -512 ) (-1024 -5120 -512 ) (-1024 -4544 -512 ) 
4 340 396 (-1024 -5120 -1792 ) (-1024 -5120 -512 ) (-1024 -4096 -512 ) (-1024 -4096 -1792 ) 
4 340 360 (0 -5120 -1792 ) (0 -5120 -512 ) (-1024 -5120 -512 ) (-1024 -5120 -1792 ) 
4 341 343 (7168 -5120 4096 ) (7168 -5120 -1792 ) (7168 -6144 -1792 ) (7168 -6144 4096 ) 
4 341 342 (7269.330078 -6144 -1792 ) (7269.330078 -6144 4096 ) (7168 -6144 4096 ) (7168 -6144 -1792 ) 
4 342 349 (7269.330078 -7168 -1792 ) (7269.330078 -7168 4096 ) (7168 -7168 4096 ) (7168 -7168 -1792 ) 
4 342 344 (7168 -7168 -1792 ) (7168 -7168 4096 ) (7168 -6144 4096 ) (7168 -6144 -1792 ) 
4 343 345 (6144 -6144 -1792 ) (6144 -6144 4096 ) (6144 -5120 4096 ) (6144 -5120 -1792 ) 
4 343 344 (7168 -6144 -1792 ) (7168 -6144 4096 ) (6144 -6144 4096 ) (6144 -6144 -1792 ) 
4 344 350 (7168 -7168 -1792 ) (7168 -7168 4096 ) (6144 -7168 4096 ) (6144 -7168 -1792 ) 
4 344 347 (6144 -7168 -1792 ) (6144 -7168 4096 ) (6144 -6144 4096 ) (6144 -6144 -1792 ) 
4 345 347 (6144 -6144 -1792 ) (6144 -6144 4096 ) (5120 -6144 4096 ) (5120 -6144 -1792 ) 
4 345 346 (5120 -6144 -1792 ) (5120 -6144 4096 ) (5120 -5120 4096 ) (5120 -5120 -1792 ) 
4 346 353 (4096 -5120 4096 ) (4096 -5120 -1792 ) (4096 -6144 -1792 ) (4096 -6144 4096 ) 
4 346 348 (4096 -6144 4096 ) (4096 -6144 -1792 ) (5120 -6144 -1792 ) (5120 -6144 4096 ) 
4 347 351 (6144 -7168 -1792 ) (6144 -7168 4096 ) (5120 -7168 4096 ) (5120 -7168 -1792 ) 
4 347 348 (5120 -6144 4096 ) (5120 -6144 -1792 ) (5120 -7168 -1792 ) (5120 -7168 4096 ) 
4 348 355 (4096 -7168 -1792 ) (4096 -7168 4096 ) (4096 -6144 4096 ) (4096 -6144 -1792 ) 
4 348 352 (5120 -7168 -1792 ) (5120 -7168 4096 ) (4096 -7168 4096 ) (4096 -7168 -1792 ) 
4 349 350 (7168 -7168 4096 ) (7168 -7168 -1792 ) (7168 -8032.940430 -1792 ) (7168 -8032.940430 4096 ) 
4 350 351 (6144 -7168 4096 ) (6144 -7168 -1792 ) (6144 -8032.940430 -1792 ) (6144 -8032.940430 4096 ) 
4 351 352 (5120 -8032.940430 -1792 ) (5120 -8032.940430 4096 ) (5120 -7168 4096 ) (5120 -7168 -1792 ) 
4 352 363 (4096 -8032.940430 -1792 ) (4096 -8032.940430 4096 ) (4096 -7168 4096 ) (4096 -7168 -1792 ) 
4 353 355 (4096 -6144 -1792 ) (4096 -6144 4096 ) (3072 -6144 4096 ) (3072 -6144 -1792 ) 
4 353 354 (3072 -5120 4096 ) (3072 -5120 -1792 ) (3072 -6144 -1792 ) (3072 -6144 4096 ) 
4 354 357 (2048 -5120 4096 ) (2048 -5120 -1792 ) (2048 -6144 -1792 ) (2048 -6144 4096 ) 
4 354 356 (3072 -6144 -1792 ) (3072 -6144 4096 ) (2048 -6144 4096 ) (2048 -6144 -1792 ) 
4 355 363 (4096 -7168 -1792 ) (4096 -7168 4096 ) (3072 -7168 4096 ) (3072 -7168 -1792 ) 
4 355 356 (3072 -6144 4096 ) (3072 -6144 -1792 ) (3072 -7168 -1792 ) (3072 -7168 4096 ) 
4 356 364 (3072 -7168 -1792 ) (3072 -7168 4096 ) (2048 -7168 4096 ) (2048 -7168 -1792 ) 
4 356 358 (2048 -7168 -1792 ) (2048 -7168 4096 ) (2048 -6144 4096 ) (2048 -6144 -1792 ) 
4 357 359 (1024 -6144 -1792 ) (1024 -6144 4096 ) (1024 -5120 4096 ) (1024 -5120 -1792 ) 
4 357 358 (2048 -6144 -1792 ) (2048 -6144 4096 ) (1024 -6144 4096 ) (1024 -6144 -1792 ) 
4 358 365 (2048 -7168 -1792 ) (2048 -7168 4096 ) (1024 -7168 4096 ) (1024 -7168 -1792 ) 
4 358 361 (1024 -7168 -1792 ) (1024 -7168 4096 ) (1024 -6144 4096 ) (1024 -6144 -1792 ) 
4 359 361 (1024 -6144 -1792 ) (1024 -6144 4096 ) (0 -6144 4096 ) (0 -6144 -1792 ) 
4 359 360 (0 -6144 -1792 ) (0 -6144 4096 ) (0 -5120 4096 ) (0 -5120 -1792 ) 
4 360 425 (-1024 -6144 -1792 ) (-1024 -6144 4096 ) (-1024 -5120 4096 ) (-1024 -5120 -1792 ) 
4 360 362 (-1024 -6144 4096 ) (-1024 -6144 -1792 ) (0 -6144 -1792 ) (0 -6144 4096 ) 
4 361 366 (1024 -7168 -1792 ) (1024 -7168 4096 ) (0 -7168 4096 ) (0 -7168 -1792 ) 
4 361 362 (0 -6144 4096 ) (0 -6144 -1792 ) (0 -7168 -1792 ) (0 -7168 4096 ) 
4 362 427 (-1024 -7168 -1792 ) (-1024 -7168 4096 ) (-1024 -6144 4096 ) (-1024 -6144 -1792 ) 
4 362 367 (0 -7168 -1792 ) (0 -7168 4096 ) (-1024 -7168 4096 ) (-1024 -7168 -1792 ) 
4 363 364 (3072 -7168 4096 ) (3072 -7168 -1792 ) (3072 -8032.940430 -1792 ) (3072 -8032.940430 4096 ) 
4 364 365 (2048 -7168 4096 ) (2048 -7168 -1792 ) (2048 -8032.940430 -1792 ) (2048 -8032.940430 4096 ) 
4 365 366 (1024 -7168 4096 ) (1024 -7168 -1792 ) (1024 -8032.940430 -1792 ) (1024 -8032.940430 4096 ) 
4 366 367 (0 -8032.940430 -1792 ) (0 -8032.940430 4096 ) (0 -7168 4096 ) (0 -7168 -1792 ) 
4 367 435 (-1024 -8032.940430 -1792 ) (-1024 -8032.940430 4096 ) (-1024 -7168 4096 ) (-1024 -7168 -1792 ) 
4 368 373 (-1024 -1024 -256 ) (-1024 -1024 4096 ) (-2048 -1024 4096 ) (-2048 -1024 -256 ) 
4 368 370 (-2048 0 4096 ) (-2048 0 -256 ) (-2048 -1024 -256 ) (-2048 -1024 4096 ) 
4 369 374 (-1024 -1024 -1792 ) (-1024 -1024 -512 ) (-2048 -1024 -512 ) (-2048 -1024 -1792 ) 
4 369 372 (-2048 0 -512 ) (-2048 0 -1792 ) (-2048 -1024 -1792 ) (-2048 -1024 -512 ) 
4 370 375 (-2048 -1024 -256 ) (-2048 -1024 4096 ) (-2944 -1024 4096 ) (-2944 -1024 -256 ) 
4 370 371 (-2944 -1024 -256 ) (-2944 -1024 4096 ) (-2944 0 4096 ) (-2944 0 -256 ) 
4 371 378 (-3072 0 4096 ) (-3072 0 -512 ) (-3072 -1024 -512 ) (-3072 -1024 4096 ) 
4 371 376 (-2944 -1024 4096 ) (-3072 -1024 4096 ) (-3072 -1024 -512 ) (-2944 -1024 -512 ) 
4 371 372 (-3072 0 -512 ) (-2944 0 -512 ) (-2944 -1024 -512 ) (-3072 -1024 -512 ) 
4 372 378 (-3072 0 -512 ) (-3072 0 -1792 ) (-3072 -1024 -1792 ) (-3072 -1024 -512 ) 
4 372 377 (-2048 -1024 -1792 ) (-2048 -1024 -512 ) (-3072 -1024 -512 ) (-3072 -1024 -1792 ) 
4 373 384 (-1024 -2048 -256 ) (-1024 -2048 4096 ) (-2048 -2048 4096 ) (-2048 -2048 -256 ) 
4 373 375 (-2048 -1024 4096 ) (-2048 -1024 -256 ) (-2048 -2048 -256 ) (-2048 -2048 4096 ) 
4 374 385 (-1024 -2048 -1792 ) (-1024 -2048 -512 ) (-2048 -2048 -512 ) (-2048 -2048 -1792 ) 
4 374 377 (-2048 -1024 -512 ) (-2048 -1024 -1792 ) (-2048 -2048 -1792 ) (-2048 -2048 -512 ) 
4 375 386 (-2048 -2048 -256 ) (-2048 -2048 4096 ) (-2944 -2048 4096 ) (-2944 -2048 -256 ) 
4 375 376 (-2944 -2048 -256 ) (-2944 -2048 4096 ) (-2944 -1024 4096 ) (-2944 -1024 -256 ) 
4 376 387 (-2944 -2048 4096 ) (-3072 -2048 4096 ) (-3072 -2048 -512 ) (-2944 -2048 -512 ) 
4 376 379 (-3072 -2048 -512 ) (-3072 -2048 4096 ) (-3072 -1024 4096 ) (-3072 -1024 -512 ) 
4 376 377 (-2944 -2048 -512 ) (-3072 -2048 -512 ) (-3072 -1024 -512 ) (-2944 -1024 -512 ) 
4 377 388 (-2048 -2048 -1792 ) (-2048 -2048 -512 ) (-3072 -2048 -512 ) (-3072 -2048 -1792 ) 
4 377 379 (-3072 -2048 -1792 ) (-3072 -2048 -512 ) (-3072 -1024 -512 ) (-3072 -1024 -1792 ) 
4 378 380 (-4096 -1024 -1792 ) (-4096 -1024 4096 ) (-4096 0 4096 ) (-4096 0 -1792 ) 
4 378 379 (-3072 -1024 -1792 ) (-3072 -1024 4096 ) (-4096 -1024 4096 ) (-4096 -1024 -1792 ) 
4 379 401 (-3072 -2048 -1792 ) (-3072 -2048 4096 ) (-4096 -2048 4096 ) (-4096 -2048 -1792 ) 
4 379 382 (-4096 -2048 -1792 ) (-4096 -2048 4096 ) (-4096 -1024 4096 ) (-4096 -1024 -1792 ) 
4 380 382 (-4096 -1024 -1792 ) (-4096 -1024 4096 ) (-5120 -1024 4096 ) (-5120 -1024 -1792 ) 
4 380 381 (-5120 -1024 -1792 ) (-5120 -1024 4096 ) (-5120 0 4096 ) (-5120 0 -1792 ) 
4 381 410 (-6144 0 4096 ) (-6144 0 -1792 ) (-6144 -1024 -1792 ) (-6144 -1024 4096 ) 
4 381 383 (-6144 -1024 4096 ) (-6144 -1024 -1792 ) (-5120 -1024 -1792 ) (-5120 -1024 4096 ) 
4 382 402 (-4096 -2048 -1792 ) (-4096 -2048 4096 ) (-5120 -2048 4096 ) (-5120 -2048 -1792 ) 
4 382 383 (-5120 -1024 4096 ) (-5120 -1024 -1792 ) (-5120 -2048 -1792 ) (-5120 -2048 4096 ) 
4 383 412 (-6144 -2048 -1792 ) (-6144 -2048 4096 ) (-6144 -1024 4096 ) (-6144 -1024 -1792 ) 
4 383 403 (-5120 -2048 -1792 ) (-5120 -2048 4096 ) (-6144 -2048 4096 ) (-6144 -2048 -1792 ) 
4 384 389 (-1024 -3072 -256 ) (-1024 -3072 4096 ) (-2048 -3072 4096 ) (-2048 -3072 -256 ) 
4 384 386 (-2048 -2048 4096 ) (-2048 -2048 -256 ) (-2048 -3072 -256 ) (-2048 -3072 4096 ) 
4 385 390 (-1024 -3072 -1792 ) (-1024 -3072 -512 ) (-2048 -3072 -512 ) (-2048 -3072 -1792 ) 
4 385 388 (-2048 -2048 -512 ) (-2048 -2048 -1792 ) (-2048 -3072 -1792 ) (-2048 -3072 -512 ) 
4 386 391 (-2048 -3072 -256 ) (-2048 -3072 4096 ) (-2944 -3072 4096 ) (-2944 -3072 -256 ) 
4 386 387 (-2944 -3072 -256 ) (-2944 -3072 4096 ) (-2944 -2048 4096 ) (-2944 -2048 -256 ) 
4 387 401 (-3072 -2048 4096 ) (-3072 -2048 -512 ) (-3072 -3072 -512 ) (-3072 -3072 4096 ) 
4 387 392 (-2944 -3072 4096 ) (-3072 -3072 4096 ) (-3072 -3072 -512 ) (-2944 -3072 -512 ) 
4 387 388 (-3072 -2048 -512 ) (-2944 -2048 -512 ) (-2944 -3072 -512 ) (-3072 -3072 -512 ) 
4 388 401 (-3072 -2048 -512 ) (-3072 -2048 -1792 ) (-3072 -3072 -1792 ) (-3072 -3072 -512 ) 
4 388 393 (-2048 -3072 -1792 ) (-2048 -3072 -512 ) (-3072 -3072 -512 ) (-3072 -3072 -1792 ) 
4 389 394 (-1024 -4096 -256 ) (-1024 -4096 4096 ) (-2048 -4096 4096 ) (-2048 -4096 -256 ) 
4 389 391 (-2048 -4096 -256 ) (-2048 -4096 4096 ) (-2048 -3072 4096 ) (-2048 -3072 -256 ) 
4 390 396 (-1024 -4096 -1792 ) (-1024 -4096 -512 ) (-2048 -4096 -512 ) (-2048 -4096 -1792 ) 
4 390 393 (-2048 -4096 -1792 ) (-2048 -4096 -512 ) (-2048 -3072 -512 ) (-2048 -3072 -1792 ) 
4 391 397 (-2048 -4096 -256 ) (-2048 -4096 4096 ) (-2944 -4096 4096 ) (-2944 -4096 -256 ) 
4 391 392 (-2944 -4096 -256 ) (-2944 -4096 4096 ) (-2944 -3072 4096 ) (-2944 -3072 -256 ) 
4 392 404 (-3072 -4096 -512 ) (-3072 -4096 4096 ) (-3072 -3072 4096 ) (-3072 -3072 -512 ) 
4 392 399 (-3072 -4096 4096 ) (-3072 -4096 -512 ) (-2944 -4096 -512 ) (-2944 -4096 4096 ) 
4 392 393 (-3072 -3072 -512 ) (-2944 -3072 -512 ) (-2944 -4096 -512 ) (-3072 -4096 -512 ) 
4 393 404 (-3072 -4096 -1792 ) (-3072 -4096 -512 ) (-3072 -3072 -512 ) (-3072 -3072 -1792 ) 
4 393 400 (-3072 -4096 -512 ) (-3072 -4096 -1792 ) (-2048 -4096 -1792 ) (-2048 -4096 -512 ) 
4 394 397 (-2048 -4096 4096 ) (-2048 -4096 -256 ) (-2048 -4544 -256 ) (-2048 -4544 4096 ) 
4 394 395 (-1024 -4544 -256 ) (-1024 -4544 4096 ) (-2048 -4544 4096 ) (-2048 -4544 -256 ) 
4 395 425 (-1024 -5120 -512 ) (-1024 -5120 4096 ) (-2048 -5120 4096 ) (-2048 -5120 -512 ) 
4 395 398 (-2048 -4544 -512 ) (-2048 -5120 -512 ) (-2048 -5120 4096 ) (-2048 -4544 4096 ) 
4 395 396 (-1024 -4544 -512 ) (-1024 -5120 -512 ) (-2048 -5120 -512 ) (-2048 -4544 -512 ) 
4 396 425 (-1024 -5120 -1792 ) (-1024 -5120 -512 ) (-2048 -5120 -512 ) (-2048 -5120 -1792 ) 
4 396 400 (-2048 -4096 -512 ) (-2048 -4096 -1792 ) (-2048 -5120 -1792 ) (-2048 -5120 -512 ) 
4 397 398 (-2944 -4544 4096 ) (-2944 -4544 -256 ) (-2048 -4544 -256 ) (-2048 -4544 4096 ) 
4 397 399 (-2944 -4544 -256 ) (-2944 -4544 4096 ) (-2944 -4096 4096 ) (-2944 -4096 -256 ) 
4 398 426 (-2048 -5120 -512 ) (-2048 -5120 4096 ) (-2944 -5120 4096 ) (-2944 -5120 -512 ) 
4 398 400 (-2048 -4544 -512 ) (-2048 -5120 -512 ) (-2944 -5120 -512 ) (-2944 -4544 -512 ) 
4 398 399 (-2944 -4544 -512 ) (-2944 -5120 -512 ) (-2944 -5120 4096 ) (-2944 -4544 4096 ) 
4 399 426 (-2944 -5120 4096 ) (-3072 -5120 4096 ) (-3072 -5120 -512 ) (-2944 -5120 -512 ) 
4 399 405 (-3072 -5120 -512 ) (-3072 -5120 4096 ) (-3072 -4096 4096 ) (-3072 -4096 -512 ) 
4 399 400 (-3072 -5120 -512 ) (-3072 -4096 -512 ) (-2944 -4096 -512 ) (-2944 -5120 -512 ) 
4 400 426 (-2048 -5120 -1792 ) (-2048 -5120 -512 ) (-3072 -5120 -512 ) (-3072 -5120 -1792 ) 
4 400 405 (-3072 -5120 -1792 ) (-3072 -5120 -512 ) (-3072 -4096 -512 ) (-3072 -4096 -1792 ) 
4 401 404 (-3072 -3072 -1792 ) (-3072 -3072 4096 ) (-4096 -3072 4096 ) (-4096 -3072 -1792 ) 
4 401 402 (-4096 -2048 4096 ) (-4096 -2048 -1792 ) (-4096 -3072 -1792 ) (-4096 -3072 4096 ) 
4 402 406 (-4096 -3072 -1792 ) (-4096 -3072 4096 ) (-5120 -3072 4096 ) (-5120 -3072 -1792 ) 
4 402 403 (-5120 -3072 -1792 ) (-5120 -3072 4096 ) (-5120 -2048 4096 ) (-5120 -2048 -1792 ) 
4 403 416 (-6144 -3072 -1792 ) (-6144 -3072 4096 ) (-6144 -2048 4096 ) (-6144 -2048 -1792 ) 
4 403 407 (-5120 -3072 -1792 ) (-5120 -3072 4096 ) (-6144 -3072 4096 ) (-6144 -3072 -1792 ) 
4 404 406 (-4096 -3072 4096 ) (-4096 -3072 -1792 ) (-4096 -4096 -1792 ) (-4096 -4096 4096 ) 
4 404 405 (-3072 -4096 -1792 ) (-3072 -4096 4096 ) (-4096 -4096 4096 ) (-4096 -4096 -1792 ) 
4 405 429 (-3072 -5120 -1792 ) (-3072 -5120 4096 ) (-4096 -5120 4096 ) (-4096 -5120 -1792 ) 
4 405 408 (-4096 -5120 -1792 ) (-4096 -5120 4096 ) (-4096 -4096 4096 ) (-4096 -4096 -1792 ) 
4 406 408 (-4096 -4096 -1792 ) (-4096 -4096 4096 ) (-5120 -4096 4096 ) (-5120 -4096 -1792 ) 
4 406 407 (-5120 -3072 4096 ) (-5120 -3072 -1792 ) (-5120 -4096 -1792 ) (-5120 -4096 4096 ) 
4 407 418 (-6144 -4096 -1792 ) (-6144 -4096 4096 ) (-6144 -3072 4096 ) (-6144 -3072 -1792 ) 
4 407 409 (-5120 -4096 -1792 ) (-5120 -4096 4096 ) (-6144 -4096 4096 ) (-6144 -4096 -1792 ) 
4 408 431 (-4096 -5120 -1792 ) (-4096 -5120 4096 ) (-5120 -5120 4096 ) (-5120 -5120 -1792 ) 
4 408 409 (-5120 -4096 4096 ) (-5120 -4096 -1792 ) (-5120 -5120 -1792 ) (-5120 -5120 4096 ) 
4 409 432 (-5120 -5120 -1792 ) (-5120 -5120 4096 ) (-6144 -5120 4096 ) (-6144 -5120 -1792 ) 
4 409 420 (-6144 -5120 -1792 ) (-6144 -5120 4096 ) (-6144 -4096 4096 ) (-6144 -4096 -1792 ) 
4 410 412 (-6144 -1024 -1792 ) (-6144 -1024 4096 ) (-7168 -1024 4096 ) (-7168 -1024 -1792 ) 
4 410 411 (-7168 0 4096 ) (-7168 0 -1792 ) (-7168 -1024 -1792 ) (-7168 -1024 4096 ) 
4 411 414 (-8192 0 4096 ) (-8192 0 -1792 ) (-8192 -1024 -1792 ) (-8192 -1024 4096 ) 
4 411 413 (-7168 -1024 -1792 ) (-7168 -1024 4096 ) (-8192 -1024 4096 ) (-8192 -1024 -1792 ) 
4 412 416 (-6144 -2048 -1792 ) (-6144 -2048 4096 ) (-7168 -2048 4096 ) (-7168 -2048 -1792 ) 
4 412 413 (-7168 -1024 4096 ) (-7168 -1024 -1792 ) (-7168 -2048 -1792 ) (-7168 -2048 4096 ) 
4 413 417 (-7168 -2048 -1792 ) (-7168 -2048 4096 ) (-8192 -2048 4096 ) (-8192 -2048 -1792 ) 
4 413 415 (-8192 -2048 -1792 ) (-8192 -2048 4096 ) (-8192 -1024 4096 ) (-8192 -1024 -1792 ) 
4 414 415 (-8192 -1024 -1792 ) (-8192 -1024 4096 ) (-8869.330078 -1024 4096 ) (-8869.330078 -1024 -1792 ) 
4 415 422 (-8192 -2048 -1792 ) (-8192 -2048 4096 ) (-8869.330078 -2048 4096 ) (-8869.330078 -2048 -1792 ) 
4 416 418 (-6144 -3072 -1792 ) (-6144 -3072 4096 ) (-7168 -3072 4096 ) (-7168 -3072 -1792 ) 
4 416 417 (-7168 -2048 4096 ) (-7168 -2048 -1792 ) (-7168 -3072 -1792 ) (-7168 -3072 4096 ) 
4 417 422 (-8192 -2048 4096 ) (-8192 -2048 -1792 ) (-8192 -3072 -1792 ) (-8192 -3072 4096 ) 
4 417 419 (-7168 -3072 -1792 ) (-7168 -3072 4096 ) (-8192 -3072 4096 ) (-8192 -3072 -1792 ) 
4 418 420 (-6144 -4096 -1792 ) (-6144 -4096 4096 ) (-7168 -4096 4096 ) (-7168 -4096 -1792 ) 
4 418 419 (-7168 -4096 -1792 ) (-7168 -4096 4096 ) (-7168 -3072 4096 ) (-7168 -3072 -1792 ) 
4 419 423 (-8192 -4096 -1792 ) (-8192 -4096 4096 ) (-8192 -3072 4096 ) (-8192 -3072 -1792 ) 
4 419 421 (-8192 -4096 4096 ) (-8192 -4096 -1792 ) (-7168 -4096 -1792 ) (-7168 -4096 4096 ) 
4 420 440 (-6144 -5120 -1792 ) (-6144 -5120 4096 ) (-7168 -5120 4096 ) (-7168 -5120 -1792 ) 
4 420 421 (-7168 -4096 4096 ) (-7168 -4096 -1792 ) (-7168 -5120 -1792 ) (-7168 -5120 4096 ) 
4 421 441 (-7168 -5120 -1792 ) (-7168 -5120 4096 ) (-8192 -5120 4096 ) (-8192 -5120 -1792 ) 
4 421 424 (-8192 -5120 -1792 ) (-8192 -5120 4096 ) (-8192 -4096 4096 ) (-8192 -4096 -1792 ) 
4 422 423 (-8192 -3072 -1792 ) (-8192 -3072 4096 ) (-8869.330078 -3072 4096 ) (-8869.330078 -3072 -1792 ) 
4 423 424 (-8192 -4096 -1792 ) (-8192 -4096 4096 ) (-8869.330078 -4096 4096 ) (-8869.330078 -4096 -1792 ) 
4 424 444 (-8192 -5120 -1792 ) (-8192 -5120 4096 ) (-8869.330078 -5120 4096 ) (-8869.330078 -5120 -1792 ) 
4 425 427 (-1024 -6144 -1792 ) (-1024 -6144 4096 ) (-2048 -6144 4096 ) (-2048 -6144 -1792 ) 
4 425 426 (-2048 -5120 4096 ) (-2048 -5120 -1792 ) (-2048 -6144 -1792 ) (-2048 -6144 4096 ) 
4 426 429 (-3072 -5120 4096 ) (-3072 -5120 -1792 ) (-3072 -6144 -1792 ) (-3072 -6144 4096 ) 
4 426 428 (-2048 -6144 -1792 ) (-2048 -6144 4096 ) (-3072 -6144 4096 ) (-3072 -6144 -1792 ) 
4 427 435 (-1024 -7168 -1792 ) (-1024 -7168 4096 ) (-2048 -7168 4096 ) (-2048 -7168 -1792 ) 
4 427 428 (-2048 -6144 4096 ) (-2048 -6144 -1792 ) (-2048 -7168 -1792 ) (-2048 -7168 4096 ) 
4 428 436 (-2048 -7168 -1792 ) (-2048 -7168 4096 ) (-3072 -7168 4096 ) (-3072 -7168 -1792 ) 
4 428 430 (-3072 -7168 -1792 ) (-3072 -7168 4096 ) (-3072 -6144 4096 ) (-3072 -6144 -1792 ) 
4 429 431 (-4096 -6144 -1792 ) (-4096 -6144 4096 ) (-4096 -5120 4096 ) (-4096 -5120 -1792 ) 
4 429 430 (-3072 -6144 -1792 ) (-3072 -6144 4096 ) (-4096 -6144 4096 ) (-4096 -6144 -1792 ) 
4 430 437 (-3072 -7168 -1792 ) (-3072 -7168 4096 ) (-4096 -7168 4096 ) (-4096 -7168 -1792 ) 
4 430 433 (-4096 -7168 -1792 ) (-4096 -7168 4096 ) (-4096 -6144 4096 ) (-4096 -6144 -1792 ) 
4 431 433 (-4096 -6144 -1792 ) (-4096 -6144 4096 ) (-5120 -6144 4096 ) (-5120 -6144 -1792 ) 
4 431 432 (-5120 -6144 -1792 ) (-5120 -6144 4096 ) (-5120 -5120 4096 ) (-5120 -5120 -1792 ) 
4 432 440 (-6144 -5120 4096 ) (-6144 -5120 -1792 ) (-6144 -6144 -1792 ) (-6144 -6144 4096 ) 
4 432 434 (-6144 -6144 4096 ) (-6144 -6144 -1792 ) (-5120 -6144 -1792 ) (-5120 -6144 4096 ) 
4 433 438 (-4096 -7168 -1792 ) (-4096 -7168 4096 ) (-5120 -7168 4096 ) (-5120 -7168 -1792 ) 
4 433 434 (-5120 -6144 4096 ) (-5120 -6144 -1792 ) (-5120 -7168 -1792 ) (-5120 -7168 4096 ) 
4 434 442 (-6144 -7168 -1792 ) (-6144 -7168 4096 ) (-6144 -6144 4096 ) (-6144 -6144 -1792 ) 
4 434 439 (-5120 -7168 -1792 ) (-5120 -7168 4096 ) (-6144 -7168 4096 ) (-6144 -7168 -1792 ) 
4 435 436 (-2048 -7168 4096 ) (-2048 -7168 -1792 ) (-2048 -8032.940430 -1792 ) (-2048 -8032.940430 4096 ) 
4 436 437 (-3072 -7168 4096 ) (-3072 -7168 -1792 ) (-3072 -8032.940430 -1792 ) (-3072 -8032.940430 4096 ) 
4 437 438 (-4096 -7168 4096 ) (-4096 -7168 -1792 ) (-4096 -8032.940430 -1792 ) (-4096 -8032.940430 4096 ) 
4 438 439 (-5120 -8032.940430 -1792 ) (-5120 -8032.940430 4096 ) (-5120 -7168 4096 ) (-5120 -7168 -1792 ) 
4 439 446 (-6144 -8032.940430 -1792 ) (-6144 -8032.940430 4096 ) (-6144 -7168 4096 ) (-6144 -7168 -1792 ) 
4 440 442 (-6144 -6144 -1792 ) (-6144 -6144 4096 ) (-7168 -6144 4096 ) (-7168 -6144 -1792 ) 
4 440 441 (-7168 -5120 4096 ) (-7168 -5120 -1792 ) (-7168 -6144 -1792 ) (-7168 -6144 4096 ) 
4 441 444 (-8192 -5120 4096 ) (-8192 -5120 -1792 ) (-8192 -6144 -1792 ) (-8192 -6144 4096 ) 
4 441 443 (-7168 -6144 -1792 ) (-7168 -6144 4096 ) (-8192 -6144 4096 ) (-8192 -6144 -1792 ) 
4 442 446 (-6144 -7168 -1792 ) (-6144 -7168 4096 ) (-7168 -7168 4096 ) (-7168 -7168 -1792 ) 
4 442 443 (-7168 -6144 4096 ) (-7168 -6144 -1792 ) (-7168 -7168 -1792 ) (-7168 -7168 4096 ) 
4 443 447 (-7168 -7168 -1792 ) (-7168 -7168 4096 ) (-8192 -7168 4096 ) (-8192 -7168 -1792 ) 
4 443 445 (-8192 -7168 -1792 ) (-8192 -7168 4096 ) (-8192 -6144 4096 ) (-8192 -6144 -1792 ) 
4 444 445 (-8192 -6144 -1792 ) (-8192 -6144 4096 ) (-8869.330078 -6144 4096 ) (-8869.330078 -6144 -1792 ) 
4 445 448 (-8192 -7168 -1792 ) (-8192 -7168 4096 ) (-8869.330078 -7168 4096 ) (-8869.330078 -7168 -1792 ) 
4 446 447 (-7168 -7168 4096 ) (-7168 -7168 -1792 ) (-7168 -8032.940430 -1792 ) (-7168 -8032.940430 4096 ) 
4 447 448 (-8192 -7168 4096 ) (-8192 -7168 -1792 ) (-8192 -8032.940430 -1792 ) (-8192 -8032.940430 4096 ) 
