PRT1
21
37
4 0 9 (1024 0 192 ) (1024 80 288 ) (1024 128 288 ) (1024 128 192 ) 
4 0 8 (1024 128 288 ) (1024 256 288 ) (1024 256 192 ) (1024 128 192 ) 
4 0 2 (1024 256 288 ) (1024 304 288 ) (1024 384 192 ) (1024 256 192 ) 
4 0 1 (1024 0 192 ) (1024 384 192 ) (1152 384 192 ) (1152 0 192 ) 
4 1 9 (1024 0 0 ) (1024 0 192 ) (1024 128 192 ) (1024 128 0 ) 
4 1 8 (1024 128 192 ) (1024 256 192 ) (1024 256 0 ) (1024 128 0 ) 
4 1 3 (1024 256 192 ) (1024 384 192 ) (1024 384 0 ) (1024 256 0 ) 
4 2 8 (0 256 288 ) (0 256 192 ) (1024 256 192 ) (1024 256 288 ) 
4 2 4 (320 256 192 ) (0 256 192 ) (0 384 192 ) (320 384 192 ) 
4 2 3 (1024 256 192 ) (320 256 192 ) (320 384 192 ) (1024 384 192 ) 
4 3 8 (320 256 0 ) (1024 256 0 ) (1024 256 192 ) (320 256 192 ) 
4 3 4 (320 384 0 ) (320 256 0 ) (320 256 192 ) (320 384 192 ) 
4 4 10 (0 256 0 ) (0 256 108 ) (0 288 108 ) (0 288 0 ) 
4 4 8 (0 256 192 ) (0 256 0 ) (320 256 0 ) (320 256 192 ) 
4 5 8 (1024 128 288 ) (896 128 288 ) (896 256 288 ) (1024 256 288 ) 
4 6 8 (640 128 288 ) (512 128 288 ) (512 256 288 ) (640 256 288 ) 
4 7 8 (256 128 288 ) (128 128 288 ) (128 256 288 ) (256 256 288 ) 
4 8 12 (0 128 48 ) (0 128 88 ) (0 184 88 ) (0 184 48 ) 
4 8 10 (0 256 108 ) (0 256 0 ) (0 240 0 ) (0 240 108 ) 
4 8 9 (1024 128 0 ) (1024 128 288 ) (0 128 288 ) (0 128 0 ) 
4 9 12 (0 128 88 ) (0 128 48 ) (0 8 48 ) (0 8 88 ) 
4 9 11 (0 48 166 ) (0 48 128 ) (0 8 128 ) (0 8 166 ) 
4 10 15 (-16 240 0 ) (-16 240 108 ) (-16 288 108 ) (-16 288 0 ) 
4 11 18 (-16 8 128 ) (-16 8 166 ) (-16 48 166 ) (-16 48 128 ) 
4 12 13 (-6 184 48 ) (-6 8 48 ) (-6 8 88 ) (-6 184 88 ) 
4 13 14 (-10 184 48 ) (-10 8 48 ) (-10 8 88 ) (-10 184 88 ) 
4 14 18 (-16 8 48 ) (-16 8 88 ) (-16 48 88 ) (-16 48 48 ) 
4 14 16 (-16 48 88 ) (-16 184 88 ) (-16 184 48 ) (-16 48 48 ) 
4 15 16 (-16 184 192 ) (-40 184 192 ) (-40 184 31.992645 ) (-16 184 39.992645 ) 
4 15 17 (-40 184 192 ) (-176 184 192 ) (-176 184 0 ) (-40 184 0 ) 
4 16 18 (-16 48 192 ) (-40 48 192 ) (-40 48 40 ) (-16 48 40 ) 
4 16 17 (-40 184 192 ) (-40 184 31.992645 ) (-40 48 31.992645 ) (-40 48 192 ) 
4 17 18 (-40 48 192 ) (-80 48 192 ) (-80 48 40 ) (-40 48 40 ) 
4 17 20 (-80 48 192 ) (-176 48 192 ) (-176 48 0 ) (-80 48 0 ) 
4 18 19 (-80 8 192 ) (-80 8 40 ) (-16 8 40 ) (-16 8 192 ) 
4 18 20 (-80 48 192 ) (-80 48 40 ) (-80 8 40 ) (-80 8 192 ) 
4 19 20 (-80 8 0 ) (-80 0 0 ) (-80 0 192 ) (-80 8 192 ) 
