PRT1
49
84
4 0 3 (6656 -1024 0 ) (6656 -1024 3584 ) (6144 -1024 3584 ) (6144 -1024 0 ) 
4 0 1 (6144 -1024 0 ) (6144 -1024 3584 ) (6144 0 3584 ) (6144 0 0 ) 
4 1 5 (6144 -1024 0 ) (6144 -1024 3584 ) (5120 -1024 3584 ) (5120 -1024 0 ) 
4 1 2 (5120 0 3584 ) (5120 0 0 ) (5120 -1024 0 ) (5120 -1024 3584 ) 
4 2 21 (4096 -1024 0 ) (4096 -1024 3584 ) (4096 0 3584 ) (4096 0 0 ) 
4 2 6 (4096 -1024 3584 ) (4096 -1024 0 ) (5120 -1024 0 ) (5120 -1024 3584 ) 
4 3 5 (6144 -1024 3584 ) (6144 -1024 0 ) (6144 -2048 0 ) (6144 -2048 3584 ) 
4 3 4 (6656 -2048 0 ) (6656 -2048 3584 ) (6144 -2048 3584 ) (6144 -2048 0 ) 
4 4 9 (6656 -3072 0 ) (6656 -3072 3584 ) (6144 -3072 3584 ) (6144 -3072 0 ) 
4 4 7 (6144 -3072 0 ) (6144 -3072 3584 ) (6144 -2048 3584 ) (6144 -2048 0 ) 
4 5 7 (6144 -2048 0 ) (6144 -2048 3584 ) (5120 -2048 3584 ) (5120 -2048 0 ) 
4 5 6 (5120 -1024 3584 ) (5120 -1024 0 ) (5120 -2048 0 ) (5120 -2048 3584 ) 
4 6 24 (4096 -2048 0 ) (4096 -2048 3584 ) (4096 -1024 3584 ) (4096 -1024 0 ) 
4 6 8 (4096 -2048 3584 ) (4096 -2048 0 ) (5120 -2048 0 ) (5120 -2048 3584 ) 
4 7 11 (6144 -3072 0 ) (6144 -3072 3584 ) (5120 -3072 3584 ) (5120 -3072 0 ) 
4 7 8 (5120 -2048 3584 ) (5120 -2048 0 ) (5120 -3072 0 ) (5120 -3072 3584 ) 
4 8 25 (4096 -3072 0 ) (4096 -3072 3584 ) (4096 -2048 3584 ) (4096 -2048 0 ) 
4 8 12 (5120 -3072 0 ) (5120 -3072 3584 ) (4096 -3072 3584 ) (4096 -3072 0 ) 
4 9 11 (6144 -3072 3584 ) (6144 -3072 0 ) (6144 -4096 0 ) (6144 -4096 3584 ) 
4 9 10 (6656 -4096 0 ) (6656 -4096 3584 ) (6144 -4096 3584 ) (6144 -4096 0 ) 
4 10 15 (6656 -5120 0 ) (6656 -5120 3584 ) (6144 -5120 3584 ) (6144 -5120 0 ) 
4 10 13 (6144 -5120 0 ) (6144 -5120 3584 ) (6144 -4096 3584 ) (6144 -4096 0 ) 
4 11 13 (6144 -4096 0 ) (6144 -4096 3584 ) (5120 -4096 3584 ) (5120 -4096 0 ) 
4 11 12 (5120 -3072 3584 ) (5120 -3072 0 ) (5120 -4096 0 ) (5120 -4096 3584 ) 
4 12 33 (4096 -4096 0 ) (4096 -4096 3584 ) (4096 -3072 3584 ) (4096 -3072 0 ) 
4 12 14 (5120 -4096 0 ) (5120 -4096 3584 ) (4096 -4096 3584 ) (4096 -4096 0 ) 
4 13 16 (6144 -5120 0 ) (6144 -5120 3584 ) (5120 -5120 3584 ) (5120 -5120 0 ) 
4 13 14 (5120 -4096 3584 ) (5120 -4096 0 ) (5120 -5120 0 ) (5120 -5120 3584 ) 
4 14 34 (4096 -5120 0 ) (4096 -5120 3584 ) (4096 -4096 3584 ) (4096 -4096 0 ) 
4 14 17 (4096 -5120 3584 ) (4096 -5120 0 ) (5120 -5120 0 ) (5120 -5120 3584 ) 
4 15 18 (6656 -6144 0 ) (6656 -6144 3584 ) (6144 -6144 3584 ) (6144 -6144 0 ) 
4 15 16 (6144 -5120 3584 ) (6144 -5120 0 ) (6144 -6144 0 ) (6144 -6144 3584 ) 
4 16 19 (6144 -6144 0 ) (6144 -6144 3584 ) (5120 -6144 3584 ) (5120 -6144 0 ) 
4 16 17 (5120 -6144 0 ) (5120 -6144 3584 ) (5120 -5120 3584 ) (5120 -5120 0 ) 
4 17 39 (4096 -6144 0 ) (4096 -6144 3584 ) (4096 -5120 3584 ) (4096 -5120 0 ) 
4 17 20 (4096 -6144 3584 ) (4096 -6144 0 ) (5120 -6144 0 ) (5120 -6144 3584 ) 
4 18 19 (6144 -6144 3584 ) (6144 -6144 0 ) (6144 -6656 0 ) (6144 -6656 3584 ) 
4 19 20 (5120 -6144 3584 ) (5120 -6144 0 ) (5120 -6656 0 ) (5120 -6656 3584 ) 
4 20 42 (4096 -6656 0 ) (4096 -6656 3584 ) (4096 -6144 3584 ) (4096 -6144 0 ) 
4 21 24 (4096 -1024 0 ) (4096 -1024 3584 ) (3072 -1024 3584 ) (3072 -1024 0 ) 
4 21 22 (3072 0 3584 ) (3072 0 0 ) (3072 -1024 0 ) (3072 -1024 3584 ) 
4 22 26 (3072 -1024 0 ) (3072 -1024 3584 ) (2048 -1024 3584 ) (2048 -1024 0 ) 
4 22 23 (2048 -1024 0 ) (2048 -1024 3584 ) (2048 0 3584 ) (2048 0 0 ) 
4 23 30 (1024 -1024 0 ) (1024 -1024 3584 ) (1024 0 3584 ) (1024 0 0 ) 
4 23 27 (1024 -1024 3584 ) (1024 -1024 0 ) (2048 -1024 0 ) (2048 -1024 3584 ) 
4 24 26 (3072 -1024 3584 ) (3072 -1024 0 ) (3072 -2048 0 ) (3072 -2048 3584 ) 
4 24 25 (4096 -2048 0 ) (4096 -2048 3584 ) (3072 -2048 3584 ) (3072 -2048 0 ) 
4 25 33 (4096 -3072 0 ) (4096 -3072 3584 ) (3072 -3072 3584 ) (3072 -3072 0 ) 
4 25 28 (3072 -3072 0 ) (3072 -3072 3584 ) (3072 -2048 3584 ) (3072 -2048 0 ) 
4 26 28 (3072 -2048 0 ) (3072 -2048 3584 ) (2048 -2048 3584 ) (2048 -2048 0 ) 
4 26 27 (2048 -1024 3584 ) (2048 -1024 0 ) (2048 -2048 0 ) (2048 -2048 3584 ) 
4 27 31 (1024 -2048 0 ) (1024 -2048 3584 ) (1024 -1024 3584 ) (1024 -1024 0 ) 
4 27 29 (1024 -2048 3584 ) (1024 -2048 0 ) (2048 -2048 0 ) (2048 -2048 3584 ) 
4 28 35 (3072 -3072 0 ) (3072 -3072 3584 ) (2048 -3072 3584 ) (2048 -3072 0 ) 
4 28 29 (2048 -2048 3584 ) (2048 -2048 0 ) (2048 -3072 0 ) (2048 -3072 3584 ) 
4 29 36 (2048 -3072 0 ) (2048 -3072 3584 ) (1024 -3072 3584 ) (1024 -3072 0 ) 
4 29 32 (1024 -3072 0 ) (1024 -3072 3584 ) (1024 -2048 3584 ) (1024 -2048 0 ) 
4 30 31 (1024 -1024 0 ) (1024 -1024 3584 ) (0 -1024 3584 ) (0 -1024 0 ) 
4 31 32 (1024 -2048 0 ) (1024 -2048 3584 ) (0 -2048 3584 ) (0 -2048 0 ) 
4 32 45 (1024 -3072 0 ) (1024 -3072 3584 ) (0 -3072 3584 ) (0 -3072 0 ) 
4 33 35 (3072 -3072 3584 ) (3072 -3072 0 ) (3072 -4096 0 ) (3072 -4096 3584 ) 
4 33 34 (4096 -4096 0 ) (4096 -4096 3584 ) (3072 -4096 3584 ) (3072 -4096 0 ) 
4 34 39 (4096 -5120 0 ) (4096 -5120 3584 ) (3072 -5120 3584 ) (3072 -5120 0 ) 
4 34 37 (3072 -5120 0 ) (3072 -5120 3584 ) (3072 -4096 3584 ) (3072 -4096 0 ) 
4 35 37 (3072 -4096 0 ) (3072 -4096 3584 ) (2048 -4096 3584 ) (2048 -4096 0 ) 
4 35 36 (2048 -3072 3584 ) (2048 -3072 0 ) (2048 -4096 0 ) (2048 -4096 3584 ) 
4 36 45 (1024 -3072 3584 ) (1024 -3072 0 ) (1024 -4096 0 ) (1024 -4096 3584 ) 
4 36 38 (2048 -4096 0 ) (2048 -4096 3584 ) (1024 -4096 3584 ) (1024 -4096 0 ) 
4 37 40 (3072 -5120 0 ) (3072 -5120 3584 ) (2048 -5120 3584 ) (2048 -5120 0 ) 
4 37 38 (2048 -4096 3584 ) (2048 -4096 0 ) (2048 -5120 0 ) (2048 -5120 3584 ) 
4 38 46 (1024 -5120 0 ) (1024 -5120 3584 ) (1024 -4096 3584 ) (1024 -4096 0 ) 
4 38 41 (2048 -5120 0 ) (2048 -5120 3584 ) (1024 -5120 3584 ) (1024 -5120 0 ) 
4 39 42 (4096 -6144 0 ) (4096 -6144 3584 ) (3072 -6144 3584 ) (3072 -6144 0 ) 
4 39 40 (3072 -6144 0 ) (3072 -6144 3584 ) (3072 -5120 3584 ) (3072 -5120 0 ) 
4 40 43 (3072 -6144 0 ) (3072 -6144 3584 ) (2048 -6144 3584 ) (2048 -6144 0 ) 
4 40 41 (2048 -5120 3584 ) (2048 -5120 0 ) (2048 -6144 0 ) (2048 -6144 3584 ) 
4 41 47 (1024 -6144 0 ) (1024 -6144 3584 ) (1024 -5120 3584 ) (1024 -5120 0 ) 
4 41 44 (1024 -6144 3584 ) (1024 -6144 0 ) (2048 -6144 0 ) (2048 -6144 3584 ) 
4 42 43 (3072 -6144 3584 ) (3072 -6144 0 ) (3072 -6656 0 ) (3072 -6656 3584 ) 
4 43 44 (2048 -6144 3584 ) (2048 -6144 0 ) (2048 -6656 0 ) (2048 -6656 3584 ) 
4 44 48 (1024 -6656 0 ) (1024 -6656 3584 ) (1024 -6144 3584 ) (1024 -6144 0 ) 
4 45 46 (1024 -4096 0 ) (1024 -4096 3584 ) (0 -4096 3584 ) (0 -4096 0 ) 
4 46 47 (1024 -5120 0 ) (1024 -5120 3584 ) (0 -5120 3584 ) (0 -5120 0 ) 
4 47 48 (1024 -6144 0 ) (1024 -6144 3584 ) (0 -6144 3584 ) (0 -6144 0 ) 
