PRT1
73
186
4 0 6 (2240 1024 272 ) (2256 1024 272 ) (2256 1024 624 ) (2240 1024 624 ) 
4 0 1 (2240 1040 272 ) (2240 1024 272 ) (2240 1024 624 ) (2240 1040 624 ) 
4 1 7 (2048 1024 624 ) (2048 1024 272 ) (2240 1024 272 ) (2240 1024 624 ) 
4 1 2 (2048 1024 272 ) (2048 1024 624 ) (2048 1040 624 ) (2048 1040 272 ) 
4 2 15 (1152 1024 284 ) (1024 1024 284 ) (1024 1024 272 ) (1152 1024 272 ) 
4 2 14 (2048 1024 272 ) (2048 1024 284 ) (1152 1024 284 ) (1152 1024 272 ) 
4 2 10 (1304 1024 624 ) (1088 1024 624 ) (1088 1024 284 ) (1304 1024 284 ) 
4 2 9 (2048 1024 284 ) (2048 1024 624 ) (1304 1024 624 ) (1304 1024 284 ) 
4 2 12 (1088 1024 624 ) (1024 1024 624 ) (1024 1024 284 ) (1088 1024 284 ) 
4 2 3 (1024 1024 272 ) (1024 1024 624 ) (1024 1040 624 ) (1024 1040 272 ) 
4 3 69 (1024 1024 272 ) (1024 1024 624 ) (752 1024 624 ) (752 1024 272 ) 
4 3 4 (752 1040 560 ) (752 1040 272 ) (752 1024 272 ) (752 1024 560 ) 
4 4 70 (752 1024 272 ) (752 1024 560 ) (624 1024 560 ) (624 1024 272 ) 
4 4 5 (624 1040 560 ) (624 1040 272 ) (624 1024 272 ) (624 1024 560 ) 
4 5 71 (624 1024 272 ) (624 1024 624 ) (16 1024 624 ) (16 1024 272 ) 
4 6 7 (2240 1024 272 ) (2240 16 272 ) (2240 16 624 ) (2240 1024 624 ) 
4 7 17 (2048 528 272 ) (2048 16 272 ) (2048 16 284 ) (2048 528 284 ) 
4 7 14 (2048 1024 284 ) (2048 1024 272 ) (2048 528 272 ) (2048 528 284 ) 
4 7 13 (2048 526 284 ) (2048 16 284 ) (2048 16 624 ) (2048 526 624 ) 
4 7 9 (2048 1024 624 ) (2048 1024 284 ) (2048 526 284 ) (2048 526 624 ) 
4 7 8 (2048 144 272 ) (2048 912 272 ) (2064 912 272 ) (2064 144 272 ) 
4 8 61 (2048 912 0 ) (2048 144 0 ) (2048 144 128 ) (2048 912 128 ) 
4 8 56 (2048 144 128 ) (2048 144 141 ) (2048 240 141 ) (2048 240 128 ) 
4 8 55 (2048 240 141 ) (2048 528 141 ) (2048 528 128 ) (2048 240 128 ) 
4 8 51 (2048 528 141 ) (2048 560 141 ) (2048 560 128 ) (2048 528 128 ) 
4 8 45 (2048 560 141 ) (2048 624 141 ) (2048 624 128 ) (2048 560 128 ) 
4 8 40 (2048 624 141 ) (2048 816 141 ) (2048 816 128 ) (2048 624 128 ) 
4 8 39 (2048 816 141 ) (2048 912 141 ) (2048 912 128 ) (2048 816 128 ) 
4 8 32 (2048 144 141 ) (2048 144 144 ) (2048 240 144 ) (2048 240 141 ) 
4 8 31 (2048 240 144 ) (2048 528 144 ) (2048 528 141 ) (2048 240 141 ) 
4 8 28 (2048 528 144 ) (2048 560 144 ) (2048 560 141 ) (2048 528 141 ) 
4 8 23 (2048 560 144 ) (2048 624 144 ) (2048 624 141 ) (2048 560 141 ) 
4 8 19 (2048 624 144 ) (2048 912 144 ) (2048 912 141 ) (2048 624 141 ) 
4 8 18 (2048 144 144 ) (2048 144 272 ) (2048 912 272 ) (2048 912 144 ) 
4 9 17 (2048 528 284 ) (2048 526 284 ) (1304 526 284 ) (1304 528 284 ) 
4 9 14 (1304 1024 284 ) (2048 1024 284 ) (2048 528 284 ) (1304 528 284 ) 
4 9 13 (1304 526 284 ) (2048 526 284 ) (2048 526 624 ) (1304 526 624 ) 
4 9 11 (1304 526 288 ) (1304 526 624 ) (1304 562 624 ) (1304 562 288 ) 
4 9 10 (1304 1024 284 ) (1304 562 284 ) (1304 562 624 ) (1304 1024 624 ) 
4 10 15 (1088 1024 284 ) (1152 1024 284 ) (1152 562 284 ) (1088 562 284 ) 
4 10 14 (1152 1024 284 ) (1304 1024 284 ) (1304 562 284 ) (1152 562 284 ) 
4 10 11 (1088 562 624 ) (1088 562 288 ) (1304 562 288 ) (1304 562 624 ) 
4 10 12 (1088 1024 284 ) (1088 562 284 ) (1088 562 624 ) (1088 1024 624 ) 
4 11 13 (1304 526 288 ) (1304 526 624 ) (1088 526 624 ) (1088 526 288 ) 
4 11 12 (1088 526 288 ) (1088 526 624 ) (1088 562 624 ) (1088 562 288 ) 
4 12 69 (1024 1024 624 ) (1024 1024 284 ) (1024 526 284 ) (1024 526 624 ) 
4 12 17 (1088 528 284 ) (1088 526 284 ) (1024 526 284 ) (1024 528 284 ) 
4 12 16 (1088 560 284 ) (1088 528 284 ) (1024 528 284 ) (1024 560 284 ) 
4 12 15 (1024 1024 284 ) (1088 1024 284 ) (1088 560 284 ) (1024 560 284 ) 
4 12 13 (1024 526 284 ) (1088 526 284 ) (1088 526 624 ) (1024 526 624 ) 
4 13 69 (1024 526 284 ) (1024 16 284 ) (1024 16 624 ) (1024 526 624 ) 
4 13 17 (2048 526 284 ) (2048 16 284 ) (1024 16 284 ) (1024 526 284 ) 
4 14 18 (2048 912 272 ) (2048 528 272 ) (1168 528 272 ) (1168 912 272 ) 
4 14 17 (1152 528 272 ) (2048 528 272 ) (2048 528 284 ) (1152 528 284 ) 
4 14 15 (1152 1024 272 ) (1152 560 272 ) (1152 560 284 ) (1152 1024 284 ) 
4 15 69 (1024 1024 284 ) (1024 1024 272 ) (1024 560 272 ) (1024 560 284 ) 
4 15 16 (1024 560 272 ) (1096 560 272 ) (1088 560 284 ) (1024 560 284 ) 
4 16 69 (1024 560 272 ) (1024 528 272 ) (1024 528 284 ) (1024 560 284 ) 
4 16 17 (1024 528 272 ) (1096 528 272 ) (1088 528 284 ) (1024 528 284 ) 
4 17 69 (1024 528 272 ) (1024 16 272 ) (1024 16 284 ) (1024 528 284 ) 
4 17 18 (2048 528 272 ) (2048 144 272 ) (1168 144 272 ) (1168 528 272 ) 
4 18 37 (1168 912 144 ) (1648 912 144 ) (1648 816 144 ) (1168 816 144 ) 
4 18 38 (1648 240 144 ) (1648 144 144 ) (1168 144 144 ) (1168 240 144 ) 
4 18 36 (1680 240 144 ) (1680 144 144 ) (1648 144 144 ) (1648 240 144 ) 
4 18 35 (1680 592 144 ) (1680 560 144 ) (1648 560 144 ) (1648 592 144 ) 
4 18 34 (1680 688 144 ) (1680 624 144 ) (1648 624 144 ) (1648 688 144 ) 
4 18 33 (1648 912 144 ) (1680 912 144 ) (1680 816 144 ) (1648 816 144 ) 
4 18 32 (2048 240 144 ) (2048 144 144 ) (1680 144 144 ) (1680 240 144 ) 
4 18 31 (2048 528 144 ) (2048 240 144 ) (1968 240 144 ) (1968 528 144 ) 
4 18 29 (1808 528 144 ) (1760 528 144 ) (1749.329956 560 144 ) (1808 560 144 ) 
4 18 30 (1744 528 144 ) (1712 528 144 ) (1712 560 144 ) (1744 560 144 ) 
5 18 28 (2048 560 144 ) (2048 528 144 ) (1872 528 144 ) (1808 552 144 ) (1808 560 144 ) 
3 18 26 (1738.670044 592 144 ) (1744 592 144 ) (1744 576 144 ) 
4 18 27 (1712 560 144 ) (1680 560 144 ) (1680 592 144 ) (1712 592 144 ) 
4 18 25 (1712 624 144 ) (1727.989868 624 144 ) (1738.659912 592 144 ) (1712 592 144 ) 
4 18 24 (1744 592 144 ) (1744 624 144 ) (1776 624 144 ) (1776 592 144 ) 
5 18 23 (2048 624 144 ) (2048 560 144 ) (1786.679932 560 144 ) (1776 564 144 ) (1776 624 144 ) 
4 18 22 (1744 652 144 ) (1744 624 144 ) (1728 624 144 ) (1712 672 144 ) 
7 18 21 (1680 912 144 ) (1744 912 144 ) (1744 652 144 ) (1696 682 144 ) (1688.270386 691.178650 144 ) (1684.488159 702.536377 144 ) (1680 767.998840 144 ) 
4 18 20 (1744 912 144 ) (1776 912 144 ) (1776 633.909912 144 ) (1744 646.099915 144 ) 
4 18 19 (1776 912 144 ) (2048 912 144 ) (2048 624 144 ) (1776 624 144 ) 
4 19 41 (1968 624 141 ) (1776 624 141 ) (1776 816 141 ) (1968 816 141 ) 
4 19 40 (2048 816 141 ) (2048 624 141 ) (1968 624 141 ) (1968 816 141 ) 
4 19 39 (2048 912 141 ) (2048 816 141 ) (1776 816 141 ) (1776 912 141 ) 
4 19 23 (1776 624 141 ) (2048 624 141 ) (2048 624 144 ) (1776 624 144 ) 
4 19 20 (1776 912 144 ) (1776 912 141 ) (1776 633.909546 141 ) (1776 633.909912 144 ) 
4 20 42 (1744 646.099548 141 ) (1744 816 141 ) (1776 816 141 ) (1776 633.909546 141 ) 
4 20 39 (1744 816 141 ) (1744 912 141 ) (1776 912 141 ) (1776 816 141 ) 
4 20 22 (1744 652 141 ) (1744 646.099548 141 ) (1744 646.099915 144 ) (1744 652 144 ) 
4 20 21 (1744 912 144 ) (1744 912 141 ) (1744 652 141 ) (1744 652 144 ) 
7 21 43 (1680 767.998840 141 ) (1680 816 141 ) (1744 816 141 ) (1744 652 141 ) (1696 682 141 ) (1688.270874 691.178101 141 ) (1684.488037 702.537354 141 ) 
4 21 39 (1680 816 141 ) (1680 912 141 ) (1744 912 141 ) (1744 816 141 ) 
4 21 33 (1680 912 141 ) (1680 816 141 ) (1680 816 144 ) (1680 912 144 ) 
4 21 22 (1712 672.002563 141 ) (1744 652.001953 141 ) (1744 652.001953 144 ) (1712 672.002563 144 ) 
4 22 44 (1744 624 141 ) (1728 624 141 ) (1712 672 141 ) (1744 652 141 ) 
5 23 46 (1968 560 141 ) (1786.679932 560 141 ) (1776 564 141 ) (1776 624 141 ) (1968 624 141 ) 
4 23 45 (2048 624 141 ) (2048 560 141 ) (1968 560 141 ) (1968 624 141 ) 
4 23 29 (1786.679932 560 141 ) (1808 560 141 ) (1808 560 144 ) (1786.679932 560 144 ) 
4 23 28 (1808 560 141 ) (2048 560 141 ) (2048 560 144 ) (1808 560 144 ) 
4 23 24 (1776 624 144 ) (1776 624 141 ) (1776 592 141 ) (1776 592 144 ) 
4 24 47 (1744 592 141 ) (1744 624 141 ) (1776 624 141 ) (1776 592 141 ) 
4 25 48 (1712 624 141 ) (1727.989868 624 141 ) (1738.659912 592 141 ) (1712 592 141 ) 
3 26 49 (1738.670044 592 141 ) (1744 592 141 ) (1744 576 141 ) 
4 27 50 (1712 560 141 ) (1680 560 141 ) (1680 592 141 ) (1712 592 141 ) 
4 27 35 (1680 560 143 ) (1680 560 144 ) (1680 592 144 ) (1680 592 143 ) 
5 28 52 (1968 528 141 ) (1872 528 141 ) (1808 552 141 ) (1808 560 141 ) (1968 560 141 ) 
4 28 51 (2048 560 141 ) (2048 528 141 ) (1968 528 141 ) (1968 560 141 ) 
4 28 31 (1968 528 141 ) (2048 528 141 ) (2048 528 144 ) (1968 528 144 ) 
4 28 29 (1808 560 144 ) (1808 560 141 ) (1808 552 141 ) (1808 552 144 ) 
4 29 53 (1808 528 141 ) (1760 528 141 ) (1749.329956 560 141 ) (1808 560 141 ) 
4 30 54 (1744 528 141 ) (1712 528 141 ) (1712 560 141 ) (1744 560 141 ) 
4 31 55 (2048 528 141 ) (2048 240 141 ) (1968 240 141 ) (1968 528 141 ) 
4 31 32 (1968 240 141 ) (2048 240 141 ) (2048 240 144 ) (1968 240 144 ) 
4 32 56 (2048 240 141 ) (2048 144 141 ) (1680 144 141 ) (1680 240 141 ) 
4 32 36 (1680 240 141 ) (1680 144 141 ) (1680 144 144 ) (1680 240 144 ) 
4 33 57 (1680 912 141 ) (1680 816 141 ) (1648 816 141 ) (1648 912 141 ) 
4 33 37 (1648 912 141 ) (1648 816 141 ) (1648 816 144 ) (1648 912 144 ) 
4 36 58 (1680 240 141 ) (1680 144 141 ) (1648 144 141 ) (1648 240 141 ) 
4 36 38 (1648 240 141 ) (1648 144 141 ) (1648 144 144 ) (1648 240 144 ) 
4 37 59 (1648 912 141 ) (1648 816 141 ) (1168 816 141 ) (1168 912 141 ) 
4 38 60 (1648 240 141 ) (1648 144 141 ) (1168 144 141 ) (1168 240 141 ) 
4 39 62 (1680 816 128 ) (1680 912 128 ) (1968 912 128 ) (1968 816 128 ) 
4 39 61 (1968 912 128 ) (2048 912 128 ) (2048 816 128 ) (1968 816 128 ) 
4 39 57 (1680 912 128 ) (1680 816 128 ) (1680 816 141 ) (1680 912 141 ) 
4 39 43 (1680 816 141 ) (1680 816 128 ) (1744 816 128 ) (1744 816 141 ) 
4 39 42 (1744 816 128 ) (1776 816 128 ) (1776 816 141 ) (1744 816 141 ) 
4 39 41 (1776 816 128 ) (1968 816 128 ) (1968 816 141 ) (1776 816 141 ) 
4 39 40 (1968 816 128 ) (2048 816 128 ) (2048 816 141 ) (1968 816 141 ) 
4 40 61 (1968 816 128 ) (2048 816 128 ) (2048 624 128 ) (1968 624 128 ) 
4 40 45 (1968 624 128 ) (2048 624 128 ) (2048 624 141 ) (1968 624 141 ) 
4 40 41 (1968 816 141 ) (1968 816 128 ) (1968 624 128 ) (1968 624 141 ) 
4 41 63 (1776 816 128 ) (1968 816 128 ) (1968 624 128 ) (1776 624 128 ) 
4 41 46 (1776 624 128 ) (1968 624 128 ) (1968 624 141 ) (1776 624 141 ) 
4 41 42 (1776 816 141 ) (1776 816 128 ) (1776 633.907959 128 ) (1776 633.909546 141 ) 
4 42 63 (1744 816 128 ) (1776 816 128 ) (1776 633.907959 128 ) (1744 646.097961 128 ) 
4 42 44 (1744 652 128 ) (1744 646.097961 128 ) (1744 646.099548 141 ) (1744 652 141 ) 
4 42 43 (1744 816 141 ) (1744 816 128 ) (1744 652 128 ) (1744 652 141 ) 
7 43 63 (1680 768 128 ) (1680 816 128 ) (1744 816 128 ) (1744 652 128 ) (1696 682 128 ) (1688.272705 691.175964 128 ) (1684.487915 702.541138 128 ) 
4 43 44 (1712 672.002441 128 ) (1744 652.001953 128 ) (1744 652.001953 141 ) (1712 672.002441 141 ) 
4 44 63 (1712 672 128 ) (1744 652 128 ) (1744 624 128 ) (1728 624 128 ) 
4 45 61 (1968 624 128 ) (2048 624 128 ) (2048 560 128 ) (1968 560 128 ) 
4 45 51 (1968 560 128 ) (2048 560 128 ) (2048 560 141 ) (1968 560 141 ) 
4 45 46 (1968 624 141 ) (1968 624 128 ) (1968 560 128 ) (1968 560 141 ) 
5 46 63 (1776 624 128 ) (1968 624 128 ) (1968 560 128 ) (1786.679932 560 128 ) (1776 564 128 ) 
4 46 53 (1786.679932 560 128 ) (1808 560 128 ) (1808 560 141 ) (1786.679932 560 141 ) 
4 46 52 (1808 560 128 ) (1968 560 128 ) (1968 560 141 ) (1808 560 141 ) 
4 46 47 (1776 624 141 ) (1776 624 128 ) (1776 592 128 ) (1776 592 141 ) 
4 47 63 (1744 624 128 ) (1776 624 128 ) (1776 592 128 ) (1744 592 128 ) 
4 48 63 (1712 624 128 ) (1727.989868 624 128 ) (1738.659912 592 128 ) (1712 592 128 ) 
3 49 63 (1738.670044 592 128 ) (1744 592 128 ) (1744 576 128 ) 
4 50 63 (1680 560 128 ) (1680 592 128 ) (1712 592 128 ) (1712 560 128 ) 
4 51 61 (1968 560 128 ) (2048 560 128 ) (2048 528 128 ) (1968 528 128 ) 
4 51 55 (1968 528 128 ) (2048 528 128 ) (2048 528 141 ) (1968 528 141 ) 
4 51 52 (1968 560 141 ) (1968 560 128 ) (1968 528 128 ) (1968 528 141 ) 
5 52 63 (1808 560 128 ) (1968 560 128 ) (1968 528 128 ) (1872 528 128 ) (1808 552 128 ) 
4 52 53 (1808 560 141 ) (1808 560 128 ) (1808 552 128 ) (1808 552 141 ) 
4 53 63 (1749.329956 560 128 ) (1808 560 128 ) (1808 528 128 ) (1760 528 128 ) 
4 54 63 (1712 560 128 ) (1744 560 128 ) (1744 528 128 ) (1712 528 128 ) 
4 55 61 (1968 528 128 ) (2048 528 128 ) (2048 240 128 ) (1968 240 128 ) 
4 55 56 (1968 240 128 ) (2048 240 128 ) (2048 240 141 ) (1968 240 141 ) 
4 56 65 (1680 144 128 ) (1680 240 128 ) (1968 240 128 ) (1968 144 128 ) 
4 56 61 (1968 240 128 ) (2048 240 128 ) (2048 144 128 ) (1968 144 128 ) 
4 56 58 (1680 240 128 ) (1680 144 128 ) (1680 144 141 ) (1680 240 141 ) 
4 57 66 (1648 816 128 ) (1648 912 128 ) (1680 912 128 ) (1680 816 128 ) 
4 57 59 (1648 912 128 ) (1648 816 128 ) (1648 816 141 ) (1648 912 141 ) 
4 58 66 (1648 144 128 ) (1648 240 128 ) (1680 240 128 ) (1680 144 128 ) 
4 58 60 (1648 240 128 ) (1648 144 128 ) (1648 144 141 ) (1648 240 141 ) 
4 59 66 (1168 912 128 ) (1648 912 128 ) (1648 816 128 ) (1168 816 128 ) 
4 60 66 (1648 240 128 ) (1648 144 128 ) (1168 144 128 ) (1168 240 128 ) 
4 61 64 (1968 816 0 ) (1968 528 0 ) (1968 528 96 ) (1968 816 96 ) 
4 61 63 (1968 528 96 ) (1968 528 128 ) (1968 816 128 ) (1968 816 96 ) 
4 61 62 (1968 912 128 ) (1968 912 0 ) (1968 816 0 ) (1968 816 128 ) 
4 61 65 (1968 528 0 ) (1968 144 0 ) (1968 144 128 ) (1968 528 128 ) 
4 62 64 (1680 816 96 ) (1680 816 0 ) (1968 816 0 ) (1968 816 96 ) 
4 62 63 (1680 816 128 ) (1680 816 96 ) (1968 816 96 ) (1968 816 128 ) 
4 62 66 (1680 912 128 ) (1680 912 0 ) (1680 816 0 ) (1680 816 128 ) 
4 63 66 (1680 528 96 ) (1680 528 128 ) (1680 816 128 ) (1680 816 96 ) 
4 63 65 (1680 528 128 ) (1680 528 96 ) (1968 528 96 ) (1968 528 128 ) 
4 63 64 (1968 528 96 ) (1680 528 96 ) (1680 816 96 ) (1968 816 96 ) 
4 64 66 (1680 816 0 ) (1680 528 0 ) (1680 528 96 ) (1680 816 96 ) 
4 64 65 (1680 528 96 ) (1680 528 0 ) (1968 528 0 ) (1968 528 96 ) 
4 65 66 (1680 528 0 ) (1680 144 0 ) (1680 144 128 ) (1680 528 128 ) 
4 66 67 (1168 912 16 ) (1168 912 0 ) (1168 144 0 ) (1168 144 16 ) 
4 68 71 (624 912 624 ) (624 272 624 ) (272 272 624 ) (272 912 624 ) 
4 69 70 (752 1024 272 ) (752 16 272 ) (752 16 560 ) (752 1024 560 ) 
4 70 71 (624 1024 272 ) (624 16 272 ) (624 16 560 ) (624 1024 560 ) 
