PRT1
284
921
4 0 5 (4352 2048 -1792 ) (4352 2048 4096 ) (4096 2048 4096 ) (4096 2048 -1792 ) 
4 0 1 (4096 2048 -1792 ) (4096 2048 4096 ) (4096 3072 4096 ) (4096 3072 -1792 ) 
4 1 6 (4096 2048 -1792 ) (4096 2048 4096 ) (3072 2048 4096 ) (3072 2048 -1792 ) 
4 1 2 (3072 2048 -1792 ) (3072 2048 4096 ) (3072 3072 4096 ) (3072 3072 -1792 ) 
4 2 13 (2258 2048 1136 ) (2048 2048 1136 ) (2048 2048 -1792 ) (2258 2048 -1792 ) 
4 2 12 (3072 2048 -1792 ) (3072 2048 1136 ) (2258 2048 1136 ) (2258 2048 -1792 ) 
4 2 11 (3072 2048 1136 ) (3072 2048 4096 ) (2048 2048 4096 ) (2048 2048 1136 ) 
4 2 3 (2048 2048 -1792 ) (2048 2048 4096 ) (2048 3072 4096 ) (2048 3072 -1792 ) 
4 3 14 (2048 2048 -1792 ) (2048 2048 4096 ) (1024 2048 4096 ) (1024 2048 -1792 ) 
4 3 4 (1024 2048 -1792 ) (1024 2048 4096 ) (1024 3072 4096 ) (1024 3072 -1792 ) 
4 4 29 (0 2048 -1792 ) (0 2048 4096 ) (0 3072 4096 ) (0 3072 -1792 ) 
4 4 18 (608 2048 1136 ) (0 2048 1136 ) (0 2048 -1792 ) (608 2048 -1792 ) 
4 4 17 (1024 2048 -1792 ) (1024 2048 1136 ) (608 2048 1136 ) (608 2048 -1792 ) 
4 4 16 (1024 2048 1136 ) (1024 2048 4096 ) (0 2048 4096 ) (0 2048 1136 ) 
4 5 7 (4352 1024 -1792 ) (4352 1024 4096 ) (4096 1024 4096 ) (4096 1024 -1792 ) 
4 5 6 (4096 1024 -1792 ) (4096 1024 4096 ) (4096 2048 4096 ) (4096 2048 -1792 ) 
4 6 12 (3072 2048 1136 ) (3072 2048 -1792 ) (3072 1024 -1792 ) (3072 1024 1136 ) 
4 6 11 (3072 2048 4096 ) (3072 2048 1136 ) (3072 1024 1136 ) (3072 1024 4096 ) 
4 6 8 (4096 1024 -1792 ) (4096 1024 4096 ) (3072 1024 4096 ) (3072 1024 -1792 ) 
4 7 9 (4352 0 -1792 ) (4352 0 4096 ) (4096 0 4096 ) (4096 0 -1792 ) 
4 7 8 (4096 1024 4096 ) (4096 1024 -1792 ) (4096 0 -1792 ) (4096 0 4096 ) 
4 8 19 (3072 0 -1792 ) (3072 0 4096 ) (3072 1024 4096 ) (3072 1024 -1792 ) 
4 8 10 (4096 0 -1792 ) (4096 0 4096 ) (3072 0 4096 ) (3072 0 -1792 ) 
4 9 155 (4352 -1024 -1792 ) (4352 -1024 4096 ) (4096 -1024 4096 ) (4096 -1024 -1792 ) 
4 9 10 (4096 0 4096 ) (4096 0 -1792 ) (4096 -1024 -1792 ) (4096 -1024 4096 ) 
4 10 156 (4096 -1024 -1792 ) (4096 -1024 4096 ) (3072 -1024 4096 ) (3072 -1024 -1792 ) 
4 10 21 (3072 -1024 -1792 ) (3072 -1024 4096 ) (3072 0 4096 ) (3072 0 -1792 ) 
4 11 20 (2258 1024 4096 ) (2048 1024 4096 ) (2048 1024 1136 ) (2258 1024 1136 ) 
4 11 19 (3072 1024 1136 ) (3072 1024 4096 ) (2258 1024 4096 ) (2258 1024 1136 ) 
4 11 15 (2048 1552 1136 ) (2048 1024 1136 ) (2048 1024 4096 ) (2048 1552 4096 ) 
4 11 14 (2048 2048 4096 ) (2048 2048 1136 ) (2048 1552 1136 ) (2048 1552 4096 ) 
4 11 13 (2048 1552 1136 ) (2048 2048 1136 ) (2258 2048 1136 ) (2258 1552 1136 ) 
4 11 12 (2258 2048 1136 ) (3072 2048 1136 ) (3072 1024 1136 ) (2258 1024 1136 ) 
4 12 19 (3072 1024 -1792 ) (3072 1024 1136 ) (2258 1024 1136 ) (2258 1024 -1792 ) 
4 12 13 (2258 1552 1136 ) (2258 2048 1136 ) (2258 2048 -1792 ) (2258 1552 -1792 ) 
4 13 14 (2048 2048 1136 ) (2048 2048 -1792 ) (2048 1552 -1792 ) (2048 1552 1136 ) 
4 14 17 (1024 1552 -1792 ) (1024 1552 1136 ) (1024 2048 1136 ) (1024 2048 -1792 ) 
4 14 16 (1024 1552 1136 ) (1024 1552 4096 ) (1024 2048 4096 ) (1024 2048 1136 ) 
4 14 15 (2048 1552 1136 ) (2048 1552 4096 ) (1024 1552 4096 ) (1024 1552 1136 ) 
4 15 23 (2048 1024 1136 ) (2048 1024 4096 ) (1024 1024 4096 ) (1024 1024 1136 ) 
4 15 16 (1024 1024 1136 ) (1024 1024 4096 ) (1024 1552 4096 ) (1024 1552 1136 ) 
4 16 34 (0 1024 1136 ) (0 1024 4096 ) (0 2048 4096 ) (0 2048 1136 ) 
4 16 25 (608 1024 4096 ) (0 1024 4096 ) (0 1024 1136 ) (608 1024 1136 ) 
4 16 24 (1024 1024 1136 ) (1024 1024 4096 ) (608 1024 4096 ) (608 1024 1136 ) 
4 16 18 (608 1024 1136 ) (0 1024 1136 ) (0 2048 1136 ) (608 2048 1136 ) 
4 16 17 (608 1552 1136 ) (608 2048 1136 ) (1024 2048 1136 ) (1024 1552 1136 ) 
4 17 18 (608 1552 1136 ) (608 2048 1136 ) (608 2048 -1792 ) (608 1552 -1792 ) 
4 18 38 (0 1024 -1792 ) (0 1024 1024 ) (0 2048 1024 ) (0 2048 -1792 ) 
4 18 35 (0 1024 1024 ) (0 1024 1056 ) (0 2048 1056 ) (0 2048 1024 ) 
4 18 34 (0 1024 1056 ) (0 1024 1136 ) (0 2048 1136 ) (0 2048 1056 ) 
4 18 25 (608 1024 -1792 ) (608 1024 1136 ) (0 1024 1136 ) (0 1024 -1792 ) 
4 19 21 (3072 0 -1792 ) (3072 0 4096 ) (2258 0 4096 ) (2258 0 -1792 ) 
4 19 20 (2258 1024 4096 ) (2258 1024 1136 ) (2258 0 1136 ) (2258 0 4096 ) 
4 20 23 (2048 1024 4096 ) (2048 1024 1136 ) (2048 0 1136 ) (2048 0 4096 ) 
4 20 22 (2258 0 1136 ) (2258 0 4096 ) (2048 0 4096 ) (2048 0 1136 ) 
4 21 161 (3072 -1024 -1792 ) (3072 -1024 4096 ) (2258 -1024 4096 ) (2258 -1024 -1792 ) 
4 21 22 (2258 0 4096 ) (2258 0 1136 ) (2258 -1024 1136 ) (2258 -1024 4096 ) 
4 22 162 (2258 -1024 1136 ) (2258 -1024 4096 ) (2048 -1024 4096 ) (2048 -1024 1136 ) 
4 22 26 (2048 -1024 1136 ) (2048 -1024 4096 ) (2048 0 4096 ) (2048 0 1136 ) 
4 23 26 (2048 0 1136 ) (2048 0 4096 ) (1024 0 4096 ) (1024 0 1136 ) 
4 23 24 (1024 1024 4096 ) (1024 1024 1136 ) (1024 0 1136 ) (1024 0 4096 ) 
4 24 27 (1024 0 1136 ) (1024 0 4096 ) (608 0 4096 ) (608 0 1136 ) 
4 24 25 (608 0 1136 ) (608 0 4096 ) (608 1024 4096 ) (608 1024 1136 ) 
4 25 71 (0 0 -1792 ) (0 0 -1442 ) (0 1024 -1442 ) (0 1024 -1792 ) 
4 25 60 (0 0 -1442 ) (0 0 1056 ) (0 1024 1056 ) (0 1024 -1442 ) 
4 25 59 (0 344.367889 1342 ) (0 548.947266 1342 ) (0 548.947266 1056 ) (0 344.367859 1056 ) 
4 25 58 (0 548.947266 1342 ) (0 1024 1342 ) (0 1024 1056 ) (0 548.947266 1056 ) 
4 25 57 (0 0 1056 ) (0 0 1342 ) (0 344.367889 1342 ) (0 344.367859 1056 ) 
4 25 56 (0 0 1342 ) (0 0 4096 ) (0 1024 4096 ) (0 1024 1342 ) 
4 25 28 (608 0 -1792 ) (608 0 4096 ) (0 0 4096 ) (0 0 -1792 ) 
4 26 163 (2048 -1024 1136 ) (2048 -1024 4096 ) (1024 -1024 4096 ) (1024 -1024 1136 ) 
4 26 27 (1024 0 4096 ) (1024 0 1136 ) (1024 -1024 1136 ) (1024 -1024 4096 ) 
4 27 164 (1024 -1024 1136 ) (1024 -1024 4096 ) (608 -1024 4096 ) (608 -1024 1136 ) 
4 27 28 (608 -1024 1136 ) (608 -1024 4096 ) (608 0 4096 ) (608 0 1136 ) 
4 28 165 (608 -1024 -1792 ) (608 -1024 4096 ) (0 -1024 4096 ) (0 -1024 -1792 ) 
4 28 75 (0 -1024 -1792 ) (0 -1024 1024 ) (0 0 1024 ) (0 0 -1792 ) 
4 28 73 (0 -1024 1024 ) (0 -1024 1056 ) (0 0 1056 ) (0 0 1024 ) 
4 28 72 (0 -1024 1056 ) (0 -1024 4096 ) (0 0 4096 ) (0 0 1056 ) 
4 29 39 (-123.908997 2048 1024 ) (-1024 2048 1024 ) (-1024 2048 -1792 ) (-123.908997 2048 -1792 ) 
4 29 38 (0 2048 -1792 ) (0 2048 1024 ) (-123.908997 2048 1024 ) (-123.908997 2048 -1792 ) 
4 29 36 (-104 2048 1056 ) (-1024 2048 1056 ) (-1024 2048 1024 ) (-104 2048 1024 ) 
4 29 35 (0 2048 1024 ) (0 2048 1056 ) (-104 2048 1056 ) (-104 2048 1024 ) 
4 29 34 (0 2048 1056 ) (0 2048 4096 ) (-1024 2048 4096 ) (-1024 2048 1056 ) 
4 29 30 (-1024 2048 -1792 ) (-1024 2048 4096 ) (-1024 3072 4096 ) (-1024 3072 -1792 ) 
4 30 45 (-1024 2048 -1792 ) (-1024 2048 1024 ) (-2048 2048 1024 ) (-2048 2048 -1792 ) 
4 30 43 (-1024 2048 1024 ) (-1024 2048 1056 ) (-2048 2048 1056 ) (-2048 2048 1024 ) 
4 30 42 (-1024 2048 1056 ) (-1024 2048 4096 ) (-2048 2048 4096 ) (-2048 2048 1056 ) 
4 30 31 (-2048 2048 -1792 ) (-2048 2048 4096 ) (-2048 3072 4096 ) (-2048 3072 -1792 ) 
4 31 52 (-2048 2048 -1792 ) (-2048 2048 1024 ) (-2846 2048 1024 ) (-2846 2048 -1792 ) 
4 31 55 (-2846 2048 1024 ) (-3072 2048 1024 ) (-3072 2048 -1792 ) (-2846 2048 -1792 ) 
4 31 49 (-2048 2048 1024 ) (-2048 2048 1056 ) (-2846 2048 1056 ) (-2846 2048 1024 ) 
4 31 51 (-2846 2048 1056 ) (-3072 2048 1056 ) (-3072 2048 1024 ) (-2846 2048 1024 ) 
4 31 48 (-2048 2048 1056 ) (-2048 2048 4096 ) (-3072 2048 4096 ) (-3072 2048 1056 ) 
4 31 32 (-3072 2048 -1792 ) (-3072 2048 4096 ) (-3072 3072 4096 ) (-3072 3072 -1792 ) 
4 32 149 (-3072 2048 -1792 ) (-3072 2048 4096 ) (-4096 2048 4096 ) (-4096 2048 -1792 ) 
4 32 33 (-4096 2048 -1792 ) (-4096 2048 4096 ) (-4096 3072 4096 ) (-4096 3072 -1792 ) 
4 33 150 (-4096 2048 -1792 ) (-4096 2048 4096 ) (-4352 2048 4096 ) (-4352 2048 -1792 ) 
4 34 58 (0 1024 1056 ) (0 1024 1342 ) (-1024 1024 1342 ) (-1024 1024 1056 ) 
4 34 56 (0 1024 1342 ) (0 1024 4096 ) (-1024 1024 4096 ) (-1024 1024 1342 ) 
4 34 42 (-1024 2048 4096 ) (-1024 2048 1056 ) (-1024 1024 1056 ) (-1024 1024 4096 ) 
4 34 37 (-104 1024 1056 ) (-1024 1024 1056 ) (-1024 1532 1056 ) (-104 1532 1056 ) 
4 34 36 (-1024 1532 1056 ) (-1024 2048 1056 ) (-104 2048 1056 ) (-104 1532 1056 ) 
4 34 35 (0 1024 1056 ) (-104 1024 1056 ) (-104 2048 1056 ) (0 2048 1056 ) 
4 35 60 (0 1024 1024 ) (0 1024 1056 ) (-104 1024 1056 ) (-104 1024 1024 ) 
4 35 38 (-104 2048 1024 ) (0 2048 1024 ) (0 1024 1024 ) (-104 1024 1024 ) 
4 35 37 (-104 1532 1024 ) (-104 1024 1024 ) (-104 1024 1056 ) (-104 1532 1056 ) 
4 35 36 (-104 2048 1024 ) (-104 1532 1024 ) (-104 1532 1056 ) (-104 2048 1056 ) 
4 36 43 (-1024 2048 1056 ) (-1024 2048 1024 ) (-1024 1532 1024 ) (-1024 1532 1056 ) 
4 36 39 (-1024 1532 1024 ) (-1024 2048 1024 ) (-123.908997 2048 1024 ) (-123.908997 1532 1024 ) 
4 36 38 (-123.908997 2048 1024 ) (-104 2048 1024 ) (-104 1532 1024 ) (-123.908997 1532 1024 ) 
4 36 37 (-1024 1532 1024 ) (-104 1532 1024 ) (-104 1532 1056 ) (-1024 1532 1056 ) 
4 37 64 (-123.908997 1024 1056 ) (-1024 1024 1056 ) (-1024 1024 1024 ) (-123.908997 1024 1024 ) 
4 37 61 (-104 1024 1056 ) (-123.908997 1024 1056 ) (-123.908997 1024 1024 ) (-104 1024 1024 ) 
4 37 44 (-1024 1532 1024 ) (-1024 1024 1024 ) (-1024 1024 1056 ) (-1024 1532 1056 ) 
4 37 40 (-1024 1024 1024 ) (-1024 1532 1024 ) (-123.908997 1532 1024 ) (-123.908997 1024 1024 ) 
4 37 38 (-123.908997 1532 1024 ) (-104 1532 1024 ) (-104 1024 1024 ) (-123.908997 1024 1024 ) 
4 38 71 (0 1024 -1792 ) (0 1024 -1442 ) (-123.908997 1024 -1442 ) (-123.908997 1024 -1792 ) 
4 38 69 (-123.908997 1024 952.911011 ) (-123.908997 1024 -1442 ) (-104 1024 -1442 ) (-104 1024 952.911011 ) 
4 38 62 (-104 1024 1024 ) (-123.908997 1024 1024 ) (-123.908997 1024 952.911011 ) (-104 1024 952.911011 ) 
4 38 60 (0 1024 -1442 ) (0 1024 1024 ) (-104 1024 1024 ) (-104 1024 -1442 ) 
4 38 41 (-123.908997 1532 -1792 ) (-123.908997 1024 -1792 ) (-123.908997 1024 -1442 ) (-123.908997 1532 -1442 ) 
4 38 40 (-123.908997 1024 -1442 ) (-123.908997 1024 1024 ) (-123.908997 1532 1024 ) (-123.908997 1532 -1442 ) 
4 38 39 (-123.908997 2048 -1792 ) (-123.908997 1532 -1792 ) (-123.908997 1532 1024 ) (-123.908997 2048 1024 ) 
4 39 45 (-1024 2048 1024 ) (-1024 2048 -1792 ) (-1024 1532 -1792 ) (-1024 1532 1024 ) 
4 39 41 (-1024 1532 -1792 ) (-123.908997 1532 -1792 ) (-123.908997 1532 -1442 ) (-1024 1532 -1442 ) 
4 39 40 (-123.908997 1532 -1442 ) (-123.908997 1532 1024 ) (-1024 1532 1024 ) (-1024 1532 -1442 ) 
4 40 70 (-1024 1024 952.911011 ) (-1024 1024 -1442 ) (-123.908997 1024 -1442 ) (-123.908997 1024 952.911011 ) 
4 40 67 (-123.908997 1024 1024 ) (-1024 1024 1024 ) (-1024 1024 952.911011 ) (-123.908997 1024 952.911011 ) 
4 40 46 (-1024 1024 -1442 ) (-1024 1024 1024 ) (-1024 1532 1024 ) (-1024 1532 -1442 ) 
4 40 41 (-1024 1024 -1442 ) (-1024 1532 -1442 ) (-123.908997 1532 -1442 ) (-123.908997 1024 -1442 ) 
4 41 71 (-1024 1024 -1442 ) (-1024 1024 -1792 ) (-123.908997 1024 -1792 ) (-123.908997 1024 -1442 ) 
4 41 47 (-1024 1532 -1792 ) (-1024 1024 -1792 ) (-1024 1024 -1442 ) (-1024 1532 -1442 ) 
4 42 80 (-1024 1024 1056 ) (-1024 1024 1442 ) (-2048 1024 1442 ) (-2048 1024 1056 ) 
4 42 78 (-1024 1024 1442 ) (-1024 1024 4096 ) (-2048 1024 4096 ) (-2048 1024 1442 ) 
4 42 48 (-2048 1024 1056 ) (-2048 1024 4096 ) (-2048 2048 4096 ) (-2048 2048 1056 ) 
4 42 44 (-1024 1024 1056 ) (-2048 1024 1056 ) (-2048 1532 1056 ) (-1024 1532 1056 ) 
4 42 43 (-2048 1532 1056 ) (-2048 2048 1056 ) (-1024 2048 1056 ) (-1024 1532 1056 ) 
4 43 49 (-2048 1532 1056 ) (-2048 2048 1056 ) (-2048 2048 1024 ) (-2048 1532 1024 ) 
4 43 45 (-2048 1532 1024 ) (-2048 2048 1024 ) (-1024 2048 1024 ) (-1024 1532 1024 ) 
4 43 44 (-2048 1532 1024 ) (-1024 1532 1024 ) (-1024 1532 1056 ) (-2048 1532 1056 ) 
4 44 88 (-1024 1024 1024 ) (-1024 1024 1056 ) (-2048 1024 1056 ) (-2048 1024 1024 ) 
4 44 50 (-2048 1024 1024 ) (-2048 1024 1056 ) (-2048 1532 1056 ) (-2048 1532 1024 ) 
4 44 46 (-2048 1024 1024 ) (-2048 1532 1024 ) (-1024 1532 1024 ) (-1024 1024 1024 ) 
4 45 52 (-2048 1532 1024 ) (-2048 2048 1024 ) (-2048 2048 -1792 ) (-2048 1532 -1792 ) 
4 45 47 (-2048 1532 -1792 ) (-1024 1532 -1792 ) (-1024 1532 -1442 ) (-2048 1532 -1442 ) 
4 45 46 (-1024 1532 -1442 ) (-1024 1532 1024 ) (-2048 1532 1024 ) (-2048 1532 -1442 ) 
4 46 98 (-1024 1024 -1442 ) (-1024 1024 952.911011 ) (-2048 1024 952.911011 ) (-2048 1024 -1442 ) 
4 46 90 (-1024 1024 952.911011 ) (-1024 1024 1024 ) (-2048 1024 1024 ) (-2048 1024 952.911011 ) 
4 46 53 (-2048 1024 -1442 ) (-2048 1024 1024 ) (-2048 1532 1024 ) (-2048 1532 -1442 ) 
4 46 47 (-1024 1024 -1442 ) (-2048 1024 -1442 ) (-2048 1532 -1442 ) (-1024 1532 -1442 ) 
4 47 99 (-1024 1024 -1792 ) (-1024 1024 -1442 ) (-2048 1024 -1442 ) (-2048 1024 -1792 ) 
4 47 54 (-2048 1024 -1792 ) (-2048 1024 -1442 ) (-2048 1532 -1442 ) (-2048 1532 -1792 ) 
4 48 149 (-3072 2048 4096 ) (-3072 2048 1056 ) (-3072 1024 1056 ) (-3072 1024 4096 ) 
4 48 102 (-2048 1024 1056 ) (-2048 1024 1442 ) (-3072 1024 1442 ) (-3072 1024 1056 ) 
4 48 100 (-2048 1024 1442 ) (-2048 1024 4096 ) (-3072 1024 4096 ) (-3072 1024 1442 ) 
4 48 50 (-2048 1532 1056 ) (-2048 1024 1056 ) (-2846 1024 1056 ) (-2846 1532 1056 ) 
4 48 49 (-2846 2048 1056 ) (-2048 2048 1056 ) (-2048 1532 1056 ) (-2846 1532 1056 ) 
4 48 51 (-3072 1024 1056 ) (-3072 2048 1056 ) (-2846 2048 1056 ) (-2846 1024 1056 ) 
4 49 52 (-2846 1532 1024 ) (-2846 2048 1024 ) (-2048 2048 1024 ) (-2048 1532 1024 ) 
4 49 51 (-2846 2048 1024 ) (-2846 1532 1024 ) (-2846 1532 1056 ) (-2846 2048 1056 ) 
4 49 50 (-2846 1532 1056 ) (-2846 1532 1024 ) (-2048 1532 1024 ) (-2048 1532 1056 ) 
4 50 106 (-2048 1024 1024 ) (-2048 1024 1056 ) (-2846 1024 1056 ) (-2846 1024 1024 ) 
4 50 53 (-2048 1024 1024 ) (-2846 1024 1024 ) (-2846 1532 1024 ) (-2048 1532 1024 ) 
4 50 51 (-2846 1532 1024 ) (-2846 1024 1024 ) (-2846 1024 1056 ) (-2846 1532 1056 ) 
4 51 149 (-3072 2048 1056 ) (-3072 2048 1024 ) (-3072 1024 1024 ) (-3072 1024 1056 ) 
4 51 111 (-2846 1024 1056 ) (-3072 1024 1056 ) (-3072 1024 1024 ) (-2846 1024 1024 ) 
4 51 55 (-2846 1024 1024 ) (-3072 1024 1024 ) (-3072 2048 1024 ) (-2846 2048 1024 ) 
4 52 54 (-2846 1532 -1442 ) (-2846 1532 -1792 ) (-2048 1532 -1792 ) (-2048 1532 -1442 ) 
4 52 53 (-2846 1532 1024 ) (-2846 1532 -1442 ) (-2048 1532 -1442 ) (-2048 1532 1024 ) 
4 52 55 (-2846 2048 -1792 ) (-2846 1532 -1792 ) (-2846 1532 1024 ) (-2846 2048 1024 ) 
4 53 108 (-2048 1024 952.911011 ) (-2048 1024 1024 ) (-2846 1024 1024 ) (-2846 1024 952.911011 ) 
4 53 110 (-2048 1024 -1442 ) (-2048 1024 952.911011 ) (-2846 1024 952.911011 ) (-2846 1024 -1442 ) 
4 53 55 (-2846 1024 -1442 ) (-2846 1024 1024 ) (-2846 1532 1024 ) (-2846 1532 -1442 ) 
4 53 54 (-2048 1024 -1442 ) (-2846 1024 -1442 ) (-2846 1532 -1442 ) (-2048 1532 -1442 ) 
4 54 112 (-2048 1024 -1792 ) (-2048 1024 -1442 ) (-2846 1024 -1442 ) (-2846 1024 -1792 ) 
4 54 55 (-2846 1532 -1792 ) (-2846 1024 -1792 ) (-2846 1024 -1442 ) (-2846 1532 -1442 ) 
4 55 149 (-3072 2048 1024 ) (-3072 2048 -1792 ) (-3072 1024 -1792 ) (-3072 1024 1024 ) 
4 55 112 (-3072 1024 -1442 ) (-3072 1024 -1792 ) (-2846 1024 -1792 ) (-2846 1024 -1442 ) 
4 55 111 (-2846 1024 1024 ) (-3072 1024 1024 ) (-3072 1024 -1442 ) (-2846 1024 -1442 ) 
4 56 82 (-1024 206.315552 1342 ) (-1024 0 1342 ) (-1024 0 1442 ) (-1024 206.315521 1442 ) 
4 56 81 (-1024 490.149841 1342 ) (-1024 206.315552 1342 ) (-1024 206.315521 1442 ) (-1024 490.149841 1442 ) 
4 56 80 (-1024 1024 1442 ) (-1024 1024 1342 ) (-1024 490.149841 1342 ) (-1024 490.149841 1442 ) 
4 56 78 (-1024 1024 4096 ) (-1024 1024 1442 ) (-1024 0 1442 ) (-1024 0 4096 ) 
4 56 72 (0 0 1342 ) (0 0 4096 ) (-1024 0 4096 ) (-1024 0 1342 ) 
4 56 59 (-863.556946 260 1342 ) (0 548.947266 1342 ) (0 344.367859 1342 ) (-802 76.025116 1342 ) 
4 56 58 (-1024 206.315536 1342 ) (-1024 1024 1342 ) (0 1024 1342 ) (0 548.947266 1342 ) 
4 56 57 (0 0 1342 ) (-1024 0 1342 ) (-1024 1.745664 1342 ) (0 344.367859 1342 ) 
4 57 83 (-1024 1.745667 1056 ) (-1024 0 1056 ) (-1024 0 1342 ) (-1024 1.745664 1342 ) 
4 57 72 (0 0 1056 ) (0 0 1342 ) (-1024 0 1342 ) (-1024 0 1056 ) 
4 57 63 (-1024 0 1056 ) (-1024 1.745664 1056 ) (-123.908997 302.908875 1056 ) (-123.908997 0 1056 ) 
4 57 61 (-123.908997 302.908875 1056 ) (-104 309.570282 1056 ) (-104 0 1056 ) (-123.908997 0 1056 ) 
4 57 60 (-104 309.570282 1056 ) (0 344.367859 1056 ) (0 0 1056 ) (-104 0 1056 ) 
4 57 59 (0 344.368164 1056 ) (-802 76.025482 1056 ) (-802 76.025497 1342 ) (0 344.368317 1342 ) 
4 58 81 (-1024 490.149841 1056 ) (-1024 206.315491 1056 ) (-1024 206.315536 1342 ) (-1024 490.149841 1342 ) 
4 58 80 (-1024 1024 1342 ) (-1024 1024 1056 ) (-1024 490.149841 1056 ) (-1024 490.149841 1342 ) 
4 58 64 (-1024 206.315536 1056 ) (-1024 1024 1056 ) (-123.908997 1024 1056 ) (-123.908997 507.487152 1056 ) 
4 58 61 (-123.908997 1024 1056 ) (-104 1024 1056 ) (-104 514.148743 1056 ) (-123.908997 507.487152 1056 ) 
4 58 60 (-104 1024 1056 ) (0 1024 1056 ) (0 548.947266 1056 ) (-104 514.148743 1056 ) 
4 58 59 (-863.556702 260 1056 ) (0 548.947266 1056 ) (0 548.945313 1342 ) (-863.556396 259.998230 1342 ) 
4 59 65 (-863.556946 260 1056 ) (-123.908997 507.487183 1056 ) (-123.908997 302.908905 1056 ) (-802 76.025116 1056 ) 
4 59 61 (-123.908997 507.487183 1056 ) (-104 514.148743 1056 ) (-104 309.570282 1056 ) (-123.908997 302.908905 1056 ) 
4 59 60 (-104 514.148743 1056 ) (0 548.947266 1056 ) (0 344.367859 1056 ) (-104 309.570282 1056 ) 
4 60 75 (0 0 -1442 ) (0 0 1024 ) (-104 0 1024 ) (-104 0 -1442 ) 
4 60 73 (0 0 1024 ) (0 0 1056 ) (-104 0 1056 ) (-104 0 1024 ) 
4 60 71 (0 0 -1442 ) (-104 0 -1442 ) (-104 1024 -1442 ) (0 1024 -1442 ) 
4 60 69 (-104 1024 -1442 ) (-104 0 -1442 ) (-104 0 952.911011 ) (-104 1024 952.911011 ) 
4 60 62 (-104 0 952.911011 ) (-104 0 1024 ) (-104 1024 1024 ) (-104 1024 952.911011 ) 
4 60 61 (-104 0 1024 ) (-104 0 1056 ) (-104 1024 1056 ) (-104 1024 1024 ) 
4 61 74 (-104 0 1056 ) (-123.908997 0 1056 ) (-123.908997 0 1024 ) (-104 0 1024 ) 
4 61 65 (-123.908997 302.908936 1056 ) (-123.908997 507.487183 1056 ) (-123.908997 507.487183 1024 ) (-123.908997 302.908936 1024 ) 
4 61 64 (-123.908997 507.487183 1056 ) (-123.908997 1024 1056 ) (-123.908997 1024 1024 ) (-123.908997 507.487183 1024 ) 
4 61 63 (-123.908997 0 1024 ) (-123.908997 0 1056 ) (-123.908997 302.908936 1056 ) (-123.908997 302.908936 1024 ) 
4 61 62 (-123.908997 0 1024 ) (-123.908997 1024 1024 ) (-104 1024 1024 ) (-104 0 1024 ) 
4 62 75 (-123.908997 0 1024 ) (-123.908997 0 952.911011 ) (-104 0 952.911011 ) (-104 0 1024 ) 
4 62 69 (-123.908997 1024 952.911011 ) (-104 1024 952.911011 ) (-104 0 952.911011 ) (-123.908997 0 952.911011 ) 
4 62 68 (-123.908997 507.487183 952.911011 ) (-123.908997 302.908936 952.911011 ) (-123.908997 302.908936 1024 ) (-123.908997 507.487183 1024 ) 
4 62 67 (-123.908997 1024 952.911011 ) (-123.908997 507.487183 952.911011 ) (-123.908997 507.487183 1024 ) (-123.908997 1024 1024 ) 
4 62 66 (-123.908997 302.908936 952.911011 ) (-123.908997 0 952.911011 ) (-123.908997 0 1024 ) (-123.908997 302.908936 1024 ) 
4 63 92 (-1024 1.745667 1024 ) (-1024 0 1024 ) (-1024 0 1056 ) (-1024 1.745664 1056 ) 
4 63 74 (-123.908997 0 1056 ) (-1024 0 1056 ) (-1024 0 1024 ) (-123.908997 0 1024 ) 
4 63 66 (-123.908997 302.908936 1024 ) (-123.908997 0 1024 ) (-1024 0 1024 ) (-1024 1.745664 1024 ) 
4 63 65 (-123.908997 302.908203 1056 ) (-123.908997 302.908203 1024 ) (-802 76.024460 1024 ) (-802 76.025238 1056 ) 
4 64 89 (-1024 490.149841 1024 ) (-1024 206.315491 1024 ) (-1024 206.315536 1056 ) (-1024 490.149841 1056 ) 
4 64 88 (-1024 1024 1056 ) (-1024 1024 1024 ) (-1024 490.149841 1024 ) (-1024 490.149841 1056 ) 
4 64 67 (-1024 1024 1024 ) (-123.908997 1024 1024 ) (-123.908997 507.487183 1024 ) (-1024 206.315536 1024 ) 
4 64 65 (-863.557129 260 1024 ) (-123.908997 507.486328 1024 ) (-123.908997 507.486328 1056 ) (-863.556702 260 1056 ) 
4 65 68 (-123.908997 507.487183 1024 ) (-123.908997 302.908936 1024 ) (-802 76.025101 1024 ) (-863.556946 260 1024 ) 
4 66 93 (-1024 1.745667 952.911011 ) (-1024 0 952.911011 ) (-1024 0 1024 ) (-1024 1.745664 1024 ) 
4 66 76 (-1024 0 1024 ) (-1024 0 952.911011 ) (-123.908997 0 952.911011 ) (-123.908997 0 1024 ) 
4 66 70 (-123.908997 302.908936 952.911011 ) (-123.908997 0 952.911011 ) (-1024 0 952.911011 ) (-1024 1.745664 952.911011 ) 
4 66 68 (-802 76.025238 1024 ) (-123.908997 302.908203 1024 ) (-123.908997 302.908203 952.911011 ) (-802 76.024460 952.911011 ) 
4 67 91 (-1024 490.149841 952.911011 ) (-1024 206.315491 952.911011 ) (-1024 206.315536 1024 ) (-1024 490.149841 1024 ) 
4 67 90 (-1024 1024 1024 ) (-1024 1024 952.911011 ) (-1024 490.149841 952.911011 ) (-1024 490.149841 1024 ) 
4 67 70 (-1024 1024 952.911011 ) (-123.908997 1024 952.911011 ) (-123.908997 507.487183 952.911011 ) (-1024 206.315536 952.911011 ) 
4 67 68 (-863.557129 260 952.911011 ) (-123.908997 507.486328 952.911011 ) (-123.908997 507.486328 1024 ) (-863.556702 260 1024 ) 
4 68 70 (-123.908997 507.487183 952.911011 ) (-123.908997 302.908936 952.911011 ) (-802 76.025101 952.911011 ) (-863.556946 260 952.911011 ) 
4 69 75 (-123.908997 0 -1442 ) (-104 0 -1442 ) (-104 0 952.911011 ) (-123.908997 0 952.911011 ) 
4 69 71 (-104 0 -1442 ) (-123.908997 0 -1442 ) (-123.908997 1024 -1442 ) (-104 1024 -1442 ) 
4 69 70 (-123.908997 1024 -1442 ) (-123.908997 0 -1442 ) (-123.908997 0 952.911011 ) (-123.908997 1024 952.911011 ) 
4 70 98 (-1024 1024 952.911011 ) (-1024 1024 -1442 ) (-1024 0 -1442 ) (-1024 0 952.911011 ) 
4 70 76 (-1024 0 952.911011 ) (-1024 0 -1442 ) (-123.908997 0 -1442 ) (-123.908997 0 952.911011 ) 
4 70 71 (-123.908997 0 -1442 ) (-1024 0 -1442 ) (-1024 1024 -1442 ) (-123.908997 1024 -1442 ) 
4 71 99 (-1024 1024 -1442 ) (-1024 1024 -1792 ) (-1024 0 -1792 ) (-1024 0 -1442 ) 
4 71 77 (-123.908997 0 -1442 ) (-1024 0 -1442 ) (-1024 0 -1792 ) (-123.908997 0 -1792 ) 
4 71 75 (0 0 -1792 ) (0 0 -1442 ) (-123.908997 0 -1442 ) (-123.908997 0 -1792 ) 
4 72 184 (-788 -1024 1442 ) (-1024 -1024 1442 ) (-1024 -1024 1056 ) (-788 -1024 1056 ) 
4 72 183 (0 -1024 1056 ) (0 -1024 1442 ) (-788 -1024 1442 ) (-788 -1024 1056 ) 
4 72 182 (0 -1024 1442 ) (0 -1024 4096 ) (-1024 -1024 4096 ) (-1024 -1024 1442 ) 
4 72 123 (-1024 0 1342 ) (-1024 0 1056 ) (-1024 -319.448730 1056 ) (-1024 -319.448700 1342 ) 
4 72 122 (-1024 -319.448700 1442 ) (-1024 0 1442 ) (-1024 0 1342 ) (-1024 -319.448700 1342 ) 
4 72 121 (-1024 -502.898438 1442 ) (-1024 -319.448700 1442 ) (-1024 -319.448730 1056 ) (-1024 -502.898468 1056 ) 
4 72 118 (-1024 -795.560913 1152 ) (-1024 -657.874451 1152 ) (-1024 -657.874451 1056 ) (-1024 -795.560913 1056 ) 
4 72 116 (-1024 -657.874451 1152 ) (-1024 -502.898468 1152 ) (-1024 -502.898468 1056 ) (-1024 -657.874451 1056 ) 
4 72 115 (-1024 -1024 1056 ) (-1024 -1024 1152 ) (-1024 -795.560913 1152 ) (-1024 -795.560913 1056 ) 
4 72 114 (-1024 -1024 1152 ) (-1024 -1024 1442 ) (-1024 -502.898438 1442 ) (-1024 -502.898468 1152 ) 
4 72 113 (-1024 -1024 1442 ) (-1024 -1024 4096 ) (-1024 0 4096 ) (-1024 0 1442 ) 
4 72 74 (-104 -1024 1056 ) (-1024 -1024 1056 ) (-1024 0 1056 ) (-104 0 1056 ) 
4 72 73 (0 -1024 1056 ) (-104 -1024 1056 ) (-104 0 1056 ) (0 0 1056 ) 
4 73 186 (0 -1024 1024 ) (0 -1024 1056 ) (-104 -1024 1056 ) (-104 -1024 1024 ) 
4 73 75 (0 0 1024 ) (0 -1024 1024 ) (-104 -1024 1024 ) (-104 0 1024 ) 
4 73 74 (-104 0 1024 ) (-104 -1024 1024 ) (-104 -1024 1056 ) (-104 0 1056 ) 
4 74 190 (-788 -1024 1056 ) (-1024 -1024 1056 ) (-1024 -1024 1024 ) (-788 -1024 1024 ) 
4 74 189 (-123.908997 -1024 1056 ) (-788 -1024 1056 ) (-788 -1024 1024 ) (-123.908997 -1024 1024 ) 
4 74 187 (-104 -1024 1056 ) (-123.908997 -1024 1056 ) (-123.908997 -1024 1024 ) (-104 -1024 1024 ) 
4 74 137 (-1024 -502.898438 1056 ) (-1024 -148.973175 1056 ) (-1024 -148.973206 1024 ) (-1024 -502.898468 1024 ) 
4 74 132 (-1024 -148.973175 1056 ) (-1024 0 1056 ) (-1024 0 1024 ) (-1024 -148.973206 1024 ) 
4 74 127 (-1024 -795.560974 1056 ) (-1024 -657.874451 1056 ) (-1024 -657.874451 1024 ) (-1024 -795.560913 1024 ) 
4 74 125 (-1024 -657.874451 1056 ) (-1024 -502.898438 1056 ) (-1024 -502.898468 1024 ) (-1024 -657.874451 1024 ) 
4 74 124 (-1024 -1024 1024 ) (-1024 -1024 1056 ) (-1024 -795.560974 1056 ) (-1024 -795.560913 1024 ) 
4 74 76 (-123.908997 -1024 1024 ) (-1024 -1024 1024 ) (-1024 0 1024 ) (-123.908997 0 1024 ) 
4 74 75 (-104 -1024 1024 ) (-123.908997 -1024 1024 ) (-123.908997 0 1024 ) (-104 0 1024 ) 
4 75 197 (0 -1024 -1792 ) (0 -1024 -1442 ) (-123.908997 -1024 -1442 ) (-123.908997 -1024 -1792 ) 
4 75 195 (-123.908997 -1024 952.911011 ) (-123.908997 -1024 -1442 ) (-104 -1024 -1442 ) (-104 -1024 952.911011 ) 
4 75 188 (-104 -1024 1024 ) (-123.908997 -1024 1024 ) (-123.908997 -1024 952.911011 ) (-104 -1024 952.911011 ) 
4 75 186 (0 -1024 -1442 ) (0 -1024 1024 ) (-104 -1024 1024 ) (-104 -1024 -1442 ) 
4 75 77 (-123.908997 0 -1792 ) (-123.908997 -1024 -1792 ) (-123.908997 -1024 -1442 ) (-123.908997 0 -1442 ) 
4 75 76 (-123.908997 -1024 -1442 ) (-123.908997 -1024 1024 ) (-123.908997 0 1024 ) (-123.908997 0 -1442 ) 
4 76 196 (-1024 -1024 952.911011 ) (-1024 -1024 -1442 ) (-123.908997 -1024 -1442 ) (-123.908997 -1024 952.911011 ) 
4 76 193 (-788 -1024 1024 ) (-1024 -1024 1024 ) (-1024 -1024 952.911011 ) (-788 -1024 952.911011 ) 
4 76 192 (-123.908997 -1024 1024 ) (-788 -1024 1024 ) (-788 -1024 952.911011 ) (-123.908997 -1024 952.911011 ) 
4 76 141 (-1024 -1024 -1442 ) (-1024 -1024 894.911011 ) (-1024 0 894.911011 ) (-1024 0 -1442 ) 
4 76 139 (-1024 -502.898438 1024 ) (-1024 -148.973175 1024 ) (-1024 -148.973206 952.911011 ) (-1024 -502.898468 952.911011 ) 
4 76 134 (-1024 -148.973175 1024 ) (-1024 0 1024 ) (-1024 0 952.911011 ) (-1024 -148.973206 952.911011 ) 
4 76 140 (-1024 0 952.911011 ) (-1024 0 894.911011 ) (-1024 -502.898468 894.911011 ) (-1024 -502.898468 952.911011 ) 
4 76 131 (-1024 -795.560974 1024 ) (-1024 -657.874451 1024 ) (-1024 -657.874451 894.911011 ) (-1024 -795.560913 894.911011 ) 
4 76 129 (-1024 -657.874451 1024 ) (-1024 -502.898438 1024 ) (-1024 -502.898468 894.911011 ) (-1024 -657.874451 894.911011 ) 
4 76 128 (-1024 -1024 894.911011 ) (-1024 -1024 1024 ) (-1024 -795.560974 1024 ) (-1024 -795.560913 894.911011 ) 
4 76 77 (-1024 -1024 -1442 ) (-1024 0 -1442 ) (-123.908997 0 -1442 ) (-123.908997 -1024 -1442 ) 
4 77 197 (-1024 -1024 -1442 ) (-1024 -1024 -1792 ) (-123.908997 -1024 -1792 ) (-123.908997 -1024 -1442 ) 
4 77 142 (-1024 -1024 -1792 ) (-1024 -1024 -1442 ) (-1024 0 -1442 ) (-1024 0 -1792 ) 
4 78 113 (-1024 0 1442 ) (-1024 0 4096 ) (-2048 0 4096 ) (-2048 0 1442 ) 
4 78 100 (-2048 1024 4096 ) (-2048 1024 1442 ) (-2048 0 1442 ) (-2048 0 4096 ) 
4 78 85 (-2048 0 1442 ) (-2048 40.812893 1442 ) (-1866.769897 7.224087 1442 ) (-1868.108643 0 1442 ) 
3 78 82 (-1024 206.315552 1442 ) (-1024 0 1442 ) (-1640.601074 0 1442 ) 
5 78 81 (-1964.489990 416.131042 1442 ) (-1024 490.149841 1442 ) (-1024 206.315552 1442 ) (-1278.956543 121.006752 1442 ) (-1937.180054 69.203796 1442 ) 
4 78 80 (-2048 409.558624 1442 ) (-2048 1024 1442 ) (-1024 1024 1442 ) (-1024 490.149841 1442 ) 
5 78 79 (-2048 40.812893 1442 ) (-2048 60.482140 1442 ) (-1278.956543 121.006752 1442 ) (-1640.601074 0 1442 ) (-1827.791992 0 1442 ) 
4 79 119 (-1640.601074 0 1442 ) (-1827.791992 0 1442 ) (-1827.791992 0 1056 ) (-1640.601074 0 1056 ) 
4 79 101 (-2048 60.482178 1056 ) (-2048 40.812927 1056 ) (-2048 40.812893 1442 ) (-2048 60.482140 1442 ) 
5 79 86 (-1640.601074 0 1056 ) (-1827.791992 0 1056 ) (-2048 40.812893 1056 ) (-2048 60.482140 1056 ) (-1278.956543 121.006752 1056 ) 
4 79 85 (-2048 40.812744 1056 ) (-1866.769897 7.223915 1056 ) (-1866.770142 7.223220 1442 ) (-2048 40.812000 1442 ) 
4 79 84 (-1640.597534 0 1056 ) (-1278.951904 121.007095 1056 ) (-1278.952271 121.007080 1342 ) (-1640.597656 0 1342 ) 
4 79 82 (-1278.952271 121.007080 1342 ) (-1278.952393 121.007072 1442 ) (-1640.597656 0 1442 ) (-1640.597656 0 1342 ) 
4 79 81 (-1278.957031 121.006836 1442 ) (-1278.957031 121.006836 1056 ) (-1937.180054 69.203842 1056 ) (-1937.180054 69.203842 1442 ) 
4 80 102 (-2048 1024 1442 ) (-2048 1024 1056 ) (-2048 409.558655 1056 ) (-2048 409.558624 1442 ) 
4 80 88 (-2048 409.558624 1056 ) (-2048 1024 1056 ) (-1024 1024 1056 ) (-1024 490.149841 1056 ) 
4 80 81 (-1964.489990 416.130951 1056 ) (-1024 490.149780 1056 ) (-1024 490.149780 1442 ) (-1964.489990 416.130920 1442 ) 
5 81 89 (-1964.489990 416.131042 1056 ) (-1024 490.149841 1056 ) (-1024 206.315552 1056 ) (-1278.956543 121.006752 1056 ) (-1937.180054 69.203796 1056 ) 
4 81 84 (-1278.951904 121.007095 1056 ) (-1182.189575 153.383896 1056 ) (-1182.189697 153.384003 1342 ) (-1278.952271 121.007080 1342 ) 
4 81 82 (-1024 206.314514 1342 ) (-1024 206.314575 1442 ) (-1278.952393 121.007072 1442 ) (-1278.952271 121.007080 1342 ) 
4 82 122 (-1024 0 1342 ) (-1024 0 1442 ) (-1130.873901 0 1442 ) (-1130.873779 0 1342 ) 
4 82 119 (-1130.873901 0 1442 ) (-1640.601074 0 1442 ) (-1640.601074 0 1342 ) (-1130.873779 0 1342 ) 
3 82 84 (-1130.873779 0 1342 ) (-1640.601563 0 1342 ) (-1182.189941 153.385132 1342 ) 
3 82 83 (-1024 0 1342 ) (-1029.217285 0 1342 ) (-1024 1.745667 1342 ) 
4 83 123 (-1024 0 1056 ) (-1024 0 1342 ) (-1029.217285 0 1342 ) (-1029.217285 0 1056 ) 
3 83 92 (-1024 0 1056 ) (-1029.217285 0 1056 ) (-1024 1.745667 1056 ) 
4 84 119 (-1130.873779 0 1342 ) (-1640.601074 0 1342 ) (-1640.601074 0 1056 ) (-1130.873779 0 1056 ) 
3 84 94 (-1130.873779 0 1056 ) (-1640.601074 0 1056 ) (-1182.189941 153.384995 1056 ) 
4 85 120 (-1868.108643 0 1442 ) (-2048 0 1442 ) (-2048 0 1056 ) (-1868.108643 0 1056 ) 
4 85 101 (-2048 40.812927 1056 ) (-2048 0 1056 ) (-2048 0 1442 ) (-2048 40.812893 1442 ) 
4 85 96 (-1868.108643 0 1056 ) (-2048 0 1056 ) (-2048 40.812893 1056 ) (-1866.769897 7.224087 1056 ) 
4 86 133 (-1640.601074 0 1056 ) (-1827.791992 0 1056 ) (-1827.791992 0 1024 ) (-1640.601074 0 1024 ) 
4 86 104 (-2048 40.812904 1024 ) (-2048 40.812893 1056 ) (-2048 60.482140 1056 ) (-2048 60.482151 1024 ) 
4 86 96 (-1866.770142 7.223220 1056 ) (-2048 40.812000 1056 ) (-2048 40.812233 1024 ) (-1866.770142 7.223446 1024 ) 
4 86 94 (-1278.952271 121.007080 1024 ) (-1278.952393 121.007072 1056 ) (-1640.597656 0 1056 ) (-1640.597656 0 1024 ) 
4 86 89 (-1278.957031 121.006836 1056 ) (-1278.957031 121.006836 1024 ) (-1937.180054 69.203842 1024 ) (-1937.180054 69.203842 1056 ) 
5 86 87 (-2048 60.482086 1024 ) (-1278.957031 121.006836 1024 ) (-1640.601807 0 1024 ) (-1827.793213 0 1024 ) (-2048 40.812309 1024 ) 
4 87 135 (-1827.791992 0 1024 ) (-1827.791992 0 952.911011 ) (-1640.601074 0 952.911011 ) (-1640.601074 0 1024 ) 
4 87 105 (-2048 60.482178 952.911011 ) (-2048 40.812927 952.911011 ) (-2048 40.812904 1024 ) (-2048 60.482151 1024 ) 
5 87 98 (-2048 40.812893 952.911011 ) (-2048 60.482140 952.911011 ) (-1278.956543 121.006752 952.911011 ) (-1640.601074 0 952.911011 ) (-1827.791992 0 952.911011 ) 
4 87 97 (-2048 40.812744 952.911011 ) (-1866.769897 7.223915 952.911011 ) (-1866.770142 7.223445 1024 ) (-2048 40.812233 1024 ) 
4 87 95 (-1640.597534 0 952.911011 ) (-1278.951904 121.007095 952.911011 ) (-1278.952271 121.007080 1024 ) (-1640.597656 0 1024 ) 
4 87 91 (-1278.957031 121.006836 1024 ) (-1278.957031 121.006836 952.911011 ) (-1937.180054 69.203842 952.911011 ) (-1937.180054 69.203842 1024 ) 
4 88 106 (-2048 1024 1056 ) (-2048 1024 1024 ) (-2048 409.558655 1024 ) (-2048 409.558624 1056 ) 
4 88 90 (-2048 409.558624 1024 ) (-2048 1024 1024 ) (-1024 1024 1024 ) (-1024 490.149841 1024 ) 
4 88 89 (-1964.489990 416.130890 1024 ) (-1024 490.149750 1024 ) (-1024 490.149750 1056 ) (-1964.489990 416.130890 1056 ) 
4 89 94 (-1182.189697 153.384048 1056 ) (-1278.952393 121.007072 1056 ) (-1278.952271 121.007080 1024 ) (-1182.189575 153.384018 1024 ) 
5 89 91 (-1024 206.315308 1024 ) (-1278.957031 121.006348 1024 ) (-1937.180054 69.203415 1024 ) (-1964.489990 416.131042 1024 ) (-1024 490.149841 1024 ) 
4 90 108 (-2048 1024 1024 ) (-2048 1024 952.911011 ) (-2048 409.558655 952.911011 ) (-2048 409.558563 1024 ) 
4 90 98 (-2048 409.558624 952.911011 ) (-2048 1024 952.911011 ) (-1024 1024 952.911011 ) (-1024 490.149841 952.911011 ) 
4 90 91 (-1024 490.149811 1024 ) (-1964.489990 416.130981 1024 ) (-1964.489990 416.130981 952.911011 ) (-1024 490.149780 952.911011 ) 
5 91 98 (-1964.489990 416.131042 952.911011 ) (-1024 490.149841 952.911011 ) (-1024 206.315552 952.911011 ) (-1278.956543 121.006752 952.911011 ) (-1937.180054 69.203796 952.911011 ) 
4 91 95 (-1278.951904 121.007095 952.911011 ) (-1182.189575 153.383896 952.911011 ) (-1182.189697 153.384003 1024 ) (-1278.952271 121.007080 1024 ) 
4 92 132 (-1024 0 1024 ) (-1024 0 1056 ) (-1029.217285 0 1056 ) (-1029.217285 0 1024 ) 
3 92 93 (-1029.219482 0 1024 ) (-1024 1.746384 1024 ) (-1024 0 1024 ) 
4 93 134 (-1024 0 952.911011 ) (-1024 0 1024 ) (-1029.217285 0 1024 ) (-1029.217285 0 952.911011 ) 
3 93 98 (-1024 1.745667 952.911011 ) (-1024 0 952.911011 ) (-1029.217285 0 952.911011 ) 
4 94 133 (-1130.873779 0 1056 ) (-1640.601074 0 1056 ) (-1640.601074 0 1024 ) (-1130.873779 0 1024 ) 
3 94 95 (-1130.873901 0 1024 ) (-1640.601563 0 1024 ) (-1182.189941 153.385132 1024 ) 
4 95 135 (-1640.601074 0 1024 ) (-1640.601074 0 952.911011 ) (-1130.873779 0 952.911011 ) (-1130.873779 0 1024 ) 
3 95 98 (-1130.873779 0 952.911011 ) (-1640.601074 0 952.911011 ) (-1182.189941 153.384995 952.911011 ) 
4 96 136 (-1868.108643 0 1056 ) (-2048 0 1056 ) (-2048 0 1024 ) (-1868.108643 0 1024 ) 
4 96 104 (-2048 0 1024 ) (-2048 0 1056 ) (-2048 40.812893 1056 ) (-2048 40.812904 1024 ) 
4 96 97 (-2048 0 1024 ) (-2048 40.814453 1024 ) (-1866.769653 7.225620 1024 ) (-1868.108643 0 1024 ) 
4 97 138 (-2048 0 1024 ) (-2048 0 952.911011 ) (-1868.108643 0 952.911011 ) (-1868.108643 0 1024 ) 
4 97 105 (-2048 40.812927 952.911011 ) (-2048 0 952.911011 ) (-2048 0 1024 ) (-2048 40.812904 1024 ) 
4 97 98 (-2048 0 952.911011 ) (-2048 40.812893 952.911011 ) (-1866.769897 7.224087 952.911011 ) (-1868.108643 0 952.911011 ) 
4 98 141 (-1024 0 -1442 ) (-1024 0 894.911011 ) (-2048 0 894.911011 ) (-2048 0 -1442 ) 
4 98 140 (-1024 0 894.911011 ) (-1024 0 952.911011 ) (-2048 0 952.911011 ) (-2048 0 894.911011 ) 
4 98 110 (-2048 1024 952.911011 ) (-2048 1024 -1442 ) (-2048 0 -1442 ) (-2048 0 952.911011 ) 
4 98 99 (-2048 0 -1442 ) (-2048 1024 -1442 ) (-1024 1024 -1442 ) (-1024 0 -1442 ) 
4 99 142 (-1024 0 -1792 ) (-1024 0 -1442 ) (-2048 0 -1442 ) (-2048 0 -1792 ) 
4 99 112 (-2048 1024 -1442 ) (-2048 1024 -1792 ) (-2048 0 -1792 ) (-2048 0 -1442 ) 
4 100 151 (-3072 0 1442 ) (-3072 0 4096 ) (-3072 1024 4096 ) (-3072 1024 1442 ) 
4 100 143 (-2048 0 1442 ) (-2048 0 4096 ) (-3072 0 4096 ) (-3072 0 1442 ) 
5 100 103 (-2816.503418 0 1442 ) (-3072 0 1442 ) (-3072 328.967346 1442 ) (-2622.449951 364.348022 1442 ) (-2595.149902 17.420788 1442 ) 
4 100 102 (-3072 328.967346 1442 ) (-3072 1024 1442 ) (-2048 1024 1442 ) (-2048 409.558655 1442 ) 
3 100 101 (-2048 0 1442 ) (-2816.503418 0 1442 ) (-2048 60.482178 1442 ) 
4 101 143 (-2048 0 1056 ) (-2048 0 1442 ) (-2816.503418 0 1442 ) (-2816.503662 0 1056 ) 
3 101 104 (-2048 60.482178 1056 ) (-2048 0 1056 ) (-2816.503418 0 1056 ) 
4 101 103 (-2595.149902 17.420593 1056 ) (-2816.501221 0 1056 ) (-2816.500000 0 1442 ) (-2595.149902 17.420527 1442 ) 
4 102 151 (-3072 328.967346 1442 ) (-3072 1024 1442 ) (-3072 1024 1056 ) (-3072 328.967285 1056 ) 
4 102 106 (-2048 1024 1056 ) (-2048 409.558655 1056 ) (-2846 346.754089 1056 ) (-2846 1024 1056 ) 
4 102 111 (-2846 346.754089 1056 ) (-3072 328.967346 1056 ) (-3072 1024 1056 ) (-2846 1024 1056 ) 
4 102 103 (-3072 328.967285 1056 ) (-2622.449951 364.347931 1056 ) (-2622.449951 364.347870 1442 ) (-3072 328.967224 1442 ) 
4 103 151 (-3072 0 1056 ) (-3072 0 1442 ) (-3072 328.967346 1442 ) (-3072 328.967285 1056 ) 
4 103 143 (-2816.503418 0 1442 ) (-3072 0 1442 ) (-3072 0 1056 ) (-2816.503662 0 1056 ) 
5 103 107 (-2595.149902 17.420788 1056 ) (-2816.503418 0 1056 ) (-2846 0 1056 ) (-2846 346.754089 1056 ) (-2622.449951 364.348022 1056 ) 
4 103 111 (-2846 0 1056 ) (-3072 0 1056 ) (-3072 328.967346 1056 ) (-2846 346.754089 1056 ) 
4 104 144 (-2048 0 1024 ) (-2048 0 1056 ) (-2816.503418 0 1056 ) (-2816.503418 0 1024 ) 
4 104 107 (-2816.498779 0 1024 ) (-2816.498779 0 1056 ) (-2595.149902 17.420406 1056 ) (-2595.149902 17.420422 1024 ) 
3 104 105 (-2048 0 1024 ) (-2816.498779 0 1024 ) (-2048 60.481754 1024 ) 
4 105 146 (-2048 0 952.911011 ) (-2048 0 1024 ) (-2816.503418 0 1024 ) (-2816.503418 0 952.911011 ) 
4 105 109 (-2595.149902 17.420471 952.911011 ) (-2816.499023 0 952.911011 ) (-2816.498779 0 1024 ) (-2595.149902 17.420424 1024 ) 
3 105 110 (-2048 0 952.911011 ) (-2816.503418 0 952.911011 ) (-2048 60.482178 952.911011 ) 
4 106 108 (-2846 346.754089 1024 ) (-2846 1024 1024 ) (-2048 1024 1024 ) (-2048 409.558594 1024 ) 
4 106 107 (-2846 346.753418 1056 ) (-2846 346.753418 1024 ) (-2622.449951 364.347321 1024 ) (-2622.450195 364.347382 1056 ) 
4 106 111 (-2846 346.754089 1056 ) (-2846 1024 1056 ) (-2846 1024 1024 ) (-2846 346.754089 1024 ) 
4 107 144 (-2816.503418 0 1056 ) (-2846 0 1056 ) (-2846 0 1024 ) (-2816.503418 0 1024 ) 
5 107 109 (-2595.150146 17.420883 1024 ) (-2816.504883 0 1024 ) (-2846 0 1024 ) (-2846 346.754089 1024 ) (-2622.450195 364.347992 1024 ) 
4 107 111 (-2846 0 1024 ) (-2846 0 1056 ) (-2846 346.754089 1056 ) (-2846 346.754089 1024 ) 
4 108 109 (-2846 346.753418 952.911011 ) (-2622.449951 364.347321 952.911011 ) (-2622.450195 364.347870 1024 ) (-2846 346.753906 1024 ) 
4 108 110 (-2846 346.754089 952.911011 ) (-2846 1024 952.911011 ) (-2048 1024 952.911011 ) (-2048 409.558655 952.911011 ) 
4 108 111 (-2846 346.754089 1024 ) (-2846 1024 1024 ) (-2846 1024 952.911011 ) (-2846 346.754089 952.911011 ) 
4 109 146 (-2846 0 1024 ) (-2846 0 952.911011 ) (-2816.503418 0 952.911011 ) (-2816.503418 0 1024 ) 
4 109 111 (-2846 0 952.911011 ) (-2846 0 1024 ) (-2846 346.754089 1024 ) (-2846 346.754089 952.911011 ) 
5 109 110 (-2816.503418 0 952.911011 ) (-2846 0 952.911011 ) (-2846 346.754089 952.911011 ) (-2622.450195 364.348022 952.911011 ) (-2595.149902 17.420788 952.911011 ) 
4 110 146 (-2048 0 -1442 ) (-2048 0 952.911011 ) (-2846 0 952.911011 ) (-2846 0 -1442 ) 
4 110 112 (-2048 0 -1442 ) (-2846 0 -1442 ) (-2846 1024 -1442 ) (-2048 1024 -1442 ) 
4 110 111 (-2846 1024 -1442 ) (-2846 0 -1442 ) (-2846 0 952.911011 ) (-2846 1024 952.911011 ) 
4 111 151 (-3072 0 -1442 ) (-3072 0 1056 ) (-3072 1024 1056 ) (-3072 1024 -1442 ) 
4 111 148 (-3072 0 1024 ) (-3072 0 -1442 ) (-2846 0 -1442 ) (-2846 0 1024 ) 
4 111 145 (-2846 0 1056 ) (-3072 0 1056 ) (-3072 0 1024 ) (-2846 0 1024 ) 
4 111 112 (-2846 0 -1442 ) (-3072 0 -1442 ) (-3072 1024 -1442 ) (-2846 1024 -1442 ) 
4 112 151 (-3072 0 -1792 ) (-3072 0 -1442 ) (-3072 1024 -1442 ) (-3072 1024 -1792 ) 
4 112 147 (-2048 0 -1792 ) (-2048 0 -1442 ) (-2846 0 -1442 ) (-2846 0 -1792 ) 
4 112 148 (-2846 0 -1442 ) (-3072 0 -1442 ) (-3072 0 -1792 ) (-2846 0 -1792 ) 
4 113 198 (-1024 -1024 1442 ) (-1024 -1024 4096 ) (-2048 -1024 4096 ) (-2048 -1024 1442 ) 
4 113 143 (-2048 0 4096 ) (-2048 0 1442 ) (-2048 -1024 1442 ) (-2048 -1024 4096 ) 
3 113 122 (-1130.873779 0 1442 ) (-1024 0 1442 ) (-1024 -319.448730 1442 ) 
5 113 121 (-1217.819946 -113.050980 1442 ) (-1084.803955 -137.703888 1442 ) (-1024 -319.448730 1442 ) (-1024 -502.898468 1442 ) (-1281.229980 -455.223999 1442 ) 
4 113 120 (-2048 -313.112488 1442 ) (-2048 0 1442 ) (-1868.108643 0 1442 ) (-1930.179932 -334.949005 1442 ) 
3 113 119 (-1827.792114 0 1442 ) (-1130.873779 0 1442 ) (-1084.803955 -137.703888 1442 ) 
4 113 114 (-1024 -1024 1442 ) (-2048 -1024 1442 ) (-2048 -313.112488 1442 ) (-1024 -502.898468 1442 ) 
4 114 202 (-2048 -1024 1342 ) (-2048 -1024 1152 ) (-1448 -1024 1152 ) (-1448 -1024 1342 ) 
4 114 201 (-1448 -1024 1442 ) (-2048 -1024 1442 ) (-2048 -1024 1342 ) (-1448 -1024 1342 ) 
4 114 199 (-1024 -1024 1152 ) (-1024 -1024 1442 ) (-1448 -1024 1442 ) (-1448 -1024 1152 ) 
4 114 143 (-2048 -1024 1152 ) (-2048 -1024 1442 ) (-2048 -313.112488 1442 ) (-2048 -313.112518 1152 ) 
4 114 121 (-1281.229980 -455.223969 1442 ) (-1024 -502.898438 1442 ) (-1024 -502.897705 1152 ) (-1281.229858 -455.223267 1152 ) 
4 114 120 (-2048 -313.111786 1152 ) (-2048 -313.112427 1442 ) (-1930.179932 -334.948944 1442 ) (-1930.179932 -334.948303 1152 ) 
4 114 118 (-1747.239990 -664 1152 ) (-1024 -657.874451 1152 ) (-1024 -795.560913 1152 ) (-1746 -801.676025 1152 ) 
4 114 117 (-2048 -804.233887 1152 ) (-2048 -666.547363 1152 ) (-1992.939819 -666.080994 1152 ) (-1991.699951 -803.757019 1152 ) 
4 114 116 (-2048 -666.547363 1152 ) (-2048 -313.111328 1152 ) (-1024 -502.897217 1152 ) (-1024 -657.874451 1152 ) 
4 114 115 (-2048 -1024 1152 ) (-2048 -804.233887 1152 ) (-1024 -795.560913 1152 ) (-1024 -1024 1152 ) 
4 115 204 (-1448 -1024 1152 ) (-2048 -1024 1152 ) (-2048 -1024 1056 ) (-1448 -1024 1056 ) 
4 115 199 (-1024 -1024 1056 ) (-1024 -1024 1152 ) (-1448 -1024 1152 ) (-1448 -1024 1056 ) 
4 115 143 (-2048 -804.233887 1056 ) (-2048 -1024 1056 ) (-2048 -1024 1152 ) (-2048 -804.233887 1152 ) 
4 115 124 (-1024 -795.560913 1056 ) (-1024 -1024 1056 ) (-2048 -1024 1056 ) (-2048 -804.233887 1056 ) 
4 115 118 (-1746 -801.676025 1152 ) (-1024 -795.560974 1152 ) (-1024 -795.560974 1056 ) (-1746 -801.676025 1056 ) 
4 115 117 (-2048 -804.233887 1152 ) (-1991.699829 -803.757019 1152 ) (-1991.699951 -803.757019 1056 ) (-2048 -804.233887 1056 ) 
4 116 143 (-2048 -313.112518 1056 ) (-2048 -666.547363 1056 ) (-2048 -666.547363 1152 ) (-2048 -313.112518 1152 ) 
4 116 125 (-1024 -502.898468 1056 ) (-1024 -657.874451 1056 ) (-2048 -666.547363 1056 ) (-2048 -313.112488 1056 ) 
4 116 121 (-1024 -502.897461 1056 ) (-1281.229858 -455.223053 1056 ) (-1281.229980 -455.223267 1152 ) (-1024 -502.897705 1152 ) 
4 116 120 (-1930.179810 -334.948120 1056 ) (-2048 -313.111572 1056 ) (-2048 -313.111786 1152 ) (-1930.179810 -334.948334 1152 ) 
4 116 118 (-1747.239990 -664 1056 ) (-1024 -657.874451 1056 ) (-1024 -657.874451 1152 ) (-1747.239990 -664 1152 ) 
4 116 117 (-2048 -666.547363 1056 ) (-1992.939819 -666.080994 1056 ) (-1992.939819 -666.080994 1152 ) (-2048 -666.547363 1152 ) 
4 117 143 (-2048 -666.547363 1056 ) (-2048 -804.233887 1056 ) (-2048 -804.233887 1152 ) (-2048 -666.547363 1152 ) 
4 117 126 (-1991.699951 -803.757019 1056 ) (-2048 -804.233887 1056 ) (-2048 -666.547363 1056 ) (-1992.939819 -666.080994 1056 ) 
4 118 127 (-1024 -657.874451 1056 ) (-1024 -795.560913 1056 ) (-1746 -801.676025 1056 ) (-1747.239990 -664 1056 ) 
4 119 133 (-1827.792114 0 1056 ) (-1130.873779 0 1056 ) (-1120.639893 -30.589287 1056 ) (-1313.882935 -95.246857 1056 ) 
3 119 132 (-1120.639893 -30.589287 1056 ) (-1084.803955 -137.703888 1056 ) (-1313.882935 -95.246857 1056 ) 
4 119 123 (-1084.804688 -137.703766 1056 ) (-1120.640625 -30.589485 1056 ) (-1120.640503 -30.589457 1342 ) (-1084.804565 -137.703781 1342 ) 
4 119 122 (-1130.874390 0 1342 ) (-1130.874390 0 1442 ) (-1084.804565 -137.703796 1442 ) (-1084.804565 -137.703781 1342 ) 
4 119 121 (-1217.819946 -113.051201 1056 ) (-1084.798828 -137.705078 1056 ) (-1084.798828 -137.705078 1442 ) (-1217.819946 -113.051208 1442 ) 
4 120 143 (-2048 0 1442 ) (-2048 0 1056 ) (-2048 -313.112518 1056 ) (-2048 -313.112488 1442 ) 
4 120 136 (-2048 0 1056 ) (-1868.108643 0 1056 ) (-1930.179932 -334.949005 1056 ) (-2048 -313.112488 1056 ) 
5 121 137 (-1217.819946 -113.050980 1056 ) (-1084.803955 -137.703888 1056 ) (-1024 -319.448730 1056 ) (-1024 -502.898468 1056 ) (-1281.229980 -455.223999 1056 ) 
4 121 123 (-1024 -319.450562 1056 ) (-1084.804688 -137.703766 1056 ) (-1084.804565 -137.703781 1342 ) (-1024 -319.450470 1342 ) 
4 121 122 (-1084.804565 -137.703781 1342 ) (-1084.804565 -137.703796 1442 ) (-1024 -319.450439 1442 ) (-1024 -319.450470 1342 ) 
4 122 123 (-1024 -319.444702 1342 ) (-1120.638794 -30.588928 1342 ) (-1029.217285 0 1342 ) (-1024 0 1342 ) 
3 123 137 (-1024 -148.973190 1056 ) (-1024 -319.448730 1056 ) (-1084.803955 -137.703888 1056 ) 
5 123 132 (-1029.217285 0 1056 ) (-1024 0 1056 ) (-1024 -148.973190 1056 ) (-1084.803955 -137.703888 1056 ) (-1120.639893 -30.589294 1056 ) 
4 124 224 (-1448 -1024 1056 ) (-2048 -1024 1056 ) (-2048 -1024 1024 ) (-1448 -1024 1024 ) 
4 124 210 (-1024 -1024 1024 ) (-1024 -1024 1056 ) (-1448 -1024 1056 ) (-1448 -1024 1024 ) 
4 124 144 (-2048 -1024 1024 ) (-2048 -1024 1056 ) (-2048 -804.233887 1056 ) (-2048 -804.233887 1024 ) 
4 124 128 (-2048 -1024 1024 ) (-2048 -804.233887 1024 ) (-1024 -795.560913 1024 ) (-1024 -1024 1024 ) 
4 124 127 (-1024 -795.560913 1024 ) (-1746 -801.675964 1024 ) (-1746 -801.675964 1056 ) (-1024 -795.560913 1056 ) 
4 124 126 (-1991.699951 -803.756958 1024 ) (-2048 -804.233826 1024 ) (-2048 -804.233826 1056 ) (-1991.699829 -803.756958 1056 ) 
4 125 144 (-2048 -666.547363 1056 ) (-2048 -313.112488 1056 ) (-2048 -313.112488 1024 ) (-2048 -666.547363 1024 ) 
4 125 137 (-1281.229980 -455.223969 1056 ) (-1024 -502.898438 1056 ) (-1024 -502.898254 1024 ) (-1281.229980 -455.223785 1024 ) 
4 125 136 (-2048 -313.112244 1024 ) (-2048 -313.112427 1056 ) (-1930.179932 -334.948944 1056 ) (-1930.179932 -334.948761 1024 ) 
4 125 129 (-2048 -666.547363 1024 ) (-2048 -313.111328 1024 ) (-1024 -502.897217 1024 ) (-1024 -657.874451 1024 ) 
4 125 127 (-1747.239990 -664 1024 ) (-1024 -657.874390 1024 ) (-1024 -657.874390 1056 ) (-1747.239990 -664 1056 ) 
4 125 126 (-2048 -666.547302 1024 ) (-1992.939819 -666.080933 1024 ) (-1992.939819 -666.080933 1056 ) (-2048 -666.547302 1056 ) 
4 126 144 (-2048 -804.233887 1056 ) (-2048 -666.547363 1056 ) (-2048 -666.547363 1024 ) (-2048 -804.233887 1024 ) 
4 126 130 (-2048 -804.233887 1024 ) (-2048 -666.547363 1024 ) (-1992.939819 -666.080994 1024 ) (-1991.699951 -803.757019 1024 ) 
4 127 131 (-1747.239990 -664 1024 ) (-1024 -657.874451 1024 ) (-1024 -795.560913 1024 ) (-1746 -801.676025 1024 ) 
4 128 225 (-1448 -1024 1024 ) (-2048 -1024 1024 ) (-2048 -1024 894.911011 ) (-1448 -1024 894.911011 ) 
4 128 211 (-1024 -1024 952.911011 ) (-1024 -1024 1024 ) (-1448 -1024 1024 ) (-1448 -1024 952.911011 ) 
4 128 214 (-1024 -1024 894.911011 ) (-1024 -1024 952.911011 ) (-1448 -1024 952.911011 ) (-1448 -1024 894.911011 ) 
4 128 146 (-2048 -804.233887 894.911011 ) (-2048 -1024 894.911011 ) (-2048 -1024 1024 ) (-2048 -804.233887 1024 ) 
4 128 141 (-1024 -1024 894.911011 ) (-2048 -1024 894.911011 ) (-2048 -804.233887 894.911011 ) (-1024 -795.560913 894.911011 ) 
4 128 131 (-1746 -801.676025 1024 ) (-1024 -795.560974 1024 ) (-1024 -795.560974 894.911011 ) (-1746 -801.676025 894.911011 ) 
4 128 130 (-2048 -804.233887 1024 ) (-1991.699829 -803.757019 1024 ) (-1991.699951 -803.757019 894.911011 ) (-2048 -804.233887 894.911011 ) 
4 129 146 (-2048 -313.112518 894.911011 ) (-2048 -666.547363 894.911011 ) (-2048 -666.547363 1024 ) (-2048 -313.112488 1024 ) 
4 129 141 (-2048 -666.547363 894.911011 ) (-2048 -313.112488 894.911011 ) (-1024 -502.898468 894.911011 ) (-1024 -657.874451 894.911011 ) 
4 129 139 (-1281.229980 -455.223785 1024 ) (-1024 -502.898254 1024 ) (-1024 -502.897827 952.911011 ) (-1281.229858 -455.223389 952.911011 ) 
4 129 138 (-2048 -313.111877 952.911011 ) (-2048 -313.112244 1024 ) (-1930.179932 -334.948761 1024 ) (-1930.179810 -334.948425 952.911011 ) 
4 129 140 (-1024 -502.897461 894.911011 ) (-2048 -313.111572 894.911011 ) (-2048 -313.111877 952.911011 ) (-1024 -502.897827 952.911011 ) 
4 129 131 (-1747.239990 -664 894.911011 ) (-1024 -657.874451 894.911011 ) (-1024 -657.874451 1024 ) (-1747.239990 -664 1024 ) 
4 129 130 (-2048 -666.547363 894.911011 ) (-1992.939819 -666.080994 894.911011 ) (-1992.939819 -666.080994 1024 ) (-2048 -666.547363 1024 ) 
4 130 146 (-2048 -666.547363 894.911011 ) (-2048 -804.233887 894.911011 ) (-2048 -804.233887 1024 ) (-2048 -666.547363 1024 ) 
4 130 141 (-2048 -804.233887 894.911011 ) (-2048 -666.547363 894.911011 ) (-1992.939819 -666.080994 894.911011 ) (-1991.699951 -803.757019 894.911011 ) 
4 131 141 (-1747.239990 -664 894.911011 ) (-1024 -657.874451 894.911011 ) (-1024 -795.560913 894.911011 ) (-1746 -801.676025 894.911011 ) 
4 132 137 (-1024 -148.973633 1024 ) (-1024 -148.973633 1056 ) (-1217.820068 -113.051407 1056 ) (-1217.820068 -113.051445 1024 ) 
4 132 134 (-1024 -148.970703 1024 ) (-1313.879028 -95.245544 1024 ) (-1029.217285 0 1024 ) (-1024 0 1024 ) 
4 132 133 (-1120.640137 -30.589045 1024 ) (-1313.875000 -95.244141 1024 ) (-1313.875000 -95.244141 1056 ) (-1120.640015 -30.589272 1056 ) 
4 133 135 (-1313.879028 -95.245544 1024 ) (-1827.785156 0 1024 ) (-1130.873779 0 1024 ) (-1120.640015 -30.589296 1024 ) 
4 134 139 (-1217.820068 -113.051514 952.911011 ) (-1024 -148.973633 952.911011 ) (-1024 -148.973633 1024 ) (-1217.820068 -113.051453 1024 ) 
4 134 135 (-1120.639648 -30.590395 952.911011 ) (-1313.878906 -95.246094 952.911011 ) (-1313.878906 -95.246094 1024 ) (-1120.639771 -30.589813 1024 ) 
4 134 140 (-1029.217285 0 952.911011 ) (-1024 0 952.911011 ) (-1024 -148.973190 952.911011 ) (-1313.882935 -95.246864 952.911011 ) 
4 135 140 (-1827.791992 0 952.911011 ) (-1130.873779 0 952.911011 ) (-1120.639893 -30.589298 952.911011 ) (-1313.882935 -95.246864 952.911011 ) 
4 136 144 (-2048 0 1056 ) (-2048 0 1024 ) (-2048 -313.112488 1024 ) (-2048 -313.112488 1056 ) 
4 136 138 (-1930.179932 -334.948853 1024 ) (-2048 -313.112305 1024 ) (-2048 0 1024 ) (-1868.108643 0 1024 ) 
4 137 139 (-1024 -502.898438 1024 ) (-1281.229980 -455.223938 1024 ) (-1217.819580 -113.049377 1024 ) (-1024 -148.971497 1024 ) 
4 138 146 (-2048 0 1024 ) (-2048 0 952.911011 ) (-2048 -313.112518 952.911011 ) (-2048 -313.112488 1024 ) 
4 138 140 (-1930.179810 -334.947876 952.911011 ) (-2048 -313.111328 952.911011 ) (-2048 0 952.911011 ) (-1868.108643 0 952.911011 ) 
4 139 140 (-1024 -502.897461 952.911011 ) (-1281.229858 -455.222992 952.911011 ) (-1217.819946 -113.050995 952.911011 ) (-1024 -148.973190 952.911011 ) 
4 140 146 (-2048 0 952.911011 ) (-2048 0 894.911011 ) (-2048 -313.112518 894.911011 ) (-2048 -313.112518 952.911011 ) 
4 140 141 (-2048 -313.112488 894.911011 ) (-2048 0 894.911011 ) (-1024 0 894.911011 ) (-1024 -502.898468 894.911011 ) 
4 141 230 (-1024 -1024 -1442 ) (-1024 -1024 894.911011 ) (-2048 -1024 894.911011 ) (-2048 -1024 -1442 ) 
4 141 146 (-2048 0 894.911011 ) (-2048 0 -1442 ) (-2048 -1024 -1442 ) (-2048 -1024 894.911011 ) 
4 141 142 (-1024 -1024 -1442 ) (-2048 -1024 -1442 ) (-2048 0 -1442 ) (-1024 0 -1442 ) 
4 142 231 (-1024 -1024 -1792 ) (-1024 -1024 -1442 ) (-2048 -1024 -1442 ) (-2048 -1024 -1792 ) 
4 142 147 (-2048 0 -1442 ) (-2048 0 -1792 ) (-2048 -1024 -1792 ) (-2048 -1024 -1442 ) 
4 143 234 (-2096 -1024 1342 ) (-2432 -1024 1342 ) (-2432 -1024 1056 ) (-2096 -1024 1056 ) 
4 143 233 (-2048 -1024 1056 ) (-2048 -1024 1342 ) (-2096 -1024 1342 ) (-2096 -1024 1056 ) 
4 143 236 (-2432 -1024 1342 ) (-3072 -1024 1342 ) (-3072 -1024 1056 ) (-2432 -1024 1056 ) 
4 143 232 (-2048 -1024 1342 ) (-2048 -1024 4096 ) (-3072 -1024 4096 ) (-3072 -1024 1342 ) 
4 143 152 (-3072 -1024 1056 ) (-3072 -1024 4096 ) (-3072 0 4096 ) (-3072 0 1056 ) 
4 143 145 (-2846 -1024 1056 ) (-3072 -1024 1056 ) (-3072 0 1056 ) (-2846 0 1056 ) 
4 143 144 (-2048 0 1056 ) (-2048 -1024 1056 ) (-2846 -1024 1056 ) (-2846 0 1056 ) 
4 144 243 (-2432 -1024 1056 ) (-2846 -1024 1056 ) (-2846 -1024 1024 ) (-2432 -1024 1024 ) 
4 144 238 (-2096 -1024 1056 ) (-2432 -1024 1056 ) (-2432 -1024 1024 ) (-2096 -1024 1024 ) 
4 144 237 (-2048 -1024 1024 ) (-2048 -1024 1056 ) (-2096 -1024 1056 ) (-2096 -1024 1024 ) 
4 144 146 (-2048 -1024 1024 ) (-2846 -1024 1024 ) (-2846 0 1024 ) (-2048 0 1024 ) 
4 144 145 (-2846 0 1024 ) (-2846 -1024 1024 ) (-2846 -1024 1056 ) (-2846 0 1056 ) 
4 145 246 (-2846 -1024 1056 ) (-3072 -1024 1056 ) (-3072 -1024 1024 ) (-2846 -1024 1024 ) 
4 145 152 (-3072 -1024 1024 ) (-3072 -1024 1056 ) (-3072 0 1056 ) (-3072 0 1024 ) 
4 145 148 (-2846 -1024 1024 ) (-3072 -1024 1024 ) (-3072 0 1024 ) (-2846 0 1024 ) 
4 146 244 (-2432 -1024 1024 ) (-2846 -1024 1024 ) (-2846 -1024 952.911011 ) (-2432 -1024 952.911011 ) 
4 146 241 (-2096 -1024 1024 ) (-2432 -1024 1024 ) (-2432 -1024 952.911011 ) (-2096 -1024 952.911011 ) 
4 146 240 (-2048 -1024 952.911011 ) (-2048 -1024 1024 ) (-2096 -1024 1024 ) (-2096 -1024 952.911011 ) 
4 146 245 (-2048 -1024 -1442 ) (-2048 -1024 952.911011 ) (-2846 -1024 952.911011 ) (-2846 -1024 -1442 ) 
4 146 148 (-2846 -1024 -1442 ) (-2846 -1024 1024 ) (-2846 0 1024 ) (-2846 0 -1442 ) 
4 146 147 (-2846 -1024 -1442 ) (-2846 0 -1442 ) (-2048 0 -1442 ) (-2048 -1024 -1442 ) 
4 147 247 (-2048 -1024 -1792 ) (-2048 -1024 -1442 ) (-2846 -1024 -1442 ) (-2846 -1024 -1792 ) 
4 147 148 (-2846 0 -1792 ) (-2846 -1024 -1792 ) (-2846 -1024 -1442 ) (-2846 0 -1442 ) 
4 148 247 (-3072 -1024 -1442 ) (-3072 -1024 -1792 ) (-2846 -1024 -1792 ) (-2846 -1024 -1442 ) 
4 148 246 (-2846 -1024 1024 ) (-3072 -1024 1024 ) (-3072 -1024 -1442 ) (-2846 -1024 -1442 ) 
4 148 152 (-3072 -1024 -1792 ) (-3072 -1024 1024 ) (-3072 0 1024 ) (-3072 0 -1792 ) 
4 149 151 (-3072 1024 -1792 ) (-3072 1024 4096 ) (-4096 1024 4096 ) (-4096 1024 -1792 ) 
4 149 150 (-4096 2048 4096 ) (-4096 2048 -1792 ) (-4096 1024 -1792 ) (-4096 1024 4096 ) 
4 150 153 (-4096 1024 -1792 ) (-4096 1024 4096 ) (-4352 1024 4096 ) (-4352 1024 -1792 ) 
4 151 153 (-4096 1024 4096 ) (-4096 1024 -1792 ) (-4096 0 -1792 ) (-4096 0 4096 ) 
4 151 152 (-3072 0 -1792 ) (-3072 0 4096 ) (-4096 0 4096 ) (-4096 0 -1792 ) 
4 152 273 (-3072 -1024 -1792 ) (-3072 -1024 4096 ) (-4096 -1024 4096 ) (-4096 -1024 -1792 ) 
4 152 154 (-4096 -1024 -1792 ) (-4096 -1024 4096 ) (-4096 0 4096 ) (-4096 0 -1792 ) 
4 153 154 (-4096 0 -1792 ) (-4096 0 4096 ) (-4352 0 4096 ) (-4352 0 -1792 ) 
4 154 274 (-4096 -1024 -1792 ) (-4096 -1024 4096 ) (-4352 -1024 4096 ) (-4352 -1024 -1792 ) 
4 155 157 (4352 -2048 -1792 ) (4352 -2048 4096 ) (4096 -2048 4096 ) (4096 -2048 -1792 ) 
4 155 156 (4096 -2048 -1792 ) (4096 -2048 4096 ) (4096 -1024 4096 ) (4096 -1024 -1792 ) 
4 156 161 (3072 -1024 4096 ) (3072 -1024 -1792 ) (3072 -2048 -1792 ) (3072 -2048 4096 ) 
4 156 158 (4096 -2048 -1792 ) (4096 -2048 4096 ) (3072 -2048 4096 ) (3072 -2048 -1792 ) 
4 157 159 (4352 -3072 -1792 ) (4352 -3072 4096 ) (4096 -3072 4096 ) (4096 -3072 -1792 ) 
4 157 158 (4096 -2048 4096 ) (4096 -2048 -1792 ) (4096 -3072 -1792 ) (4096 -3072 4096 ) 
4 158 167 (3072 -3072 -1792 ) (3072 -3072 1136 ) (3072 -2048 1136 ) (3072 -2048 -1792 ) 
4 158 166 (3072 -3072 1136 ) (3072 -3072 4096 ) (3072 -2048 4096 ) (3072 -2048 1136 ) 
4 158 160 (4096 -3072 -1792 ) (4096 -3072 4096 ) (3072 -3072 4096 ) (3072 -3072 -1792 ) 
4 159 177 (4352 -4096 -1792 ) (4352 -4096 4096 ) (4096 -4096 4096 ) (4096 -4096 -1792 ) 
4 159 160 (4096 -3072 4096 ) (4096 -3072 -1792 ) (4096 -4096 -1792 ) (4096 -4096 4096 ) 
4 160 178 (4096 -4096 -1792 ) (4096 -4096 4096 ) (3072 -4096 4096 ) (3072 -4096 -1792 ) 
4 160 169 (3072 -4096 -1792 ) (3072 -4096 4096 ) (3072 -3072 4096 ) (3072 -3072 -1792 ) 
4 161 167 (3072 -2048 -1792 ) (3072 -2048 1136 ) (2258 -2048 1136 ) (2258 -2048 -1792 ) 
4 161 166 (3072 -2048 1136 ) (3072 -2048 4096 ) (2258 -2048 4096 ) (2258 -2048 1136 ) 
4 161 162 (2258 -2048 1136 ) (2258 -2048 4096 ) (2258 -1024 4096 ) (2258 -1024 1136 ) 
4 162 166 (2258 -2048 1136 ) (2258 -2048 4096 ) (2048 -2048 4096 ) (2048 -2048 1136 ) 
4 162 163 (2048 -1024 4096 ) (2048 -1024 1136 ) (2048 -2048 1136 ) (2048 -2048 4096 ) 
4 163 170 (2048 -2048 1136 ) (2048 -2048 4096 ) (1024 -2048 4096 ) (1024 -2048 1136 ) 
4 163 164 (1024 -2048 1136 ) (1024 -2048 4096 ) (1024 -1024 4096 ) (1024 -1024 1136 ) 
4 164 172 (1024 -2048 1136 ) (1024 -2048 4096 ) (608 -2048 4096 ) (608 -2048 1136 ) 
4 164 165 (608 -1024 4096 ) (608 -1024 1136 ) (608 -2048 1136 ) (608 -2048 4096 ) 
4 165 197 (0 -1024 -1442 ) (0 -1024 -1792 ) (0 -2048 -1792 ) (0 -2048 -1442 ) 
4 165 186 (0 -1024 1056 ) (0 -1024 -1442 ) (0 -2048 -1442 ) (0 -2048 1056 ) 
4 165 183 (0 -1024 1442 ) (0 -1024 1056 ) (0 -2048 1056 ) (0 -2048 1442 ) 
4 165 182 (0 -1024 4096 ) (0 -1024 1442 ) (0 -2048 1442 ) (0 -2048 4096 ) 
4 165 174 (608 -2048 -1792 ) (608 -2048 1136 ) (0 -2048 1136 ) (0 -2048 -1792 ) 
4 165 172 (608 -2048 1136 ) (608 -2048 4096 ) (0 -2048 4096 ) (0 -2048 1136 ) 
4 166 171 (2048 -2238 1136 ) (2048 -3072 1136 ) (2048 -3072 4096 ) (2048 -2238 4096 ) 
4 166 170 (2048 -2048 4096 ) (2048 -2048 1136 ) (2048 -2238 1136 ) (2048 -2238 4096 ) 
4 166 169 (3072 -3072 1136 ) (3072 -3072 4096 ) (2048 -3072 4096 ) (2048 -3072 1136 ) 
4 166 168 (2258 -3072 1136 ) (2048 -3072 1136 ) (2048 -2238 1136 ) (2258 -2238 1136 ) 
4 166 167 (3072 -3072 1136 ) (2258 -3072 1136 ) (2258 -2048 1136 ) (3072 -2048 1136 ) 
4 167 169 (3072 -3072 -1792 ) (3072 -3072 1136 ) (2258 -3072 1136 ) (2258 -3072 -1792 ) 
4 167 168 (2258 -3072 1136 ) (2258 -2238 1136 ) (2258 -2238 -1792 ) (2258 -3072 -1792 ) 
4 168 171 (2048 -3072 -1792 ) (2048 -3072 1136 ) (2048 -2238 1136 ) (2048 -2238 -1792 ) 
4 168 169 (2258 -3072 -1792 ) (2258 -3072 1136 ) (2048 -3072 1136 ) (2048 -3072 -1792 ) 
4 169 179 (3072 -4096 -1792 ) (3072 -4096 4096 ) (2048 -4096 4096 ) (2048 -4096 -1792 ) 
4 169 175 (2048 -4096 -1792 ) (2048 -4096 4096 ) (2048 -3072 4096 ) (2048 -3072 -1792 ) 
4 170 172 (1024 -2048 4096 ) (1024 -2048 1136 ) (1024 -2238 1136 ) (1024 -2238 4096 ) 
4 170 171 (2048 -2238 1136 ) (2048 -2238 4096 ) (1024 -2238 4096 ) (1024 -2238 1136 ) 
4 171 175 (2048 -3072 -1792 ) (2048 -3072 4096 ) (1024 -3072 4096 ) (1024 -3072 -1792 ) 
4 171 173 (1024 -3072 -1792 ) (1024 -3072 1136 ) (1024 -2238 1136 ) (1024 -2238 -1792 ) 
4 171 172 (1024 -3072 1136 ) (1024 -3072 4096 ) (1024 -2238 4096 ) (1024 -2238 1136 ) 
4 172 248 (0 -3072 1136 ) (0 -3072 4096 ) (0 -2048 4096 ) (0 -2048 1136 ) 
4 172 176 (1024 -3072 1136 ) (1024 -3072 4096 ) (0 -3072 4096 ) (0 -3072 1136 ) 
4 172 174 (608 -3072 1136 ) (0 -3072 1136 ) (0 -2048 1136 ) (608 -2048 1136 ) 
4 172 173 (1024 -3072 1136 ) (608 -3072 1136 ) (608 -2238 1136 ) (1024 -2238 1136 ) 
4 173 176 (1024 -3072 -1792 ) (1024 -3072 1136 ) (608 -3072 1136 ) (608 -3072 -1792 ) 
4 173 174 (608 -3072 -1792 ) (608 -3072 1136 ) (608 -2238 1136 ) (608 -2238 -1792 ) 
4 174 252 (0 -3072 -1792 ) (0 -3072 1024 ) (0 -2048 1024 ) (0 -2048 -1792 ) 
4 174 249 (0 -3072 1024 ) (0 -3072 1056 ) (0 -2048 1056 ) (0 -2048 1024 ) 
4 174 248 (0 -3072 1056 ) (0 -3072 1136 ) (0 -2048 1136 ) (0 -2048 1056 ) 
4 174 176 (608 -3072 -1792 ) (608 -3072 1136 ) (0 -3072 1136 ) (0 -3072 -1792 ) 
4 175 180 (2048 -4096 -1792 ) (2048 -4096 4096 ) (1024 -4096 4096 ) (1024 -4096 -1792 ) 
4 175 176 (1024 -3072 4096 ) (1024 -3072 -1792 ) (1024 -4096 -1792 ) (1024 -4096 4096 ) 
4 176 256 (0 -4096 -1792 ) (0 -4096 4096 ) (0 -3072 4096 ) (0 -3072 -1792 ) 
4 176 181 (1024 -4096 -1792 ) (1024 -4096 4096 ) (0 -4096 4096 ) (0 -4096 -1792 ) 
4 177 178 (4096 -5120 -1792 ) (4096 -5120 4096 ) (4096 -4096 4096 ) (4096 -4096 -1792 ) 
4 178 179 (3072 -4096 4096 ) (3072 -4096 -1792 ) (3072 -5120 -1792 ) (3072 -5120 4096 ) 
4 179 180 (2048 -4096 4096 ) (2048 -4096 -1792 ) (2048 -5120 -1792 ) (2048 -5120 4096 ) 
4 180 181 (1024 -5120 -1792 ) (1024 -5120 4096 ) (1024 -4096 4096 ) (1024 -4096 -1792 ) 
4 181 279 (0 -5120 -1792 ) (0 -5120 4096 ) (0 -4096 4096 ) (0 -4096 -1792 ) 
4 182 248 (0 -2048 1442 ) (0 -2048 4096 ) (-1024 -2048 4096 ) (-1024 -2048 1442 ) 
4 182 198 (-1024 -1024 4096 ) (-1024 -1024 1442 ) (-1024 -2048 1442 ) (-1024 -2048 4096 ) 
4 182 184 (-1024 -1154 1442 ) (-1024 -1024 1442 ) (-788 -1024 1442 ) (-788 -1154 1442 ) 
4 182 185 (-1024 -2048 1442 ) (-1024 -1502 1442 ) (-788 -1502 1442 ) (-788 -2048 1442 ) 
4 182 183 (-788 -1024 1442 ) (0 -1024 1442 ) (0 -2048 1442 ) (-788 -2048 1442 ) 
4 183 248 (0 -2048 1056 ) (0 -2048 1442 ) (-788 -2048 1442 ) (-788 -2048 1056 ) 
4 183 189 (-123.908997 -2048 1056 ) (-788 -2048 1056 ) (-788 -1024 1056 ) (-123.908997 -1024 1056 ) 
4 183 187 (-104 -2048 1056 ) (-123.908997 -2048 1056 ) (-123.908997 -1024 1056 ) (-104 -1024 1056 ) 
4 183 186 (0 -2048 1056 ) (-104 -2048 1056 ) (-104 -1024 1056 ) (0 -1024 1056 ) 
4 183 184 (-788 -1024 1056 ) (-788 -1154 1056 ) (-788 -1154 1442 ) (-788 -1024 1442 ) 
4 183 185 (-788 -1502 1056 ) (-788 -2048 1056 ) (-788 -2048 1442 ) (-788 -1502 1442 ) 
4 184 199 (-1024 -1024 1442 ) (-1024 -1024 1056 ) (-1024 -1154 1056 ) (-1024 -1154 1442 ) 
4 184 190 (-1024 -1154 1056 ) (-1024 -1024 1056 ) (-788 -1024 1056 ) (-788 -1154 1056 ) 
4 185 248 (-788 -2048 1442 ) (-1024 -2048 1442 ) (-1024 -2048 1056 ) (-788 -2048 1056 ) 
4 185 200 (-1024 -1502 1056 ) (-1024 -2048 1056 ) (-1024 -2048 1442 ) (-1024 -1502 1442 ) 
4 185 191 (-788 -2048 1056 ) (-1024 -2048 1056 ) (-1024 -1502 1056 ) (-788 -1502 1056 ) 
4 186 252 (0 -2048 -1442 ) (0 -2048 1024 ) (-104 -2048 1024 ) (-104 -2048 -1442 ) 
4 186 249 (0 -2048 1024 ) (0 -2048 1056 ) (-104 -2048 1056 ) (-104 -2048 1024 ) 
4 186 197 (-104 -1024 -1442 ) (0 -1024 -1442 ) (0 -2048 -1442 ) (-104 -2048 -1442 ) 
4 186 195 (-104 -1024 -1442 ) (-104 -2048 -1442 ) (-104 -2048 952.911011 ) (-104 -1024 952.911011 ) 
4 186 188 (-104 -2048 952.911011 ) (-104 -2048 1024 ) (-104 -1024 1024 ) (-104 -1024 952.911011 ) 
4 186 187 (-104 -2048 1024 ) (-104 -2048 1056 ) (-104 -1024 1056 ) (-104 -1024 1024 ) 
4 187 250 (-104 -2048 1056 ) (-123.908997 -2048 1056 ) (-123.908997 -2048 1024 ) (-104 -2048 1024 ) 
4 187 189 (-123.908997 -2048 1024 ) (-123.908997 -2048 1056 ) (-123.908997 -1024 1056 ) (-123.908997 -1024 1024 ) 
4 187 188 (-123.908997 -2048 1024 ) (-123.908997 -1024 1024 ) (-104 -1024 1024 ) (-104 -2048 1024 ) 
4 188 252 (-123.908997 -2048 1024 ) (-123.908997 -2048 952.911011 ) (-104 -2048 952.911011 ) (-104 -2048 1024 ) 
4 188 195 (-123.908997 -1024 952.911011 ) (-104 -1024 952.911011 ) (-104 -2048 952.911011 ) (-123.908997 -2048 952.911011 ) 
4 188 192 (-123.908997 -1024 952.911011 ) (-123.908997 -2048 952.911011 ) (-123.908997 -2048 1024 ) (-123.908997 -1024 1024 ) 
4 189 250 (-123.908997 -2048 1056 ) (-788 -2048 1056 ) (-788 -2048 1024 ) (-123.908997 -2048 1024 ) 
4 189 192 (-788 -1024 1024 ) (-123.908997 -1024 1024 ) (-123.908997 -2048 1024 ) (-788 -2048 1024 ) 
4 189 190 (-788 -1024 1024 ) (-788 -1154 1024 ) (-788 -1154 1056 ) (-788 -1024 1056 ) 
4 189 191 (-788 -1502 1024 ) (-788 -2048 1024 ) (-788 -2048 1056 ) (-788 -1502 1056 ) 
4 190 210 (-1024 -1024 1056 ) (-1024 -1024 1024 ) (-1024 -1154 1024 ) (-1024 -1154 1056 ) 
4 190 193 (-1024 -1154 1024 ) (-1024 -1024 1024 ) (-788 -1024 1024 ) (-788 -1154 1024 ) 
4 191 250 (-788 -2048 1056 ) (-1024 -2048 1056 ) (-1024 -2048 1024 ) (-788 -2048 1024 ) 
4 191 212 (-1024 -1502 1024 ) (-1024 -2048 1024 ) (-1024 -2048 1056 ) (-1024 -1502 1056 ) 
4 191 194 (-1024 -2048 1024 ) (-1024 -1502 1024 ) (-788 -1502 1024 ) (-788 -2048 1024 ) 
4 192 253 (-788 -2048 952.911011 ) (-123.908997 -2048 952.911011 ) (-123.908997 -2048 1024 ) (-788 -2048 1024 ) 
4 192 196 (-788 -1024 952.911011 ) (-123.908997 -1024 952.911011 ) (-123.908997 -2048 952.911011 ) (-788 -2048 952.911011 ) 
4 192 193 (-788 -1024 952.911011 ) (-788 -1154 952.911011 ) (-788 -1154 1024 ) (-788 -1024 1024 ) 
4 192 194 (-788 -1502 952.911011 ) (-788 -2048 952.911011 ) (-788 -2048 1024 ) (-788 -1502 1024 ) 
4 193 211 (-1024 -1024 1024 ) (-1024 -1024 952.911011 ) (-1024 -1154 952.911011 ) (-1024 -1154 1024 ) 
4 193 196 (-1024 -1154 952.911011 ) (-1024 -1024 952.911011 ) (-788 -1024 952.911011 ) (-788 -1154 952.911011 ) 
4 194 253 (-1024 -2048 1024 ) (-1024 -2048 952.911011 ) (-788 -2048 952.911011 ) (-788 -2048 1024 ) 
4 194 213 (-1024 -1502 952.911011 ) (-1024 -2048 952.911011 ) (-1024 -2048 1024 ) (-1024 -1502 1024 ) 
4 194 196 (-1024 -2048 952.911011 ) (-1024 -1502 952.911011 ) (-788 -1502 952.911011 ) (-788 -2048 952.911011 ) 
4 195 252 (-123.908997 -2048 -1442 ) (-104 -2048 -1442 ) (-104 -2048 952.911011 ) (-123.908997 -2048 952.911011 ) 
4 195 197 (-123.908997 -1024 -1442 ) (-104 -1024 -1442 ) (-104 -2048 -1442 ) (-123.908997 -2048 -1442 ) 
4 195 196 (-123.908997 -1024 -1442 ) (-123.908997 -2048 -1442 ) (-123.908997 -2048 952.911011 ) (-123.908997 -1024 952.911011 ) 
4 196 253 (-1024 -2048 952.911011 ) (-1024 -2048 -1442 ) (-123.908997 -2048 -1442 ) (-123.908997 -2048 952.911011 ) 
4 196 230 (-1024 -1024 894.911011 ) (-1024 -1024 -1442 ) (-1024 -2048 -1442 ) (-1024 -2048 894.911011 ) 
4 196 214 (-1024 -1024 952.911011 ) (-1024 -1024 894.911011 ) (-1024 -2048 894.911011 ) (-1024 -2048 952.911011 ) 
4 196 197 (-1024 -2048 -1442 ) (-1024 -1024 -1442 ) (-123.908997 -1024 -1442 ) (-123.908997 -2048 -1442 ) 
4 197 254 (-123.908997 -2048 -1442 ) (-1024 -2048 -1442 ) (-1024 -2048 -1792 ) (-123.908997 -2048 -1792 ) 
4 197 252 (0 -2048 -1792 ) (0 -2048 -1442 ) (-123.908997 -2048 -1442 ) (-123.908997 -2048 -1792 ) 
4 197 231 (-1024 -1024 -1442 ) (-1024 -1024 -1792 ) (-1024 -2048 -1792 ) (-1024 -2048 -1442 ) 
4 198 257 (-1024 -2048 1442 ) (-1024 -2048 4096 ) (-2048 -2048 4096 ) (-2048 -2048 1442 ) 
4 198 232 (-2048 -2048 1442 ) (-2048 -2048 4096 ) (-2048 -1024 4096 ) (-2048 -1024 1442 ) 
4 198 201 (-2048 -2048 1442 ) (-2048 -1024 1442 ) (-1448 -1024 1442 ) (-1448 -2048 1442 ) 
4 198 199 (-1448 -1024 1442 ) (-1024 -1024 1442 ) (-1024 -1154 1442 ) (-1448 -1154 1442 ) 
4 198 200 (-1024 -1502 1442 ) (-1024 -2048 1442 ) (-1448 -2048 1442 ) (-1448 -1502 1442 ) 
4 199 210 (-1448 -1154 1056 ) (-1448 -1024 1056 ) (-1024 -1024 1056 ) (-1024 -1154 1056 ) 
4 199 206 (-1448 -1061.295532 1056 ) (-1448 -1154 1056 ) (-1448 -1154 1152 ) (-1448 -1061.295532 1152 ) 
4 199 204 (-1448 -1024 1056 ) (-1448 -1061.295532 1056 ) (-1448 -1061.295532 1152 ) (-1448 -1024 1152 ) 
4 199 202 (-1448 -1154 1152 ) (-1448 -1154 1342 ) (-1448 -1024 1342 ) (-1448 -1024 1152 ) 
4 199 201 (-1448 -1154 1342 ) (-1448 -1154 1442 ) (-1448 -1024 1442 ) (-1448 -1024 1342 ) 
4 200 257 (-1024 -2048 1056 ) (-1024 -2048 1442 ) (-1448 -2048 1442 ) (-1448 -2048 1056 ) 
4 200 212 (-1024 -2048 1056 ) (-1448 -2048 1056 ) (-1448 -1502 1056 ) (-1024 -1502 1056 ) 
4 200 209 (-1448 -1502 1056 ) (-1448 -1568.684204 1056 ) (-1448 -1568.684204 1342 ) (-1448 -1502 1342 ) 
4 200 207 (-1448 -1568.684204 1056 ) (-1448 -2048 1056 ) (-1448 -2048 1342 ) (-1448 -1568.684204 1342 ) 
4 200 201 (-1448 -2048 1342 ) (-1448 -2048 1442 ) (-1448 -1502 1442 ) (-1448 -1502 1342 ) 
4 201 257 (-1448 -2048 1442 ) (-2048 -2048 1442 ) (-2048 -2048 1342 ) (-1448 -2048 1342 ) 
4 201 232 (-2048 -2048 1342 ) (-2048 -2048 1442 ) (-2048 -1024 1442 ) (-2048 -1024 1342 ) 
4 201 209 (-1639.119995 -1333.910034 1342 ) (-1448 -1371.064453 1342 ) (-1448 -1568.684082 1342 ) (-1676.140015 -1524.339966 1342 ) 
4 201 208 (-2048 -1452.060425 1342 ) (-2048 -1254.422485 1342 ) (-1968.949951 -1269.790039 1342 ) (-2005.969971 -1460.229980 1342 ) 
4 201 207 (-2048 -2048 1342 ) (-2048 -1452.060425 1342 ) (-1448 -1568.684082 1342 ) (-1448 -2048 1342 ) 
4 201 202 (-2048 -1254.422485 1342 ) (-2048 -1024 1342 ) (-1448 -1024 1342 ) (-1448 -1371.064453 1342 ) 
4 202 233 (-2048 -1254.422485 1342 ) (-2048 -1024 1342 ) (-2048 -1024 1152 ) (-2048 -1254.422485 1152 ) 
4 202 209 (-1448 -1371.064453 1152 ) (-1448 -1371.064453 1342 ) (-1639.119995 -1333.910034 1342 ) (-1639.119995 -1333.910034 1152 ) 
4 202 208 (-1968.949951 -1269.790039 1342 ) (-2048 -1254.422485 1342 ) (-2048 -1254.422485 1152 ) (-1968.949951 -1269.790039 1152 ) 
4 202 206 (-1559.240112 -1062.237305 1152 ) (-1448 -1061.295532 1152 ) (-1448 -1198.988770 1152 ) (-1558 -1199.919922 1152 ) 
4 202 205 (-2048 -1204.067993 1152 ) (-2048 -1066.374878 1152 ) (-1804.939941 -1064.317261 1152 ) (-1803.699951 -1202 1152 ) 
4 202 204 (-2048 -1066.374878 1152 ) (-2048 -1024 1152 ) (-1448 -1024 1152 ) (-1448 -1061.295532 1152 ) 
4 202 203 (-1448 -1371.062500 1152 ) (-2048 -1254.420654 1152 ) (-2048 -1204.067993 1152 ) (-1448 -1198.988770 1152 ) 
4 203 233 (-2048 -1204.067993 1056 ) (-2048 -1254.422485 1056 ) (-2048 -1254.422485 1152 ) (-2048 -1204.067993 1152 ) 
4 203 216 (-2048 -1254.422485 1056 ) (-2048 -1204.067993 1056 ) (-1448 -1198.988770 1056 ) (-1448 -1371.064453 1056 ) 
4 203 209 (-1639.119995 -1333.910034 1056 ) (-1448 -1371.064453 1056 ) (-1448 -1371.064453 1152 ) (-1639.119995 -1333.910034 1152 ) 
4 203 208 (-2048 -1254.422485 1056 ) (-1968.949951 -1269.790039 1056 ) (-1968.949951 -1269.790039 1152 ) (-2048 -1254.422485 1152 ) 
4 203 206 (-1558 -1199.919800 1152 ) (-1448 -1198.988647 1152 ) (-1448 -1198.988647 1056 ) (-1558 -1199.919800 1056 ) 
4 203 205 (-2048 -1204.067871 1152 ) (-1803.699951 -1202 1152 ) (-1803.699951 -1202 1056 ) (-2048 -1204.067871 1056 ) 
4 204 233 (-2048 -1024 1152 ) (-2048 -1024 1056 ) (-2048 -1066.374878 1056 ) (-2048 -1066.374878 1152 ) 
4 204 224 (-2048 -1066.374878 1056 ) (-2048 -1024 1056 ) (-1448 -1024 1056 ) (-1448 -1061.295532 1056 ) 
4 204 206 (-1448 -1061.295410 1056 ) (-1448 -1061.295410 1152 ) (-1559.240112 -1062.237061 1152 ) (-1559.240112 -1062.237061 1056 ) 
4 204 205 (-1804.939941 -1064.317017 1152 ) (-2048 -1066.374634 1152 ) (-2048 -1066.374634 1056 ) (-1804.939941 -1064.317017 1056 ) 
4 205 233 (-2048 -1066.374878 1056 ) (-2048 -1204.067993 1056 ) (-2048 -1204.067993 1152 ) (-2048 -1066.374878 1152 ) 
4 205 226 (-2048 -1204.067993 1056 ) (-2048 -1066.374878 1056 ) (-1804.939941 -1064.317261 1056 ) (-1803.699951 -1202 1056 ) 
4 206 227 (-1559.240112 -1062.237305 1056 ) (-1448 -1061.295532 1056 ) (-1448 -1198.988770 1056 ) (-1558 -1199.919922 1056 ) 
4 207 257 (-2048 -2048 1342 ) (-2048 -2048 1056 ) (-1448 -2048 1056 ) (-1448 -2048 1342 ) 
4 207 233 (-2048 -2048 1056 ) (-2048 -2048 1342 ) (-2048 -1452.060425 1342 ) (-2048 -1452.060425 1056 ) 
4 207 215 (-1448 -2048 1056 ) (-2048 -2048 1056 ) (-2048 -1452.060425 1056 ) (-1448 -1568.684082 1056 ) 
4 207 209 (-1676.140137 -1524.340576 1342 ) (-1448 -1568.684570 1342 ) (-1448 -1568.684570 1056 ) (-1676.140137 -1524.340332 1056 ) 
4 207 208 (-2048 -1452.061523 1342 ) (-2005.970215 -1460.230957 1342 ) (-2005.970093 -1460.230347 1056 ) (-2048 -1452.060913 1056 ) 
4 208 233 (-2048 -1452.060425 1342 ) (-2048 -1254.422485 1342 ) (-2048 -1254.422485 1056 ) (-2048 -1452.060425 1056 ) 
4 208 217 (-2048 -1452.060425 1056 ) (-2048 -1254.422485 1056 ) (-1968.949951 -1269.790039 1056 ) (-2005.969971 -1460.229980 1056 ) 
4 209 218 (-1639.119995 -1333.910034 1056 ) (-1448 -1371.064453 1056 ) (-1448 -1568.684082 1056 ) (-1676.140015 -1524.339966 1056 ) 
4 210 227 (-1448 -1154 1056 ) (-1448 -1061.295532 1056 ) (-1448 -1061.295532 1024 ) (-1448 -1154 1024 ) 
4 210 224 (-1448 -1061.295532 1056 ) (-1448 -1024 1056 ) (-1448 -1024 1024 ) (-1448 -1061.295532 1024 ) 
4 210 211 (-1448 -1154 1024 ) (-1448 -1024 1024 ) (-1024 -1024 1024 ) (-1024 -1154 1024 ) 
4 211 229 (-1448 -1061.295532 952.911011 ) (-1448 -1154 952.911011 ) (-1448 -1154 1024 ) (-1448 -1061.295532 1024 ) 
4 211 225 (-1448 -1024 1024 ) (-1448 -1024 952.911011 ) (-1448 -1061.295532 952.911011 ) (-1448 -1061.295532 1024 ) 
4 211 214 (-1448 -1154 952.911011 ) (-1448 -1024 952.911011 ) (-1024 -1024 952.911011 ) (-1024 -1154 952.911011 ) 
4 212 258 (-1024 -2048 1024 ) (-1024 -2048 1056 ) (-1448 -2048 1056 ) (-1448 -2048 1024 ) 
4 212 218 (-1448 -1568.684204 1056 ) (-1448 -1502 1056 ) (-1448 -1502 1024 ) (-1448 -1568.684204 1024 ) 
4 212 215 (-1448 -2048 1024 ) (-1448 -2048 1056 ) (-1448 -1568.684204 1056 ) (-1448 -1568.684204 1024 ) 
4 212 213 (-1448 -2048 1024 ) (-1448 -1502 1024 ) (-1024 -1502 1024 ) (-1024 -2048 1024 ) 
4 213 260 (-1024 -2048 952.911011 ) (-1024 -2048 1024 ) (-1448 -2048 1024 ) (-1448 -2048 952.911011 ) 
4 213 222 (-1448 -1568.684204 1024 ) (-1448 -1502 1024 ) (-1448 -1502 952.911011 ) (-1448 -1568.684204 952.911011 ) 
4 213 219 (-1448 -2048 952.911011 ) (-1448 -2048 1024 ) (-1448 -1568.684204 1024 ) (-1448 -1568.684204 952.911011 ) 
4 213 214 (-1448 -2048 952.911011 ) (-1448 -1502 952.911011 ) (-1024 -1502 952.911011 ) (-1024 -2048 952.911011 ) 
4 214 260 (-1024 -2048 894.911011 ) (-1024 -2048 952.911011 ) (-1448 -2048 952.911011 ) (-1448 -2048 894.911011 ) 
4 214 230 (-1448 -1024 894.911011 ) (-1024 -1024 894.911011 ) (-1024 -2048 894.911011 ) (-1448 -2048 894.911011 ) 
4 214 229 (-1448 -1061.295532 894.911011 ) (-1448 -1198.988770 894.911011 ) (-1448 -1198.988770 952.911011 ) (-1448 -1061.295532 952.911011 ) 
4 214 225 (-1448 -1024 894.911011 ) (-1448 -1061.295532 894.911011 ) (-1448 -1061.295532 952.911011 ) (-1448 -1024 952.911011 ) 
4 214 223 (-1448 -1198.988770 894.911011 ) (-1448 -2048 894.911011 ) (-1448 -2048 952.911011 ) (-1448 -1198.988770 952.911011 ) 
4 215 258 (-1448 -2048 1056 ) (-2048 -2048 1056 ) (-2048 -2048 1024 ) (-1448 -2048 1024 ) 
4 215 237 (-2048 -2048 1024 ) (-2048 -2048 1056 ) (-2048 -1452.060547 1056 ) (-2048 -1452.060425 1024 ) 
4 215 219 (-2048 -2048 1024 ) (-2048 -1452.060425 1024 ) (-1448 -1568.684082 1024 ) (-1448 -2048 1024 ) 
4 215 218 (-1448 -1568.684570 1056 ) (-1448 -1568.684570 1024 ) (-1676.140137 -1524.340332 1024 ) (-1676.140137 -1524.340332 1056 ) 
4 215 217 (-2005.970093 -1460.230225 1024 ) (-2048 -1452.060791 1024 ) (-2048 -1452.060791 1056 ) (-2005.970093 -1460.230225 1056 ) 
4 216 237 (-2048 -1254.422485 1056 ) (-2048 -1204.068115 1056 ) (-2048 -1204.068115 1024 ) (-2048 -1254.422485 1024 ) 
4 216 227 (-1448 -1198.988647 1056 ) (-1448 -1198.988647 1024 ) (-1558 -1199.919800 1024 ) (-1558 -1199.919800 1056 ) 
4 216 226 (-1803.699951 -1202 1024 ) (-2048 -1204.067871 1024 ) (-2048 -1204.067871 1056 ) (-1803.699951 -1202 1056 ) 
4 216 220 (-2048 -1254.422485 1024 ) (-2048 -1204.063965 1024 ) (-1448 -1198.984619 1024 ) (-1448 -1371.064453 1024 ) 
4 216 218 (-1639.119873 -1333.909546 1024 ) (-1448 -1371.063843 1024 ) (-1448 -1371.063843 1056 ) (-1639.119873 -1333.909546 1056 ) 
4 216 217 (-2048 -1254.421997 1024 ) (-1968.949829 -1269.789551 1024 ) (-1968.949951 -1269.789429 1056 ) (-2048 -1254.421875 1056 ) 
4 217 237 (-2048 -1452.060547 1056 ) (-2048 -1254.422485 1056 ) (-2048 -1254.422485 1024 ) (-2048 -1452.060425 1024 ) 
4 217 221 (-2048 -1452.060425 1024 ) (-2048 -1254.422485 1024 ) (-1968.949951 -1269.790039 1024 ) (-2005.969971 -1460.229980 1024 ) 
4 218 222 (-1639.119995 -1333.910034 1024 ) (-1448 -1371.064453 1024 ) (-1448 -1568.684082 1024 ) (-1676.140015 -1524.339966 1024 ) 
4 219 260 (-2048 -2048 1024 ) (-2048 -2048 952.911011 ) (-1448 -2048 952.911011 ) (-1448 -2048 1024 ) 
4 219 240 (-2048 -2048 952.911011 ) (-2048 -2048 1024 ) (-2048 -1452.060547 1024 ) (-2048 -1452.060425 952.911011 ) 
4 219 222 (-1448 -1568.684570 952.911011 ) (-1676.140137 -1524.340332 952.911011 ) (-1676.140015 -1524.339478 1024 ) (-1448 -1568.683716 1024 ) 
4 219 221 (-2005.970093 -1460.230225 952.911011 ) (-2048 -1452.060791 952.911011 ) (-2048 -1452.060059 1024 ) (-2005.969849 -1460.229614 1024 ) 
4 219 223 (-1448 -1568.684082 952.911011 ) (-1448 -2048 952.911011 ) (-2048 -2048 952.911011 ) (-2048 -1452.060425 952.911011 ) 
4 220 240 (-2048 -1254.422485 1024 ) (-2048 -1204.068115 1024 ) (-2048 -1204.067993 952.911011 ) (-2048 -1254.422485 952.911011 ) 
4 220 229 (-1448 -1198.988647 1024 ) (-1448 -1198.988647 952.911011 ) (-1558 -1199.919800 952.911011 ) (-1558 -1199.919800 1024 ) 
4 220 228 (-1803.699951 -1202 952.911011 ) (-2048 -1204.067871 952.911011 ) (-2048 -1204.067871 1024 ) (-1803.699951 -1202 1024 ) 
4 220 222 (-1639.119873 -1333.909546 952.911011 ) (-1448 -1371.063843 952.911011 ) (-1448 -1371.064453 1024 ) (-1639.119995 -1333.910034 1024 ) 
4 220 221 (-2048 -1254.421997 952.911011 ) (-1968.949829 -1269.789551 952.911011 ) (-1968.949951 -1269.789917 1024 ) (-2048 -1254.422241 1024 ) 
4 220 223 (-2048 -1204.063965 952.911011 ) (-1448 -1198.984619 952.911011 ) (-1448 -1371.064453 952.911011 ) (-2048 -1254.422485 952.911011 ) 
4 221 240 (-2048 -1452.060547 1024 ) (-2048 -1254.422485 1024 ) (-2048 -1254.422485 952.911011 ) (-2048 -1452.060425 952.911011 ) 
4 221 223 (-2005.969971 -1460.229980 952.911011 ) (-2048 -1452.060425 952.911011 ) (-2048 -1254.422485 952.911011 ) (-1968.949951 -1269.790039 952.911011 ) 
4 222 223 (-1448 -1371.064453 952.911011 ) (-1448 -1568.684082 952.911011 ) (-1676.140015 -1524.339966 952.911011 ) (-1639.119995 -1333.910034 952.911011 ) 
4 223 260 (-2048 -2048 952.911011 ) (-2048 -2048 894.911011 ) (-1448 -2048 894.911011 ) (-1448 -2048 952.911011 ) 
4 223 245 (-2048 -2048 894.911011 ) (-2048 -2048 952.911011 ) (-2048 -1204.067993 952.911011 ) (-2048 -1204.067993 894.911011 ) 
4 223 230 (-2048 -2048 894.911011 ) (-2048 -1204.068115 894.911011 ) (-1448 -1198.988770 894.911011 ) (-1448 -2048 894.911011 ) 
4 223 229 (-1448 -1198.988647 952.911011 ) (-1448 -1198.988647 894.911011 ) (-1558 -1199.919800 894.911011 ) (-1558 -1199.919800 952.911011 ) 
4 223 228 (-1803.699951 -1202 894.911011 ) (-2048 -1204.067871 894.911011 ) (-2048 -1204.067871 952.911011 ) (-1803.699951 -1202 952.911011 ) 
4 224 237 (-2048 -1066.374878 1056 ) (-2048 -1024 1056 ) (-2048 -1024 1024 ) (-2048 -1066.374878 1024 ) 
4 224 227 (-1448 -1061.295410 1024 ) (-1448 -1061.295410 1056 ) (-1559.240112 -1062.237061 1056 ) (-1559.240112 -1062.237061 1024 ) 
4 224 226 (-1804.939941 -1064.317017 1056 ) (-2048 -1066.374634 1056 ) (-2048 -1066.374634 1024 ) (-1804.939941 -1064.317017 1024 ) 
4 224 225 (-1448 -1061.295044 1024 ) (-2048 -1066.374268 1024 ) (-2048 -1024 1024 ) (-1448 -1024 1024 ) 
4 225 240 (-2048 -1024 1024 ) (-2048 -1024 952.911011 ) (-2048 -1066.374878 952.911011 ) (-2048 -1066.374878 1024 ) 
4 225 245 (-2048 -1024 952.911011 ) (-2048 -1024 894.911011 ) (-2048 -1066.374878 894.911011 ) (-2048 -1066.374878 952.911011 ) 
4 225 230 (-2048 -1066.374878 894.911011 ) (-2048 -1024 894.911011 ) (-1448 -1024 894.911011 ) (-1448 -1061.295532 894.911011 ) 
4 225 229 (-1559.240112 -1062.237183 894.911011 ) (-1448 -1061.295410 894.911011 ) (-1448 -1061.295410 1024 ) (-1559.240112 -1062.237061 1024 ) 
4 225 228 (-2048 -1066.374756 894.911011 ) (-1804.939941 -1064.317139 894.911011 ) (-1804.939941 -1064.317017 1024 ) (-2048 -1066.374634 1024 ) 
4 226 237 (-2048 -1204.068115 1056 ) (-2048 -1066.374878 1056 ) (-2048 -1066.374878 1024 ) (-2048 -1204.068115 1024 ) 
4 226 228 (-1803.699951 -1202 1024 ) (-2048 -1204.069092 1024 ) (-2048 -1066.374390 1024 ) (-1804.939941 -1064.316772 1024 ) 
4 227 229 (-1448 -1198.989868 1024 ) (-1558 -1199.921021 1024 ) (-1559.240112 -1062.236816 1024 ) (-1448 -1061.295166 1024 ) 
4 228 240 (-2048 -1066.374878 1024 ) (-2048 -1066.374878 952.911011 ) (-2048 -1204.067993 952.911011 ) (-2048 -1204.068115 1024 ) 
4 228 245 (-2048 -1066.374878 952.911011 ) (-2048 -1066.374878 894.911011 ) (-2048 -1204.067993 894.911011 ) (-2048 -1204.067993 952.911011 ) 
4 228 230 (-2048 -1204.068115 894.911011 ) (-2048 -1066.374878 894.911011 ) (-1804.939941 -1064.317261 894.911011 ) (-1803.699951 -1202 894.911011 ) 
4 229 230 (-1559.240112 -1062.237305 894.911011 ) (-1448 -1061.295532 894.911011 ) (-1448 -1198.988770 894.911011 ) (-1558 -1199.920044 894.911011 ) 
4 230 260 (-1024 -2048 -1442 ) (-1024 -2048 894.911011 ) (-2048 -2048 894.911011 ) (-2048 -2048 -1442 ) 
4 230 245 (-2048 -2048 -1442 ) (-2048 -2048 894.911011 ) (-2048 -1024 894.911011 ) (-2048 -1024 -1442 ) 
4 230 231 (-2048 -2048 -1442 ) (-2048 -1024 -1442 ) (-1024 -1024 -1442 ) (-1024 -2048 -1442 ) 
4 231 261 (-1024 -2048 -1792 ) (-1024 -2048 -1442 ) (-2048 -2048 -1442 ) (-2048 -2048 -1792 ) 
4 231 247 (-2048 -2048 -1792 ) (-2048 -2048 -1442 ) (-2048 -1024 -1442 ) (-2048 -1024 -1792 ) 
4 232 273 (-3072 -1024 4096 ) (-3072 -1024 1342 ) (-3072 -2048 1342 ) (-3072 -2048 4096 ) 
4 232 263 (-2048 -2048 1342 ) (-2048 -2048 4096 ) (-3072 -2048 4096 ) (-3072 -2048 1342 ) 
4 232 234 (-2432 -1270 1342 ) (-2432 -1024 1342 ) (-2096 -1024 1342 ) (-2096 -1270 1342 ) 
4 232 235 (-2096 -2048 1342 ) (-2432 -2048 1342 ) (-2432 -1464 1342 ) (-2096 -1464 1342 ) 
4 232 233 (-2048 -2048 1342 ) (-2096 -2048 1342 ) (-2096 -1024 1342 ) (-2048 -1024 1342 ) 
4 232 236 (-2432 -2048 1342 ) (-3072 -2048 1342 ) (-3072 -1024 1342 ) (-2432 -1024 1342 ) 
4 233 263 (-2048 -2048 1056 ) (-2048 -2048 1342 ) (-2096 -2048 1342 ) (-2096 -2048 1056 ) 
4 233 237 (-2096 -1024 1056 ) (-2048 -1024 1056 ) (-2048 -2048 1056 ) (-2096 -2048 1056 ) 
4 233 234 (-2096 -1024 1056 ) (-2096 -1270 1056 ) (-2096 -1270 1342 ) (-2096 -1024 1342 ) 
4 233 235 (-2096 -1464 1056 ) (-2096 -2048 1056 ) (-2096 -2048 1342 ) (-2096 -1464 1342 ) 
4 234 238 (-2432 -1024 1056 ) (-2096 -1024 1056 ) (-2096 -1270 1056 ) (-2432 -1270 1056 ) 
4 234 236 (-2432 -1024 1056 ) (-2432 -1270 1056 ) (-2432 -1270 1342 ) (-2432 -1024 1342 ) 
4 235 263 (-2096 -2048 1342 ) (-2432 -2048 1342 ) (-2432 -2048 1056 ) (-2096 -2048 1056 ) 
4 235 239 (-2096 -1464 1056 ) (-2096 -2048 1056 ) (-2432 -2048 1056 ) (-2432 -1464 1056 ) 
4 235 236 (-2432 -1464 1056 ) (-2432 -2048 1056 ) (-2432 -2048 1342 ) (-2432 -1464 1342 ) 
4 236 273 (-3072 -1024 1342 ) (-3072 -1024 1056 ) (-3072 -2048 1056 ) (-3072 -2048 1342 ) 
4 236 263 (-2432 -2048 1342 ) (-3072 -2048 1342 ) (-3072 -2048 1056 ) (-2432 -2048 1056 ) 
4 236 243 (-2846 -1024 1056 ) (-2432 -1024 1056 ) (-2432 -2048 1056 ) (-2846 -2048 1056 ) 
4 236 246 (-3072 -2048 1056 ) (-3072 -1024 1056 ) (-2846 -1024 1056 ) (-2846 -2048 1056 ) 
4 237 264 (-2048 -2048 1024 ) (-2048 -2048 1056 ) (-2096 -2048 1056 ) (-2096 -2048 1024 ) 
4 237 240 (-2048 -2048 1024 ) (-2096 -2048 1024 ) (-2096 -1024 1024 ) (-2048 -1024 1024 ) 
4 237 238 (-2096 -1024 1024 ) (-2096 -1270 1024 ) (-2096 -1270 1056 ) (-2096 -1024 1056 ) 
4 237 239 (-2096 -1464 1024 ) (-2096 -2048 1024 ) (-2096 -2048 1056 ) (-2096 -1464 1056 ) 
4 238 243 (-2432 -1270 1056 ) (-2432 -1024 1056 ) (-2432 -1024 1024 ) (-2432 -1270 1024 ) 
4 238 241 (-2432 -1270 1024 ) (-2432 -1024 1024 ) (-2096 -1024 1024 ) (-2096 -1270 1024 ) 
4 239 264 (-2096 -2048 1056 ) (-2432 -2048 1056 ) (-2432 -2048 1024 ) (-2096 -2048 1024 ) 
4 239 243 (-2432 -2048 1024 ) (-2432 -2048 1056 ) (-2432 -1464 1056 ) (-2432 -1464 1024 ) 
4 239 242 (-2096 -2048 1024 ) (-2432 -2048 1024 ) (-2432 -1464 1024 ) (-2096 -1464 1024 ) 
4 240 267 (-2048 -2048 952.911011 ) (-2048 -2048 1024 ) (-2096 -2048 1024 ) (-2096 -2048 952.911011 ) 
4 240 241 (-2096 -1024 952.911011 ) (-2096 -1270 952.911011 ) (-2096 -1270 1024 ) (-2096 -1024 1024 ) 
4 240 242 (-2096 -1464 952.911011 ) (-2096 -2048 952.911011 ) (-2096 -2048 1024 ) (-2096 -1464 1024 ) 
4 240 245 (-2048 -2048 952.911011 ) (-2096 -2048 952.911011 ) (-2096 -1024 952.911011 ) (-2048 -1024 952.911011 ) 
4 241 244 (-2432 -1024 952.911011 ) (-2432 -1270 952.911011 ) (-2432 -1270 1024 ) (-2432 -1024 1024 ) 
4 241 245 (-2432 -1270 952.911011 ) (-2432 -1024 952.911011 ) (-2096 -1024 952.911011 ) (-2096 -1270 952.911011 ) 
4 242 267 (-2096 -2048 1024 ) (-2432 -2048 1024 ) (-2432 -2048 952.911011 ) (-2096 -2048 952.911011 ) 
4 242 244 (-2432 -1464 952.911011 ) (-2432 -2048 952.911011 ) (-2432 -2048 1024 ) (-2432 -1464 1024 ) 
4 242 245 (-2096 -2048 952.911011 ) (-2432 -2048 952.911011 ) (-2432 -1464 952.911011 ) (-2096 -1464 952.911011 ) 
4 243 264 (-2432 -2048 1056 ) (-2846 -2048 1056 ) (-2846 -2048 1024 ) (-2432 -2048 1024 ) 
4 243 246 (-2846 -2048 1024 ) (-2846 -2048 1056 ) (-2846 -1024 1056 ) (-2846 -1024 1024 ) 
4 243 244 (-2846 -2048 1024 ) (-2846 -1024 1024 ) (-2432 -1024 1024 ) (-2432 -2048 1024 ) 
4 244 267 (-2846 -2048 1024 ) (-2846 -2048 952.911011 ) (-2432 -2048 952.911011 ) (-2432 -2048 1024 ) 
4 244 246 (-2846 -2048 952.911011 ) (-2846 -2048 1024 ) (-2846 -1024 1024 ) (-2846 -1024 952.911011 ) 
4 244 245 (-2432 -2048 952.911011 ) (-2846 -2048 952.911011 ) (-2846 -1024 952.911011 ) (-2432 -1024 952.911011 ) 
4 245 267 (-2048 -2048 -1442 ) (-2048 -2048 952.911011 ) (-2846 -2048 952.911011 ) (-2846 -2048 -1442 ) 
4 245 247 (-2048 -2048 -1442 ) (-2846 -2048 -1442 ) (-2846 -1024 -1442 ) (-2048 -1024 -1442 ) 
4 245 246 (-2846 -1024 -1442 ) (-2846 -2048 -1442 ) (-2846 -2048 952.911011 ) (-2846 -1024 952.911011 ) 
4 246 273 (-3072 -1024 1056 ) (-3072 -1024 -1442 ) (-3072 -2048 -1442 ) (-3072 -2048 1056 ) 
4 246 270 (-3072 -2048 1024 ) (-3072 -2048 -1442 ) (-2846 -2048 -1442 ) (-2846 -2048 1024 ) 
4 246 266 (-2846 -2048 1056 ) (-3072 -2048 1056 ) (-3072 -2048 1024 ) (-2846 -2048 1024 ) 
4 246 247 (-2846 -2048 -1442 ) (-3072 -2048 -1442 ) (-3072 -1024 -1442 ) (-2846 -1024 -1442 ) 
4 247 273 (-3072 -1024 -1442 ) (-3072 -1024 -1792 ) (-3072 -2048 -1792 ) (-3072 -2048 -1442 ) 
4 247 268 (-2048 -2048 -1792 ) (-2048 -2048 -1442 ) (-2846 -2048 -1442 ) (-2846 -2048 -1792 ) 
4 247 270 (-2846 -2048 -1442 ) (-3072 -2048 -1442 ) (-3072 -2048 -1792 ) (-2846 -2048 -1792 ) 
4 248 257 (-1024 -2048 4096 ) (-1024 -2048 1056 ) (-1024 -3072 1056 ) (-1024 -3072 4096 ) 
4 248 256 (0 -3072 1056 ) (0 -3072 4096 ) (-1024 -3072 4096 ) (-1024 -3072 1056 ) 
4 248 251 (-1024 -3072 1056 ) (-1024 -2258 1056 ) (-104 -2258 1056 ) (-104 -3072 1056 ) 
4 248 250 (-1024 -2258 1056 ) (-1024 -2048 1056 ) (-104 -2048 1056 ) (-104 -2258 1056 ) 
4 248 249 (-104 -2048 1056 ) (0 -2048 1056 ) (0 -3072 1056 ) (-104 -3072 1056 ) 
4 249 256 (0 -3072 1024 ) (0 -3072 1056 ) (-104 -3072 1056 ) (-104 -3072 1024 ) 
4 249 252 (0 -3072 1024 ) (-104 -3072 1024 ) (-104 -2048 1024 ) (0 -2048 1024 ) 
4 249 251 (-104 -2258 1024 ) (-104 -3072 1024 ) (-104 -3072 1056 ) (-104 -2258 1056 ) 
4 249 250 (-104 -2048 1024 ) (-104 -2258 1024 ) (-104 -2258 1056 ) (-104 -2048 1056 ) 
4 250 258 (-1024 -2048 1056 ) (-1024 -2048 1024 ) (-1024 -2258 1024 ) (-1024 -2258 1056 ) 
4 250 253 (-1024 -2258 1024 ) (-1024 -2048 1024 ) (-123.908997 -2048 1024 ) (-123.908997 -2258 1024 ) 
4 250 252 (-123.908997 -2048 1024 ) (-104 -2048 1024 ) (-104 -2258 1024 ) (-123.908997 -2258 1024 ) 
4 250 251 (-1024 -2258 1024 ) (-104 -2258 1024 ) (-104 -2258 1056 ) (-1024 -2258 1056 ) 
4 251 259 (-1024 -2258 1024 ) (-1024 -3072 1024 ) (-1024 -3072 1056 ) (-1024 -2258 1056 ) 
4 251 256 (-104 -3072 1056 ) (-1024 -3072 1056 ) (-1024 -3072 1024 ) (-104 -3072 1024 ) 
4 251 255 (-123.908997 -3072 1024 ) (-1024 -3072 1024 ) (-1024 -2258 1024 ) (-123.908997 -2258 1024 ) 
4 251 252 (-104 -3072 1024 ) (-123.908997 -3072 1024 ) (-123.908997 -2258 1024 ) (-104 -2258 1024 ) 
4 252 256 (0 -3072 -1792 ) (0 -3072 1024 ) (-123.908997 -3072 1024 ) (-123.908997 -3072 -1792 ) 
4 252 254 (-123.908997 -2048 -1792 ) (-123.908997 -2258 -1792 ) (-123.908997 -2258 -1442 ) (-123.908997 -2048 -1442 ) 
4 252 253 (-123.908997 -2258 -1442 ) (-123.908997 -2258 1024 ) (-123.908997 -2048 1024 ) (-123.908997 -2048 -1442 ) 
4 252 255 (-123.908997 -2258 -1792 ) (-123.908997 -3072 -1792 ) (-123.908997 -3072 1024 ) (-123.908997 -2258 1024 ) 
4 253 260 (-1024 -2048 1024 ) (-1024 -2048 -1442 ) (-1024 -2258 -1442 ) (-1024 -2258 1024 ) 
4 253 255 (-123.908997 -2258 -1442 ) (-123.908997 -2258 1024 ) (-1024 -2258 1024 ) (-1024 -2258 -1442 ) 
4 253 254 (-123.908997 -2258 -1442 ) (-1024 -2258 -1442 ) (-1024 -2048 -1442 ) (-123.908997 -2048 -1442 ) 
4 254 261 (-1024 -2048 -1442 ) (-1024 -2048 -1792 ) (-1024 -2258 -1792 ) (-1024 -2258 -1442 ) 
4 254 255 (-1024 -2258 -1792 ) (-123.908997 -2258 -1792 ) (-123.908997 -2258 -1442 ) (-1024 -2258 -1442 ) 
4 255 262 (-1024 -2258 -1792 ) (-1024 -3072 -1792 ) (-1024 -3072 1024 ) (-1024 -2258 1024 ) 
4 255 256 (-123.908997 -3072 1024 ) (-1024 -3072 1024 ) (-1024 -3072 -1792 ) (-123.908997 -3072 -1792 ) 
4 256 279 (0 -4096 -1792 ) (0 -4096 4096 ) (-1024 -4096 4096 ) (-1024 -4096 -1792 ) 
4 256 271 (-1024 -4096 -1792 ) (-1024 -4096 4096 ) (-1024 -3072 4096 ) (-1024 -3072 -1792 ) 
4 257 271 (-1024 -3072 1056 ) (-1024 -3072 4096 ) (-2048 -3072 4096 ) (-2048 -3072 1056 ) 
4 257 263 (-2048 -2048 4096 ) (-2048 -2048 1056 ) (-2048 -3072 1056 ) (-2048 -3072 4096 ) 
4 257 259 (-1024 -3072 1056 ) (-2048 -3072 1056 ) (-2048 -2258 1056 ) (-1024 -2258 1056 ) 
4 257 258 (-2048 -2258 1056 ) (-2048 -2048 1056 ) (-1024 -2048 1056 ) (-1024 -2258 1056 ) 
4 258 264 (-2048 -2048 1056 ) (-2048 -2048 1024 ) (-2048 -2258 1024 ) (-2048 -2258 1056 ) 
4 258 260 (-2048 -2258 1024 ) (-2048 -2048 1024 ) (-1024 -2048 1024 ) (-1024 -2258 1024 ) 
4 258 259 (-2048 -2258 1024 ) (-1024 -2258 1024 ) (-1024 -2258 1056 ) (-2048 -2258 1056 ) 
4 259 271 (-1024 -3072 1024 ) (-1024 -3072 1056 ) (-2048 -3072 1056 ) (-2048 -3072 1024 ) 
4 259 265 (-2048 -2258 1024 ) (-2048 -3072 1024 ) (-2048 -3072 1056 ) (-2048 -2258 1056 ) 
4 259 262 (-2048 -3072 1024 ) (-2048 -2258 1024 ) (-1024 -2258 1024 ) (-1024 -3072 1024 ) 
4 260 267 (-2048 -2048 1024 ) (-2048 -2048 -1442 ) (-2048 -2258 -1442 ) (-2048 -2258 1024 ) 
4 260 262 (-1024 -2258 -1442 ) (-1024 -2258 1024 ) (-2048 -2258 1024 ) (-2048 -2258 -1442 ) 
4 260 261 (-1024 -2258 -1442 ) (-2048 -2258 -1442 ) (-2048 -2048 -1442 ) (-1024 -2048 -1442 ) 
4 261 268 (-2048 -2048 -1442 ) (-2048 -2048 -1792 ) (-2048 -2258 -1792 ) (-2048 -2258 -1442 ) 
4 261 262 (-2048 -2258 -1792 ) (-1024 -2258 -1792 ) (-1024 -2258 -1442 ) (-2048 -2258 -1442 ) 
4 262 271 (-1024 -3072 -1792 ) (-1024 -3072 1024 ) (-2048 -3072 1024 ) (-2048 -3072 -1792 ) 
4 262 269 (-2048 -2258 -1792 ) (-2048 -3072 -1792 ) (-2048 -3072 1024 ) (-2048 -2258 1024 ) 
4 263 275 (-3072 -3072 1056 ) (-3072 -3072 4096 ) (-3072 -2048 4096 ) (-3072 -2048 1056 ) 
4 263 272 (-2048 -3072 1056 ) (-2048 -3072 4096 ) (-3072 -3072 4096 ) (-3072 -3072 1056 ) 
4 263 265 (-2048 -2258 1056 ) (-2048 -3072 1056 ) (-2846 -3072 1056 ) (-2846 -2258 1056 ) 
4 263 264 (-2048 -2048 1056 ) (-2048 -2258 1056 ) (-2846 -2258 1056 ) (-2846 -2048 1056 ) 
4 263 266 (-2846 -3072 1056 ) (-3072 -3072 1056 ) (-3072 -2048 1056 ) (-2846 -2048 1056 ) 
4 264 267 (-2846 -2258 1024 ) (-2846 -2048 1024 ) (-2048 -2048 1024 ) (-2048 -2258 1024 ) 
4 264 266 (-2846 -2048 1024 ) (-2846 -2258 1024 ) (-2846 -2258 1056 ) (-2846 -2048 1056 ) 
4 264 265 (-2846 -2258 1056 ) (-2846 -2258 1024 ) (-2048 -2258 1024 ) (-2048 -2258 1056 ) 
4 265 272 (-2048 -3072 1024 ) (-2048 -3072 1056 ) (-2846 -3072 1056 ) (-2846 -3072 1024 ) 
4 265 269 (-2048 -3072 1024 ) (-2846 -3072 1024 ) (-2846 -2258 1024 ) (-2048 -2258 1024 ) 
4 265 266 (-2846 -2258 1024 ) (-2846 -3072 1024 ) (-2846 -3072 1056 ) (-2846 -2258 1056 ) 
4 266 275 (-3072 -3072 1024 ) (-3072 -3072 1056 ) (-3072 -2048 1056 ) (-3072 -2048 1024 ) 
4 266 272 (-2846 -3072 1056 ) (-3072 -3072 1056 ) (-3072 -3072 1024 ) (-2846 -3072 1024 ) 
4 266 270 (-2846 -3072 1024 ) (-3072 -3072 1024 ) (-3072 -2048 1024 ) (-2846 -2048 1024 ) 
4 267 269 (-2846 -2258 1024 ) (-2846 -2258 -1442 ) (-2048 -2258 -1442 ) (-2048 -2258 1024 ) 
4 267 270 (-2846 -2258 -1442 ) (-2846 -2258 1024 ) (-2846 -2048 1024 ) (-2846 -2048 -1442 ) 
4 267 268 (-2048 -2258 -1442 ) (-2846 -2258 -1442 ) (-2846 -2048 -1442 ) (-2048 -2048 -1442 ) 
4 268 269 (-2846 -2258 -1442 ) (-2846 -2258 -1792 ) (-2048 -2258 -1792 ) (-2048 -2258 -1442 ) 
4 268 270 (-2846 -2048 -1792 ) (-2846 -2258 -1792 ) (-2846 -2258 -1442 ) (-2846 -2048 -1442 ) 
4 269 272 (-2048 -3072 -1792 ) (-2048 -3072 1024 ) (-2846 -3072 1024 ) (-2846 -3072 -1792 ) 
4 269 270 (-2846 -2258 -1792 ) (-2846 -3072 -1792 ) (-2846 -3072 1024 ) (-2846 -2258 1024 ) 
4 270 275 (-3072 -3072 -1792 ) (-3072 -3072 1024 ) (-3072 -2048 1024 ) (-3072 -2048 -1792 ) 
4 270 272 (-2846 -3072 1024 ) (-3072 -3072 1024 ) (-3072 -3072 -1792 ) (-2846 -3072 -1792 ) 
4 271 280 (-1024 -4096 -1792 ) (-1024 -4096 4096 ) (-2048 -4096 4096 ) (-2048 -4096 -1792 ) 
4 271 272 (-2048 -3072 4096 ) (-2048 -3072 -1792 ) (-2048 -4096 -1792 ) (-2048 -4096 4096 ) 
4 272 281 (-2048 -4096 -1792 ) (-2048 -4096 4096 ) (-3072 -4096 4096 ) (-3072 -4096 -1792 ) 
4 272 276 (-3072 -4096 -1792 ) (-3072 -4096 4096 ) (-3072 -3072 4096 ) (-3072 -3072 -1792 ) 
4 273 275 (-3072 -2048 -1792 ) (-3072 -2048 4096 ) (-4096 -2048 4096 ) (-4096 -2048 -1792 ) 
4 273 274 (-4096 -1024 4096 ) (-4096 -1024 -1792 ) (-4096 -2048 -1792 ) (-4096 -2048 4096 ) 
4 274 277 (-4096 -2048 -1792 ) (-4096 -2048 4096 ) (-4352 -2048 4096 ) (-4352 -2048 -1792 ) 
4 275 277 (-4096 -2048 4096 ) (-4096 -2048 -1792 ) (-4096 -3072 -1792 ) (-4096 -3072 4096 ) 
4 275 276 (-3072 -3072 -1792 ) (-3072 -3072 4096 ) (-4096 -3072 4096 ) (-4096 -3072 -1792 ) 
4 276 282 (-3072 -4096 -1792 ) (-3072 -4096 4096 ) (-4096 -4096 4096 ) (-4096 -4096 -1792 ) 
4 276 278 (-4096 -4096 -1792 ) (-4096 -4096 4096 ) (-4096 -3072 4096 ) (-4096 -3072 -1792 ) 
4 277 278 (-4096 -3072 -1792 ) (-4096 -3072 4096 ) (-4352 -3072 4096 ) (-4352 -3072 -1792 ) 
4 278 283 (-4096 -4096 -1792 ) (-4096 -4096 4096 ) (-4352 -4096 4096 ) (-4352 -4096 -1792 ) 
4 279 280 (-1024 -4096 4096 ) (-1024 -4096 -1792 ) (-1024 -5120 -1792 ) (-1024 -5120 4096 ) 
4 280 281 (-2048 -5120 -1792 ) (-2048 -5120 4096 ) (-2048 -4096 4096 ) (-2048 -4096 -1792 ) 
4 281 282 (-3072 -4096 4096 ) (-3072 -4096 -1792 ) (-3072 -5120 -1792 ) (-3072 -5120 4096 ) 
4 282 283 (-4096 -4096 4096 ) (-4096 -4096 -1792 ) (-4096 -5120 -1792 ) (-4096 -5120 4096 ) 
