PRT1
238
546
4 0 3 (5120 6144 64 ) (5120 6144 3584 ) (5120 6816 3584 ) (5120 6816 64 ) 
4 0 1 (6112 6144 3584 ) (5120 6144 3584 ) (5120 6144 64 ) (6112 6144 64 ) 
4 1 7 (5120 5120 64 ) (5120 5120 3584 ) (5120 6144 3584 ) (5120 6144 64 ) 
4 1 2 (6112 5120 3584 ) (5120 5120 3584 ) (5120 5120 64 ) (6112 5120 64 ) 
4 2 15 (6112 4096 3584 ) (5120 4096 3584 ) (5120 4096 64 ) (6112 4096 64 ) 
4 2 9 (5120 4096 64 ) (5120 4096 3584 ) (5120 5120 3584 ) (5120 5120 64 ) 
4 3 7 (5120 6144 64 ) (5120 6144 3584 ) (4096 6144 3584 ) (4096 6144 64 ) 
4 3 4 (4096 6144 64 ) (4096 6144 3584 ) (4096 6816 3584 ) (4096 6816 64 ) 
4 4 8 (4096 6144 64 ) (4096 6144 3584 ) (3072 6144 3584 ) (3072 6144 64 ) 
4 4 5 (3072 6144 64 ) (3072 6144 3584 ) (3072 6816 3584 ) (3072 6816 64 ) 
4 5 11 (3072 6144 64 ) (3072 6144 3584 ) (2048 6144 3584 ) (2048 6144 64 ) 
4 5 6 (2048 6144 64 ) (2048 6144 3584 ) (2048 6816 3584 ) (2048 6816 64 ) 
4 6 40 (1024 6144 64 ) (1024 6144 3584 ) (1024 6816 3584 ) (1024 6816 64 ) 
4 6 12 (2048 6144 64 ) (2048 6144 3584 ) (1024 6144 3584 ) (1024 6144 64 ) 
4 7 9 (5120 5120 64 ) (5120 5120 3584 ) (4096 5120 3584 ) (4096 5120 64 ) 
4 7 8 (4096 6144 3584 ) (4096 6144 64 ) (4096 5120 64 ) (4096 5120 3584 ) 
4 8 11 (3072 6144 3584 ) (3072 6144 64 ) (3072 5120 64 ) (3072 5120 3584 ) 
4 8 10 (4096 5120 64 ) (4096 5120 3584 ) (3072 5120 3584 ) (3072 5120 64 ) 
4 9 19 (5120 4096 64 ) (5120 4096 3584 ) (4096 4096 3584 ) (4096 4096 64 ) 
4 9 10 (4096 5120 3584 ) (4096 5120 64 ) (4096 4096 64 ) (4096 4096 3584 ) 
4 10 20 (4096 4096 64 ) (4096 4096 3584 ) (3072 4096 3584 ) (3072 4096 64 ) 
4 10 13 (3072 4096 64 ) (3072 4096 3584 ) (3072 5120 3584 ) (3072 5120 64 ) 
4 11 13 (3072 5120 64 ) (3072 5120 3584 ) (2048 5120 3584 ) (2048 5120 64 ) 
4 11 12 (2048 6144 3584 ) (2048 6144 64 ) (2048 5120 64 ) (2048 5120 3584 ) 
4 12 44 (1024 5120 64 ) (1024 5120 3584 ) (1024 6144 3584 ) (1024 6144 64 ) 
4 12 14 (2048 5120 64 ) (2048 5120 3584 ) (1024 5120 3584 ) (1024 5120 64 ) 
4 13 23 (3072 4096 64 ) (3072 4096 3584 ) (2048 4096 3584 ) (2048 4096 64 ) 
4 13 14 (2048 5120 3584 ) (2048 5120 64 ) (2048 4096 64 ) (2048 4096 3584 ) 
4 14 46 (1024 4096 64 ) (1024 4096 3584 ) (1024 5120 3584 ) (1024 5120 64 ) 
4 14 24 (2048 4096 64 ) (2048 4096 3584 ) (1024 4096 3584 ) (1024 4096 64 ) 
4 15 19 (5120 4096 3584 ) (5120 4096 64 ) (5120 3072 64 ) (5120 3072 3584 ) 
4 15 16 (6112 3072 3584 ) (5120 3072 3584 ) (5120 3072 64 ) (6112 3072 64 ) 
4 16 21 (5120 2048 64 ) (5120 2048 3584 ) (5120 3072 3584 ) (5120 3072 64 ) 
4 16 17 (6112 2048 3584 ) (5120 2048 3584 ) (5120 2048 64 ) (6112 2048 64 ) 
4 17 27 (5120 1024 64 ) (5120 1024 3584 ) (5120 2048 3584 ) (5120 2048 64 ) 
4 17 18 (6112 1024 3584 ) (5120 1024 3584 ) (5120 1024 64 ) (6112 1024 64 ) 
4 18 142 (6112 0 3584 ) (5120 0 3584 ) (5120 0 64 ) (6112 0 64 ) 
4 18 29 (5120 0 64 ) (5120 0 3584 ) (5120 1024 3584 ) (5120 1024 64 ) 
4 19 21 (5120 3072 64 ) (5120 3072 3584 ) (4096 3072 3584 ) (4096 3072 64 ) 
4 19 20 (4096 4096 3584 ) (4096 4096 64 ) (4096 3072 64 ) (4096 3072 3584 ) 
4 20 23 (3072 4096 3584 ) (3072 4096 64 ) (3072 3072 64 ) (3072 3072 3584 ) 
4 20 22 (4096 3072 64 ) (4096 3072 3584 ) (3072 3072 3584 ) (3072 3072 64 ) 
4 21 27 (5120 2048 64 ) (5120 2048 3584 ) (4096 2048 3584 ) (4096 2048 64 ) 
4 21 22 (4096 3072 3584 ) (4096 3072 64 ) (4096 2048 64 ) (4096 2048 3584 ) 
4 22 28 (4096 2048 64 ) (4096 2048 3584 ) (3072 2048 3584 ) (3072 2048 64 ) 
4 22 25 (3072 2048 64 ) (3072 2048 3584 ) (3072 3072 3584 ) (3072 3072 64 ) 
4 23 25 (3072 3072 64 ) (3072 3072 3584 ) (2048 3072 3584 ) (2048 3072 64 ) 
4 23 24 (2048 4096 3584 ) (2048 4096 64 ) (2048 3072 64 ) (2048 3072 3584 ) 
4 24 61 (1024 3072 64 ) (1024 3072 3584 ) (1024 4096 3584 ) (1024 4096 64 ) 
4 24 26 (2048 3072 64 ) (2048 3072 3584 ) (1024 3072 3584 ) (1024 3072 64 ) 
4 25 31 (3072 2048 64 ) (3072 2048 3584 ) (2048 2048 3584 ) (2048 2048 64 ) 
4 25 26 (2048 3072 3584 ) (2048 3072 64 ) (2048 2048 64 ) (2048 2048 3584 ) 
4 26 63 (1024 2048 64 ) (1024 2048 3584 ) (1024 3072 3584 ) (1024 3072 64 ) 
4 26 32 (2048 2048 64 ) (2048 2048 3584 ) (1024 2048 3584 ) (1024 2048 64 ) 
4 27 29 (5120 1024 64 ) (5120 1024 3584 ) (4096 1024 3584 ) (4096 1024 64 ) 
4 27 28 (4096 2048 3584 ) (4096 2048 64 ) (4096 1024 64 ) (4096 1024 3584 ) 
4 28 31 (3072 2048 3584 ) (3072 2048 64 ) (3072 1024 64 ) (3072 1024 3584 ) 
4 28 30 (4096 1024 64 ) (4096 1024 3584 ) (3072 1024 3584 ) (3072 1024 64 ) 
4 29 146 (5120 0 64 ) (5120 0 3584 ) (4096 0 3584 ) (4096 0 64 ) 
4 29 30 (4096 1024 3584 ) (4096 1024 64 ) (4096 0 64 ) (4096 0 3584 ) 
4 30 147 (4096 0 64 ) (4096 0 3584 ) (3072 0 3584 ) (3072 0 64 ) 
4 30 33 (3072 0 64 ) (3072 0 3584 ) (3072 1024 3584 ) (3072 1024 64 ) 
4 31 33 (3072 1024 64 ) (3072 1024 3584 ) (2048 1024 3584 ) (2048 1024 64 ) 
4 31 32 (2048 2048 3584 ) (2048 2048 64 ) (2048 1024 64 ) (2048 1024 3584 ) 
4 32 72 (1024 1024 64 ) (1024 1024 128 ) (1024 2048 128 ) (1024 2048 64 ) 
4 32 69 (1024 1024 128 ) (1024 1024 3584 ) (1024 2048 3584 ) (1024 2048 128 ) 
4 32 39 (1024 1024 128 ) (1024 1024 64 ) (1784 1024 64 ) (1784 1024 128 ) 
4 32 36 (1024 1024 960 ) (1024 1024 128 ) (1784 1024 128 ) (1784 1024 960 ) 
4 32 35 (1784 1024 3584 ) (1024 1024 3584 ) (1024 1024 960 ) (1784 1024 960 ) 
4 32 34 (2048 1024 64 ) (2048 1024 3584 ) (1784 1024 3584 ) (1784 1024 64 ) 
4 33 150 (3072 0 64 ) (3072 0 3584 ) (2048 0 3584 ) (2048 0 64 ) 
4 33 34 (2048 1024 3584 ) (2048 1024 64 ) (2048 0 64 ) (2048 0 3584 ) 
4 34 151 (2048 0 64 ) (2048 0 3584 ) (1784 0 3584 ) (1784 0 64 ) 
4 34 39 (1784 0 64 ) (1784 0 128 ) (1784 1024 128 ) (1784 1024 64 ) 
5 34 37 (1784 464 960 ) (1784 704 960 ) (1784 704 640 ) (1784 632 680 ) (1784 488 816 ) 
4 34 36 (1784 704 960 ) (1784 1024 960 ) (1784 1024 128 ) (1784 704 128 ) 
4 34 38 (1784 0 128 ) (1784 0 960 ) (1784 128 960 ) (1784 128 128 ) 
4 34 35 (1784 0 960 ) (1784 0 3584 ) (1784 1024 3584 ) (1784 1024 960 ) 
4 35 151 (1784 0 960 ) (1784 0 3584 ) (1024 0 3584 ) (1024 0 960 ) 
4 35 77 (1024 0 960 ) (1024 0 3584 ) (1024 1024 3584 ) (1024 1024 960 ) 
4 35 37 (1024 464 960 ) (1024 704 960 ) (1784 704 960 ) (1784 464 960 ) 
4 35 36 (1024 704 960 ) (1024 1024 960 ) (1784 1024 960 ) (1784 704 960 ) 
4 35 38 (1024 0 960 ) (1024 128 960 ) (1784 128 960 ) (1784 0 960 ) 
4 36 78 (1024 704 960 ) (1024 1024 960 ) (1024 1024 128 ) (1024 704 128 ) 
4 36 39 (1784 1024 128 ) (1784 704 128 ) (1024 704 128 ) (1024 1024 128 ) 
4 36 37 (1784 704 640 ) (1784 704 960 ) (1024 704 960 ) (1024 704 640 ) 
5 37 79 (1024 464 960 ) (1024 704 960 ) (1024 704 640 ) (1024 632 680 ) (1024 488 816 ) 
4 38 151 (1784 0 128 ) (1784 0 960 ) (1024 0 960 ) (1024 0 128 ) 
4 38 80 (1024 0 128 ) (1024 0 960 ) (1024 128 960 ) (1024 128 128 ) 
4 38 39 (1784 128 128 ) (1784 0 128 ) (1024 0 128 ) (1024 128 128 ) 
4 39 151 (1784 0 64 ) (1784 0 128 ) (1024 0 128 ) (1024 0 64 ) 
4 39 81 (1024 0 64 ) (1024 0 128 ) (1024 1024 128 ) (1024 1024 64 ) 
4 40 44 (1024 6144 64 ) (1024 6144 3584 ) (0 6144 3584 ) (0 6144 64 ) 
4 40 41 (0 6144 64 ) (0 6144 3584 ) (0 6816 3584 ) (0 6816 64 ) 
4 41 45 (0 6144 64 ) (0 6144 3584 ) (-1024 6144 3584 ) (-1024 6144 64 ) 
4 41 42 (-1024 6144 64 ) (-1024 6144 3584 ) (-1024 6816 3584 ) (-1024 6816 64 ) 
4 42 48 (-1024 6144 64 ) (-1024 6144 3584 ) (-2048 6144 3584 ) (-2048 6144 64 ) 
4 42 43 (-2048 6144 64 ) (-2048 6144 3584 ) (-2048 6816 3584 ) (-2048 6816 64 ) 
4 43 52 (-3072 6144 64 ) (-3072 6144 3584 ) (-3072 6816 3584 ) (-3072 6816 64 ) 
4 43 49 (-2048 6144 64 ) (-2048 6144 3584 ) (-3072 6144 3584 ) (-3072 6144 64 ) 
4 44 46 (1024 5120 64 ) (1024 5120 3584 ) (0 5120 3584 ) (0 5120 64 ) 
4 44 45 (0 6144 3584 ) (0 6144 64 ) (0 5120 64 ) (0 5120 3584 ) 
4 45 48 (-1024 6144 3584 ) (-1024 6144 64 ) (-1024 5120 64 ) (-1024 5120 3584 ) 
4 45 47 (0 5120 64 ) (0 5120 3584 ) (-1024 5120 3584 ) (-1024 5120 64 ) 
4 46 61 (1024 4096 64 ) (1024 4096 3584 ) (0 4096 3584 ) (0 4096 64 ) 
4 46 47 (0 5120 3584 ) (0 5120 64 ) (0 4096 64 ) (0 4096 3584 ) 
4 47 62 (0 4096 64 ) (0 4096 3584 ) (-1024 4096 3584 ) (-1024 4096 64 ) 
4 47 50 (-1024 4096 64 ) (-1024 4096 3584 ) (-1024 5120 3584 ) (-1024 5120 64 ) 
4 48 50 (-1024 5120 64 ) (-1024 5120 3584 ) (-2048 5120 3584 ) (-2048 5120 64 ) 
4 48 49 (-2048 6144 3584 ) (-2048 6144 64 ) (-2048 5120 64 ) (-2048 5120 3584 ) 
4 49 55 (-3072 5120 64 ) (-3072 5120 3584 ) (-3072 6144 3584 ) (-3072 6144 64 ) 
4 49 51 (-2048 5120 64 ) (-2048 5120 3584 ) (-3072 5120 3584 ) (-3072 5120 64 ) 
4 50 65 (-1024 4096 64 ) (-1024 4096 3584 ) (-2048 4096 3584 ) (-2048 4096 64 ) 
4 50 51 (-2048 5120 3584 ) (-2048 5120 64 ) (-2048 4096 64 ) (-2048 4096 3584 ) 
4 51 66 (-2048 4096 64 ) (-2048 4096 3584 ) (-3072 4096 3584 ) (-3072 4096 64 ) 
4 51 57 (-3072 4096 64 ) (-3072 4096 3584 ) (-3072 5120 3584 ) (-3072 5120 64 ) 
4 52 55 (-3072 6144 64 ) (-3072 6144 3584 ) (-4096 6144 3584 ) (-4096 6144 64 ) 
4 52 53 (-4096 6144 64 ) (-4096 6144 3584 ) (-4096 6816 3584 ) (-4096 6816 64 ) 
4 53 56 (-4096 6144 64 ) (-4096 6144 3584 ) (-5120 6144 3584 ) (-5120 6144 64 ) 
4 53 54 (-5120 6144 64 ) (-5120 6144 3584 ) (-5120 6816 3584 ) (-5120 6816 64 ) 
4 54 59 (-5120 6144 64 ) (-5120 6144 3584 ) (-5856 6144 3584 ) (-5856 6144 64 ) 
4 55 57 (-3072 5120 64 ) (-3072 5120 3584 ) (-4096 5120 3584 ) (-4096 5120 64 ) 
4 55 56 (-4096 6144 3584 ) (-4096 6144 64 ) (-4096 5120 64 ) (-4096 5120 3584 ) 
4 56 59 (-5120 6144 3584 ) (-5120 6144 64 ) (-5120 5120 64 ) (-5120 5120 3584 ) 
4 56 58 (-4096 5120 64 ) (-4096 5120 3584 ) (-5120 5120 3584 ) (-5120 5120 64 ) 
4 57 130 (-3072 4096 64 ) (-3072 4096 3584 ) (-4096 4096 3584 ) (-4096 4096 64 ) 
4 57 58 (-4096 5120 3584 ) (-4096 5120 64 ) (-4096 4096 64 ) (-4096 4096 3584 ) 
4 58 131 (-4096 4096 64 ) (-4096 4096 3584 ) (-5120 4096 3584 ) (-5120 4096 64 ) 
4 58 60 (-5120 4096 64 ) (-5120 4096 3584 ) (-5120 5120 3584 ) (-5120 5120 64 ) 
4 59 60 (-5120 5120 64 ) (-5120 5120 3584 ) (-5856 5120 3584 ) (-5856 5120 64 ) 
4 60 134 (-5120 4096 64 ) (-5120 4096 3584 ) (-5856 4096 3584 ) (-5856 4096 64 ) 
4 61 63 (1024 3072 64 ) (1024 3072 3584 ) (0 3072 3584 ) (0 3072 64 ) 
4 61 62 (0 4096 3584 ) (0 4096 64 ) (0 3072 64 ) (0 3072 3584 ) 
4 62 65 (-1024 4096 3584 ) (-1024 4096 64 ) (-1024 3072 64 ) (-1024 3072 3584 ) 
4 62 64 (0 3072 64 ) (0 3072 3584 ) (-1024 3072 3584 ) (-1024 3072 64 ) 
4 63 72 (1024 2048 64 ) (1024 2048 128 ) (0 2048 128 ) (0 2048 64 ) 
4 63 70 (440 2048 3584 ) (0 2048 3584 ) (0 2048 128 ) (440 2048 128 ) 
4 63 69 (1024 2048 128 ) (1024 2048 3584 ) (440 2048 3584 ) (440 2048 128 ) 
4 63 64 (0 3072 3584 ) (0 3072 64 ) (0 2048 64 ) (0 2048 3584 ) 
4 64 76 (0 2048 64 ) (0 2048 128 ) (-1024 2048 128 ) (-1024 2048 64 ) 
4 64 73 (0 2048 128 ) (0 2048 3584 ) (-264 2048 3584 ) (-264 2048 128 ) 
4 64 75 (-264 2048 3584 ) (-1024 2048 3584 ) (-1024 2048 128 ) (-264 2048 128 ) 
4 64 67 (-1024 2048 64 ) (-1024 2048 3584 ) (-1024 3072 3584 ) (-1024 3072 64 ) 
4 65 67 (-1024 3072 64 ) (-1024 3072 3584 ) (-2048 3072 3584 ) (-2048 3072 64 ) 
4 65 66 (-2048 4096 3584 ) (-2048 4096 64 ) (-2048 3072 64 ) (-2048 3072 3584 ) 
4 66 130 (-3072 4096 3584 ) (-3072 4096 64 ) (-3072 3072 64 ) (-3072 3072 3584 ) 
4 66 68 (-2048 3072 64 ) (-2048 3072 3584 ) (-3072 3072 3584 ) (-3072 3072 64 ) 
4 67 126 (-1024 2048 64 ) (-1024 2048 3584 ) (-2048 2048 3584 ) (-2048 2048 64 ) 
4 67 68 (-2048 3072 3584 ) (-2048 3072 64 ) (-2048 2048 64 ) (-2048 2048 3584 ) 
4 68 132 (-3072 2048 64 ) (-3072 2048 3584 ) (-3072 3072 3584 ) (-3072 3072 64 ) 
4 68 127 (-2048 2048 64 ) (-2048 2048 3584 ) (-3072 2048 3584 ) (-3072 2048 64 ) 
4 69 82 (568 1024 3584 ) (440 1024 3584 ) (440 1024 128 ) (568 1024 128 ) 
4 69 78 (1024 1024 128 ) (1024 1024 960 ) (568 1024 960 ) (568 1024 128 ) 
4 69 77 (1024 1024 960 ) (1024 1024 3584 ) (568 1024 3584 ) (568 1024 960 ) 
4 69 72 (1024 1024 128 ) (440 1024 128 ) (440 2048 128 ) (1024 2048 128 ) 
4 69 71 (440 1024 1088 ) (440 1024 3584 ) (440 1272 3584 ) (440 1272 1088 ) 
4 69 70 (440 2048 128 ) (440 1272 128 ) (440 1272 3584 ) (440 2048 3584 ) 
4 70 73 (0 2048 3584 ) (0 2048 128 ) (0 1272 128 ) (0 1272 3584 ) 
4 70 72 (0 1272 128 ) (0 2048 128 ) (440 2048 128 ) (440 1272 128 ) 
4 70 71 (440 1272 1088 ) (440 1272 3584 ) (0 1272 3584 ) (0 1272 1088 ) 
4 71 83 (440 1024 3584 ) (0 1024 3584 ) (0 1024 1088 ) (440 1024 1088 ) 
4 71 74 (0 1024 1088 ) (0 1024 3584 ) (0 1272 3584 ) (0 1272 1088 ) 
4 72 89 (440 1024 128 ) (0 1024 128 ) (0 1024 64 ) (440 1024 64 ) 
4 72 82 (568 1024 128 ) (440 1024 128 ) (440 1024 64 ) (568 1024 64 ) 
4 72 81 (1024 1024 64 ) (1024 1024 128 ) (568 1024 128 ) (568 1024 64 ) 
4 72 76 (0 2048 128 ) (0 2048 64 ) (0 1024 64 ) (0 1024 128 ) 
4 73 76 (-264 2048 128 ) (0 2048 128 ) (0 1272 128 ) (-264 1272 128 ) 
4 73 74 (-264 1272 3584 ) (-264 1272 1088 ) (0 1272 1088 ) (0 1272 3584 ) 
4 73 75 (-264 2048 128 ) (-264 1272 128 ) (-264 1272 3584 ) (-264 2048 3584 ) 
4 74 90 (0 1024 1088 ) (0 1024 3584 ) (-264 1024 3584 ) (-264 1024 1088 ) 
4 74 75 (-264 1024 1088 ) (-264 1024 3584 ) (-264 1272 3584 ) (-264 1272 1088 ) 
4 75 126 (-1024 2048 3584 ) (-1024 2048 128 ) (-1024 1024 128 ) (-1024 1024 3584 ) 
4 75 121 (-632 1024 128 ) (-264 1024 128 ) (-264 1024 832 ) (-632 1024 832 ) 
4 75 124 (-1024 1024 832 ) (-1024 1024 128 ) (-632 1024 128 ) (-632 1024 832 ) 
4 75 116 (-632 1024 832 ) (-520 1024 832 ) (-520 1024 944 ) (-632 1024 944 ) 
4 75 118 (-1024 1024 944 ) (-1024 1024 832 ) (-632 1024 832 ) (-632 1024 944 ) 
4 75 104 (-518 1024 832 ) (-298 1024 832 ) (-298 1024 880 ) (-518 1024 880 ) 
4 75 103 (-298 1024 832 ) (-296 1024 832 ) (-296 1024 880 ) (-298 1024 880 ) 
4 75 106 (-520 1024 832 ) (-518 1024 832 ) (-518 1024 880 ) (-520 1024 880 ) 
4 75 102 (-296 1024 880 ) (-296 1024 944 ) (-520 1024 944 ) (-520 1024 880 ) 
4 75 100 (-296 1024 832 ) (-264 1024 832 ) (-264 1024 944 ) (-296 1024 944 ) 
4 75 96 (-296 1024 3584 ) (-520 1024 3584 ) (-520 1024 944 ) (-296 1024 944 ) 
4 75 95 (-264 1024 3584 ) (-296 1024 3584 ) (-296 1024 944 ) (-264 1024 944 ) 
4 75 99 (-520 1024 3584 ) (-1024 1024 3584 ) (-1024 1024 944 ) (-520 1024 944 ) 
4 75 76 (-1024 2048 128 ) (-264 2048 128 ) (-264 1024 128 ) (-1024 1024 128 ) 
4 76 126 (-1024 2048 128 ) (-1024 2048 64 ) (-1024 1024 64 ) (-1024 1024 128 ) 
4 76 125 (-264 1024 128 ) (-1024 1024 128 ) (-1024 1024 64 ) (-264 1024 64 ) 
4 76 120 (0 1024 64 ) (0 1024 128 ) (-264 1024 128 ) (-264 1024 64 ) 
4 77 182 (1024 0 960 ) (1024 0 3584 ) (568 0 3584 ) (568 0 960 ) 
4 77 82 (568 1024 3584 ) (568 1024 960 ) (568 0 960 ) (568 0 3584 ) 
4 77 79 (568 464 960 ) (568 704 960 ) (1024 704 960 ) (1024 464 960 ) 
4 77 78 (568 704 960 ) (568 1024 960 ) (1024 1024 960 ) (1024 704 960 ) 
4 77 80 (1024 0 960 ) (568 0 960 ) (568 128 960 ) (1024 128 960 ) 
4 78 82 (568 1024 960 ) (568 1024 128 ) (568 704 128 ) (568 704 960 ) 
4 78 81 (568 704 128 ) (568 1024 128 ) (1024 1024 128 ) (1024 704 128 ) 
4 78 79 (1024 704 640 ) (1024 704 960 ) (568 704 960 ) (568 704 640 ) 
5 79 82 (568 488 816 ) (568 464 960 ) (568 704 960 ) (568 704 640 ) (568 632 680 ) 
4 80 182 (1024 0 128 ) (1024 0 960 ) (568 0 960 ) (568 0 128 ) 
4 80 82 (568 128 128 ) (568 0 128 ) (568 0 960 ) (568 128 960 ) 
4 80 81 (568 0 128 ) (568 128 128 ) (1024 128 128 ) (1024 0 128 ) 
4 81 182 (1024 0 64 ) (1024 0 128 ) (568 0 128 ) (568 0 64 ) 
4 81 82 (568 1024 128 ) (568 1024 64 ) (568 0 64 ) (568 0 128 ) 
4 82 182 (568 0 64 ) (568 0 3584 ) (440 0 3584 ) (440 0 64 ) 
4 82 89 (440 0 64 ) (440 0 128 ) (440 1024 128 ) (440 1024 64 ) 
4 82 88 (440 0 128 ) (440 0 832 ) (440 440 832 ) (440 440 128 ) 
3 82 86 (440 696 832 ) (440 656.888916 832 ) (440 728 960 ) 
3 82 85 (440 799.111206 1088 ) (440 816 1088 ) (440 768 1032 ) 
5 82 84 (440 600 1088 ) (440 799.111206 1088 ) (440 656.888916 832 ) (440 632 832 ) (440 600 960 ) 
4 82 87 (440 0 832 ) (440 0 1088 ) (440 440 1088 ) (440 440 832 ) 
4 82 83 (440 0 1088 ) (440 0 3584 ) (440 1024 3584 ) (440 1024 1088 ) 
4 83 182 (440 0 1088 ) (440 0 3584 ) (0 0 3584 ) (0 0 1088 ) 
4 83 90 (0 1024 3584 ) (0 1024 1088 ) (0 0 1088 ) (0 0 3584 ) 
4 83 85 (440 816 1088 ) (440 799.111206 1088 ) (0 799.111206 1088 ) (0 816 1088 ) 
4 83 84 (440 799.111206 1088 ) (440 600 1088 ) (0 600 1088 ) (0 799.111206 1088 ) 
4 83 87 (440 440 1088 ) (440 0 1088 ) (0 0 1088 ) (0 440 1088 ) 
5 84 91 (0 656.888916 832 ) (0 632 832 ) (0 600 960 ) (0 600 1088 ) (0 799.111206 1088 ) 
4 84 86 (440 656.888428 832 ) (0 656.888428 832 ) (0 728 960.001038 ) (440 728 960.001038 ) 
4 84 85 (0 768 1032 ) (0 799.110901 1088 ) (440 799.110901 1088 ) (440 768 1032 ) 
3 85 92 (0 768 1032 ) (0 799.111206 1088 ) (0 816 1088 ) 
3 86 93 (0 696 832 ) (0 656.888916 832 ) (0 728 960 ) 
4 87 182 (440 0 832 ) (440 0 1088 ) (0 0 1088 ) (0 0 832 ) 
4 87 94 (0 440 832 ) (0 0 832 ) (0 0 1088 ) (0 440 1088 ) 
4 87 88 (0 0 832 ) (0 440 832 ) (440 440 832 ) (440 0 832 ) 
4 88 182 (440 0 128 ) (440 0 832 ) (0 0 832 ) (0 0 128 ) 
4 88 119 (0 440 128 ) (0 0 128 ) (0 0 832 ) (0 440 832 ) 
4 88 89 (440 440 128 ) (440 0 128 ) (0 0 128 ) (0 440 128 ) 
4 89 182 (440 0 64 ) (440 0 128 ) (0 0 128 ) (0 0 64 ) 
4 89 120 (0 1024 128 ) (0 1024 64 ) (0 0 64 ) (0 0 128 ) 
4 90 183 (0 0 1088 ) (0 0 3584 ) (-264 0 3584 ) (-264 0 1088 ) 
4 90 95 (-264 1024 3584 ) (-264 1024 1088 ) (-264 0 1088 ) (-264 0 3584 ) 
4 90 92 (-264 799.111206 1088 ) (-264 816 1088 ) (0 816 1088 ) (0 799.111206 1088 ) 
4 90 91 (-264 600 1088 ) (-264 799.111206 1088 ) (0 799.111206 1088 ) (0 600 1088 ) 
4 90 94 (-264 0 1088 ) (-264 440 1088 ) (0 440 1088 ) (0 0 1088 ) 
4 91 100 (-264 656.888916 832 ) (-264 632 832 ) (-264 604 944 ) (-264 719.111145 944 ) 
5 91 95 (-264 604 944 ) (-264 600 960 ) (-264 600 1088 ) (-264 799.111206 1088 ) (-264 719.111145 944 ) 
4 91 93 (0 656.888367 832 ) (-264 656.888367 832 ) (-264 728 960.001221 ) (0 728 960.001221 ) 
4 91 92 (-264 768 1032 ) (-264 799.110901 1088 ) (0 799.110901 1088 ) (0 768 1032 ) 
3 92 95 (-264 768 1032 ) (-264 799.111206 1088 ) (-264 816 1088 ) 
4 93 100 (-264 696 832 ) (-264 656.888916 832 ) (-264 719.111145 944 ) (-264 724 944 ) 
3 93 95 (-264 719.111145 944 ) (-264 728 960 ) (-264 724 944 ) 
4 94 183 (0 0 832 ) (0 0 1088 ) (-264 0 1088 ) (-264 0 832 ) 
4 94 119 (0 440 832 ) (0 0 832 ) (-264 0 832 ) (-264 440 832 ) 
4 94 101 (-264 312 832 ) (-264 0 832 ) (-264 0 944 ) (-264 312 944 ) 
4 94 95 (-264 0 944 ) (-264 0 1088 ) (-264 440 1088 ) (-264 440 944 ) 
4 95 183 (-296 0 944 ) (-264 0 944 ) (-264 0 3584 ) (-296 0 3584 ) 
4 95 100 (-264 1024 944 ) (-264 552 944 ) (-296 552 944 ) (-296 1024 944 ) 
4 95 101 (-264 312 944 ) (-264 0 944 ) (-296 0 944 ) (-296 312 944 ) 
4 95 97 (-296 312 1056 ) (-296 312 3584 ) (-296 440 3584 ) (-296 440 1056 ) 
4 95 96 (-296 1024 944 ) (-296 440 944 ) (-296 440 3584 ) (-296 1024 3584 ) 
4 95 98 (-296 312 944 ) (-296 0 944 ) (-296 0 3584 ) (-296 312 3584 ) 
4 96 102 (-520 552 944 ) (-520 1024 944 ) (-296 1024 944 ) (-296 552 944 ) 
4 96 97 (-520 440 3584 ) (-520 440 1056 ) (-296 440 1056 ) (-296 440 3584 ) 
4 96 99 (-520 1024 944 ) (-520 440 944 ) (-520 440 3584 ) (-520 1024 3584 ) 
4 97 99 (-520 312 1056 ) (-520 312 3584 ) (-520 440 3584 ) (-520 440 1056 ) 
4 97 98 (-520 312 3584 ) (-520 312 1056 ) (-296 312 1056 ) (-296 312 3584 ) 
4 98 183 (-520 0 944 ) (-296 0 944 ) (-296 0 3584 ) (-520 0 3584 ) 
4 98 113 (-296 0 944 ) (-520 0 944 ) (-520 312 944 ) (-296 312 944 ) 
4 98 99 (-520 312 944 ) (-520 0 944 ) (-520 0 3584 ) (-520 312 3584 ) 
4 99 183 (-1024 0 3584 ) (-1024 0 944 ) (-520 0 944 ) (-520 0 3584 ) 
4 99 128 (-1024 0 944 ) (-1024 0 3584 ) (-1024 1024 3584 ) (-1024 1024 944 ) 
4 99 116 (-632 552 944 ) (-632 1024 944 ) (-520 1024 944 ) (-520 552 944 ) 
4 99 117 (-520 0 944 ) (-632 0 944 ) (-632 312 944 ) (-520 312 944 ) 
4 99 118 (-632 0 944 ) (-1024 0 944 ) (-1024 1024 944 ) (-632 1024 944 ) 
4 100 122 (-296 632 832 ) (-296 696 832 ) (-264 696 832 ) (-264 632 832 ) 
4 100 121 (-296 696 832 ) (-296 1024 832 ) (-264 1024 832 ) (-264 696 832 ) 
3 100 107 (-296 628 837.599976 ) (-296 597.714294 880 ) (-296 628 880 ) 
5 100 103 (-296 1024 832 ) (-296 632 832 ) (-296 628 837.599976 ) (-296 628 880 ) (-296 1024 880 ) 
4 100 102 (-296 597.714294 880 ) (-296 552 944 ) (-296 1024 944 ) (-296 1024 880 ) 
4 101 183 (-296 0 832 ) (-264 0 832 ) (-264 0 944 ) (-296 0 944 ) 
4 101 123 (-264 0 832 ) (-296 0 832 ) (-296 312 832 ) (-264 312 832 ) 
4 101 114 (-296 312 832 ) (-296 0 832 ) (-296 0 848 ) (-296 312 848 ) 
4 101 113 (-296 0 848 ) (-296 0 944 ) (-296 312 944 ) (-296 312 848 ) 
4 102 116 (-520 552 944 ) (-520 1024 944 ) (-520 1024 880 ) (-520 597.714233 880 ) 
4 102 111 (-520 554 880 ) (-520 628 880 ) (-518 628 880 ) (-518 554 880 ) 
4 102 110 (-518 628 880 ) (-516 628 880 ) (-516 554 880 ) (-518 554 880 ) 
4 102 108 (-300 628 880 ) (-298 628 880 ) (-298 554 880 ) (-300 554 880 ) 
4 102 107 (-298 628 880 ) (-296 628 880 ) (-296 554 880 ) (-298 554 880 ) 
4 102 109 (-516 628 880 ) (-300 628 880 ) (-300 554 880 ) (-516 554 880 ) 
4 102 112 (-520 552 880 ) (-520 554 880 ) (-296 554 880 ) (-296 552 880 ) 
4 102 105 (-298 630 880 ) (-298 628 880 ) (-518 628 880 ) (-518 630 880 ) 
4 102 104 (-518 1024 880 ) (-298 1024 880 ) (-298 630 880 ) (-518 630 880 ) 
4 102 103 (-298 1024 880 ) (-296 1024 880 ) (-296 628 880 ) (-298 628 880 ) 
4 102 106 (-520 628 880 ) (-520 1024 880 ) (-518 1024 880 ) (-518 628 880 ) 
4 103 122 (-296 696 832 ) (-296 632 832 ) (-298 632 832 ) (-298 696 832 ) 
4 103 121 (-298 1024 832 ) (-296 1024 832 ) (-296 696 832 ) (-298 696 832 ) 
4 103 107 (-296 628 832 ) (-296 628 880 ) (-298 628 880 ) (-298 628 832 ) 
4 103 105 (-298 630 832 ) (-298 628 832 ) (-298 628 880 ) (-298 630 880 ) 
4 103 104 (-298 1024 832 ) (-298 630 832 ) (-298 630 880 ) (-298 1024 880 ) 
4 104 122 (-298 696 832 ) (-298 632 832 ) (-518 632 832 ) (-518 696 832 ) 
4 104 121 (-518 1024 832 ) (-298 1024 832 ) (-298 696 832 ) (-518 696 832 ) 
4 104 106 (-518 1024 832 ) (-518 630 832 ) (-518 630 880 ) (-518 1024 880 ) 
4 104 105 (-518 630 880 ) (-518 630 832 ) (-298 630 832 ) (-298 630 880 ) 
4 105 110 (-516 628 880 ) (-518 628 880 ) (-518 628 832 ) (-516 628 832 ) 
4 105 108 (-298 628 880 ) (-300 628 880 ) (-300 628 832 ) (-298 628 832 ) 
4 105 109 (-300 628 880 ) (-516 628 880 ) (-516 628 832 ) (-300 628 832 ) 
4 105 106 (-518 630 832 ) (-518 628 832 ) (-518 628 880 ) (-518 630 880 ) 
4 106 122 (-520 632 832 ) (-520 696 832 ) (-518 696 832 ) (-518 632 832 ) 
4 106 121 (-520 696 832 ) (-520 1024 832 ) (-518 1024 832 ) (-518 696 832 ) 
5 106 116 (-520 1024 832 ) (-520 632 832 ) (-520 628 837.600098 ) (-520 628 880 ) (-520 1024 880 ) 
4 106 111 (-518 628 880 ) (-520 628 880 ) (-520 628 832 ) (-518 628 832 ) 
4 107 112 (-296 554 832 ) (-296 554 880 ) (-298 554 880 ) (-298 554 832 ) 
4 107 108 (-298 628 880 ) (-298 628 832 ) (-298 554 832 ) (-298 554 880 ) 
4 108 109 (-300 628 880 ) (-300 628 832 ) (-300 554 832 ) (-300 554 880 ) 
4 108 112 (-298 554 880 ) (-300 554 880 ) (-300 554 832 ) (-298 554 832 ) 
4 109 110 (-516 628 880 ) (-516 628 832 ) (-516 554 832 ) (-516 554 880 ) 
4 109 112 (-300 554 880 ) (-516 554 880 ) (-516 554 832 ) (-300 554 832 ) 
4 110 112 (-516 554 880 ) (-518 554 880 ) (-518 554 832 ) (-516 554 832 ) 
4 110 111 (-518 628 880 ) (-518 628 832 ) (-518 554 832 ) (-518 554 880 ) 
3 111 116 (-520 597.714294 880 ) (-520 628 880 ) (-520 628 837.600098 ) 
4 111 112 (-518 554 880 ) (-520 554 880 ) (-520 554 832 ) (-518 554 832 ) 
4 113 183 (-296 0 848 ) (-296 0 944 ) (-520 0 944 ) (-520 0 848 ) 
4 113 117 (-520 0 848 ) (-520 0 944 ) (-520 312 944 ) (-520 312 848 ) 
4 113 115 (-520 0 848 ) (-520 312 848 ) (-312 312 848 ) (-312 0 848 ) 
4 113 114 (-312 312 848 ) (-296 312 848 ) (-296 0 848 ) (-312 0 848 ) 
4 114 183 (-312 0 832 ) (-296 0 832 ) (-296 0 848 ) (-312 0 848 ) 
4 114 123 (-296 0 832 ) (-312 0 832 ) (-312 312 832 ) (-296 312 832 ) 
4 114 115 (-312 0 848 ) (-312 312 848 ) (-312 312 832 ) (-312 0 832 ) 
4 115 183 (-520 0 832 ) (-312 0 832 ) (-312 0 848 ) (-520 0 848 ) 
4 115 123 (-312 0 832 ) (-520 0 832 ) (-520 312 832 ) (-312 312 832 ) 
4 115 117 (-520 312 832 ) (-520 0 832 ) (-520 0 848 ) (-520 312 848 ) 
4 116 122 (-632 632 832 ) (-632 696 832 ) (-520 696 832 ) (-520 632 832 ) 
4 116 121 (-632 696 832 ) (-632 1024 832 ) (-520 1024 832 ) (-520 696 832 ) 
4 116 118 (-632 1024 832 ) (-632 632 832 ) (-632 552 944 ) (-632 1024 944 ) 
4 117 183 (-632 0 832 ) (-520 0 832 ) (-520 0 944 ) (-632 0 944 ) 
4 117 123 (-520 0 832 ) (-632 0 832 ) (-632 312 832 ) (-520 312 832 ) 
4 117 118 (-632 312 832 ) (-632 0 832 ) (-632 0 944 ) (-632 312 944 ) 
4 118 183 (-1024 0 944 ) (-1024 0 832 ) (-632 0 832 ) (-632 0 944 ) 
4 118 128 (-1024 0 832 ) (-1024 0 944 ) (-1024 1024 944 ) (-1024 1024 832 ) 
4 118 124 (-632 0 832 ) (-1024 0 832 ) (-1024 1024 832 ) (-632 1024 832 ) 
4 119 183 (0 0 128 ) (0 0 832 ) (-264 0 832 ) (-264 0 128 ) 
4 119 123 (-264 0 832 ) (-264 312 832 ) (-264 312 128 ) (-264 0 128 ) 
4 119 120 (-264 0 128 ) (-264 440 128 ) (0 440 128 ) (0 0 128 ) 
4 120 183 (0 0 64 ) (0 0 128 ) (-264 0 128 ) (-264 0 64 ) 
4 120 125 (-264 1024 128 ) (-264 1024 64 ) (-264 0 64 ) (-264 0 128 ) 
4 121 125 (-264 1024 128 ) (-264 696 128 ) (-632 696 128 ) (-632 1024 128 ) 
4 121 122 (-632 696 832 ) (-632 696 688 ) (-264 696 688 ) (-264 696 832 ) 
4 121 124 (-632 1024 128 ) (-632 696 128 ) (-632 696 832 ) (-632 1024 832 ) 
3 122 124 (-632 632 832 ) (-632 696 832 ) (-632 696 688 ) 
4 123 183 (-264 0 128 ) (-264 0 832 ) (-632 0 832 ) (-632 0 128 ) 
4 123 125 (-264 312 128 ) (-264 0 128 ) (-632 0 128 ) (-632 312 128 ) 
4 123 124 (-632 312 128 ) (-632 0 128 ) (-632 0 832 ) (-632 312 832 ) 
4 124 183 (-632 0 832 ) (-1024 0 832 ) (-1024 0 128 ) (-632 0 128 ) 
4 124 128 (-1024 0 128 ) (-1024 0 832 ) (-1024 1024 832 ) (-1024 1024 128 ) 
4 124 125 (-632 0 128 ) (-1024 0 128 ) (-1024 1024 128 ) (-632 1024 128 ) 
4 125 183 (-264 0 64 ) (-264 0 128 ) (-1024 0 128 ) (-1024 0 64 ) 
4 125 128 (-1024 0 64 ) (-1024 0 128 ) (-1024 1024 128 ) (-1024 1024 64 ) 
4 126 128 (-1024 1024 64 ) (-1024 1024 3584 ) (-2048 1024 3584 ) (-2048 1024 64 ) 
4 126 127 (-2048 2048 3584 ) (-2048 2048 64 ) (-2048 1024 64 ) (-2048 1024 3584 ) 
4 127 136 (-3072 1024 64 ) (-3072 1024 3584 ) (-3072 2048 3584 ) (-3072 2048 64 ) 
4 127 129 (-2048 1024 64 ) (-2048 1024 3584 ) (-3072 1024 3584 ) (-3072 1024 64 ) 
4 128 186 (-1024 0 64 ) (-1024 0 3584 ) (-2048 0 3584 ) (-2048 0 64 ) 
4 128 129 (-2048 1024 3584 ) (-2048 1024 64 ) (-2048 0 64 ) (-2048 0 3584 ) 
4 129 187 (-2048 0 64 ) (-2048 0 3584 ) (-3072 0 3584 ) (-3072 0 64 ) 
4 129 138 (-3072 0 64 ) (-3072 0 3584 ) (-3072 1024 3584 ) (-3072 1024 64 ) 
4 130 132 (-3072 3072 64 ) (-3072 3072 3584 ) (-4096 3072 3584 ) (-4096 3072 64 ) 
4 130 131 (-4096 4096 3584 ) (-4096 4096 64 ) (-4096 3072 64 ) (-4096 3072 3584 ) 
4 131 134 (-5120 4096 3584 ) (-5120 4096 64 ) (-5120 3072 64 ) (-5120 3072 3584 ) 
4 131 133 (-4096 3072 64 ) (-4096 3072 3584 ) (-5120 3072 3584 ) (-5120 3072 64 ) 
4 132 136 (-3072 2048 64 ) (-3072 2048 3584 ) (-4096 2048 3584 ) (-4096 2048 64 ) 
4 132 133 (-4096 3072 3584 ) (-4096 3072 64 ) (-4096 2048 64 ) (-4096 2048 3584 ) 
4 133 137 (-4096 2048 64 ) (-4096 2048 3584 ) (-5120 2048 3584 ) (-5120 2048 64 ) 
4 133 135 (-5120 2048 64 ) (-5120 2048 3584 ) (-5120 3072 3584 ) (-5120 3072 64 ) 
4 134 135 (-5120 3072 64 ) (-5120 3072 3584 ) (-5856 3072 3584 ) (-5856 3072 64 ) 
4 135 140 (-5120 2048 64 ) (-5120 2048 3584 ) (-5856 2048 3584 ) (-5856 2048 64 ) 
4 136 138 (-3072 1024 64 ) (-3072 1024 3584 ) (-4096 1024 3584 ) (-4096 1024 64 ) 
4 136 137 (-4096 2048 3584 ) (-4096 2048 64 ) (-4096 1024 64 ) (-4096 1024 3584 ) 
4 137 140 (-5120 2048 3584 ) (-5120 2048 64 ) (-5120 1024 64 ) (-5120 1024 3584 ) 
4 137 139 (-4096 1024 64 ) (-4096 1024 3584 ) (-5120 1024 3584 ) (-5120 1024 64 ) 
4 138 198 (-3072 0 64 ) (-3072 0 3584 ) (-4096 0 3584 ) (-4096 0 64 ) 
4 138 139 (-4096 1024 3584 ) (-4096 1024 64 ) (-4096 0 64 ) (-4096 0 3584 ) 
4 139 199 (-4096 0 64 ) (-4096 0 3584 ) (-5120 0 3584 ) (-5120 0 64 ) 
4 139 141 (-5120 0 64 ) (-5120 0 3584 ) (-5120 1024 3584 ) (-5120 1024 64 ) 
4 140 141 (-5120 1024 64 ) (-5120 1024 3584 ) (-5856 1024 3584 ) (-5856 1024 64 ) 
4 141 202 (-5120 0 64 ) (-5120 0 3584 ) (-5856 0 3584 ) (-5856 0 64 ) 
4 142 146 (5120 0 3584 ) (5120 0 64 ) (5120 -1024 64 ) (5120 -1024 3584 ) 
4 142 143 (6112 -1024 3584 ) (5120 -1024 3584 ) (5120 -1024 64 ) (6112 -1024 64 ) 
4 143 148 (5120 -2048 64 ) (5120 -2048 3584 ) (5120 -1024 3584 ) (5120 -1024 64 ) 
4 143 144 (6112 -2048 3584 ) (5120 -2048 3584 ) (5120 -2048 64 ) (6112 -2048 64 ) 
4 144 154 (5120 -3072 64 ) (5120 -3072 3584 ) (5120 -2048 3584 ) (5120 -2048 64 ) 
4 144 145 (6112 -3072 3584 ) (5120 -3072 3584 ) (5120 -3072 64 ) (6112 -3072 64 ) 
4 145 162 (6112 -4096 3584 ) (5120 -4096 3584 ) (5120 -4096 64 ) (6112 -4096 64 ) 
4 145 156 (5120 -4096 64 ) (5120 -4096 3584 ) (5120 -3072 3584 ) (5120 -3072 64 ) 
4 146 148 (5120 -1024 64 ) (5120 -1024 3584 ) (4096 -1024 3584 ) (4096 -1024 64 ) 
4 146 147 (4096 0 3584 ) (4096 0 64 ) (4096 -1024 64 ) (4096 -1024 3584 ) 
4 147 150 (3072 0 3584 ) (3072 0 64 ) (3072 -1024 64 ) (3072 -1024 3584 ) 
4 147 149 (4096 -1024 64 ) (4096 -1024 3584 ) (3072 -1024 3584 ) (3072 -1024 64 ) 
4 148 154 (5120 -2048 64 ) (5120 -2048 3584 ) (4096 -2048 3584 ) (4096 -2048 64 ) 
4 148 149 (4096 -1024 3584 ) (4096 -1024 64 ) (4096 -2048 64 ) (4096 -2048 3584 ) 
4 149 155 (4096 -2048 64 ) (4096 -2048 3584 ) (3072 -2048 3584 ) (3072 -2048 64 ) 
4 149 152 (3072 -2048 64 ) (3072 -2048 3584 ) (3072 -1024 3584 ) (3072 -1024 64 ) 
4 150 152 (3072 -1024 64 ) (3072 -1024 3584 ) (2048 -1024 3584 ) (2048 -1024 64 ) 
4 150 151 (2048 0 3584 ) (2048 0 64 ) (2048 -1024 64 ) (2048 -1024 3584 ) 
4 151 182 (1024 0 3584 ) (1024 0 64 ) (1024 -1024 64 ) (1024 -1024 3584 ) 
4 151 153 (2048 -1024 64 ) (2048 -1024 3584 ) (1024 -1024 3584 ) (1024 -1024 64 ) 
4 152 158 (3072 -2048 64 ) (3072 -2048 3584 ) (2048 -2048 3584 ) (2048 -2048 64 ) 
4 152 153 (2048 -1024 3584 ) (2048 -1024 64 ) (2048 -2048 64 ) (2048 -2048 3584 ) 
4 153 184 (1024 -2048 64 ) (1024 -2048 3584 ) (1024 -1024 3584 ) (1024 -1024 64 ) 
4 153 159 (2048 -2048 64 ) (2048 -2048 3584 ) (1024 -2048 3584 ) (1024 -2048 64 ) 
4 154 156 (5120 -3072 64 ) (5120 -3072 3584 ) (4096 -3072 3584 ) (4096 -3072 64 ) 
4 154 155 (4096 -2048 3584 ) (4096 -2048 64 ) (4096 -3072 64 ) (4096 -3072 3584 ) 
4 155 158 (3072 -2048 3584 ) (3072 -2048 64 ) (3072 -3072 64 ) (3072 -3072 3584 ) 
4 155 157 (4096 -3072 64 ) (4096 -3072 3584 ) (3072 -3072 3584 ) (3072 -3072 64 ) 
4 156 166 (5120 -4096 64 ) (5120 -4096 3584 ) (4096 -4096 3584 ) (4096 -4096 64 ) 
4 156 157 (4096 -3072 3584 ) (4096 -3072 64 ) (4096 -4096 64 ) (4096 -4096 3584 ) 
4 157 167 (4096 -4096 64 ) (4096 -4096 3584 ) (3072 -4096 3584 ) (3072 -4096 64 ) 
4 157 160 (3072 -4096 64 ) (3072 -4096 3584 ) (3072 -3072 3584 ) (3072 -3072 64 ) 
4 158 160 (3072 -3072 64 ) (3072 -3072 3584 ) (2048 -3072 3584 ) (2048 -3072 64 ) 
4 158 159 (2048 -2048 3584 ) (2048 -2048 64 ) (2048 -3072 64 ) (2048 -3072 3584 ) 
4 159 190 (1024 -3072 64 ) (1024 -3072 3584 ) (1024 -2048 3584 ) (1024 -2048 64 ) 
4 159 161 (2048 -3072 64 ) (2048 -3072 3584 ) (1024 -3072 3584 ) (1024 -3072 64 ) 
4 160 170 (3072 -4096 64 ) (3072 -4096 3584 ) (2048 -4096 3584 ) (2048 -4096 64 ) 
4 160 161 (2048 -3072 3584 ) (2048 -3072 64 ) (2048 -4096 64 ) (2048 -4096 3584 ) 
4 161 192 (1024 -4096 64 ) (1024 -4096 3584 ) (1024 -3072 3584 ) (1024 -3072 64 ) 
4 161 171 (2048 -4096 64 ) (2048 -4096 3584 ) (1024 -4096 3584 ) (1024 -4096 64 ) 
4 162 166 (5120 -4096 3584 ) (5120 -4096 64 ) (5120 -5120 64 ) (5120 -5120 3584 ) 
4 162 163 (6112 -5120 3584 ) (5120 -5120 3584 ) (5120 -5120 64 ) (6112 -5120 64 ) 
4 163 168 (5120 -6144 64 ) (5120 -6144 3584 ) (5120 -5120 3584 ) (5120 -5120 64 ) 
4 163 164 (6112 -6144 3584 ) (5120 -6144 3584 ) (5120 -6144 64 ) (6112 -6144 64 ) 
4 164 174 (5120 -7168 64 ) (5120 -7168 3584 ) (5120 -6144 3584 ) (5120 -6144 64 ) 
4 164 165 (5120 -7168 3584 ) (5120 -7168 64 ) (6112 -7168 64 ) (6112 -7168 3584 ) 
4 165 176 (5120 -7520 3584 ) (5120 -7168 3584 ) (5120 -7168 64 ) (5120 -7520 64 ) 
4 166 168 (5120 -5120 64 ) (5120 -5120 3584 ) (4096 -5120 3584 ) (4096 -5120 64 ) 
4 166 167 (4096 -4096 3584 ) (4096 -4096 64 ) (4096 -5120 64 ) (4096 -5120 3584 ) 
4 167 170 (3072 -4096 3584 ) (3072 -4096 64 ) (3072 -5120 64 ) (3072 -5120 3584 ) 
4 167 169 (4096 -5120 64 ) (4096 -5120 3584 ) (3072 -5120 3584 ) (3072 -5120 64 ) 
4 168 174 (5120 -6144 64 ) (5120 -6144 3584 ) (4096 -6144 3584 ) (4096 -6144 64 ) 
4 168 169 (4096 -5120 3584 ) (4096 -5120 64 ) (4096 -6144 64 ) (4096 -6144 3584 ) 
4 169 175 (4096 -6144 64 ) (4096 -6144 3584 ) (3072 -6144 3584 ) (3072 -6144 64 ) 
4 169 172 (3072 -6144 64 ) (3072 -6144 3584 ) (3072 -5120 3584 ) (3072 -5120 64 ) 
4 170 172 (3072 -5120 64 ) (3072 -5120 3584 ) (2048 -5120 3584 ) (2048 -5120 64 ) 
4 170 171 (2048 -4096 3584 ) (2048 -4096 64 ) (2048 -5120 64 ) (2048 -5120 3584 ) 
4 171 210 (1024 -5120 64 ) (1024 -5120 3584 ) (1024 -4096 3584 ) (1024 -4096 64 ) 
4 171 173 (2048 -5120 64 ) (2048 -5120 3584 ) (1024 -5120 3584 ) (1024 -5120 64 ) 
4 172 178 (3072 -6144 64 ) (3072 -6144 3584 ) (2048 -6144 3584 ) (2048 -6144 64 ) 
4 172 173 (2048 -5120 3584 ) (2048 -5120 64 ) (2048 -6144 64 ) (2048 -6144 3584 ) 
4 173 212 (1024 -6144 64 ) (1024 -6144 3584 ) (1024 -5120 3584 ) (1024 -5120 64 ) 
4 173 179 (2048 -6144 64 ) (2048 -6144 3584 ) (1024 -6144 3584 ) (1024 -6144 64 ) 
4 174 176 (5120 -7168 64 ) (5120 -7168 3584 ) (4096 -7168 3584 ) (4096 -7168 64 ) 
4 174 175 (4096 -6144 3584 ) (4096 -6144 64 ) (4096 -7168 64 ) (4096 -7168 3584 ) 
4 175 178 (3072 -6144 3584 ) (3072 -6144 64 ) (3072 -7168 64 ) (3072 -7168 3584 ) 
4 175 177 (4096 -7168 64 ) (4096 -7168 3584 ) (3072 -7168 3584 ) (3072 -7168 64 ) 
4 176 177 (4096 -7520 3584 ) (4096 -7168 3584 ) (4096 -7168 64 ) (4096 -7520 64 ) 
4 177 180 (3072 -7520 3584 ) (3072 -7168 3584 ) (3072 -7168 64 ) (3072 -7520 64 ) 
4 178 180 (3072 -7168 64 ) (3072 -7168 3584 ) (2048 -7168 3584 ) (2048 -7168 64 ) 
4 178 179 (2048 -6144 3584 ) (2048 -6144 64 ) (2048 -7168 64 ) (2048 -7168 3584 ) 
4 179 218 (1024 -7168 64 ) (1024 -7168 3584 ) (1024 -6144 3584 ) (1024 -6144 64 ) 
4 179 181 (2048 -7168 64 ) (2048 -7168 3584 ) (1024 -7168 3584 ) (1024 -7168 64 ) 
4 180 181 (2048 -7520 3584 ) (2048 -7168 3584 ) (2048 -7168 64 ) (2048 -7520 64 ) 
4 181 220 (1024 -7520 3584 ) (1024 -7168 3584 ) (1024 -7168 64 ) (1024 -7520 64 ) 
4 182 184 (1024 -1024 64 ) (1024 -1024 3584 ) (0 -1024 3584 ) (0 -1024 64 ) 
4 182 183 (0 0 3584 ) (0 0 64 ) (0 -1024 64 ) (0 -1024 3584 ) 
4 183 186 (-1024 0 3584 ) (-1024 0 64 ) (-1024 -1024 64 ) (-1024 -1024 3584 ) 
4 183 185 (0 -1024 64 ) (0 -1024 3584 ) (-1024 -1024 3584 ) (-1024 -1024 64 ) 
4 184 190 (1024 -2048 64 ) (1024 -2048 3584 ) (0 -2048 3584 ) (0 -2048 64 ) 
4 184 185 (0 -1024 3584 ) (0 -1024 64 ) (0 -2048 64 ) (0 -2048 3584 ) 
4 185 191 (0 -2048 64 ) (0 -2048 3584 ) (-1024 -2048 3584 ) (-1024 -2048 64 ) 
4 185 188 (-1024 -2048 64 ) (-1024 -2048 3584 ) (-1024 -1024 3584 ) (-1024 -1024 64 ) 
4 186 188 (-1024 -1024 64 ) (-1024 -1024 3584 ) (-2048 -1024 3584 ) (-2048 -1024 64 ) 
4 186 187 (-2048 0 3584 ) (-2048 0 64 ) (-2048 -1024 64 ) (-2048 -1024 3584 ) 
4 187 198 (-3072 0 3584 ) (-3072 0 64 ) (-3072 -1024 64 ) (-3072 -1024 3584 ) 
4 187 189 (-2048 -1024 64 ) (-2048 -1024 3584 ) (-3072 -1024 3584 ) (-3072 -1024 64 ) 
4 188 194 (-1024 -2048 64 ) (-1024 -2048 3584 ) (-2048 -2048 3584 ) (-2048 -2048 64 ) 
4 188 189 (-2048 -1024 3584 ) (-2048 -1024 64 ) (-2048 -2048 64 ) (-2048 -2048 3584 ) 
4 189 200 (-3072 -2048 64 ) (-3072 -2048 3584 ) (-3072 -1024 3584 ) (-3072 -1024 64 ) 
4 189 195 (-2048 -2048 64 ) (-2048 -2048 3584 ) (-3072 -2048 3584 ) (-3072 -2048 64 ) 
4 190 192 (1024 -3072 64 ) (1024 -3072 3584 ) (0 -3072 3584 ) (0 -3072 64 ) 
4 190 191 (0 -2048 3584 ) (0 -2048 64 ) (0 -3072 64 ) (0 -3072 3584 ) 
4 191 194 (-1024 -2048 3584 ) (-1024 -2048 64 ) (-1024 -3072 64 ) (-1024 -3072 3584 ) 
4 191 193 (0 -3072 64 ) (0 -3072 3584 ) (-1024 -3072 3584 ) (-1024 -3072 64 ) 
4 192 210 (1024 -4096 64 ) (1024 -4096 3584 ) (0 -4096 3584 ) (0 -4096 64 ) 
4 192 193 (0 -3072 3584 ) (0 -3072 64 ) (0 -4096 64 ) (0 -4096 3584 ) 
4 193 211 (0 -4096 64 ) (0 -4096 3584 ) (-1024 -4096 3584 ) (-1024 -4096 64 ) 
4 193 196 (-1024 -4096 64 ) (-1024 -4096 3584 ) (-1024 -3072 3584 ) (-1024 -3072 64 ) 
4 194 196 (-1024 -3072 64 ) (-1024 -3072 3584 ) (-2048 -3072 3584 ) (-2048 -3072 64 ) 
4 194 195 (-2048 -2048 3584 ) (-2048 -2048 64 ) (-2048 -3072 64 ) (-2048 -3072 3584 ) 
4 195 204 (-3072 -3072 64 ) (-3072 -3072 3584 ) (-3072 -2048 3584 ) (-3072 -2048 64 ) 
4 195 197 (-2048 -3072 64 ) (-2048 -3072 3584 ) (-3072 -3072 3584 ) (-3072 -3072 64 ) 
4 196 214 (-1024 -4096 64 ) (-1024 -4096 3584 ) (-2048 -4096 3584 ) (-2048 -4096 64 ) 
4 196 197 (-2048 -3072 3584 ) (-2048 -3072 64 ) (-2048 -4096 64 ) (-2048 -4096 3584 ) 
4 197 215 (-2048 -4096 64 ) (-2048 -4096 3584 ) (-3072 -4096 3584 ) (-3072 -4096 64 ) 
4 197 206 (-3072 -4096 64 ) (-3072 -4096 3584 ) (-3072 -3072 3584 ) (-3072 -3072 64 ) 
4 198 200 (-3072 -1024 64 ) (-3072 -1024 3584 ) (-4096 -1024 3584 ) (-4096 -1024 64 ) 
4 198 199 (-4096 0 3584 ) (-4096 0 64 ) (-4096 -1024 64 ) (-4096 -1024 3584 ) 
4 199 202 (-5120 0 3584 ) (-5120 0 64 ) (-5120 -1024 64 ) (-5120 -1024 3584 ) 
4 199 201 (-4096 -1024 64 ) (-4096 -1024 3584 ) (-5120 -1024 3584 ) (-5120 -1024 64 ) 
4 200 204 (-3072 -2048 64 ) (-3072 -2048 3584 ) (-4096 -2048 3584 ) (-4096 -2048 64 ) 
4 200 201 (-4096 -1024 3584 ) (-4096 -1024 64 ) (-4096 -2048 64 ) (-4096 -2048 3584 ) 
4 201 205 (-4096 -2048 64 ) (-4096 -2048 3584 ) (-5120 -2048 3584 ) (-5120 -2048 64 ) 
4 201 203 (-5120 -2048 64 ) (-5120 -2048 3584 ) (-5120 -1024 3584 ) (-5120 -1024 64 ) 
4 202 203 (-5120 -1024 64 ) (-5120 -1024 3584 ) (-5856 -1024 3584 ) (-5856 -1024 64 ) 
4 203 208 (-5120 -2048 64 ) (-5120 -2048 3584 ) (-5856 -2048 3584 ) (-5856 -2048 64 ) 
4 204 206 (-3072 -3072 64 ) (-3072 -3072 3584 ) (-4096 -3072 3584 ) (-4096 -3072 64 ) 
4 204 205 (-4096 -2048 3584 ) (-4096 -2048 64 ) (-4096 -3072 64 ) (-4096 -3072 3584 ) 
4 205 208 (-5120 -2048 3584 ) (-5120 -2048 64 ) (-5120 -3072 64 ) (-5120 -3072 3584 ) 
4 205 207 (-4096 -3072 64 ) (-4096 -3072 3584 ) (-5120 -3072 3584 ) (-5120 -3072 64 ) 
4 206 226 (-3072 -4096 64 ) (-3072 -4096 3584 ) (-4096 -4096 3584 ) (-4096 -4096 64 ) 
4 206 207 (-4096 -3072 3584 ) (-4096 -3072 64 ) (-4096 -4096 64 ) (-4096 -4096 3584 ) 
4 207 227 (-4096 -4096 64 ) (-4096 -4096 3584 ) (-5120 -4096 3584 ) (-5120 -4096 64 ) 
4 207 209 (-5120 -4096 64 ) (-5120 -4096 3584 ) (-5120 -3072 3584 ) (-5120 -3072 64 ) 
4 208 209 (-5120 -3072 64 ) (-5120 -3072 3584 ) (-5856 -3072 3584 ) (-5856 -3072 64 ) 
4 209 230 (-5120 -4096 64 ) (-5120 -4096 3584 ) (-5856 -4096 3584 ) (-5856 -4096 64 ) 
4 210 212 (1024 -5120 64 ) (1024 -5120 3584 ) (0 -5120 3584 ) (0 -5120 64 ) 
4 210 211 (0 -4096 3584 ) (0 -4096 64 ) (0 -5120 64 ) (0 -5120 3584 ) 
4 211 214 (-1024 -4096 3584 ) (-1024 -4096 64 ) (-1024 -5120 64 ) (-1024 -5120 3584 ) 
4 211 213 (0 -5120 64 ) (0 -5120 3584 ) (-1024 -5120 3584 ) (-1024 -5120 64 ) 
4 212 218 (1024 -6144 64 ) (1024 -6144 3584 ) (0 -6144 3584 ) (0 -6144 64 ) 
4 212 213 (0 -5120 3584 ) (0 -5120 64 ) (0 -6144 64 ) (0 -6144 3584 ) 
4 213 219 (0 -6144 64 ) (0 -6144 3584 ) (-1024 -6144 3584 ) (-1024 -6144 64 ) 
4 213 216 (-1024 -6144 64 ) (-1024 -6144 3584 ) (-1024 -5120 3584 ) (-1024 -5120 64 ) 
4 214 216 (-1024 -5120 64 ) (-1024 -5120 3584 ) (-2048 -5120 3584 ) (-2048 -5120 64 ) 
4 214 215 (-2048 -4096 3584 ) (-2048 -4096 64 ) (-2048 -5120 64 ) (-2048 -5120 3584 ) 
4 215 226 (-3072 -4096 3584 ) (-3072 -4096 64 ) (-3072 -5120 64 ) (-3072 -5120 3584 ) 
4 215 217 (-2048 -5120 64 ) (-2048 -5120 3584 ) (-3072 -5120 3584 ) (-3072 -5120 64 ) 
4 216 222 (-1024 -6144 64 ) (-1024 -6144 3584 ) (-2048 -6144 3584 ) (-2048 -6144 64 ) 
4 216 217 (-2048 -5120 3584 ) (-2048 -5120 64 ) (-2048 -6144 64 ) (-2048 -6144 3584 ) 
4 217 228 (-3072 -6144 64 ) (-3072 -6144 3584 ) (-3072 -5120 3584 ) (-3072 -5120 64 ) 
4 217 223 (-2048 -6144 64 ) (-2048 -6144 3584 ) (-3072 -6144 3584 ) (-3072 -6144 64 ) 
4 218 220 (1024 -7168 64 ) (1024 -7168 3584 ) (0 -7168 3584 ) (0 -7168 64 ) 
4 218 219 (0 -6144 3584 ) (0 -6144 64 ) (0 -7168 64 ) (0 -7168 3584 ) 
4 219 222 (-1024 -6144 3584 ) (-1024 -6144 64 ) (-1024 -7168 64 ) (-1024 -7168 3584 ) 
4 219 221 (0 -7168 64 ) (0 -7168 3584 ) (-1024 -7168 3584 ) (-1024 -7168 64 ) 
4 220 221 (0 -7520 3584 ) (0 -7168 3584 ) (0 -7168 64 ) (0 -7520 64 ) 
4 221 224 (-1024 -7520 3584 ) (-1024 -7168 3584 ) (-1024 -7168 64 ) (-1024 -7520 64 ) 
4 222 224 (-1024 -7168 64 ) (-1024 -7168 3584 ) (-2048 -7168 3584 ) (-2048 -7168 64 ) 
4 222 223 (-2048 -6144 3584 ) (-2048 -6144 64 ) (-2048 -7168 64 ) (-2048 -7168 3584 ) 
4 223 232 (-3072 -7168 64 ) (-3072 -7168 3584 ) (-3072 -6144 3584 ) (-3072 -6144 64 ) 
4 223 225 (-2048 -7168 64 ) (-2048 -7168 3584 ) (-3072 -7168 3584 ) (-3072 -7168 64 ) 
4 224 225 (-2048 -7520 3584 ) (-2048 -7168 3584 ) (-2048 -7168 64 ) (-2048 -7520 64 ) 
4 225 234 (-3072 -7520 3584 ) (-3072 -7168 3584 ) (-3072 -7168 64 ) (-3072 -7520 64 ) 
4 226 228 (-3072 -5120 64 ) (-3072 -5120 3584 ) (-4096 -5120 3584 ) (-4096 -5120 64 ) 
4 226 227 (-4096 -4096 3584 ) (-4096 -4096 64 ) (-4096 -5120 64 ) (-4096 -5120 3584 ) 
4 227 230 (-5120 -4096 3584 ) (-5120 -4096 64 ) (-5120 -5120 64 ) (-5120 -5120 3584 ) 
4 227 229 (-4096 -5120 64 ) (-4096 -5120 3584 ) (-5120 -5120 3584 ) (-5120 -5120 64 ) 
4 228 232 (-3072 -6144 64 ) (-3072 -6144 3584 ) (-4096 -6144 3584 ) (-4096 -6144 64 ) 
4 228 229 (-4096 -5120 3584 ) (-4096 -5120 64 ) (-4096 -6144 64 ) (-4096 -6144 3584 ) 
4 229 233 (-4096 -6144 64 ) (-4096 -6144 3584 ) (-5120 -6144 3584 ) (-5120 -6144 64 ) 
4 229 231 (-5120 -6144 64 ) (-5120 -6144 3584 ) (-5120 -5120 3584 ) (-5120 -5120 64 ) 
4 230 231 (-5120 -5120 64 ) (-5120 -5120 3584 ) (-5856 -5120 3584 ) (-5856 -5120 64 ) 
4 231 236 (-5120 -6144 64 ) (-5120 -6144 3584 ) (-5856 -6144 3584 ) (-5856 -6144 64 ) 
4 232 234 (-3072 -7168 64 ) (-3072 -7168 3584 ) (-4096 -7168 3584 ) (-4096 -7168 64 ) 
4 232 233 (-4096 -6144 3584 ) (-4096 -6144 64 ) (-4096 -7168 64 ) (-4096 -7168 3584 ) 
4 233 236 (-5120 -6144 3584 ) (-5120 -6144 64 ) (-5120 -7168 64 ) (-5120 -7168 3584 ) 
4 233 235 (-4096 -7168 64 ) (-4096 -7168 3584 ) (-5120 -7168 3584 ) (-5120 -7168 64 ) 
4 234 235 (-4096 -7520 3584 ) (-4096 -7168 3584 ) (-4096 -7168 64 ) (-4096 -7520 64 ) 
4 235 237 (-5120 -7520 3584 ) (-5120 -7168 3584 ) (-5120 -7168 64 ) (-5120 -7520 64 ) 
4 236 237 (-5120 -7168 64 ) (-5120 -7168 3584 ) (-5856 -7168 3584 ) (-5856 -7168 64 ) 
