PRT1
260
681
4 0 5 (608 4096 -12048 ) (608 4096 -11392 ) (480 4096 -11392 ) (480 4096 -12048 ) 
4 0 2 (480 4096 -12048 ) (480 4096 -11392 ) (480 4352 -11392 ) (480 4352 -12048 ) 
4 1 15 (0 4352 -11392 ) (0 4352 -10752 ) (0 4368 -10752 ) (0 4368 -11392 ) 
4 1 2 (0 4352 -10752 ) (0 4352 -11392 ) (480 4352 -11392 ) (480 4352 -10752 ) 
4 2 16 (0 4096 -12112 ) (0 4096 -10752 ) (0 4352 -10752 ) (0 4352 -12112 ) 
4 2 10 (480 4096 -12112 ) (480 4096 -12080 ) (0 4096 -12080 ) (0 4096 -12112 ) 
4 2 6 (480 4096 -12080 ) (480 4096 -10752 ) (0 4096 -10752 ) (0 4096 -12080 ) 
4 2 3 (0 4352 -12112 ) (480 4352 -12112 ) (480 4096 -12112 ) (0 4096 -12112 ) 
4 3 17 (0 4096 -12120 ) (0 4096 -12112 ) (0 4352 -12112 ) (0 4352 -12120 ) 
4 3 11 (480 4096 -12120 ) (480 4096 -12112 ) (0 4096 -12112 ) (0 4096 -12120 ) 
4 3 4 (0 4096 -12120 ) (0 4352 -12120 ) (480 4352 -12120 ) (480 4096 -12120 ) 
4 4 18 (0 4096 -14592 ) (0 4096 -12120 ) (0 4352 -12120 ) (0 4352 -14592 ) 
4 4 12 (480 4096 -14592 ) (480 4096 -12120 ) (0 4096 -12120 ) (0 4096 -14592 ) 
4 5 8 (608 3664 -12048 ) (608 3664 -11392 ) (480 3664 -11392 ) (480 3664 -12048 ) 
4 5 6 (480 3664 -12048 ) (480 3664 -11392 ) (480 4096 -11392 ) (480 4096 -12048 ) 
4 6 20 (0 4096 -10752 ) (0 4096 -12080 ) (0 3664 -12080 ) (0 3664 -10752 ) 
4 6 10 (0 3664 -12080 ) (0 4096 -12080 ) (480 4096 -12080 ) (480 3664 -12080 ) 
4 6 9 (0 3664 -11392 ) (0 3664 -12080 ) (480 3664 -12080 ) (480 3664 -11392 ) 
4 7 63 (480 3072 -11392 ) (608 3072 -11392 ) (608 3072 -10080 ) (480 3072 -10080 ) 
4 7 64 (0 3072 -10080 ) (0 3072 -11392 ) (480 3072 -11392 ) (480 3072 -10080 ) 
4 7 61 (0 3072 -9968 ) (0 3072 -10080 ) (608 3072 -10080 ) (608 3072 -9968 ) 
4 7 35 (0 3072 -9792 ) (0 3072 -9968 ) (608 3072 -9968 ) (608 3072 -9792 ) 
4 7 30 (0 3072 -8960 ) (0 3072 -9792 ) (608 3072 -9792 ) (608 3072 -8960 ) 
4 7 22 (0 3072 -11392 ) (0 3072 -8960 ) (0 3344 -8960 ) (0 3344 -11392 ) 
4 7 8 (608 3344 -11392 ) (608 3072 -11392 ) (480 3072 -11392 ) (480 3344 -11392 ) 
4 7 9 (480 3072 -11392 ) (0 3072 -11392 ) (0 3344 -11392 ) (480 3344 -11392 ) 
4 8 63 (608 3072 -12048 ) (608 3072 -11392 ) (480 3072 -11392 ) (480 3072 -12048 ) 
4 8 9 (480 3072 -11392 ) (480 3664 -11392 ) (480 3664 -12048 ) (480 3072 -12048 ) 
4 9 64 (0 3072 -11392 ) (0 3072 -12080 ) (480 3072 -12080 ) (480 3072 -11392 ) 
4 9 23 (0 3072 -12080 ) (0 3072 -11392 ) (0 3664 -11392 ) (0 3664 -12080 ) 
4 9 14 (0 3072 -12080 ) (0 3200 -12080 ) (480 3200 -12080 ) (480 3072 -12080 ) 
4 9 13 (0 3200 -12080 ) (0 3664 -12080 ) (480 3664 -12080 ) (480 3200 -12080 ) 
4 10 25 (0 3664 -12112 ) (0 3664 -12080 ) (0 4096 -12080 ) (0 4096 -12112 ) 
4 10 13 (480 3664 -12112 ) (480 3664 -12080 ) (0 3664 -12080 ) (0 3664 -12112 ) 
4 10 11 (480 3664 -12112 ) (0 3664 -12112 ) (0 4096 -12112 ) (480 4096 -12112 ) 
4 11 26 (0 3664 -12120 ) (0 3664 -12112 ) (0 4096 -12112 ) (0 4096 -12120 ) 
4 11 12 (480 3664 -12120 ) (0 3664 -12120 ) (0 4096 -12120 ) (480 4096 -12120 ) 
4 12 27 (0 3664 -14592 ) (0 3664 -12120 ) (0 4096 -12120 ) (0 4096 -14592 ) 
4 13 28 (0 3200 -12112 ) (0 3200 -12080 ) (0 3664 -12080 ) (0 3664 -12112 ) 
4 13 14 (480 3200 -12112 ) (480 3200 -12080 ) (0 3200 -12080 ) (0 3200 -12112 ) 
4 14 67 (480 3072 -12400 ) (480 3072 -12080 ) (0 3072 -12080 ) (0 3072 -12400 ) 
4 14 29 (0 3072 -12400 ) (0 3072 -12080 ) (0 3200 -12080 ) (0 3200 -12400 ) 
4 15 16 (-160 4352 -10752 ) (-160 4352 -11392 ) (0 4352 -11392 ) (0 4352 -10752 ) 
4 16 25 (0 4096 -12112 ) (0 4096 -12080 ) (-160 4096 -12080 ) (-160 4096 -12112 ) 
4 16 20 (0 4096 -12080 ) (0 4096 -10752 ) (-160 4096 -10752 ) (-160 4096 -12080 ) 
4 16 19 (-160 4096 -12048 ) (-160 4096 -11392 ) (-160 4352 -11392 ) (-160 4352 -12048 ) 
4 16 17 (-160 4096 -12112 ) (-160 4352 -12112 ) (0 4352 -12112 ) (0 4096 -12112 ) 
4 17 26 (0 4096 -12120 ) (0 4096 -12112 ) (-160 4096 -12112 ) (-160 4096 -12120 ) 
4 17 18 (0 4096 -12120 ) (-160 4096 -12120 ) (-160 4352 -12120 ) (0 4352 -12120 ) 
4 18 27 (0 4096 -14592 ) (0 4096 -12120 ) (-160 4096 -12120 ) (-160 4096 -14592 ) 
4 19 21 (-160 4096 -12048 ) (-160 4096 -11392 ) (-288 4096 -11392 ) (-288 4096 -12048 ) 
4 20 25 (-160 4096 -12080 ) (0 4096 -12080 ) (0 3664 -12080 ) (-160 3664 -12080 ) 
4 20 23 (-160 3664 -12080 ) (0 3664 -12080 ) (0 3664 -11392 ) (-160 3664 -11392 ) 
4 20 21 (-160 4096 -11392 ) (-160 4096 -12048 ) (-160 3664 -12048 ) (-160 3664 -11392 ) 
4 21 24 (-288 3664 -11392 ) (-288 3664 -12048 ) (-160 3664 -12048 ) (-160 3664 -11392 ) 
4 22 95 (-160 3072 -10080 ) (-288 3072 -10080 ) (-288 3072 -11392 ) (-160 3072 -11392 ) 
4 22 94 (0 3072 -11392 ) (0 3072 -10080 ) (-160 3072 -10080 ) (-160 3072 -11392 ) 
4 22 92 (0 3072 -10080 ) (0 3072 -9968 ) (-288 3072 -9968 ) (-288 3072 -10080 ) 
4 22 88 (0 3072 -9968 ) (0 3072 -9792 ) (-288 3072 -9792 ) (-288 3072 -9968 ) 
4 22 85 (0 3072 -9792 ) (0 3072 -8960 ) (-288 3072 -8960 ) (-288 3072 -9792 ) 
4 22 24 (-160 3072 -11392 ) (-288 3072 -11392 ) (-288 3344 -11392 ) (-160 3344 -11392 ) 
4 22 23 (0 3072 -11392 ) (-160 3072 -11392 ) (-160 3344 -11392 ) (0 3344 -11392 ) 
4 23 94 (0 3072 -12080 ) (0 3072 -11392 ) (-160 3072 -11392 ) (-160 3072 -12080 ) 
4 23 29 (0 3200 -12080 ) (0 3072 -12080 ) (-160 3072 -12080 ) (-160 3200 -12080 ) 
4 23 28 (0 3664 -12080 ) (0 3200 -12080 ) (-160 3200 -12080 ) (-160 3664 -12080 ) 
4 23 24 (-160 3072 -11392 ) (-160 3664 -11392 ) (-160 3664 -12048 ) (-160 3072 -12048 ) 
4 24 95 (-160 3072 -11392 ) (-288 3072 -11392 ) (-288 3072 -12048 ) (-160 3072 -12048 ) 
4 25 28 (-160 3664 -12080 ) (-160 3664 -12112 ) (0 3664 -12112 ) (0 3664 -12080 ) 
4 25 26 (0 3664 -12112 ) (-160 3664 -12112 ) (-160 4096 -12112 ) (0 4096 -12112 ) 
4 26 27 (0 3664 -12120 ) (-160 3664 -12120 ) (-160 4096 -12120 ) (0 4096 -12120 ) 
4 28 29 (-160 3200 -12080 ) (-160 3200 -12112 ) (0 3200 -12112 ) (0 3200 -12080 ) 
4 29 98 (0 3072 -12400 ) (0 3072 -12080 ) (-160 3072 -12080 ) (-160 3072 -12400 ) 
4 30 85 (0 3072 -8960 ) (0 3072 -9792 ) (0 3056 -9792 ) (0 3056 -8960 ) 
4 30 35 (0 3072 -9792 ) (608 3072 -9792 ) (608 3056 -9792 ) (0 3056 -9792 ) 
4 30 34 (0 3056 -9792 ) (608 3056 -9792 ) (608 3056 -9760 ) (0 3056 -9760 ) 
4 30 33 (608 3056 -9760 ) (608 3056 -8960 ) (0 3056 -8960 ) (0 3056 -9760 ) 
4 31 68 (0 2416 -4096 ) (0 3056 -4096 ) (0 3056 -4736 ) (0 2416 -4736 ) 
4 31 32 (0 3056 -4736 ) (608 3056 -4736 ) (608 2416 -4736 ) (0 2416 -4736 ) 
4 32 70 (0 2400 -6107.428711 ) (0 2400 -4736 ) (0 3056 -4736 ) (0 3056 -5264 ) 
4 32 52 (379.335571 2400 -6107.428711 ) (608 2400 -6107.428711 ) (608 2400 -4736 ) (379.335571 2400 -4736 ) 
4 32 39 (0 2400 -4736 ) (0 2400 -6107.429199 ) (379.335571 2400 -6107.428711 ) (379.335571 2400 -4736 ) 
4 33 86 (0 2400 -9760 ) (0 2400 -8960 ) (0 2416 -8960 ) (0 2416 -9760 ) 
4 33 85 (0 2416 -8960 ) (0 3056 -8960 ) (0 3056 -9760 ) (0 2416 -9760 ) 
4 33 57 (0 2400 -8960 ) (0 2400 -9760 ) (608 2400 -9760 ) (608 2400 -8960 ) 
4 33 34 (0 3056 -9760 ) (608 3056 -9760 ) (608 2416 -9760 ) (0 2416 -9760 ) 
4 34 85 (0 3056 -9792 ) (0 2416 -9792 ) (0 2416 -9760 ) (0 3056 -9760 ) 
4 34 35 (608 3056 -9792 ) (608 2416 -9792 ) (0 2416 -9792 ) (0 3056 -9792 ) 
4 35 88 (0 3072 -9792 ) (0 3072 -9968 ) (0 2416 -9968 ) (0 2416 -9792 ) 
4 35 61 (0 2416 -9968 ) (0 3072 -9968 ) (608 3072 -9968 ) (608 2416 -9968 ) 
4 35 36 (0 2416 -9968 ) (608 2416 -9968 ) (608 2416 -9792 ) (0 2416 -9792 ) 
4 36 89 (0 2416 -9968 ) (0 2400 -9968 ) (0 2400 -9792 ) (0 2416 -9792 ) 
4 36 62 (0 2400 -9968 ) (0 2416 -9968 ) (608 2416 -9968 ) (608 2400 -9968 ) 
4 36 60 (0 2400 -9936 ) (0 2400 -9968 ) (480 2400 -9968 ) (480 2400 -9936 ) 
4 36 58 (0 2400 -9792 ) (0 2400 -9936 ) (608 2400 -9936 ) (608 2400 -9792 ) 
4 37 102 (585.729370 2048 -32 ) (0 2048 -32 ) (0 2048 -4736 ) (585.729370 2048 -4736 ) 
4 37 69 (0 2048 -4736 ) (0 2048 -32 ) (0 2352.185059 -32 ) (0 2352.185059 -4736 ) 
6 37 40 (0 2128 -4736 ) (0 2256 -4736 ) (472.484680 2256 -4736 ) (477 2253 -4736 ) (544 2152.154785 -4736 ) (544 2128 -4736 ) 
5 37 39 (0 2256 -4736 ) (0 2352.185059 -4736 ) (160.005707 2384 -4736 ) (331 2350 -4736 ) (472.484680 2256 -4736 ) 
4 37 42 (544 2048 -4736 ) (0 2048 -4736 ) (0 2128 -4736 ) (544 2128 -4736 ) 
4 37 38 (585.729370 2048 -4736 ) (544 2048 -4736 ) (544 2152.154785 -4736 ) (573.997681 2107.003662 -4736 ) 
4 38 104 (585.729370 2048 -4736 ) (544 2048 -4736 ) (544 2048 -6560 ) (585.729370 2048 -6560 ) 
4 38 55 (573.996765 2107.008057 -5888 ) (573.996765 2107.008057 -6383.998047 ) (544 2152.157471 -6383.997559 ) (544 2152.157471 -5888 ) 
4 38 53 (544 2152.157227 -4736 ) (573.996826 2107.007813 -4736 ) (573.996765 2107.008057 -5888 ) (544 2152.157471 -5888 ) 
4 38 51 (573.996582 2107.007568 -6384.005859 ) (573.996582 2107.007568 -4736 ) (585.729065 2048 -4736 ) (585.729065 2048 -6384.005859 ) 
4 38 43 (544 2152.155518 -6426.091797 ) (573.990234 2107.015625 -6484.128906 ) (585.724365 2048 -6560.005859 ) (544 2048 -6560.005859 ) 
4 38 41 (544 2152.154541 -5888 ) (544 2152.154541 -6426.086426 ) (544 2128 -6457.142090 ) (544 2128 -5888 ) 
4 38 40 (544 2152.154785 -4736 ) (544 2152.154541 -5888 ) (544 2128 -5888 ) (544 2128 -4736 ) 
4 38 42 (544 2128 -6457.142090 ) (544 2048 -6560 ) (544 2048 -4736 ) (544 2128 -4736 ) 
4 39 77 (0 2357.308105 -4736 ) (0 2384 -4736 ) (0 2384 -6128 ) (0 2357.308105 -6162.318848 ) 
4 39 76 (0 2352.184814 -4736 ) (0 2357.308105 -4736 ) (0 2357.308105 -6162.318848 ) (0 2352.184814 -6168.905762 ) 
4 39 71 (0 2256 -4736 ) (0 2352.184814 -4736 ) (0 2352.184814 -6168.905762 ) (0 2256 -6292.572266 ) 
4 39 70 (0 2384 -4736 ) (0 2400 -4736 ) (0 2400 -6107.429199 ) (0 2384 -6128 ) 
4 39 54 (475.008240 2256 -5888 ) (475.008331 2256 -6292.571777 ) (389.966736 2384 -6128 ) (389.966644 2384 -5888 ) 
4 39 53 (389.966156 2384 -4736 ) (475.007996 2256 -4736 ) (475.008240 2256 -5888 ) (389.966644 2384 -5888 ) 
4 39 52 (379.336517 2400 -6107.428711 ) (379.335938 2400 -4736 ) (389.966156 2384 -4736 ) (389.966736 2384 -6128 ) 
4 39 47 (389.966217 2384 -6128.005859 ) (475.007385 2256 -6292.577637 ) (472.484283 2256 -6292.577637 ) (279.824768 2384 -6128.005859 ) 
3 39 45 (0 2352.184814 -6168.911133 ) (0 2384 -6128.005859 ) (160.012009 2384 -6128.005859 ) 
5 39 44 (472.484283 2256 -6292.577637 ) (0 2256 -6292.577637 ) (0 2352.184814 -6168.911133 ) (160.012009 2384 -6128.005859 ) (279.824768 2384 -6128.005859 ) 
4 39 41 (0 2256 -6292.574219 ) (475.011719 2256 -6292.574219 ) (475.011688 2256 -5888 ) (0 2256 -5888 ) 
4 39 40 (475.011688 2256 -5888 ) (475.011597 2256 -4736 ) (0 2256 -4736 ) (0 2256 -5888 ) 
4 40 72 (0 2128 -4736 ) (0 2256 -4736 ) (0 2256 -5888 ) (0 2128 -5888 ) 
4 40 53 (475.007996 2256 -4736 ) (544 2152.157227 -4736 ) (544 2152.157471 -5888 ) (475.008240 2256 -5888 ) 
4 40 42 (544 2128 -5888 ) (544 2128 -4736 ) (0 2128 -4736 ) (0 2128 -5888 ) 
5 40 41 (544 2128 -5888 ) (0 2128 -5888 ) (0 2256 -5888 ) (475.011719 2256 -5888 ) (544 2152.154785 -5888 ) 
4 41 73 (0 2256 -5888 ) (0 2256 -6292.572266 ) (0 2128 -6457.143555 ) (0 2128 -5888 ) 
5 41 56 (544 2152.157471 -5888 ) (544 2152.157471 -6383.997559 ) (522.252380 2184.890869 -6383.997559 ) (475.008331 2256 -6292.571777 ) (475.008240 2256 -5888 ) 
3 41 49 (475.007385 2256 -6292.577637 ) (477.001160 2253 -6296.436035 ) (472.484283 2256 -6292.577637 ) 
6 41 48 (477.001160 2253 -6296.436035 ) (544 2152.155518 -6426.091797 ) (544 2128 -6457.148926 ) (0 2128 -6457.148926 ) (0 2256 -6292.577637 ) (472.484283 2256 -6292.577637 ) 
4 41 42 (0 2128 -6457.140625 ) (544 2128 -6457.140625 ) (544 2128 -5888 ) (0 2128 -5888 ) 
4 42 104 (544 2048 -4736 ) (0 2048 -4736 ) (0 2048 -6560 ) (544 2048 -6560 ) 
4 42 74 (0 2048 -6560 ) (0 2048 -4736 ) (0 2128 -4736 ) (0 2128 -6457.143555 ) 
4 42 50 (544 2128 -6457.148926 ) (544 2048 -6560.005859 ) (0 2048 -6560.005859 ) (0 2128 -6457.148926 ) 
4 43 113 (544 2048 -8960 ) (585.729431 2048 -8960 ) (585.729431 2048 -7936 ) (544 2048 -7936 ) 
4 43 111 (585.729431 2048 -7936 ) (585.729370 2048 -6776.704102 ) (544 2048 -6807.221191 ) (544 2048 -7936 ) 
4 43 104 (585.729370 2048 -6776.704102 ) (585.729370 2048 -6560 ) (544 2048 -6560 ) (544 2048 -6807.221191 ) 
4 43 59 (544 2152.154785 -8960 ) (573.997620 2107.003662 -8960 ) (585.729370 2048 -8960 ) (544 2048 -8960 ) 
4 43 48 (544 2128 -6457.146973 ) (544 2152.152344 -6426.093750 ) (544 2152.152344 -8960 ) (544 2128 -8960 ) 
4 43 50 (544 2048 -6560.003906 ) (544 2128 -6457.146973 ) (544 2128 -8960 ) (544 2048 -8960 ) 
4 44 71 (0 2256 -6292.572266 ) (0 2352.184814 -6168.905762 ) (0 2352.184814 -6555.435547 ) (0 2256 -6814.588867 ) 
4 44 48 (472.484528 2256 -6561.473145 ) (472.484558 2256 -6292.574219 ) (0 2256 -6292.574219 ) (0 2256 -6814.589355 ) 
5 44 47 (472.480255 2256 -6292.566406 ) (472.480255 2256 -6384.003418 ) (330.996063 2350 -6384.003418 ) (279.820313 2384 -6319.811035 ) (279.820313 2384 -6128 ) 
5 44 46 (331 2350 -6384 ) (472.483887 2256 -6561.472168 ) (0 2256 -6814.588379 ) (0 2352.184814 -6555.435059 ) (160.006775 2383.998779 -6384 ) 
5 44 45 (160.017151 2384 -6127.996094 ) (160.017166 2384 -6383.991211 ) (160 2383.996582 -6384.009766 ) (0 2352.183838 -6384.008301 ) (0 2352.183838 -6168.903320 ) 
4 45 77 (0 2357.308105 -6162.318848 ) (0 2384 -6128 ) (0 2384 -6298.285645 ) (0 2357.308105 -6370.202637 ) 
4 45 76 (0 2352.184814 -6168.905762 ) (0 2357.308105 -6162.318848 ) (0 2357.308105 -6370.202637 ) (0 2352.184814 -6384.006348 ) 
4 46 71 (0 2352.184814 -8960 ) (0 2256 -8960 ) (0 2256 -6814.588867 ) (0 2352.184814 -6555.435547 ) 
5 46 59 (0 2256 -8960 ) (0 2352.184814 -8960 ) (160.006180 2383.998779 -8960 ) (331 2350 -8960 ) (472.484680 2256 -8960 ) 
4 46 48 (0 2256 -8960 ) (472.484344 2256 -8960 ) (472.484528 2256 -6561.473145 ) (0 2256 -6814.589355 ) 
5 47 54 (389.966766 2384 -6260.804688 ) (389.966705 2384 -6128 ) (475.008331 2256 -6292.571777 ) (475.008362 2256 -6382.154297 ) (406.406128 2359.256348 -6318.665527 ) 
4 47 49 (475.006775 2256 -6382.155273 ) (475.006775 2256 -6292.574219 ) (472.484558 2256 -6292.574219 ) (472.484558 2256 -6384 ) 
4 48 73 (0 2128 -6457.143555 ) (0 2256 -6292.572266 ) (0 2256 -8960 ) (0 2128 -8960 ) 
6 48 59 (0 2128 -8960 ) (0 2256 -8960 ) (472.484680 2256 -8960 ) (477 2253 -8960 ) (544 2152.154785 -8960 ) (544 2128 -8960 ) 
3 48 56 (477.002838 2252.998047 -6383.998047 ) (477.002808 2252.998047 -6296.431641 ) (522.252319 2184.890869 -6383.997559 ) 
4 48 49 (472.480469 2256 -6384.003906 ) (472.480469 2256 -6292.574219 ) (477.003174 2252.995117 -6296.437012 ) (477.003174 2252.995117 -6384.003418 ) 
4 48 50 (0 2128 -8960 ) (544 2128 -8960 ) (544 2128 -6457.140625 ) (0 2128 -6457.140625 ) 
4 49 56 (475.008362 2256 -6382.154297 ) (475.008331 2256 -6292.571777 ) (477.002808 2252.998047 -6296.431641 ) (477.002838 2252.998047 -6384 ) 
4 50 113 (0 2048 -7936 ) (0 2048 -8960 ) (544 2048 -8960 ) (544 2048 -7936 ) 
4 50 111 (0 2048 -7205.057617 ) (0 2048 -7936 ) (544 2048 -7936 ) (544 2048 -6807.221680 ) 
4 50 104 (0 2048 -6560 ) (0 2048 -7205.057617 ) (544 2048 -6807.221680 ) (544 2048 -6560 ) 
4 50 74 (0 2048 -8960 ) (0 2048 -6560 ) (0 2128 -6457.143555 ) (0 2128 -8960 ) 
4 50 59 (0 2048 -8960 ) (0 2128 -8960 ) (544 2128 -8960 ) (544 2048 -8960 ) 
4 51 107 (608 2048 -4736 ) (585.729370 2048 -4736 ) (585.729370 2048 -6384.004883 ) (608 2048 -6324 ) 
4 51 55 (608 2055.828125 -5888 ) (608 2055.828125 -6319.807129 ) (573.996765 2107.008057 -6384.004883 ) (573.996765 2107.008057 -5888 ) 
4 51 53 (608 2055.828125 -4736 ) (608 2055.828125 -5888 ) (573.996765 2107.008057 -5888 ) (573.996826 2107.007813 -4736 ) 
4 52 54 (389.964844 2384 -5888 ) (389.964844 2384 -6128 ) (608 2384 -6128 ) (608 2384 -5888 ) 
4 52 53 (389.964844 2384 -4736 ) (389.964844 2384 -5888 ) (608 2384 -5888 ) (608 2384 -4736 ) 
3 53 56 (544 2152.159424 -5888 ) (475.008179 2256 -5888 ) (544 2256 -5888 ) 
4 53 55 (608 2055.832031 -5888 ) (544 2152.159424 -5888 ) (544 2256 -5888 ) (608 2256 -5888 ) 
4 53 54 (475.008179 2256 -5888 ) (389.964844 2384 -5888 ) (608 2384 -5888 ) (608 2256 -5888 ) 
5 54 56 (544 2256 -5888 ) (475.003906 2256 -5888 ) (475.003906 2256 -6382.158203 ) (479.998047 2256 -6378.505859 ) (544 2256 -6308.056152 ) 
5 54 55 (608 2256 -6212.572266 ) (608 2256 -5888 ) (544 2256 -5888 ) (544 2256 -6308.056152 ) (592.289551 2256 -6254.901367 ) 
4 55 56 (544 2256 -5888 ) (544 2256 -6308.051270 ) (544 2152.154541 -6383.996582 ) (544 2152.160156 -5888 ) 
4 57 86 (0 2384 -8960 ) (0 2400 -8960 ) (0 2400 -9760 ) (0 2384 -9760 ) 
4 57 59 (608 2384 -9760 ) (608 2384 -8960 ) (0 2384 -8960 ) (0 2384 -9760 ) 
4 58 90 (0 2400 -9792 ) (0 2400 -9936 ) (0 2384 -9936 ) (0 2384 -9792 ) 
4 58 60 (0 2384 -9936 ) (0 2400 -9936 ) (480 2400 -9936 ) (480 2384 -9936 ) 
4 58 59 (0 2384 -9936 ) (608 2384 -9936 ) (608 2384 -9792 ) (0 2384 -9792 ) 
4 59 128 (524 2048 -8960 ) (480 2048 -8960 ) (480 2048 -9936 ) (524 2048 -9936 ) 
4 59 129 (480 2048 -8960 ) (0 2048 -8960 ) (0 2048 -9936 ) (480 2048 -9936 ) 
4 59 124 (524 2048 -9882 ) (524 2048 -9936 ) (600 2048 -9936 ) (600 2048 -9882 ) 
4 59 121 (524 2048 -9840 ) (524 2048 -9882 ) (600 2048 -9882 ) (600 2048 -9840 ) 
4 59 116 (600 2048 -8960 ) (524 2048 -8960 ) (524 2048 -9840 ) (600 2048 -9840 ) 
4 59 115 (608 2048 -8960 ) (600 2048 -8960 ) (600 2048 -9936 ) (608 2048 -9936 ) 
4 59 90 (0 2048 -9936 ) (0 2048 -9792 ) (0 2384 -9792 ) (0 2384 -9936 ) 
4 59 87 (0 2048 -9792 ) (0 2048 -8960 ) (0 2384 -8960 ) (0 2384 -9792 ) 
4 59 60 (0 2048 -9936 ) (0 2384 -9936 ) (480 2384 -9936 ) (480 2048 -9936 ) 
4 60 129 (0 2048 -9936 ) (0 2048 -9968 ) (480 2048 -9968 ) (480 2048 -9936 ) 
4 60 90 (0 2400 -9968 ) (0 2048 -9968 ) (0 2048 -9936 ) (0 2400 -9936 ) 
4 60 65 (0 2256 -9968 ) (0 2400 -9968 ) (480 2400 -9968 ) (480 2256 -9968 ) 
4 60 66 (480 2048 -9968 ) (0 2048 -9968 ) (0 2256 -9968 ) (480 2256 -9968 ) 
4 61 92 (0 3072 -9968 ) (0 3072 -10080 ) (0 2416 -10080 ) (0 2416 -9968 ) 
4 61 63 (480 3072 -10080 ) (608 3072 -10080 ) (608 2416 -10080 ) (480 2416 -10080 ) 
4 61 64 (0 3072 -10080 ) (480 3072 -10080 ) (480 2416 -10080 ) (0 2416 -10080 ) 
4 61 62 (0 2416 -10080 ) (608 2416 -10080 ) (608 2416 -9968 ) (0 2416 -9968 ) 
4 62 93 (0 2416 -10080 ) (0 2400 -10080 ) (0 2400 -9968 ) (0 2416 -9968 ) 
4 62 65 (480 2400 -9968 ) (0 2400 -9968 ) (0 2400 -10008 ) (480 2400 -10008 ) 
4 62 63 (608 2416 -10080 ) (608 2400 -10080 ) (480 2400 -10080 ) (480 2416 -10080 ) 
4 62 64 (480 2400 -10080 ) (0 2400 -10080 ) (0 2416 -10080 ) (480 2416 -10080 ) 
4 63 64 (480 2400 -12048 ) (480 2400 -10080 ) (480 3072 -10080 ) (480 3072 -12048 ) 
4 64 94 (0 3072 -10080 ) (0 3072 -12080 ) (0 2400 -12080 ) (0 2400 -10080 ) 
4 64 67 (0 2400 -12080 ) (0 3072 -12080 ) (480 3072 -12080 ) (480 2400 -12080 ) 
4 65 96 (0 2256 -9968 ) (0 2400 -9968 ) (0 2400 -10008 ) (0 2256 -10008 ) 
4 65 66 (480 2256 -10008 ) (480 2256 -9968 ) (0 2256 -9968 ) (0 2256 -10008 ) 
4 66 131 (480 2048 -9968 ) (0 2048 -9968 ) (0 2048 -10368 ) (480 2048 -10368 ) 
4 66 97 (0 2048 -10368 ) (0 2048 -9968 ) (0 2256 -9968 ) (0 2256 -10368 ) 
4 67 98 (0 3072 -12080 ) (0 3072 -12400 ) (0 2400 -12400 ) (0 2400 -12080 ) 
4 68 70 (0 3056 -4736 ) (0 2416 -4736 ) (-288 2416 -4736 ) (-288 3056 -4736 ) 
4 69 155 (0 2048 -4736 ) (0 2048 -32 ) (-265.731750 2048 -32 ) (-265.731750 2048 -4736 ) 
6 69 72 (0 2256 -4736 ) (0 2128 -4736 ) (-224 2128 -4736 ) (-224 2152.162598 -4736 ) (-157.007965 2252.996094 -4736 ) (-152.486557 2256 -4736 ) 
4 69 71 (0 2352.184814 -4736 ) (0 2256 -4736 ) (-152.486557 2256 -4736 ) (-11.004868 2349.996826 -4736 ) 
4 69 74 (0 2128 -4736 ) (0 2048 -4736 ) (-224 2048 -4736 ) (-224 2128 -4736 ) 
4 69 75 (-224 2048 -4736 ) (-265.731750 2048 -4736 ) (-253.998856 2107.009766 -4736 ) (-224 2152.162598 -4736 ) 
4 70 84 (-224 2384 -4736 ) (-288 2384 -4736 ) (-288 2384 -6128 ) (-224 2384 -6128 ) 
4 70 82 (-224 2384 -5888 ) (-224 2384 -6128 ) (-69.971054 2384 -6128 ) (-69.971054 2384 -5888 ) 
4 70 81 (-69.971046 2384 -4736 ) (-224 2384 -4736 ) (-224 2384 -5888 ) (-69.971054 2384 -5888 ) 
4 70 77 (0 2384 -6128 ) (0 2384 -4736 ) (-69.971046 2384 -4736 ) (-69.971054 2384 -6128 ) 
4 71 87 (-152.486313 2256 -8960 ) (-11.004883 2349.996826 -8960 ) (0 2352.184814 -8960 ) (0 2256 -8960 ) 
4 71 77 (-152.485428 2256 -6384 ) (-152.485519 2256 -4736 ) (-11.002808 2349.997070 -4736 ) (-11.002599 2349.997070 -6384.001465 ) 
4 71 76 (-10.998238 2349.997559 -6384.007813 ) (-10.998188 2349.997559 -4736 ) (0 2352.184326 -4736 ) (0 2352.184326 -6384.007813 ) 
4 71 73 (-152.487198 2256 -5888 ) (-152.487152 2256 -8960 ) (0 2256 -8960 ) (0 2256 -5888 ) 
4 71 72 (-152.487213 2256 -4736 ) (-152.487198 2256 -5888 ) (0 2256 -5888 ) (0 2256 -4736 ) 
4 72 81 (-224 2152.161621 -5888 ) (-224 2152.161621 -4736 ) (-157.006989 2252.996582 -4736 ) (-157.007004 2252.996582 -5888 ) 
4 72 78 (-157.009918 2252.994141 -5888 ) (-157.009888 2252.994141 -4736 ) (-152.485519 2256 -4736 ) (-152.485458 2256 -5888 ) 
4 72 75 (-224 2152.161621 -4736 ) (-224 2152.161621 -5888 ) (-224 2128 -5888 ) (-224 2128 -4736 ) 
4 72 74 (-224 2128 -4736 ) (-224 2128 -5888 ) (0 2128 -5888 ) (0 2128 -4736 ) 
6 72 73 (0 2128 -5888 ) (-224 2128 -5888 ) (-224 2152.162354 -5888 ) (-157.008102 2252.995850 -5888 ) (-152.486298 2256 -5888 ) (0 2256 -5888 ) 
6 73 87 (-224 2128 -8960 ) (-224 2152.162598 -8960 ) (-157.008072 2252.995850 -8960 ) (-152.486313 2256 -8960 ) (0 2256 -8960 ) (0 2128 -8960 ) 
4 73 83 (-224 2152.161621 -6383.994629 ) (-224 2152.161621 -5888 ) (-157.007004 2252.996582 -5888 ) (-157.007004 2252.996582 -6383.994629 ) 
4 73 79 (-157.009933 2252.994141 -6384 ) (-157.009918 2252.994141 -5888 ) (-152.485458 2256 -5888 ) (-152.485428 2256 -6384 ) 
4 73 75 (-224 2152.161621 -5888 ) (-224 2152.161621 -8960 ) (-224 2128 -8960 ) (-224 2128 -5888 ) 
4 73 74 (-224 2128 -5888 ) (-224 2128 -8960 ) (0 2128 -8960 ) (0 2128 -5888 ) 
4 74 157 (0 2048 -8960 ) (0 2048 -4736 ) (-224 2048 -4736 ) (-224 2048 -8960 ) 
4 74 87 (0 2048 -8960 ) (-224 2048 -8960 ) (-224 2128 -8960 ) (0 2128 -8960 ) 
4 74 75 (-224 2128 -8960 ) (-224 2048 -8960 ) (-224 2048 -4736 ) (-224 2128 -4736 ) 
4 75 157 (-224 2048 -4736 ) (-265.731750 2048 -4736 ) (-265.731750 2048 -8960 ) (-224 2048 -8960 ) 
4 75 87 (-224 2048 -8960 ) (-265.731750 2048 -8960 ) (-253.998856 2107.009766 -8960 ) (-224 2152.162598 -8960 ) 
4 75 84 (-254 2107.008301 -6383.995117 ) (-254 2107.008057 -4736 ) (-224 2152.161621 -4736 ) (-224 2152.161621 -6383.995117 ) 
4 75 80 (-253.998962 2107.008545 -4736 ) (-253.998962 2107.008545 -6384 ) (-265.731689 2048 -6384 ) (-265.731689 2048 -4736 ) 
4 76 77 (-11.002599 2349.997070 -6384.006836 ) (-11.002808 2349.997070 -4736 ) (0 2357.307129 -4736 ) (0 2357.307129 -6370.205078 ) 
5 77 82 (-69.970528 2384 -5888 ) (-69.970520 2384 -6260.800781 ) (-86.410362 2359.255371 -6318.663574 ) (-155.011581 2256 -6382.152344 ) (-155.011581 2256 -5888 ) 
4 77 81 (-69.970566 2384 -4736 ) (-69.970528 2384 -5888 ) (-155.011581 2256 -5888 ) (-155.011566 2256 -4736 ) 
4 77 79 (-155.012115 2256 -5888 ) (-155.012115 2256 -6382.154297 ) (-152.488281 2256 -6384 ) (-152.488220 2256 -5888 ) 
4 77 78 (-155.012115 2256 -4736 ) (-155.012115 2256 -5888 ) (-152.488220 2256 -5888 ) (-152.488098 2256 -4736 ) 
4 78 81 (-157.007004 2252.996582 -5888 ) (-157.006989 2252.996582 -4736 ) (-155.011566 2256 -4736 ) (-155.011581 2256 -5888 ) 
3 78 79 (-155.012115 2256 -5888 ) (-152.486511 2256 -5888 ) (-157.007797 2252.996094 -5888 ) 
4 79 83 (-155.011581 2256 -6382.152344 ) (-157.007004 2252.996582 -6384 ) (-157.007004 2252.996582 -5888 ) (-155.011581 2256 -5888 ) 
4 80 162 (-265.731750 2048 -4736 ) (-288 2048 -4736 ) (-288 2048 -6324 ) (-265.731750 2048 -6383.998047 ) 
4 80 84 (-288 2055.831543 -6319.804688 ) (-288 2055.831543 -4736 ) (-254 2107.008057 -4736 ) (-254 2107.008301 -6383.998047 ) 
4 81 84 (-224 2384 -4736 ) (-224 2384 -5888 ) (-224 2152.164307 -5888 ) (-224 2152.164307 -4736 ) 
3 81 83 (-224 2152.160156 -5888 ) (-224 2256 -5888 ) (-155.010208 2256 -5888 ) 
4 81 82 (-224 2256 -5888 ) (-224 2384 -5888 ) (-69.968750 2384 -5888 ) (-155.010208 2256 -5888 ) 
6 82 84 (-224 2384 -5888 ) (-224 2384 -6178.285156 ) (-224 2376.144043 -6199.451660 ) (-224 2320 -6261.252441 ) (-224 2256 -6308.056641 ) (-224 2256 -5888 ) 
5 82 83 (-155.019470 2256 -6382.146484 ) (-155.019531 2256 -5888 ) (-224 2256 -5888 ) (-224 2256 -6308.056641 ) (-159.998444 2256 -6378.505371 ) 
4 83 84 (-224 2152.164307 -6383.993164 ) (-224 2152.164307 -5888 ) (-224 2256 -5888 ) (-224 2256 -6308.055664 ) 
4 85 88 (-288 2416 -9792 ) (-288 3072 -9792 ) (0 3072 -9792 ) (0 2416 -9792 ) 
4 85 86 (-288 2416 -8960 ) (-288 2416 -9760 ) (0 2416 -9760 ) (0 2416 -8960 ) 
4 86 87 (-288 2384 -8960 ) (-288 2384 -9760 ) (0 2384 -9760 ) (0 2384 -8960 ) 
4 87 166 (-160 2048 -8960 ) (-288 2048 -8960 ) (-288 2048 -9792 ) (-160 2048 -9792 ) 
4 87 165 (0 2048 -9792 ) (0 2048 -8960 ) (-160 2048 -8960 ) (-160 2048 -9792 ) 
4 87 91 (-160 2048 -9792 ) (-288 2048 -9792 ) (-288 2384 -9792 ) (-160 2384 -9792 ) 
4 87 90 (0 2048 -9792 ) (-160 2048 -9792 ) (-160 2384 -9792 ) (0 2384 -9792 ) 
4 88 92 (-288 2416 -9968 ) (-288 3072 -9968 ) (0 3072 -9968 ) (0 2416 -9968 ) 
4 88 89 (0 2416 -9792 ) (-288 2416 -9792 ) (-288 2416 -9968 ) (0 2416 -9968 ) 
4 89 93 (-288 2400 -9968 ) (-288 2416 -9968 ) (0 2416 -9968 ) (0 2400 -9968 ) 
4 89 91 (-160 2400 -9792 ) (-288 2400 -9792 ) (-288 2400 -9936 ) (-160 2400 -9936 ) 
4 89 90 (0 2400 -9792 ) (-160 2400 -9792 ) (-160 2400 -9968 ) (0 2400 -9968 ) 
4 90 165 (0 2048 -9968 ) (0 2048 -9792 ) (-160 2048 -9792 ) (-160 2048 -9968 ) 
4 90 96 (-160 2256 -9968 ) (-160 2400 -9968 ) (0 2400 -9968 ) (0 2256 -9968 ) 
4 90 97 (0 2048 -9968 ) (-160 2048 -9968 ) (-160 2256 -9968 ) (0 2256 -9968 ) 
4 90 91 (-160 2400 -9792 ) (-160 2400 -9936 ) (-160 2048 -9936 ) (-160 2048 -9792 ) 
4 91 166 (-160 2048 -9792 ) (-288 2048 -9792 ) (-288 2048 -9936 ) (-160 2048 -9936 ) 
4 92 95 (-288 2416 -10080 ) (-288 3072 -10080 ) (-160 3072 -10080 ) (-160 2416 -10080 ) 
4 92 94 (-160 3072 -10080 ) (0 3072 -10080 ) (0 2416 -10080 ) (-160 2416 -10080 ) 
4 92 93 (-288 2416 -9968 ) (-288 2416 -10080 ) (0 2416 -10080 ) (0 2416 -9968 ) 
4 93 96 (0 2400 -10008 ) (0 2400 -9968 ) (-160 2400 -9968 ) (-160 2400 -10008 ) 
4 93 95 (-160 2400 -10080 ) (-288 2400 -10080 ) (-288 2416 -10080 ) (-160 2416 -10080 ) 
4 93 94 (0 2400 -10080 ) (-160 2400 -10080 ) (-160 2416 -10080 ) (0 2416 -10080 ) 
4 94 98 (-160 3072 -12080 ) (0 3072 -12080 ) (0 2400 -12080 ) (-160 2400 -12080 ) 
4 94 95 (-160 2400 -12048 ) (-160 2400 -10080 ) (-160 3072 -10080 ) (-160 3072 -12048 ) 
4 96 97 (-160 2256 -9968 ) (-160 2256 -10008 ) (0 2256 -10008 ) (0 2256 -9968 ) 
4 97 168 (0 2048 -10368 ) (0 2048 -9968 ) (-160 2048 -9968 ) (-160 2048 -10368 ) 
4 99 152 (0 1456 0 ) (0 1456 688 ) (0 1584 688 ) (0 1584 112 ) 
5 99 100 (0 1456 688 ) (0 1456 0 ) (608 1456 0 ) (736 1456 112 ) (736 1456 688 ) 
4 100 153 (0 1456 -32 ) (0 1024 -32 ) (0 1024 688 ) (0 1456 688 ) 
4 100 149 (0 1024 0 ) (0 1024 -32 ) (571.428528 1024 -32 ) (608 1024 0 ) 
4 100 143 (0 1024 16 ) (0 1024 0 ) (608 1024 0 ) (626.285645 1024 16 ) 
5 100 135 (480 1024 16 ) (626.285645 1024 16 ) (736 1024 112 ) (736 1024 432 ) (480 1024 432 ) 
4 100 142 (0 1024 432 ) (0 1024 16 ) (480 1024 16 ) (480 1024 432 ) 
4 100 132 (0 1024 688 ) (0 1024 432 ) (736 1024 432 ) (736 1024 688 ) 
4 100 103 (0 1024 -32 ) (0 1456 -32 ) (571.428528 1456 -32 ) (571.428528 1024 -32 ) 
4 100 101 (571.429626 1024 -32 ) (571.429688 1456 -32 ) (608 1456 0 ) (608 1024 0 ) 
3 101 149 (571.428528 1024 -32 ) (608 1024 -32 ) (608 1024 0 ) 
4 101 103 (571.428528 1456 -32 ) (608 1456 -32 ) (608 1024 -32 ) (571.428528 1024 -32 ) 
4 102 155 (0 2048 -32 ) (0 2048 -4736 ) (0 1519.812256 -4736 ) (0 1519.812378 -32 ) 
8 102 104 (0 1519.812378 -4736 ) (0 2048 -4736 ) (585.729431 2048 -4736 ) (607.998474 1936 -4736 ) (574 1765.005127 -4736 ) (476.995422 1618.996948 -4736 ) (331 1522 -4736 ) (159.997543 1488 -4736 ) 
5 103 156 (0 1456 -4736 ) (0 1090.801025 -4736 ) (0 1024 -4502.634766 ) (0 1024 -32 ) (0 1456 -32 ) 
4 103 149 (608 1024 -32 ) (0 1024 -32 ) (0 1024 -4502.634766 ) (608 1024 -4502.634766 ) 
4 103 106 (512.559814 1456 -4736 ) (608 1456 -4736 ) (608 1090.801025 -4736 ) (439.947205 1090.801025 -4736 ) 
4 103 105 (368.701477 1456 -4736 ) (512.559814 1456 -4736 ) (439.947205 1090.801025 -4736 ) (126.069122 1090.801025 -4736 ) 
4 103 104 (0 1090.801025 -4736 ) (0 1456 -4736 ) (368.701477 1456 -4736 ) (126.069122 1090.801025 -4736 ) 
3 104 163 (0 1488 -6123.589844 ) (0 1090.801025 -4736 ) (0 1488 -4736 ) 
4 104 159 (0 1514.691772 -6216.835938 ) (0 1488 -6123.589844 ) (0 1488 -4736 ) (0 1514.691772 -4736 ) 
4 104 158 (0 1519.812378 -6234.724609 ) (0 1514.691772 -6216.835938 ) (0 1514.691772 -4736 ) (0 1519.812378 -4736 ) 
5 104 157 (0 2048 -4736 ) (0 2048 -7205.057617 ) (0 1682.362915 -6802.584473 ) (0 1519.812378 -6234.724609 ) (0 1519.812378 -4736 ) 
7 104 111 (0 2048 -7205.058105 ) (585.729431 2048 -6776.704102 ) (607.998413 1936 -6637.135254 ) (574 1765.005127 -6473.777344 ) (476.992828 1618.995239 -6384 ) (392.023315 1562.542847 -6384 ) (0 1682.363159 -6802.585449 ) 
3 104 109 (424.963379 1540.682861 -6307.633301 ) (389.961731 1488 -6123.588867 ) (160 1488 -6123.588867 ) 
5 104 108 (0 1682.364014 -6802.586914 ) (431.475891 1550.485229 -6341.876953 ) (424.963379 1540.682861 -6307.633301 ) (160 1488 -6123.588867 ) (0 1488 -6123.588379 ) 
4 104 107 (608 1935.992798 -4736 ) (608 1935.992676 -6384.004395 ) (585.729492 2048 -6384.004883 ) (585.729492 2048 -4736 ) 
4 104 106 (608 1936.003906 -6384.003906 ) (608 1936.003906 -4736 ) (574 1765.005615 -4736 ) (574 1765.005615 -6384.003906 ) 
5 104 105 (126.070313 1090.798828 -4736 ) (431.476563 1550.482422 -6341.871094 ) (477 1619.001099 -6384.001465 ) (573.996094 1764.996094 -6384.001465 ) (573.996094 1764.996094 -4736 ) 
5 105 109 (448.339844 1545.330811 -6323.870605 ) (525.624817 1521.708984 -6241.349121 ) (518.922424 1488 -6123.588867 ) (389.961731 1488 -6123.588867 ) (424.963379 1540.682861 -6307.632813 ) 
3 105 108 (431.475891 1550.485229 -6341.876953 ) (448.339844 1545.330811 -6323.870605 ) (424.963379 1540.682861 -6307.632813 ) 
5 105 106 (439.947510 1090.800781 -4736 ) (525.624756 1521.707031 -6241.339844 ) (533.698792 1562.314697 -6280.134277 ) (574 1765.005615 -6384.003906 ) (574 1765.005615 -4736 ) 
6 106 109 (525.624817 1521.708984 -6241.349121 ) (595.706421 1500.288818 -6166.519043 ) (607.042664 1495.771118 -6150.736816 ) (608 1494.899048 -6147.690430 ) (608 1488 -6123.588867 ) (518.922424 1488 -6123.588867 ) 
4 108 159 (0 1514.691772 -6370.202148 ) (0 1488 -6298.285645 ) (0 1488 -6123.589844 ) (0 1514.691772 -6216.835938 ) 
4 108 158 (0 1519.812378 -6384 ) (0 1514.691772 -6370.202148 ) (0 1514.691772 -6216.835938 ) (0 1519.812378 -6234.724609 ) 
4 108 157 (0 1682.362915 -6802.584473 ) (0 1670.202637 -6789.199219 ) (0 1519.812378 -6384 ) (0 1519.812378 -6234.724609 ) 
5 108 111 (215.326172 1499 -6443.278320 ) (0 1670.202881 -6789.200195 ) (0 1682.363159 -6802.585449 ) (392.023193 1562.542847 -6384 ) (331 1522 -6384 ) 
4 108 110 (0 1670.200684 -6789.190918 ) (215.324066 1499 -6443.272949 ) (160 1488 -6383.996582 ) (0 1519.812378 -6383.995605 ) 
4 108 109 (159.997040 1488 -6384.002441 ) (331 1522 -6384.001953 ) (448.332031 1545.330078 -6323.875000 ) (159.996002 1488 -6123.596191 ) 
3 110 157 (0 1670.202637 -6789.199219 ) (0 1519.812378 -6623.657715 ) (0 1519.812378 -6383.998535 ) 
4 110 111 (0 1519.812378 -6623.658203 ) (0 1670.202881 -6789.200195 ) (215.326218 1499 -6443.278320 ) (160 1488 -6471.630859 ) 
4 111 157 (0 2048 -7205.057617 ) (0 2048 -7936 ) (0 1519.812378 -7936 ) (0 1519.812378 -6623.657715 ) 
8 111 113 (0 1519.812378 -7936 ) (0 2048 -7936 ) (585.729431 2048 -7936 ) (607.998474 1936 -7936 ) (574 1765.005005 -7936 ) (476.993103 1618.995483 -7936 ) (331 1522 -7936 ) (159.995728 1488 -7936 ) 
3 112 130 (608 1456 -8960 ) (608 1398.922119 -8960 ) (320.934601 1456 -8960 ) 
3 112 114 (320.932495 1456 -8960 ) (608 1398.921875 -8960 ) (608 1398.921875 -8868.674805 ) 
4 113 157 (0 2048 -7936 ) (0 2048 -8960 ) (0 1519.812378 -8960 ) (0 1519.812378 -7936 ) 
4 113 128 (480 2048 -8960 ) (524 2048 -8960 ) (524 1689.748169 -8960 ) (480 1623.521484 -8960 ) 
7 113 129 (0 2048 -8960 ) (480 2048 -8960 ) (480 1623.521484 -8960 ) (476.992950 1618.995361 -8960 ) (331 1522 -8960 ) (159.997528 1488 -8960 ) (0 1519.812378 -8960 ) 
5 113 119 (594.478027 1868 -8960 ) (574 1765.005127 -8960 ) (552.071411 1732 -8960 ) (524 1732 -8960 ) (524 1868 -8960 ) 
5 113 118 (600 1920 -8960 ) (600 1895.772339 -8960 ) (594.478027 1868 -8960 ) (524 1868 -8960 ) (524 1920 -8960 ) 
3 113 120 (552.071411 1732 -8960 ) (524 1689.748169 -8960 ) (524 1732 -8960 ) 
4 113 117 (600 1936 -8960 ) (600 1920 -8960 ) (524 1920 -8960 ) (524 1936 -8960 ) 
5 113 116 (524 2048 -8960 ) (585.729431 2048 -8960 ) (600 1976.227539 -8960 ) (600 1936 -8960 ) (524 1936 -8960 ) 
3 113 115 (600 1976.227539 -8960 ) (607.998474 1936 -8960 ) (600 1895.772339 -8960 ) 
3 114 164 (0 1456 -8960 ) (0 1024 -8960 ) (0 1024 -8268.799805 ) 
4 114 150 (0 1024 -8268.799805 ) (0 1024 -8960 ) (608 1024 -8960 ) (608 1024 -8268.799805 ) 
5 114 130 (608 1398.922119 -8960 ) (608 1024 -8960 ) (0 1024 -8960 ) (0 1456 -8960 ) (320.934631 1456 -8960 ) 
4 115 130 (608 1456 -9712 ) (608 1456 -8960 ) (600 1456 -8960 ) (600 1456 -9712 ) 
4 115 125 (600 1654 -9882 ) (600 1868 -9882 ) (600 1868 -9892 ) (600 1654 -9892 ) 
4 115 126 (600 1868 -9906 ) (600 1868 -9936 ) (600 1654 -9936 ) (600 1654 -9906 ) 
4 115 124 (600 1868 -9882 ) (600 2048 -9882 ) (600 2048 -9936 ) (600 1868 -9936 ) 
4 115 127 (600 1456 -9936 ) (600 1456 -9882 ) (600 1654 -9882 ) (600 1654 -9936 ) 
4 115 122 (600 1568 -9840 ) (600 1662 -9840 ) (600 1662 -9848 ) (600 1568 -9848 ) 
4 115 121 (600 1662 -9840 ) (600 2048 -9840 ) (600 2048 -9882 ) (600 1662 -9882 ) 
4 115 123 (600 1456 -9882 ) (600 1456 -9840 ) (600 1568 -9840 ) (600 1568 -9882 ) 
4 115 119 (600 1732 -8960 ) (600 1868 -8960 ) (600 1868 -9832 ) (600 1732 -9832 ) 
4 115 118 (600 1868 -8960 ) (600 1920 -8960 ) (600 1920 -9840 ) (600 1868 -9840 ) 
4 115 120 (600 1456 -9840 ) (600 1456 -8960 ) (600 1732 -8960 ) (600 1732 -9840 ) 
4 115 117 (600 1920 -8960 ) (600 1936 -8960 ) (600 1936 -9824 ) (600 1920 -9824 ) 
4 115 116 (600 1936 -8960 ) (600 2048 -8960 ) (600 2048 -9840 ) (600 1936 -9840 ) 
4 116 128 (524 1936 -8960 ) (524 2048 -8960 ) (524 2048 -9840 ) (524 1936 -9840 ) 
4 116 121 (524 1936 -9840 ) (524 2048 -9840 ) (600 2048 -9840 ) (600 1936 -9840 ) 
4 116 117 (524 1936 -8960 ) (524 1936 -9824 ) (600 1936 -9824 ) (600 1936 -8960 ) 
4 117 128 (524 1920 -8960 ) (524 1936 -8960 ) (524 1936 -9824 ) (524 1920 -9824 ) 
4 117 118 (524 1920 -8960 ) (524 1920 -9824 ) (600 1920 -9824 ) (600 1920 -8960 ) 
4 118 128 (524 1868 -8960 ) (524 1920 -8960 ) (524 1920 -9840 ) (524 1868 -9840 ) 
4 118 121 (524 1868 -9840 ) (524 1920 -9840 ) (600 1920 -9840 ) (600 1868 -9840 ) 
4 118 119 (524 1868 -8960 ) (524 1868 -9832 ) (600 1868 -9832 ) (600 1868 -8960 ) 
4 119 128 (524 1732 -8960 ) (524 1868 -8960 ) (524 1868 -9832 ) (524 1732 -9832 ) 
4 119 120 (524 1732 -8960 ) (524 1732 -9832 ) (600 1732 -9832 ) (600 1732 -8960 ) 
4 120 130 (600 1456 -9712 ) (600 1456 -8960 ) (524 1456 -8960 ) (524 1456 -9712 ) 
4 120 128 (524 1456 -9840 ) (524 1456 -8960 ) (524 1732 -8960 ) (524 1732 -9840 ) 
4 120 122 (524 1568 -9840 ) (524 1662 -9840 ) (600 1662 -9840 ) (600 1568 -9840 ) 
4 120 121 (524 1662 -9840 ) (524 1732 -9840 ) (600 1732 -9840 ) (600 1662 -9840 ) 
4 120 123 (524 1456 -9840 ) (524 1568 -9840 ) (600 1568 -9840 ) (600 1456 -9840 ) 
4 121 128 (524 1662 -9840 ) (524 2048 -9840 ) (524 2048 -9882 ) (524 1662 -9882 ) 
4 121 125 (524 1662 -9882 ) (524 1868 -9882 ) (600 1868 -9882 ) (600 1662 -9882 ) 
4 121 124 (524 1868 -9882 ) (524 2048 -9882 ) (600 2048 -9882 ) (600 1868 -9882 ) 
4 121 122 (600 1662 -9848 ) (600 1662 -9840 ) (524 1662 -9840 ) (524 1662 -9848 ) 
4 122 128 (524 1568 -9840 ) (524 1662 -9840 ) (524 1662 -9848 ) (524 1568 -9848 ) 
4 122 123 (600 1568 -9848 ) (600 1568 -9840 ) (524 1568 -9840 ) (524 1568 -9848 ) 
4 123 128 (524 1456 -9882 ) (524 1456 -9840 ) (524 1568 -9840 ) (524 1568 -9882 ) 
4 123 127 (524 1456 -9882 ) (524 1568 -9882 ) (600 1568 -9882 ) (600 1456 -9882 ) 
4 124 128 (524 1868 -9882 ) (524 2048 -9882 ) (524 2048 -9936 ) (524 1868 -9936 ) 
4 124 125 (600 1868 -9892 ) (600 1868 -9882 ) (524 1868 -9882 ) (524 1868 -9892 ) 
4 124 126 (524 1868 -9936 ) (600 1868 -9936 ) (600 1868 -9906 ) (524 1868 -9906 ) 
4 125 128 (524 1654 -9882 ) (524 1868 -9882 ) (524 1868 -9892 ) (524 1654 -9892 ) 
4 125 127 (600 1654 -9892 ) (600 1654 -9882 ) (524 1654 -9882 ) (524 1654 -9892 ) 
4 126 128 (524 1868 -9906 ) (524 1868 -9936 ) (524 1654 -9936 ) (524 1654 -9906 ) 
4 126 127 (524 1654 -9936 ) (600 1654 -9936 ) (600 1654 -9906 ) (524 1654 -9906 ) 
4 127 128 (524 1456 -9936 ) (524 1456 -9882 ) (524 1654 -9882 ) (524 1654 -9936 ) 
4 128 130 (524 1456 -9712 ) (524 1456 -8960 ) (480 1456 -8960 ) (480 1456 -9712 ) 
4 128 129 (480 1456 -9936 ) (480 1456 -8960 ) (480 2048 -8960 ) (480 2048 -9936 ) 
4 129 165 (0 2048 -8960 ) (0 2048 -9968 ) (0 1456 -9968 ) (0 1456 -8960 ) 
4 129 131 (0 1456 -9968 ) (0 2048 -9968 ) (480 2048 -9968 ) (480 1456 -9968 ) 
4 129 130 (480 1456 -9712 ) (480 1456 -8960 ) (0 1456 -8960 ) (0 1456 -9712 ) 
4 130 167 (0 1024 -9118 ) (0 1024 -8960 ) (0 1456 -8960 ) (0 1456 -9712 ) 
4 130 150 (0 1024 -8960 ) (0 1024 -9118 ) (608 1024 -9118 ) (608 1024 -8960 ) 
4 131 168 (0 2048 -9968 ) (0 2048 -10368 ) (0 1456 -10368 ) (0 1456 -9968 ) 
4 132 169 (0 816 688 ) (0 1024 688 ) (0 1024 432 ) (0 816 432 ) 
4 132 135 (480 1024 432 ) (736 1024 432 ) (736 816 432 ) (480 816 432 ) 
4 132 142 (0 816 432 ) (0 1024 432 ) (480 1024 432 ) (480 816 432 ) 
4 133 170 (0 720 688 ) (0 768 688 ) (0 768 432 ) (0 720 432 ) 
4 133 136 (480 768 432 ) (512 768 432 ) (512 720 432 ) (480 720 432 ) 
4 133 142 (0 720 432 ) (0 768 432 ) (480 768 432 ) (480 720 432 ) 
4 134 171 (0 16 688 ) (0 672 688 ) (0 672 432 ) (0 16 432 ) 
4 134 139 (544 544 432 ) (544 416 432 ) (480 416 432 ) (480 544 432 ) 
4 134 138 (480 672 432 ) (544 672 432 ) (544 544 432 ) (480 544 432 ) 
4 134 141 (544 416 432 ) (544 16 432 ) (480 16 432 ) (480 416 432 ) 
4 134 137 (544 672 432 ) (736 672 432 ) (736 16 432 ) (544 16 432 ) 
4 134 142 (0 16 432 ) (0 672 432 ) (480 672 432 ) (480 16 432 ) 
4 135 143 (480 1024 16 ) (626.285706 1024 16 ) (626.285706 816 16 ) (480 816 16 ) 
4 135 142 (480 1024 16 ) (480 816 16 ) (480 816 432 ) (480 1024 432 ) 
4 136 144 (512 720 16 ) (480 720 16 ) (480 768 16 ) (512 768 16 ) 
4 136 142 (480 768 16 ) (480 720 16 ) (480 720 432 ) (480 768 432 ) 
4 137 145 (626.285706 16 16 ) (544 16 16 ) (544 672 16 ) (626.285706 672 16 ) 
4 137 139 (544 416 168 ) (544 416 432 ) (544 544 432 ) (544 544 168 ) 
4 137 140 (544 544 16 ) (544 416 16 ) (544 416 128 ) (544 544 128 ) 
4 137 138 (544 672 432 ) (544 672 16 ) (544 544 16 ) (544 544 432 ) 
4 137 141 (544 416 16 ) (544 16 16 ) (544 16 432 ) (544 416 432 ) 
4 138 145 (480 544 16 ) (480 672 16 ) (544 672 16 ) (544 544 16 ) 
4 138 139 (480 544 432 ) (480 544 168 ) (544 544 168 ) (544 544 432 ) 
4 138 140 (480 544 128 ) (480 544 16 ) (544 544 16 ) (544 544 128 ) 
4 138 142 (480 672 16 ) (480 544 16 ) (480 544 432 ) (480 672 432 ) 
4 139 141 (480 416 432 ) (480 416 168 ) (544 416 168 ) (544 416 432 ) 
4 139 142 (480 416 168 ) (480 416 432 ) (480 544 432 ) (480 544 168 ) 
4 140 145 (480 416 16 ) (480 544 16 ) (544 544 16 ) (544 416 16 ) 
4 140 142 (480 544 16 ) (480 416 16 ) (480 416 128 ) (480 544 128 ) 
4 140 141 (480 416 128 ) (480 416 16 ) (544 416 16 ) (544 416 128 ) 
4 141 145 (544 16 16 ) (480 16 16 ) (480 416 16 ) (544 416 16 ) 
4 141 142 (480 416 16 ) (480 16 16 ) (480 16 432 ) (480 416 432 ) 
4 142 191 (0 0 432 ) (0 0 16 ) (480 0 16 ) (480 0 432 ) 
4 142 177 (0 0 16 ) (0 0 432 ) (0 16 432 ) (0 16 16 ) 
4 142 176 (0 16 432 ) (0 672 432 ) (0 672 16 ) (0 16 16 ) 
4 142 175 (0 672 432 ) (0 720 432 ) (0 720 16 ) (0 672 16 ) 
4 142 174 (0 720 432 ) (0 768 432 ) (0 768 16 ) (0 720 16 ) 
4 142 173 (0 768 432 ) (0 816 432 ) (0 816 16 ) (0 768 16 ) 
4 142 172 (0 816 432 ) (0 1024 432 ) (0 1024 16 ) (0 816 16 ) 
4 142 148 (0 0 16 ) (0 16 16 ) (480 16 16 ) (480 0 16 ) 
4 142 147 (0 16 16 ) (0 672 16 ) (480 672 16 ) (480 16 16 ) 
4 142 146 (0 672 16 ) (0 816 16 ) (480 816 16 ) (480 672 16 ) 
4 142 143 (0 816 16 ) (0 1024 16 ) (480 1024 16 ) (480 816 16 ) 
4 143 178 (0 816 16 ) (0 1024 16 ) (0 1024 0 ) (0 816 0 ) 
4 143 149 (0 816 0 ) (0 1024 0 ) (608 1024 0 ) (608 816 0 ) 
4 143 146 (0 816 0 ) (480 816 0 ) (480 816 16 ) (0 816 16 ) 
4 144 146 (480 768 0 ) (480 720 0 ) (480 720 16 ) (480 768 16 ) 
4 145 147 (480 672 0 ) (480 16 0 ) (480 16 16 ) (480 672 16 ) 
4 146 179 (0 672 16 ) (0 816 16 ) (0 816 0 ) (0 672 0 ) 
4 146 147 (0 672 0 ) (480 672 0 ) (480 672 16 ) (0 672 16 ) 
4 147 180 (0 16 16 ) (0 672 16 ) (0 672 0 ) (0 16 0 ) 
4 147 148 (0 16 0 ) (480 16 0 ) (480 16 16 ) (0 16 16 ) 
4 148 198 (480 0 16 ) (0 0 16 ) (0 0 0 ) (480 0 0 ) 
4 148 181 (0 0 0 ) (0 0 16 ) (0 16 16 ) (0 16 0 ) 
4 149 184 (0 816 -3776 ) (0 816 0 ) (0 1024 0 ) (0 1024 -4502.634766 ) 
4 150 185 (0 816 -8832 ) (0 816 -7936 ) (0 1024 -8268.799805 ) (0 1024 -9118 ) 
4 150 151 (608 816 -8832 ) (608 816 -7936 ) (0 816 -7936 ) (0 816 -8832 ) 
4 151 200 (608 0 -8832 ) (608 0 -7936 ) (0 0 -7936 ) (0 0 -8832 ) 
4 151 186 (0 0 -8832 ) (0 0 -7936 ) (0 816 -7936 ) (0 816 -8832 ) 
4 152 154 (-288 1584 688 ) (-288 1584 112 ) (-288 1456 0 ) (-288 1456 688 ) 
4 152 153 (0 1456 688 ) (-288 1456 688 ) (-288 1456 0 ) (0 1456 0 ) 
4 153 184 (0 1024 -32 ) (0 1024 0 ) (-288 1024 0 ) (-288 1024 -32 ) 
4 153 178 (0 1024 0 ) (0 1024 16 ) (-288 1024 16 ) (-288 1024 0 ) 
4 153 172 (0 1024 16 ) (0 1024 432 ) (-288 1024 432 ) (-288 1024 16 ) 
4 153 169 (0 1024 432 ) (0 1024 688 ) (-288 1024 688 ) (-288 1024 432 ) 
4 153 156 (0 1024 -32 ) (-288 1024 -32 ) (-288 1456 -32 ) (0 1456 -32 ) 
4 153 154 (-288 1024 0 ) (-288 1024 688 ) (-288 1456 688 ) (-288 1456 0 ) 
3 154 178 (-306.285706 1024 16 ) (-288 1024 0 ) (-288 1024 16 ) 
5 154 172 (-416 1024 432 ) (-416 1024 112 ) (-306.285706 1024 16 ) (-288 1024 16 ) (-288 1024 432 ) 
4 154 169 (-416 1024 688 ) (-416 1024 432 ) (-288 1024 432 ) (-288 1024 688 ) 
7 155 157 (-265.731750 2048 -4736 ) (0 2048 -4736 ) (0 1519.812256 -4736 ) (-10.998509 1522 -4736 ) (-157.004791 1619.003296 -4736 ) (-253.997726 1764.992676 -4736 ) (-288 1936.003906 -4736 ) 
4 156 184 (0 1024 -4502.634766 ) (0 1024 -32 ) (-288 1024 -32 ) (-288 1024 -4502.634766 ) 
4 156 163 (-288 1456 -4736 ) (0 1456 -4736 ) (0 1090.801025 -4736 ) (-288 1090.801025 -4736 ) 
5 157 166 (-288 1936.003906 -8960 ) (-265.731750 2048 -8960 ) (-160 2048 -8960 ) (-160 1623.511475 -8960 ) (-253.997772 1764.992676 -8960 ) 
6 157 165 (-160 2048 -8960 ) (0 2048 -8960 ) (0 1519.812500 -8960 ) (-11 1522 -8960 ) (-157.004639 1619.003052 -8960 ) (-160 1623.511475 -8960 ) 
4 157 162 (-288 1936.007568 -6383.996094 ) (-288 1936.007446 -4736 ) (-265.732483 2048 -4736 ) (-265.732452 2048 -6383.996094 ) 
4 157 161 (-157.001053 1619 -6384 ) (-157 1619 -4736 ) (-253.998566 1764.996826 -4736 ) (-253.998550 1764.996704 -6384 ) 
4 157 160 (-288 1936.004272 -4736 ) (-288 1936.004272 -6384.001465 ) (-253.998047 1764.994019 -6384.002441 ) (-253.998047 1764.994019 -4736 ) 
4 157 159 (-157.004745 1619.001343 -4736 ) (-157.004669 1619.001343 -6383.998047 ) (-11.001480 1522 -6383.998535 ) (-11.001382 1522 -4736 ) 
4 157 158 (-11 1522 -4736 ) (-11 1522 -6384 ) (0 1519.812866 -6384 ) (0 1519.812866 -4736 ) 
4 158 159 (0 1514.690674 -6370.199219 ) (0 1514.690674 -4736 ) (-11.001382 1522 -4736 ) (-11.001480 1522 -6384 ) 
4 159 163 (0 1488 -6123.589844 ) (0 1488 -4736 ) (-69.968330 1488 -4736 ) (-69.968330 1488 -6123.589844 ) 
5 159 161 (-69.966148 1488 -6260.803711 ) (-69.966118 1488 -4736 ) (-157 1619 -4736 ) (-157.001053 1619 -6384 ) (-86.405960 1512.744385 -6318.666016 ) 
4 160 161 (-288 1816.174072 -4736 ) (-288 1816.174072 -6319.807617 ) (-253.998550 1764.996704 -6384.002441 ) (-253.998566 1764.996826 -4736 ) 
4 161 163 (-288 1488 -4736 ) (-288 1488 -6123.589844 ) (-69.968330 1488 -6123.589844 ) (-69.968330 1488 -4736 ) 
4 164 185 (0 1024 -8960 ) (0 1024 -8268.799805 ) (-288 1024 -8268.799805 ) (-288 1024 -8960 ) 
4 164 167 (-288 1024 -8960 ) (-288 1456 -8960 ) (0 1456 -8960 ) (0 1024 -8960 ) 
4 165 168 (-160 2048 -9968 ) (0 2048 -9968 ) (0 1456 -9968 ) (-160 1456 -9968 ) 
4 165 167 (0 1456 -8960 ) (-160 1456 -8960 ) (-160 1456 -9712 ) (0 1456 -9712 ) 
4 165 166 (-160 1456 -9936 ) (-160 1456 -8960 ) (-160 2048 -8960 ) (-160 2048 -9936 ) 
4 166 167 (-160 1456 -8960 ) (-288 1456 -8960 ) (-288 1456 -9712 ) (-160 1456 -9712 ) 
4 167 185 (0 1024 -9118 ) (0 1024 -8960 ) (-288 1024 -8960 ) (-288 1024 -9118 ) 
4 169 172 (-416 816 432 ) (-416 1024 432 ) (0 1024 432 ) (0 816 432 ) 
4 170 174 (-192 768 432 ) (0 768 432 ) (0 720 432 ) (-192 720 432 ) 
4 171 176 (-416 16 432 ) (-416 672 432 ) (0 672 432 ) (0 16 432 ) 
4 172 178 (-306.285736 1024 16 ) (0 1024 16 ) (0 816 16 ) (-306.285706 816 16 ) 
4 172 173 (0 816 432 ) (-160 816 432 ) (-160 816 16 ) (0 816 16 ) 
4 173 179 (0 816 16 ) (0 768 16 ) (-160 768 16 ) (-160 816 16 ) 
4 173 174 (0 768 432 ) (-160 768 432 ) (-160 768 16 ) (0 768 16 ) 
4 174 182 (-160 720 16 ) (-192 720 16 ) (-192 768 16 ) (-160 768 16 ) 
4 174 179 (0 768 16 ) (0 720 16 ) (-160 720 16 ) (-160 768 16 ) 
4 174 175 (0 720 432 ) (-160 720 432 ) (-160 720 16 ) (0 720 16 ) 
4 175 179 (0 720 16 ) (0 672 16 ) (-160 672 16 ) (-160 720 16 ) 
4 175 176 (0 672 432 ) (-160 672 432 ) (-160 672 16 ) (0 672 16 ) 
4 176 183 (-160 16 16 ) (-306.285706 16 16 ) (-306.285736 672 16 ) (-160 672 16 ) 
4 176 180 (0 672 16 ) (0 16 16 ) (-160 16 16 ) (-160 672 16 ) 
4 176 177 (0 16 432 ) (-160 16 432 ) (-160 16 16 ) (0 16 16 ) 
4 177 204 (0 0 16 ) (0 0 432 ) (-160 0 432 ) (-160 0 16 ) 
4 177 181 (0 16 16 ) (0 0 16 ) (-160 0 16 ) (-160 16 16 ) 
4 178 184 (-288 1024 0 ) (0 1024 0 ) (0 816 0 ) (-288 816 0 ) 
4 178 179 (-160 816 0 ) (0 816 0 ) (0 816 16 ) (-160 816 16 ) 
4 179 182 (-160 768 0 ) (-160 720 0 ) (-160 720 16 ) (-160 768 16 ) 
4 179 180 (-160 672 16 ) (-160 672 0 ) (0 672 0 ) (0 672 16 ) 
4 180 183 (-160 672 0 ) (-160 16 0 ) (-160 16 16 ) (-160 672 16 ) 
4 180 181 (-160 16 16 ) (-160 16 0 ) (0 16 0 ) (0 16 16 ) 
4 181 222 (0 0 0 ) (0 0 16 ) (-160 0 16 ) (-160 0 0 ) 
4 185 186 (-288 816 -7936 ) (-288 816 -8832 ) (0 816 -8832 ) (0 816 -7936 ) 
4 186 227 (0 0 -8832 ) (0 0 -7936 ) (-288 0 -7936 ) (-288 0 -8832 ) 
4 187 246 (1376 -3072 320 ) (1024 -3072 320 ) (1024 -3072 112 ) (1376 -3072 112 ) 
4 187 245 (1504 -3072 112 ) (1504 -3072 320 ) (1376 -3072 320 ) (1376 -3072 112 ) 
4 187 231 (1024 -3072 112 ) (1024 -3072 320 ) (1024 -2960 320 ) (1024 -2960 112 ) 
4 188 201 (0 -32 432 ) (0 -80 432 ) (0 -80 688 ) (0 -32 688 ) 
4 188 192 (512 -80 432 ) (0 -80 432 ) (0 -32 432 ) (512 -32 432 ) 
4 189 202 (0 -128 864 ) (0 -128 432 ) (0 -976 432 ) (0 -976 864 ) 
4 189 193 (736 -128 432 ) (736 -976 432 ) (480 -976 432 ) (480 -128 432 ) 
4 189 194 (480 -976 432 ) (0 -976 432 ) (0 -128 432 ) (480 -128 432 ) 
4 189 190 (0 -976 432 ) (736 -976 432 ) (736 -976 576 ) (0 -976 576 ) 
4 190 228 (0 -1024 576 ) (0 -1024 432 ) (736 -1024 432 ) (736 -1024 576 ) 
4 190 203 (0 -1024 432 ) (0 -1024 576 ) (0 -976 576 ) (0 -976 432 ) 
4 190 193 (736 -976 432 ) (736 -1024 432 ) (480 -1024 432 ) (480 -976 432 ) 
4 190 194 (480 -1024 432 ) (0 -1024 432 ) (0 -976 432 ) (480 -976 432 ) 
4 191 204 (0 -32 432 ) (0 0 432 ) (0 0 16 ) (0 -32 16 ) 
4 191 198 (0 -32 16 ) (0 0 16 ) (480 0 16 ) (480 -32 16 ) 
4 191 192 (0 -32 16 ) (480 -32 16 ) (480 -32 432 ) (0 -32 432 ) 
4 192 204 (0 -80 432 ) (0 -32 432 ) (0 -32 16 ) (0 -80 16 ) 
4 192 198 (0 -80 16 ) (0 -32 16 ) (480 -32 16 ) (480 -80 16 ) 
4 192 195 (480 -32 16 ) (512 -32 16 ) (512 -80 16 ) (480 -80 16 ) 
4 192 194 (0 -80 16 ) (480 -80 16 ) (480 -80 432 ) (0 -80 432 ) 
4 193 228 (480 -1024 16 ) (736 -1024 16 ) (736 -1024 432 ) (480 -1024 432 ) 
4 193 197 (512 -1024 16 ) (480 -1024 16 ) (480 -128 16 ) (512 -128 16 ) 
4 193 196 (736 -1024 16 ) (512 -1024 16 ) (512 -128 16 ) (736 -128 16 ) 
4 193 194 (480 -128 16 ) (480 -1024 16 ) (480 -1024 432 ) (480 -128 432 ) 
4 194 228 (0 -1024 432 ) (0 -1024 16 ) (480 -1024 16 ) (480 -1024 432 ) 
4 194 204 (0 -1024 16 ) (0 -1024 432 ) (0 -80 432 ) (0 -80 16 ) 
4 194 199 (480 -1024 16 ) (0 -1024 16 ) (0 -128 16 ) (480 -128 16 ) 
4 194 198 (0 -128 16 ) (0 -80 16 ) (480 -80 16 ) (480 -128 16 ) 
4 195 198 (480 -32 0 ) (480 -80 0 ) (480 -80 16 ) (480 -32 16 ) 
4 196 229 (736 -1024 16 ) (512 -1024 16 ) (512 -1024 0 ) (736 -1024 0 ) 
4 196 197 (512 -128 16 ) (512 -128 0 ) (512 -1024 0 ) (512 -1024 16 ) 
4 197 230 (512 -1024 16 ) (480 -1024 16 ) (480 -1024 0 ) (512 -1024 0 ) 
4 197 199 (480 -128 0 ) (480 -1024 0 ) (480 -1024 16 ) (480 -128 16 ) 
4 198 222 (0 -128 16 ) (0 0 16 ) (0 0 0 ) (0 -128 0 ) 
4 198 199 (0 -128 0 ) (480 -128 0 ) (480 -128 16 ) (0 -128 16 ) 
4 199 230 (480 -1024 16 ) (0 -1024 16 ) (0 -1024 0 ) (480 -1024 0 ) 
4 199 223 (0 -1024 0 ) (0 -1024 16 ) (0 -128 16 ) (0 -128 0 ) 
4 200 227 (0 -944 -8832 ) (0 -944 -7936 ) (0 0 -7936 ) (0 0 -8832 ) 
4 201 205 (-192 -32 432 ) (-160 -32 432 ) (-160 -80 432 ) (-192 -80 432 ) 
4 201 204 (-160 -32 432 ) (0 -32 432 ) (0 -80 432 ) (-160 -80 432 ) 
4 202 210 (-416 -488 432 ) (-416 -344 432 ) (-160 -344 432 ) (-160 -488 432 ) 
4 202 211 (-416 -976 432 ) (-416 -488 432 ) (-160 -488 432 ) (-160 -976 432 ) 
4 202 207 (-416 -344 432 ) (-416 -336 432 ) (-160 -336 432 ) (-160 -344 432 ) 
4 202 206 (-416 -336 432 ) (-416 -128 432 ) (-160 -128 432 ) (-160 -336 432 ) 
4 202 204 (-160 -128 432 ) (0 -128 432 ) (0 -976 432 ) (-160 -976 432 ) 
4 202 203 (-416 -976 576 ) (-416 -976 432 ) (0 -976 432 ) (0 -976 576 ) 
4 203 236 (0 -1024 432 ) (0 -1024 576 ) (-416 -1024 576 ) (-416 -1024 432 ) 
4 203 211 (-160 -1024 432 ) (-416 -1024 432 ) (-416 -976 432 ) (-160 -976 432 ) 
4 203 204 (0 -1024 432 ) (-160 -1024 432 ) (-160 -976 432 ) (0 -976 432 ) 
4 204 236 (0 -1024 16 ) (0 -1024 432 ) (-160 -1024 432 ) (-160 -1024 16 ) 
4 204 223 (0 -1024 16 ) (-160 -1024 16 ) (-160 -128 16 ) (0 -128 16 ) 
4 204 222 (-160 -128 16 ) (-160 0 16 ) (0 0 16 ) (0 -128 16 ) 
4 204 217 (-160 -344 16 ) (-160 -1024 16 ) (-160 -1024 128 ) (-160 -344 128 ) 
4 204 216 (-160 -1024 128 ) (-160 -1024 272 ) (-160 -488 272 ) (-160 -488 128 ) 
4 204 212 (-160 -344 232 ) (-160 -344 175 ) (-160 -480 175 ) (-160 -480 232 ) 
4 204 210 (-160 -488 432 ) (-160 -344 432 ) (-160 -344 280 ) (-160 -488 280 ) 
4 204 211 (-160 -1024 272 ) (-160 -1024 432 ) (-160 -488 432 ) (-160 -488 272 ) 
4 204 209 (-160 -336 16 ) (-160 -344 16 ) (-160 -344 128 ) (-160 -336 128 ) 
4 204 207 (-160 -344 280 ) (-160 -344 432 ) (-160 -336 432 ) (-160 -336 280 ) 
4 204 206 (-160 -128 16 ) (-160 -336 16 ) (-160 -336 432 ) (-160 -128 432 ) 
4 204 205 (-160 -32 16 ) (-160 -80 16 ) (-160 -80 432 ) (-160 -32 432 ) 
4 205 224 (-192 -32 16 ) (-160 -32 16 ) (-160 -80 16 ) (-192 -80 16 ) 
4 206 226 (-416 -336 16 ) (-416 -128 16 ) (-192 -128 16 ) (-192 -336 16 ) 
4 206 225 (-192 -128 16 ) (-160 -128 16 ) (-160 -336 16 ) (-192 -336 16 ) 
4 206 208 (-296 -336 272 ) (-376 -336 272 ) (-376 -336 128 ) (-296 -336 128 ) 
4 206 209 (-160 -336 16 ) (-160 -336 128 ) (-416 -336 128 ) (-416 -336 16 ) 
4 206 207 (-160 -336 280 ) (-160 -336 432 ) (-416 -336 432 ) (-416 -336 280 ) 
4 207 210 (-160 -344 280 ) (-160 -344 432 ) (-416 -344 432 ) (-416 -344 280 ) 
4 208 214 (-296 -344 272 ) (-376 -344 272 ) (-376 -344 128 ) (-296 -344 128 ) 
4 208 209 (-296 -344 128 ) (-376 -344 128 ) (-376 -336 128 ) (-296 -336 128 ) 
4 209 226 (-416 -344 16 ) (-416 -336 16 ) (-192 -336 16 ) (-192 -344 16 ) 
4 209 225 (-192 -336 16 ) (-160 -336 16 ) (-160 -344 16 ) (-192 -344 16 ) 
4 209 218 (-192 -344 128 ) (-416 -344 128 ) (-416 -344 16 ) (-192 -344 16 ) 
4 209 217 (-160 -344 16 ) (-160 -344 128 ) (-192 -344 128 ) (-192 -344 16 ) 
4 210 211 (-160 -488 280 ) (-160 -488 432 ) (-416 -488 432 ) (-416 -488 280 ) 
4 211 236 (-160 -1024 432 ) (-416 -1024 432 ) (-416 -1024 272 ) (-160 -1024 272 ) 
4 211 216 (-416 -1024 272 ) (-416 -488 272 ) (-160 -488 272 ) (-160 -1024 272 ) 
4 212 213 (-168 -480 175 ) (-168 -480 232 ) (-168 -344 232 ) (-168 -344 175 ) 
4 213 214 (-200 -480 168 ) (-200 -480 272 ) (-200 -344 272 ) (-200 -344 168 ) 
4 214 219 (-416 -480 128 ) (-416 -384 128 ) (-200 -384 128 ) (-200 -480 128 ) 
4 214 218 (-416 -384 128 ) (-416 -344 128 ) (-200 -344 128 ) (-200 -384 128 ) 
4 214 215 (-376 -480 128 ) (-328 -480 128 ) (-328 -480 236 ) (-376 -480 236 ) 
4 215 219 (-376 -480 128 ) (-328 -480 128 ) (-328 -488 128 ) (-376 -488 128 ) 
4 215 216 (-376 -488 128 ) (-328 -488 128 ) (-328 -488 236 ) (-376 -488 236 ) 
4 216 236 (-416 -1024 272 ) (-416 -1024 128 ) (-160 -1024 128 ) (-160 -1024 272 ) 
4 216 219 (-416 -544 128 ) (-416 -488 128 ) (-192 -488 128 ) (-192 -544 128 ) 
4 216 221 (-416 -1024 128 ) (-416 -544 128 ) (-192 -544 128 ) (-192 -1024 128 ) 
4 216 217 (-192 -488 128 ) (-160 -488 128 ) (-160 -1024 128 ) (-192 -1024 128 ) 
4 217 236 (-192 -1024 16 ) (-160 -1024 16 ) (-160 -1024 128 ) (-192 -1024 128 ) 
4 217 225 (-160 -1024 16 ) (-192 -1024 16 ) (-192 -344 16 ) (-160 -344 16 ) 
4 217 220 (-192 -384 28 ) (-192 -384 16 ) (-192 -544 16 ) (-192 -544 28 ) 
4 217 219 (-192 -544 128 ) (-192 -384 128 ) (-192 -384 112 ) (-192 -544 112 ) 
4 217 218 (-192 -384 128 ) (-192 -344 128 ) (-192 -344 16 ) (-192 -384 16 ) 
4 217 221 (-192 -1024 128 ) (-192 -544 128 ) (-192 -544 16 ) (-192 -1024 16 ) 
4 218 226 (-416 -384 16 ) (-416 -344 16 ) (-192 -344 16 ) (-192 -384 16 ) 
5 218 220 (-192 -384 16 ) (-192 -384 28 ) (-288 -384 112 ) (-416 -384 112 ) (-416 -384 16 ) 
4 218 219 (-192 -384 112 ) (-192 -384 128 ) (-416 -384 128 ) (-416 -384 112 ) 
4 219 220 (-288 -544 112 ) (-416 -544 112 ) (-416 -384 112 ) (-288 -384 112 ) 
4 219 221 (-192 -544 112 ) (-192 -544 128 ) (-416 -544 128 ) (-416 -544 112 ) 
4 220 226 (-416 -544 16 ) (-416 -384 16 ) (-192 -384 16 ) (-192 -544 16 ) 
5 220 221 (-192 -544 16 ) (-192 -544 28 ) (-288 -544 112 ) (-416 -544 112 ) (-416 -544 16 ) 
4 221 236 (-416 -1024 128 ) (-416 -1024 16 ) (-192 -1024 16 ) (-192 -1024 128 ) 
4 221 226 (-192 -1024 16 ) (-416 -1024 16 ) (-416 -544 16 ) (-192 -544 16 ) 
4 222 224 (-160 -32 0 ) (-160 -80 0 ) (-160 -80 16 ) (-160 -32 16 ) 
4 222 223 (-160 -128 16 ) (-160 -128 0 ) (0 -128 0 ) (0 -128 16 ) 
4 223 237 (0 -1024 0 ) (0 -1024 16 ) (-160 -1024 16 ) (-160 -1024 0 ) 
4 223 225 (-160 -128 0 ) (-160 -1024 0 ) (-160 -1024 16 ) (-160 -128 16 ) 
4 225 237 (-160 -1024 16 ) (-192 -1024 16 ) (-192 -1024 0 ) (-160 -1024 0 ) 
4 225 226 (-192 -128 16 ) (-192 -128 0 ) (-192 -1024 0 ) (-192 -1024 16 ) 
4 226 241 (-288 -1024 16 ) (-416 -1024 16 ) (-416 -1024 0 ) (-288 -1024 0 ) 
4 226 238 (-192 -1024 16 ) (-288 -1024 16 ) (-288 -1024 0 ) (-192 -1024 0 ) 
4 228 236 (0 -1024 576 ) (0 -1024 16 ) (0 -2048 16 ) (0 -2048 576 ) 
4 228 233 (0 -2048 576 ) (0 -2048 16 ) (736 -2048 16 ) (736 -2048 576 ) 
4 228 229 (512 -1024 16 ) (736 -1024 16 ) (736 -2048 16 ) (512 -2048 16 ) 
4 228 230 (0 -2048 16 ) (0 -1024 16 ) (512 -1024 16 ) (512 -2048 16 ) 
4 229 234 (736 -2048 16 ) (512 -2048 16 ) (512 -2048 0 ) (736 -2048 0 ) 
4 229 230 (512 -1024 0 ) (512 -2048 0 ) (512 -2048 16 ) (512 -1024 16 ) 
4 230 237 (0 -1024 16 ) (0 -1024 0 ) (0 -2048 0 ) (0 -2048 16 ) 
4 230 235 (512 -2048 16 ) (0 -2048 16 ) (0 -2048 0 ) (512 -2048 0 ) 
4 231 250 (1024 -3072 112 ) (1024 -3072 320 ) (752 -3072 320 ) (752 -3072 112 ) 
4 231 232 (752 -3072 112 ) (752 -3072 312 ) (752 -2960 312 ) (752 -2960 112 ) 
4 232 252 (736 -3072 312 ) (736 -3072 112 ) (752 -3072 112 ) (752 -3072 312 ) 
4 232 233 (736 -3072 112 ) (736 -3072 312 ) (736 -2960 312 ) (736 -2960 112 ) 
4 233 253 (0 -3072 576 ) (0 -3072 16 ) (736 -3072 16 ) (736 -3072 576 ) 
4 233 242 (0 -3072 16 ) (0 -3072 576 ) (0 -2048 576 ) (0 -2048 16 ) 
4 233 235 (512 -3072 16 ) (0 -3072 16 ) (0 -2048 16 ) (512 -2048 16 ) 
4 233 234 (736 -3072 16 ) (512 -3072 16 ) (512 -2048 16 ) (736 -2048 16 ) 
4 234 254 (736 -3072 16 ) (512 -3072 16 ) (512 -3072 0 ) (736 -3072 0 ) 
4 234 235 (512 -2048 0 ) (512 -3072 0 ) (512 -3072 16 ) (512 -2048 16 ) 
4 235 255 (512 -3072 16 ) (0 -3072 16 ) (0 -3072 0 ) (512 -3072 0 ) 
4 235 243 (0 -3072 0 ) (0 -3072 16 ) (0 -2048 16 ) (0 -2048 0 ) 
4 236 242 (0 -2048 16 ) (0 -2048 576 ) (-416 -2048 576 ) (-416 -2048 16 ) 
4 236 241 (-288 -2048 16 ) (-416 -2048 16 ) (-416 -1024 16 ) (-288 -1024 16 ) 
4 236 239 (-288 -1152 16 ) (-288 -1056 16 ) (-192 -1056 16 ) (-192 -1152 16 ) 
4 236 238 (-288 -1056 16 ) (-288 -1024 16 ) (-192 -1024 16 ) (-192 -1056 16 ) 
4 236 240 (-192 -2048 16 ) (-288 -2048 16 ) (-288 -1152 16 ) (-192 -1152 16 ) 
4 236 237 (0 -2048 16 ) (-192 -2048 16 ) (-192 -1024 16 ) (0 -1024 16 ) 
4 237 243 (0 -2048 0 ) (0 -2048 16 ) (-192 -2048 16 ) (-192 -2048 0 ) 
4 237 239 (-192 -1056 0 ) (-192 -1152 0 ) (-192 -1152 16 ) (-192 -1056 16 ) 
4 237 238 (-192 -1024 0 ) (-192 -1056 0 ) (-192 -1056 16 ) (-192 -1024 16 ) 
4 237 240 (-192 -1152 0 ) (-192 -2048 0 ) (-192 -2048 16 ) (-192 -1152 16 ) 
4 238 241 (-288 -1024 0 ) (-288 -1056 0 ) (-288 -1056 16 ) (-288 -1024 16 ) 
4 238 239 (-288 -1056 16 ) (-288 -1056 0 ) (-192 -1056 0 ) (-192 -1056 16 ) 
4 239 241 (-288 -1056 0 ) (-288 -1152 0 ) (-288 -1152 16 ) (-288 -1056 16 ) 
4 239 240 (-288 -1152 16 ) (-288 -1152 0 ) (-192 -1152 0 ) (-192 -1152 16 ) 
4 240 244 (-192 -2048 16 ) (-288 -2048 16 ) (-288 -2048 0 ) (-192 -2048 0 ) 
4 240 241 (-288 -1152 0 ) (-288 -2048 0 ) (-288 -2048 16 ) (-288 -1152 16 ) 
4 241 244 (-288 -2048 16 ) (-416 -2048 16 ) (-416 -2048 0 ) (-288 -2048 0 ) 
4 242 256 (0 -3072 16 ) (0 -3072 576 ) (-416 -3072 576 ) (-416 -3072 16 ) 
4 242 244 (-416 -2048 16 ) (-192 -2048 16 ) (-192 -3072 16 ) (-416 -3072 16 ) 
4 242 243 (-192 -2048 16 ) (0 -2048 16 ) (0 -3072 16 ) (-192 -3072 16 ) 
4 243 257 (0 -3072 0 ) (0 -3072 16 ) (-192 -3072 16 ) (-192 -3072 0 ) 
4 243 244 (-192 -2048 0 ) (-192 -3072 0 ) (-192 -3072 16 ) (-192 -2048 16 ) 
4 244 258 (-192 -3072 16 ) (-416 -3072 16 ) (-416 -3072 0 ) (-192 -3072 0 ) 
4 245 247 (1376 -3344 112 ) (1376 -3472 112 ) (1376 -3472 320 ) (1376 -3344 320 ) 
4 245 246 (1376 -3072 112 ) (1376 -3088 112 ) (1376 -3088 320 ) (1376 -3072 320 ) 
4 246 250 (1024 -3072 320 ) (1024 -3072 112 ) (1024 -3088 112 ) (1024 -3088 320 ) 
4 247 251 (1024 -3344 112 ) (1024 -3472 112 ) (1024 -3472 320 ) (1024 -3344 320 ) 
4 247 248 (1024 -3472 112 ) (1120 -3472 112 ) (1120 -3472 320 ) (1024 -3472 320 ) 
4 248 251 (1024 -3472 112 ) (1024 -4096 112 ) (1024 -4096 320 ) (1024 -3472 320 ) 
4 248 249 (1120 -4096 320 ) (1024 -4096 320 ) (1024 -4096 112 ) (1120 -4096 112 ) 
4 249 259 (1024 -4168 112 ) (1024 -4168 320 ) (1024 -4096 320 ) (1024 -4096 112 ) 
4 250 252 (752 -3072 312 ) (752 -3072 112 ) (752 -3088 112 ) (752 -3088 312 ) 
4 251 259 (1024 -4096 112 ) (1024 -4096 320 ) (992 -4096 320 ) (992 -4096 112 ) 
4 252 253 (736 -3088 112 ) (736 -3088 312 ) (736 -3072 312 ) (736 -3072 112 ) 
4 253 256 (0 -3072 576 ) (0 -3072 16 ) (0 -3664 16 ) (0 -3664 576 ) 
4 253 255 (0 -3664 16 ) (0 -3072 16 ) (512 -3072 16 ) (512 -3664 16 ) 
4 253 254 (512 -3072 16 ) (736 -3072 16 ) (736 -3664 16 ) (512 -3664 16 ) 
4 254 255 (512 -3072 0 ) (512 -3664 0 ) (512 -3664 16 ) (512 -3072 16 ) 
4 255 257 (0 -3072 16 ) (0 -3072 0 ) (0 -3664 0 ) (0 -3664 16 ) 
4 256 258 (-416 -3072 16 ) (-192 -3072 16 ) (-192 -3664 16 ) (-416 -3664 16 ) 
4 256 257 (-192 -3072 16 ) (0 -3072 16 ) (0 -3664 16 ) (-192 -3664 16 ) 
4 257 258 (-192 -3072 0 ) (-192 -3664 0 ) (-192 -3664 16 ) (-192 -3072 16 ) 
