PRT1
240
639
4 0 8 (4352 2048 -1792 ) (4352 2048 4096 ) (4096 2048 4096 ) (4096 2048 -1792 ) 
4 0 1 (4096 2048 -1792 ) (4096 2048 4096 ) (4096 3072 4096 ) (4096 3072 -1792 ) 
4 1 9 (4096 2048 -1792 ) (4096 2048 4096 ) (3072 2048 4096 ) (3072 2048 -1792 ) 
4 1 2 (3072 2048 -1792 ) (3072 2048 4096 ) (3072 3072 4096 ) (3072 3072 -1792 ) 
4 2 14 (3072 2048 -1792 ) (3072 2048 4096 ) (2048 2048 4096 ) (2048 2048 -1792 ) 
4 2 3 (2048 2048 -1792 ) (2048 2048 4096 ) (2048 3072 4096 ) (2048 3072 -1792 ) 
4 3 15 (2048 2048 -1792 ) (2048 2048 4096 ) (1024 2048 4096 ) (1024 2048 -1792 ) 
4 3 5 (1024 2048 -1792 ) (1024 2048 1024 ) (1024 3072 1024 ) (1024 3072 -1792 ) 
4 3 4 (1024 2048 1024 ) (1024 2048 4096 ) (1024 3072 4096 ) (1024 3072 1024 ) 
4 4 29 (0 2048 1024 ) (0 2048 4096 ) (0 3072 4096 ) (0 3072 1024 ) 
4 4 16 (1024 2048 1024 ) (1024 2048 4096 ) (0 2048 4096 ) (0 2048 1024 ) 
4 4 6 (0 2786 1024 ) (0 3072 1024 ) (162 3072 1024 ) (162 2786 1024 ) 
4 4 5 (1024 2048 1024 ) (162 2048 1024 ) (162 3072 1024 ) (1024 3072 1024 ) 
4 5 17 (1024 2048 -1792 ) (1024 2048 1024 ) (162 2048 1024 ) (162 2048 -1792 ) 
4 5 7 (162 2786 -1792 ) (162 2048 -1792 ) (162 2048 768 ) (162 2786 768 ) 
4 5 6 (162 3072 -1792 ) (162 2786 -1792 ) (162 2786 1024 ) (162 3072 1024 ) 
4 6 30 (0 2786 1024 ) (0 3072 1024 ) (0 3072 -1792 ) (0 2786 -1792 ) 
4 6 7 (0 2786 -1792 ) (162 2786 -1792 ) (162 2786 768 ) (0 2786 768 ) 
4 7 31 (0 2048 -1792 ) (0 2048 768 ) (0 2786 768 ) (0 2786 -1792 ) 
4 7 18 (0 2048 768 ) (0 2048 -1792 ) (162 2048 -1792 ) (162 2048 768 ) 
4 8 10 (4352 1024 -1792 ) (4352 1024 4096 ) (4096 1024 4096 ) (4096 1024 -1792 ) 
4 8 9 (4096 1024 -1792 ) (4096 1024 4096 ) (4096 2048 4096 ) (4096 2048 -1792 ) 
4 9 14 (3072 2048 4096 ) (3072 2048 -1792 ) (3072 1024 -1792 ) (3072 1024 4096 ) 
4 9 11 (4096 1024 -1792 ) (4096 1024 4096 ) (3072 1024 4096 ) (3072 1024 -1792 ) 
4 10 12 (4352 0 -1792 ) (4352 0 4096 ) (4096 0 4096 ) (4096 0 -1792 ) 
4 10 11 (4096 1024 4096 ) (4096 1024 -1792 ) (4096 0 -1792 ) (4096 0 4096 ) 
4 11 19 (3072 0 -1792 ) (3072 0 4096 ) (3072 1024 4096 ) (3072 1024 -1792 ) 
4 11 13 (4096 0 -1792 ) (4096 0 4096 ) (3072 0 4096 ) (3072 0 -1792 ) 
4 12 159 (4352 -1024 -1792 ) (4352 -1024 4096 ) (4096 -1024 4096 ) (4096 -1024 -1792 ) 
4 12 13 (4096 0 4096 ) (4096 0 -1792 ) (4096 -1024 -1792 ) (4096 -1024 4096 ) 
4 13 160 (4096 -1024 -1792 ) (4096 -1024 4096 ) (3072 -1024 4096 ) (3072 -1024 -1792 ) 
4 13 20 (3072 -1024 -1792 ) (3072 -1024 4096 ) (3072 0 4096 ) (3072 0 -1792 ) 
4 14 19 (3072 1024 -1792 ) (3072 1024 4096 ) (2048 1024 4096 ) (2048 1024 -1792 ) 
4 14 15 (2048 2048 4096 ) (2048 2048 -1792 ) (2048 1024 -1792 ) (2048 1024 4096 ) 
4 15 21 (2048 1024 -1792 ) (2048 1024 4096 ) (1024 1024 4096 ) (1024 1024 -1792 ) 
4 15 17 (1024 1024 -1792 ) (1024 1024 1024 ) (1024 2048 1024 ) (1024 2048 -1792 ) 
4 15 16 (1024 1024 1024 ) (1024 1024 4096 ) (1024 2048 4096 ) (1024 2048 1024 ) 
4 16 43 (0 1024 1024 ) (0 1024 4096 ) (0 2048 4096 ) (0 2048 1024 ) 
4 16 22 (1024 1024 1024 ) (1024 1024 4096 ) (0 1024 4096 ) (0 1024 1024 ) 
4 16 17 (1024 1024 1024 ) (162 1024 1024 ) (162 2048 1024 ) (1024 2048 1024 ) 
4 17 23 (1024 1024 -1792 ) (1024 1024 1024 ) (162 1024 1024 ) (162 1024 -1792 ) 
4 17 18 (162 2048 -1792 ) (162 1024 -1792 ) (162 1024 768 ) (162 2048 768 ) 
4 18 48 (0 1024 -1792 ) (0 1024 768 ) (0 2048 768 ) (0 2048 -1792 ) 
4 18 24 (0 1024 768 ) (0 1024 -1792 ) (162 1024 -1792 ) (162 1024 768 ) 
4 19 21 (2048 1024 4096 ) (2048 1024 -1792 ) (2048 0 -1792 ) (2048 0 4096 ) 
4 19 20 (3072 0 -1792 ) (3072 0 4096 ) (2048 0 4096 ) (2048 0 -1792 ) 
4 20 165 (3072 -1024 -1792 ) (3072 -1024 4096 ) (2048 -1024 4096 ) (2048 -1024 -1792 ) 
4 20 25 (2048 -1024 -1792 ) (2048 -1024 4096 ) (2048 0 4096 ) (2048 0 -1792 ) 
4 21 25 (2048 0 -1792 ) (2048 0 4096 ) (1024 0 4096 ) (1024 0 -1792 ) 
4 21 23 (1024 1024 1024 ) (1024 1024 -1792 ) (1024 0 -1792 ) (1024 0 1024 ) 
4 21 22 (1024 1024 4096 ) (1024 1024 1024 ) (1024 0 1024 ) (1024 0 4096 ) 
4 22 65 (0 0 1024 ) (0 0 4096 ) (0 1024 4096 ) (0 1024 1024 ) 
4 22 26 (1024 0 1024 ) (1024 0 4096 ) (0 0 4096 ) (0 0 1024 ) 
4 22 23 (1024 0 1024 ) (162 0 1024 ) (162 1024 1024 ) (1024 1024 1024 ) 
4 23 27 (1024 0 -1792 ) (1024 0 1024 ) (162 0 1024 ) (162 0 -1792 ) 
4 23 24 (162 1024 -1792 ) (162 0 -1792 ) (162 0 768 ) (162 1024 768 ) 
4 24 69 (0 0 -1792 ) (0 0 768 ) (0 1024 768 ) (0 1024 -1792 ) 
4 24 28 (0 0 768 ) (0 0 -1792 ) (162 0 -1792 ) (162 0 768 ) 
4 25 166 (2048 -1024 -1792 ) (2048 -1024 4096 ) (1024 -1024 4096 ) (1024 -1024 -1792 ) 
4 25 27 (1024 0 1024 ) (1024 0 -1792 ) (1024 -1024 -1792 ) (1024 -1024 1024 ) 
4 25 26 (1024 0 4096 ) (1024 0 1024 ) (1024 -1024 1024 ) (1024 -1024 4096 ) 
4 26 167 (1024 -1024 1024 ) (1024 -1024 4096 ) (0 -1024 4096 ) (0 -1024 1024 ) 
4 26 86 (0 -1024 1024 ) (0 -1024 1974 ) (0 -896 1974 ) (0 -896 1024 ) 
4 26 85 (0 -1024 1974 ) (0 -1024 4096 ) (0 -896 4096 ) (0 -896 1974 ) 
4 26 84 (0 -896 4096 ) (0 -852 4096 ) (0 -852 1024 ) (0 -896 1024 ) 
4 26 70 (0 -852 4096 ) (0 0 4096 ) (0 0 1024 ) (0 -852 1024 ) 
4 26 27 (1024 -1024 1024 ) (162 -1024 1024 ) (162 0 1024 ) (1024 0 1024 ) 
4 27 168 (1024 -1024 -1792 ) (1024 -1024 1024 ) (162 -1024 1024 ) (162 -1024 -1792 ) 
4 27 28 (162 0 -1792 ) (162 -1024 -1792 ) (162 -1024 768 ) (162 0 768 ) 
4 28 169 (0 -1024 768 ) (0 -1024 -1792 ) (162 -1024 -1792 ) (162 -1024 768 ) 
4 28 100 (0 -1024 -1792 ) (0 -1024 768 ) (0 0 768 ) (0 0 -1792 ) 
4 29 44 (-608 2048 4096 ) (-1024 2048 4096 ) (-1024 2048 1024 ) (-608 2048 1024 ) 
4 29 43 (0 2048 1024 ) (0 2048 4096 ) (-608 2048 4096 ) (-608 2048 1024 ) 
4 29 32 (-1024 2048 1024 ) (-1024 2048 4096 ) (-1024 3072 4096 ) (-1024 3072 1024 ) 
4 29 30 (-1024 2786 1024 ) (-1024 3072 1024 ) (0 3072 1024 ) (0 2786 1024 ) 
4 30 33 (-1024 2786 1024 ) (-1024 3072 1024 ) (-1024 3072 -1792 ) (-1024 2786 -1792 ) 
4 30 31 (-1024 2786 -1792 ) (0 2786 -1792 ) (0 2786 768 ) (-1024 2786 768 ) 
4 31 48 (0 2048 -1792 ) (0 2048 768 ) (-1024 2048 768 ) (-1024 2048 -1792 ) 
4 31 34 (-1024 2048 -1792 ) (-1024 2048 768 ) (-1024 2786 768 ) (-1024 2786 -1792 ) 
4 32 54 (-1400 2048 4096 ) (-2048 2048 4096 ) (-2048 2048 1024 ) (-1400 2048 1024 ) 
4 32 53 (-1376 2048 4096 ) (-1400 2048 4096 ) (-1400 2048 1024 ) (-1376 2048 1024 ) 
4 32 49 (-1024 2048 1024 ) (-1024 2048 4096 ) (-1376 2048 4096 ) (-1376 2048 1024 ) 
4 32 35 (-2048 2048 1024 ) (-2048 2048 4096 ) (-2048 3072 4096 ) (-2048 3072 1024 ) 
4 32 33 (-2048 2786 1024 ) (-2048 3072 1024 ) (-1024 3072 1024 ) (-1024 2786 1024 ) 
4 33 36 (-2048 2786 1024 ) (-2048 3072 1024 ) (-2048 3072 -1792 ) (-2048 2786 -1792 ) 
4 33 34 (-2048 2786 -1792 ) (-1024 2786 -1792 ) (-1024 2786 768 ) (-2048 2786 768 ) 
4 34 58 (-1024 2048 -1792 ) (-1024 2048 768 ) (-2048 2048 768 ) (-2048 2048 -1792 ) 
4 34 37 (-2048 2048 -1792 ) (-2048 2048 768 ) (-2048 2786 768 ) (-2048 2786 -1792 ) 
4 35 59 (-2048 2048 1024 ) (-2048 2048 4096 ) (-2168 2048 4096 ) (-2168 2048 1024 ) 
4 35 63 (-2168 2048 4096 ) (-3072 2048 4096 ) (-3072 2048 1024 ) (-2168 2048 1024 ) 
4 35 38 (-3072 2048 1024 ) (-3072 2048 4096 ) (-3072 3072 4096 ) (-3072 3072 1024 ) 
4 35 36 (-3072 2786 1024 ) (-3072 3072 1024 ) (-2048 3072 1024 ) (-2048 2786 1024 ) 
4 36 39 (-3072 2786 1024 ) (-3072 3072 1024 ) (-3072 3072 -1792 ) (-3072 2786 -1792 ) 
4 36 37 (-3072 2786 -1792 ) (-2048 2786 -1792 ) (-2048 2786 768 ) (-3072 2786 768 ) 
4 37 64 (-2048 2048 -1792 ) (-2048 2048 768 ) (-3072 2048 768 ) (-3072 2048 -1792 ) 
4 37 40 (-3072 2048 -1792 ) (-3072 2048 768 ) (-3072 2786 768 ) (-3072 2786 -1792 ) 
4 38 147 (-3072 2048 1024 ) (-3072 2048 4096 ) (-4096 2048 4096 ) (-4096 2048 1024 ) 
4 38 42 (-4096 2048 1024 ) (-4096 2048 4096 ) (-4096 3072 4096 ) (-4096 3072 1024 ) 
4 38 39 (-3806 3072 1024 ) (-3072 3072 1024 ) (-3072 2786 1024 ) (-3806 2786 1024 ) 
4 38 41 (-4096 3072 1024 ) (-3806 3072 1024 ) (-3806 2048 1024 ) (-4096 2048 1024 ) 
4 39 40 (-3806 2786 768 ) (-3806 2786 -1792 ) (-3072 2786 -1792 ) (-3072 2786 768 ) 
4 39 41 (-3806 3072 -1792 ) (-3806 2786 -1792 ) (-3806 2786 1024 ) (-3806 3072 1024 ) 
4 40 148 (-3072 2048 -1792 ) (-3072 2048 768 ) (-3806 2048 768 ) (-3806 2048 -1792 ) 
4 40 41 (-3806 2786 -1792 ) (-3806 2048 -1792 ) (-3806 2048 768 ) (-3806 2786 768 ) 
4 41 149 (-3806 2048 1024 ) (-4096 2048 1024 ) (-4096 2048 -1792 ) (-3806 2048 -1792 ) 
4 41 42 (-4096 2048 -1792 ) (-4096 2048 1024 ) (-4096 3072 1024 ) (-4096 3072 -1792 ) 
4 42 150 (-4096 2048 -1792 ) (-4096 2048 4096 ) (-4352 2048 4096 ) (-4352 2048 -1792 ) 
4 43 65 (0 1024 1024 ) (0 1024 4096 ) (-608 1024 4096 ) (-608 1024 1024 ) 
3 43 47 (-608 1024 1880 ) (-608 1024 1896 ) (-608 1040 1888 ) 
3 43 46 (-608 1232 1792 ) (-608 1296 1760 ) (-608 1296 1664 ) 
4 43 45 (-608 1024 1896 ) (-608 1024 4096 ) (-608 1296 4096 ) (-608 1296 1760 ) 
4 43 44 (-608 2048 1024 ) (-608 1296 1024 ) (-608 1296 4096 ) (-608 2048 4096 ) 
4 44 49 (-1024 2048 4096 ) (-1024 2048 1024 ) (-1024 1296 1024 ) (-1024 1296 4096 ) 
4 44 46 (-608 1296 1664 ) (-608 1296 1760 ) (-1024 1296 1760 ) (-1024 1296 1664 ) 
4 44 45 (-608 1296 1760 ) (-608 1296 4096 ) (-1024 1296 4096 ) (-1024 1296 1760 ) 
4 45 67 (-1024 1024 2144 ) (-1024 1024 1896 ) (-608 1024 1896 ) (-608 1024 2144 ) 
4 45 66 (-608 1024 4096 ) (-1024 1024 4096 ) (-1024 1024 2144 ) (-608 1024 2144 ) 
4 45 50 (-1024 1024 1896 ) (-1024 1024 4096 ) (-1024 1296 4096 ) (-1024 1296 1760 ) 
4 45 47 (-608 1040 1888 ) (-608 1024 1896 ) (-1024 1024 1896 ) (-1024 1040 1888 ) 
4 45 46 (-1024 1296 1760 ) (-608 1296 1760 ) (-608 1232 1791.998657 ) (-1024 1232 1791.998657 ) 
3 46 51 (-1024 1232 1792 ) (-1024 1296 1760 ) (-1024 1296 1664 ) 
4 47 67 (-1024 1024 1896 ) (-1024 1024 1880 ) (-608 1024 1880 ) (-608 1024 1896 ) 
3 47 52 (-1024 1024 1880 ) (-1024 1024 1896 ) (-1024 1040 1888 ) 
4 48 69 (0 1024 -1792 ) (0 1024 768 ) (-1024 1024 768 ) (-1024 1024 -1792 ) 
4 48 58 (-1024 2048 768 ) (-1024 2048 -1792 ) (-1024 1024 -1792 ) (-1024 1024 768 ) 
4 49 53 (-1376 2048 1024 ) (-1376 1296 1024 ) (-1376 1296 4096 ) (-1376 2048 4096 ) 
4 49 51 (-1376 1296 1760 ) (-1376 1296 1664 ) (-1024 1296 1664 ) (-1024 1296 1760 ) 
4 49 50 (-1024 1296 4096 ) (-1376 1296 4096 ) (-1376 1296 1760 ) (-1024 1296 1760 ) 
4 50 102 (-1024 1024 1896 ) (-1024 1024 2144 ) (-1376 1024 2144 ) (-1376 1024 1896 ) 
4 50 101 (-1024 1024 2144 ) (-1024 1024 4096 ) (-1376 1024 4096 ) (-1376 1024 2144 ) 
4 50 53 (-1376 1024 1896 ) (-1376 1024 4096 ) (-1376 1296 4096 ) (-1376 1296 1760 ) 
4 50 52 (-1024 1024 1896 ) (-1376 1024 1896 ) (-1376 1040 1888 ) (-1024 1040 1888 ) 
4 50 51 (-1376 1232 1791.998657 ) (-1376 1296 1760 ) (-1024 1296 1760 ) (-1024 1232 1791.998657 ) 
3 51 53 (-1376 1232 1792 ) (-1376 1296 1760 ) (-1376 1296 1664 ) 
4 52 102 (-1024 1024 1880 ) (-1024 1024 1896 ) (-1376 1024 1896 ) (-1376 1024 1880 ) 
3 52 53 (-1376 1024 1880 ) (-1376 1024 1896 ) (-1376 1040 1888 ) 
4 53 104 (-1400 1024 1024 ) (-1376 1024 1024 ) (-1376 1024 4096 ) (-1400 1024 4096 ) 
3 53 57 (-1400 1024 1884 ) (-1400 1024 1892 ) (-1400 1032 1888 ) 
3 53 56 (-1400 1224 1792 ) (-1400 1288 1760 ) (-1400 1288 1664 ) 
4 53 55 (-1400 1024 1892 ) (-1400 1024 4096 ) (-1400 1288 4096 ) (-1400 1288 1760 ) 
4 53 54 (-1400 2048 1024 ) (-1400 1288 1024 ) (-1400 1288 4096 ) (-1400 2048 4096 ) 
4 54 59 (-2048 1288 4096 ) (-2048 2048 4096 ) (-2048 2048 1024 ) (-2048 1288 1024 ) 
4 54 56 (-1400 1288 1664 ) (-1400 1288 1760 ) (-2048 1288 1760 ) (-2048 1288 1664 ) 
4 54 55 (-1400 1288 1760 ) (-1400 1288 4096 ) (-2048 1288 4096 ) (-2048 1288 1760 ) 
4 55 106 (-2048 1024 2160 ) (-2048 1024 1892 ) (-1400 1024 1892 ) (-1400 1024 2160 ) 
4 55 105 (-2048 1024 4096 ) (-2048 1024 2160 ) (-1400 1024 2160 ) (-1400 1024 4096 ) 
4 55 60 (-2048 1024 1892 ) (-2048 1024 4096 ) (-2048 1288 4096 ) (-2048 1288 1760 ) 
4 55 57 (-1400 1032 1888 ) (-1400 1024 1892 ) (-2048 1024 1892 ) (-2048 1032 1888 ) 
4 55 56 (-2048 1288 1760 ) (-1400 1288 1760 ) (-1400 1224 1792.001465 ) (-2048 1224 1792.001465 ) 
3 56 61 (-2048 1224 1792 ) (-2048 1288 1760 ) (-2048 1288 1664 ) 
4 57 106 (-2048 1024 1892 ) (-2048 1024 1884 ) (-1400 1024 1884 ) (-1400 1024 1892 ) 
3 57 62 (-2048 1024 1884 ) (-2048 1024 1892 ) (-2048 1032 1888 ) 
4 58 112 (-1024 1024 -1792 ) (-1024 1024 768 ) (-2048 1024 768 ) (-2048 1024 -1792 ) 
4 58 64 (-2048 1024 -1792 ) (-2048 1024 768 ) (-2048 2048 768 ) (-2048 2048 -1792 ) 
4 59 61 (-2168 1288 1760 ) (-2168 1288 1664 ) (-2048 1288 1664 ) (-2048 1288 1760 ) 
4 59 60 (-2168 1288 4096 ) (-2168 1288 1760 ) (-2048 1288 1760 ) (-2048 1288 4096 ) 
4 59 63 (-2168 2048 1024 ) (-2168 1288 1024 ) (-2168 1288 4096 ) (-2168 2048 4096 ) 
4 60 114 (-2048 1024 1892 ) (-2048 1024 2160 ) (-2168 1024 2160 ) (-2168 1024 1892 ) 
4 60 113 (-2048 1024 2160 ) (-2048 1024 4096 ) (-2168 1024 4096 ) (-2168 1024 2160 ) 
4 60 62 (-2168 1024 1892 ) (-2168 1032 1888 ) (-2048 1032 1888 ) (-2048 1024 1892 ) 
4 60 61 (-2168 1224 1792.001465 ) (-2168 1288 1760 ) (-2048 1288 1760 ) (-2048 1224 1792.001465 ) 
4 60 63 (-2168 1024 1892 ) (-2168 1024 4096 ) (-2168 1288 4096 ) (-2168 1288 1760 ) 
3 61 63 (-2168 1224 1792 ) (-2168 1288 1760 ) (-2168 1288 1664 ) 
4 62 114 (-2048 1024 1884 ) (-2048 1024 1892 ) (-2168 1024 1892 ) (-2168 1024 1884 ) 
3 62 63 (-2168 1024 1884 ) (-2168 1024 1892 ) (-2168 1032 1888 ) 
4 63 147 (-3072 2048 4096 ) (-3072 2048 1024 ) (-3072 1024 1024 ) (-3072 1024 4096 ) 
4 63 118 (-2168 1024 4096 ) (-3072 1024 4096 ) (-3072 1024 1024 ) (-2168 1024 1024 ) 
4 64 148 (-3072 2048 768 ) (-3072 2048 -1792 ) (-3072 1024 -1792 ) (-3072 1024 768 ) 
4 64 119 (-2048 1024 -1792 ) (-2048 1024 768 ) (-3072 1024 768 ) (-3072 1024 -1792 ) 
4 65 81 (-608 0 1760 ) (-608 0 1024 ) (-320 0 1024 ) (-320 0 1760 ) 
4 65 73 (-320 0 4096 ) (-608 0 4096 ) (-608 0 1760 ) (-320 0 1760 ) 
4 65 71 (-128 0 4096 ) (-320 0 4096 ) (-320 0 1024 ) (-128 0 1024 ) 
4 65 70 (0 0 1024 ) (0 0 4096 ) (-128 0 4096 ) (-128 0 1024 ) 
3 65 67 (-608 848 1792 ) (-608 1024 2144 ) (-608 1024 1880 ) 
4 65 66 (-608 784 1664 ) (-608 784 4096 ) (-608 1024 4096 ) (-608 1024 2144 ) 
4 65 68 (-608 784 1024 ) (-608 0 1024 ) (-608 0 4096 ) (-608 784 4096 ) 
4 66 101 (-1024 1024 4096 ) (-1024 1024 2144 ) (-1024 784 1664 ) (-1024 784 4096 ) 
4 66 67 (-608 1024 2144.001465 ) (-608 847.998657 1792 ) (-1024 847.998718 1792 ) (-1024 1024 2144.001465 ) 
4 66 68 (-608 784 1664 ) (-608 784 4096 ) (-1024 784 4096 ) (-1024 784 1664 ) 
3 67 102 (-1024 1024 2144 ) (-1024 1024 1880 ) (-1024 848 1792 ) 
4 68 103 (-1024 784 1024 ) (-1024 0 1024 ) (-1024 0 4096 ) (-1024 784 4096 ) 
4 68 81 (-832 0 1024 ) (-608 0 1024 ) (-608 0 1760 ) (-832 0 1760 ) 
4 68 83 (-1024 0 1760 ) (-1024 0 1024 ) (-832 0 1024 ) (-832 0 1760 ) 
4 68 73 (-608 0 4096 ) (-1024 0 4096 ) (-1024 0 1760 ) (-608 0 1760 ) 
4 69 112 (-1024 1024 768 ) (-1024 1024 -1792 ) (-1024 0 -1792 ) (-1024 0 768 ) 
4 69 100 (0 0 -1792 ) (0 0 768 ) (-1024 0 768 ) (-1024 0 -1792 ) 
4 70 84 (-128 -852 1024 ) (0 -852 1024 ) (0 -852 4096 ) (-128 -852 4096 ) 
4 70 72 (-128 -852 2096 ) (-128 -852 4096 ) (-128 -82 4096 ) (-128 -82 2096 ) 
4 70 71 (-128 0 1024 ) (-128 -82 1024 ) (-128 -82 4096 ) (-128 0 4096 ) 
4 71 81 (-320 0 1760 ) (-320 0 1024 ) (-320 -82 1024 ) (-320 -82 1760 ) 
4 71 73 (-320 0 4096 ) (-320 0 1760 ) (-320 -82 1760 ) (-320 -82 4096 ) 
4 71 72 (-128 -82 2096 ) (-128 -82 4096 ) (-320 -82 4096 ) (-320 -82 2160 ) 
4 72 84 (-128 -852 2096 ) (-128 -852 4096 ) (-320 -852 4096 ) (-320 -852 2160 ) 
4 72 77 (-320 -852 2160 ) (-320 -852 4096 ) (-320 -850 4096 ) (-320 -850 2160 ) 
4 72 74 (-320 -850 4096 ) (-320 -82 4096 ) (-320 -82 2160 ) (-320 -850 2160 ) 
4 73 124 (-1024 -24 1760 ) (-1024 -82 1760 ) (-1024 -82 4096 ) (-1024 -24 4096 ) 
4 73 120 (-1024 0 4096 ) (-1024 0 1760 ) (-1024 -24 1760 ) (-1024 -24 4096 ) 
4 73 81 (-320 0 1760 ) (-320 -82 1760 ) (-832 -82 1760 ) (-832 0 1760 ) 
4 73 83 (-832 -82 1760 ) (-1024 -82 1760 ) (-1024 0 1760 ) (-832 0 1760 ) 
3 73 79 (-576 -82 1984 ) (-576 -82 2272 ) (-768 -82 1888 ) 
5 73 78 (-1024 -82 1760 ) (-832 -82 1760 ) (-576 -82 2272 ) (-576 -82 4096 ) (-1024 -82 4096 ) 
3 73 76 (-320 -82 1760 ) (-320 -82 1856 ) (-384 -82 1888 ) 
4 73 75 (-320 -82 1856 ) (-320 -82 2159.510010 ) (-576 -82 2096.489990 ) (-576 -82 1984 ) 
4 73 74 (-320 -82 2159.510010 ) (-320 -82 4096 ) (-576 -82 4096 ) (-576 -82 2096.489990 ) 
4 74 79 (-576 -82 2272 ) (-576 -82 2096.489990 ) (-576 -850 2096.489990 ) (-576 -850 2272 ) 
4 74 78 (-576 -82 4096 ) (-576 -82 2272 ) (-576 -850 2272 ) (-576 -850 4096 ) 
4 74 77 (-576 -850 4096 ) (-576 -850 2096.489990 ) (-320 -850 2159.510010 ) (-320 -850 4096 ) 
4 74 75 (-576 -148 2096.491211 ) (-576 -82 2096.491211 ) (-320 -82 2159.511230 ) (-320 -148 2159.511230 ) 
4 75 79 (-576 -82 2096.489990 ) (-576 -82 1984 ) (-576 -148 1984 ) (-576 -148 2096.489990 ) 
4 75 76 (-384.001343 -82 1888.002686 ) (-320 -82 1856.001953 ) (-320 -148 1856.001953 ) (-384.001343 -148 1888.002686 ) 
4 77 84 (-320 -852 2159.510010 ) (-320 -852 4096 ) (-576 -852 4096 ) (-576 -852 2096.489990 ) 
4 77 80 (-576 -852 2096.489990 ) (-576 -852 4096 ) (-576 -850 4096 ) (-576 -850 2096.489990 ) 
4 78 125 (-1024 -88 1760 ) (-1024 -850 1760 ) (-1024 -850 4096 ) (-1024 -88 4096 ) 
4 78 124 (-1024 -82 1760 ) (-1024 -88 1760 ) (-1024 -88 4096 ) (-1024 -82 4096 ) 
4 78 83 (-1024 -850 1760 ) (-1024 -82 1760 ) (-832 -82 1760 ) (-832 -850 1760 ) 
4 78 79 (-576 -850 2272 ) (-768 -850 1888 ) (-768 -82 1888 ) (-576 -82 2272 ) 
5 78 80 (-1024 -850 1760 ) (-832 -850 1760 ) (-576 -850 2272 ) (-576 -850 4096 ) (-1024 -850 4096 ) 
3 79 80 (-576 -850 1984 ) (-576 -850 2272 ) (-768 -850 1888 ) 
4 80 125 (-1024 -850 1760 ) (-1024 -852 1760 ) (-1024 -852 4096 ) (-1024 -850 4096 ) 
4 80 84 (-576 -852 4096 ) (-1024 -852 4096 ) (-1024 -852 1760 ) (-576 -852 1760 ) 
4 80 82 (-576 -852 1760 ) (-832 -852 1760 ) (-832 -850 1760 ) (-576 -850 1760 ) 
4 80 83 (-832 -852 1760 ) (-1024 -852 1760 ) (-1024 -850 1760 ) (-832 -850 1760 ) 
4 81 83 (-832 0 1024 ) (-832 -82 1024 ) (-832 -82 1760 ) (-832 0 1760 ) 
4 82 84 (-832 -852 1024 ) (-320 -852 1024 ) (-320 -852 1760 ) (-832 -852 1760 ) 
4 82 83 (-832 -850 1024 ) (-832 -852 1024 ) (-832 -852 1760 ) (-832 -850 1760 ) 
4 83 125 (-1024 -88 1024 ) (-1024 -852 1024 ) (-1024 -852 1760 ) (-1024 -88 1760 ) 
4 83 124 (-1024 -24 1024 ) (-1024 -88 1024 ) (-1024 -88 1760 ) (-1024 -24 1760 ) 
4 83 121 (-1024 0 1444 ) (-1024 0 1024 ) (-1024 -24 1024 ) (-1024 -24 1444 ) 
4 83 120 (-1024 0 1760 ) (-1024 0 1444 ) (-1024 -24 1444 ) (-1024 -24 1760 ) 
4 83 84 (-1024 -852 1024 ) (-832 -852 1024 ) (-832 -852 1760 ) (-1024 -852 1760 ) 
4 84 130 (-1024 -888 1024 ) (-1024 -896 1024 ) (-1024 -896 4096 ) (-1024 -888 4096 ) 
4 84 125 (-1024 -852 4096 ) (-1024 -852 1024 ) (-1024 -856 1024 ) (-1024 -856 4096 ) 
4 84 129 (-1024 -856 1024 ) (-1024 -888 1024 ) (-1024 -888 4096 ) (-1024 -856 4096 ) 
3 84 97 (-760 -896 1680 ) (-768 -896 1680 ) (-768 -896 1664 ) 
4 84 98 (-780 -896 1024 ) (-768 -896 1024 ) (-768 -896 1680 ) (-780 -896 1680 ) 
4 84 96 (-760 -896 1680 ) (-760 -896 1684 ) (-780 -896 1684 ) (-780 -896 1680 ) 
4 84 95 (-760 -896 1684 ) (-760 -896 1974 ) (-780 -896 1974 ) (-780 -896 1684 ) 
3 84 94 (-626 -896 1831 ) (-626 -896 1948 ) (-704 -896 1792 ) 
4 84 93 (-626 -896 1948 ) (-626 -896 1974 ) (-760 -896 1974 ) (-760 -896 1680 ) 
3 84 90 (-512 -896 1888 ) (-626 -896 1945 ) (-626 -896 1831 ) 
4 84 89 (-496 -896 1880 ) (-496 -896 1974 ) (-626 -896 1974 ) (-626 -896 1945 ) 
3 84 88 (-256 -896 1664 ) (-256 -896 1760 ) (-320 -896 1792 ) 
4 84 87 (-256 -896 1760 ) (-256 -896 1974 ) (-496 -896 1974 ) (-496 -896 1880 ) 
4 84 99 (-1024 -896 1974 ) (-1024 -896 1024 ) (-780 -896 1024 ) (-780 -896 1974 ) 
4 84 86 (-256 -896 1024 ) (0 -896 1024 ) (0 -896 1974 ) (-256 -896 1974 ) 
4 84 85 (-1024 -896 4096 ) (-1024 -896 1974 ) (0 -896 1974 ) (0 -896 4096 ) 
4 85 194 (-760 -1024 4096 ) (-780 -1024 4096 ) (-780 -1024 1974 ) (-760 -1024 1974 ) 
5 85 189 (0 -1024 3206.278809 ) (0 -1024 4096 ) (-760 -1024 4096 ) (-760 -1024 1974 ) (-614.368469 -1024 1974 ) 
3 85 184 (0 -1024 1974 ) (0 -1024 3206.278809 ) (-614.368469 -1024 1974 ) 
4 85 198 (-780 -1024 4096 ) (-1024 -1024 4096 ) (-1024 -1024 1974 ) (-780 -1024 1974 ) 
4 85 130 (-1024 -1024 1974 ) (-1024 -1024 4096 ) (-1024 -896 4096 ) (-1024 -896 1974 ) 
4 85 95 (-780 -896 1974 ) (-760 -896 1974 ) (-760 -1024 1974 ) (-780 -1024 1974 ) 
4 85 93 (-760 -896 1974 ) (-626 -896 1974 ) (-626 -1024 1974 ) (-760 -1024 1974 ) 
4 85 91 (-496 -954 1974 ) (-496 -1024 1974 ) (-626 -1024 1974 ) (-626 -954 1974 ) 
4 85 89 (-626 -896 1974 ) (-496 -896 1974 ) (-496 -898 1974 ) (-626 -898 1974 ) 
4 85 87 (-496 -896 1974 ) (-256 -896 1974 ) (-256 -1024 1974 ) (-496 -1024 1974 ) 
4 85 99 (-1024 -896 1974 ) (-780 -896 1974 ) (-780 -1024 1974 ) (-1024 -1024 1974 ) 
4 85 86 (-256 -896 1974 ) (0 -896 1974 ) (0 -1024 1974 ) (-256 -1024 1974 ) 
4 86 186 (0 -1024 1024 ) (0 -1024 1152 ) (-256 -1024 1664 ) (-256 -1024 1024 ) 
4 86 185 (0 -1024 1152 ) (0 -1024 1632 ) (-256 -1024 1760 ) (-256 -1024 1664 ) 
4 86 184 (0 -1024 1632 ) (0 -1024 1974 ) (-256 -1024 1974 ) (-256 -1024 1760 ) 
4 86 88 (-256 -896 1760 ) (-256 -896 1664 ) (-256 -1024 1664 ) (-256 -1024 1760 ) 
4 86 87 (-256 -1024 1974 ) (-256 -896 1974 ) (-256 -896 1760 ) (-256 -1024 1760 ) 
4 87 184 (-256 -1024 1974 ) (-496 -1024 1974 ) (-496 -1024 1880 ) (-256 -1024 1760 ) 
4 87 91 (-496 -1024 1974 ) (-496 -954 1974 ) (-496 -954 1880 ) (-496 -1024 1880 ) 
4 87 89 (-496 -898 1974 ) (-496 -896 1974 ) (-496 -896 1880 ) (-496 -898 1880 ) 
4 87 88 (-320 -896 1792 ) (-256 -896 1760 ) (-256 -1024 1760 ) (-320 -1024 1792 ) 
3 88 185 (-256 -1024 1664 ) (-256 -1024 1760 ) (-320 -1024 1792 ) 
4 89 94 (-626 -896 1948 ) (-626 -896 1945 ) (-626 -898 1945 ) (-626 -898 1948 ) 
4 89 93 (-626 -898 1974 ) (-626 -896 1974 ) (-626 -896 1948 ) (-626 -898 1948 ) 
4 89 90 (-512 -898 1888 ) (-626 -898 1945 ) (-626 -896 1945 ) (-512 -896 1888 ) 
4 90 94 (-626 -896 1945 ) (-626 -896 1831 ) (-626 -898 1831 ) (-626 -898 1945 ) 
3 91 189 (-614.368469 -1024 1974 ) (-626 -1024 1974 ) (-626 -1024 1950.669922 ) 
5 91 184 (-496 -1024 1974 ) (-614.368469 -1024 1974 ) (-626 -1024 1950.669922 ) (-626 -1024 1945 ) (-496 -1024 1880 ) 
4 91 94 (-626 -954 1948 ) (-626 -954 1945 ) (-626 -1024 1945 ) (-626 -1024 1948 ) 
4 91 93 (-626 -1024 1974 ) (-626 -954 1974 ) (-626 -954 1948 ) (-626 -1024 1948 ) 
4 91 92 (-626 -1024 1945 ) (-626 -954 1945 ) (-512 -954 1888 ) (-512 -1024 1888 ) 
3 92 188 (-626 -1024 1945 ) (-626 -1024 1831 ) (-512 -1024 1888 ) 
4 92 94 (-626 -954 1945 ) (-626 -954 1831 ) (-626 -1024 1831 ) (-626 -1024 1945 ) 
4 93 189 (-626 -1024 1974 ) (-760 -1024 1974 ) (-760 -1024 1681.897461 ) (-626 -1024 1950.669922 ) 
4 93 187 (-760 -1024 1681.897461 ) (-760 -1024 1680 ) (-627.200012 -1024 1945.599976 ) (-628.262756 -1024 1946.131348 ) 
4 93 184 (-627.200012 -1024 1945.599976 ) (-626 -1024 1948 ) (-626 -1024 1950.669922 ) (-628.262756 -1024 1946.131348 ) 
4 93 96 (-760 -896 1684 ) (-760 -896 1680 ) (-760 -1024 1680 ) (-760 -1024 1684 ) 
4 93 95 (-760 -1024 1974 ) (-760 -896 1974 ) (-760 -896 1684 ) (-760 -1024 1684 ) 
4 93 94 (-704.001343 -896 1792 ) (-626 -896 1948.001953 ) (-626 -1024 1948.001953 ) (-704.001343 -1024 1792 ) 
4 94 188 (-626 -1024 1831 ) (-626 -1024 1945 ) (-627.200012 -1024 1945.599976 ) (-704 -1024 1792 ) 
3 94 184 (-626 -1024 1945 ) (-626 -1024 1948 ) (-627.200012 -1024 1945.599976 ) 
4 95 194 (-760 -1024 1974 ) (-780 -1024 1974 ) (-780 -1024 1684 ) (-760 -1024 1684 ) 
4 95 99 (-780 -1024 1974 ) (-780 -896 1974 ) (-780 -896 1684 ) (-780 -1024 1684 ) 
4 95 96 (-780 -1024 1684 ) (-780 -896 1684 ) (-760 -896 1684 ) (-760 -1024 1684 ) 
4 96 195 (-780 -1024 1684 ) (-780 -1024 1680 ) (-760 -1024 1680 ) (-760 -1024 1684 ) 
4 96 97 (-768 -896 1680 ) (-760 -896 1680 ) (-760 -1024 1680 ) (-768 -1024 1680 ) 
4 96 98 (-780 -1024 1680 ) (-780 -896 1680 ) (-768 -896 1680 ) (-768 -1024 1680 ) 
4 96 99 (-780 -896 1684 ) (-780 -896 1680 ) (-780 -1024 1680 ) (-780 -1024 1684 ) 
3 97 196 (-760 -1024 1680 ) (-768 -1024 1680 ) (-768 -1024 1664 ) 
4 97 98 (-768 -1024 1680 ) (-768 -896 1680 ) (-768 -896 1664 ) (-768 -1024 1664 ) 
4 98 197 (-780 -1024 1680 ) (-780 -1024 1024 ) (-768 -1024 1024 ) (-768 -1024 1680 ) 
4 98 99 (-780 -896 1680 ) (-780 -896 1024 ) (-780 -1024 1024 ) (-780 -1024 1680 ) 
4 99 198 (-780 -1024 1974 ) (-1024 -1024 1974 ) (-1024 -1024 1024 ) (-780 -1024 1024 ) 
4 99 130 (-1024 -1024 1024 ) (-1024 -1024 1974 ) (-1024 -896 1974 ) (-1024 -896 1024 ) 
4 100 200 (0 -1024 -1792 ) (0 -1024 768 ) (-1024 -1024 768 ) (-1024 -1024 -1792 ) 
4 100 134 (-1024 -1024 -1792 ) (-1024 -1024 768 ) (-1024 0 768 ) (-1024 0 -1792 ) 
4 101 104 (-1376 1024 4096 ) (-1376 1024 2144 ) (-1376 784 1664 ) (-1376 784 4096 ) 
4 101 102 (-1376 847.998657 1792 ) (-1376 1024 2144.001953 ) (-1024 1024 2144.001953 ) (-1024 847.998657 1792 ) 
4 101 103 (-1024 784 4096 ) (-1376 784 4096 ) (-1376 784 1664 ) (-1024 784 1664 ) 
3 102 104 (-1376 1024 2144 ) (-1376 1024 1880 ) (-1376 848 1792 ) 
3 103 122 (-1376 0 1104.017822 ) (-1376 0 1024 ) (-1335.991089 0 1024 ) 
5 103 121 (-1024 0 1024 ) (-1024 0 1444 ) (-1376 0 1620 ) (-1376 0 1104.017822 ) (-1335.991089 0 1024 ) 
4 103 120 (-1024 0 1444 ) (-1024 0 4096 ) (-1376 0 4096 ) (-1376 0 1620 ) 
4 103 110 (-1376 744 1024 ) (-1376 0 1024 ) (-1376 0 1104.017944 ) (-1376 744 1104.017822 ) 
4 103 109 (-1376 0 1104.017944 ) (-1376 0 1620 ) (-1376 744 1620 ) (-1376 744 1104.017822 ) 
4 103 108 (-1376 0 1620 ) (-1376 0 4096 ) (-1376 744 4096 ) (-1376 744 1620 ) 
4 103 104 (-1376 784 1024 ) (-1376 744 1024 ) (-1376 744 4096 ) (-1376 784 4096 ) 
4 104 110 (-1400 744 1024 ) (-1376 744 1024 ) (-1376 744 1104.017944 ) (-1400 744 1152.017700 ) 
4 104 109 (-1376 744 1104.017944 ) (-1376 744 1620 ) (-1400 744 1632 ) (-1400 744 1152.017700 ) 
4 104 108 (-1376 744 1620 ) (-1376 744 4096 ) (-1400 744 4096 ) (-1400 744 1632 ) 
3 104 106 (-1400 840 1792 ) (-1400 1024 2160 ) (-1400 1024 1884 ) 
4 104 105 (-1400 776 1664 ) (-1400 776 4096 ) (-1400 1024 4096 ) (-1400 1024 2160 ) 
4 104 107 (-1400 776 1024 ) (-1400 744 1024 ) (-1400 744 4096 ) (-1400 776 4096 ) 
4 105 113 (-2048 1024 4096 ) (-2048 1024 2160 ) (-2048 776 1664 ) (-2048 776 4096 ) 
4 105 106 (-1400 1024 2160 ) (-1400 840 1792 ) (-2048 840 1792 ) (-2048 1024 2160 ) 
4 105 107 (-1400 776 1664 ) (-1400 776 4096 ) (-2048 776 4096 ) (-2048 776 1664 ) 
3 106 114 (-2048 1024 2160 ) (-2048 1024 1884 ) (-2048 840 1792 ) 
4 107 115 (-2048 776 1024 ) (-2048 744 1024 ) (-2048 744 4096 ) (-2048 776 4096 ) 
3 107 111 (-1912 744 1888 ) (-2048 744 1956 ) (-2048 744 1820 ) 
4 107 110 (-1656 744 1024 ) (-1400 744 1024 ) (-1400 744 1152.017700 ) (-1656 744 1664.017700 ) 
3 107 109 (-1400 744 1152.017700 ) (-1400 744 1632 ) (-1719.988159 744 1791.994019 ) 
4 107 108 (-1400 744 1632 ) (-1400 744 4096 ) (-2048 744 4096 ) (-2048 744 1956 ) 
4 108 120 (-2048 0 4096 ) (-2048 0 1956 ) (-1376 0 1620 ) (-1376 0 4096 ) 
4 108 116 (-2048 0 1956 ) (-2048 0 4096 ) (-2048 744 4096 ) (-2048 744 1956 ) 
4 108 111 (-2048 744 1956 ) (-1912.001099 744 1888 ) (-1912.001099 0 1888 ) (-2048 0 1956 ) 
4 108 109 (-1719.987427 744 1791.992676 ) (-1376 744 1620 ) (-1376 0 1620 ) (-1719.987427 0 1791.992676 ) 
3 109 121 (-1376 0 1104.017944 ) (-1376 0 1620 ) (-1719.988037 0 1791.994019 ) 
4 109 110 (-1656 744 1664.017578 ) (-1376 744 1104.017578 ) (-1376 0 1104.017578 ) (-1656 0 1664.017578 ) 
4 110 122 (-1656 0 1024 ) (-1376 0 1024 ) (-1376 0 1104.017944 ) (-1656 0 1664.017944 ) 
3 111 123 (-2048 0 1956 ) (-2048 0 1820 ) (-1912 0 1888 ) 
4 111 117 (-2048 0 1820 ) (-2048 0 1904 ) (-2048 744 1904 ) (-2048 744 1820 ) 
4 111 116 (-2048 0 1904 ) (-2048 0 1956 ) (-2048 744 1956 ) (-2048 744 1904 ) 
4 112 134 (-1024 0 -1792 ) (-1024 0 768 ) (-2048 0 768 ) (-2048 0 -1792 ) 
4 112 119 (-2048 1024 768 ) (-2048 1024 -1792 ) (-2048 0 -1792 ) (-2048 0 768 ) 
4 113 118 (-2168 1024 4096 ) (-2168 1024 2160 ) (-2168 776 1664 ) (-2168 776 4096 ) 
4 113 114 (-2168 840 1792 ) (-2168 1024 2160 ) (-2048 1024 2160 ) (-2048 840 1792 ) 
4 113 115 (-2048 776 4096 ) (-2168 776 4096 ) (-2168 776 1664 ) (-2048 776 1664 ) 
3 114 118 (-2168 1024 2160 ) (-2168 1024 1884 ) (-2168 840 1792 ) 
4 115 118 (-2168 776 1024 ) (-2168 744 1024 ) (-2168 744 4096 ) (-2168 776 4096 ) 
3 115 117 (-2048 744 1820 ) (-2048 744 1904 ) (-2104 744 1792 ) 
4 115 116 (-2168 744 4096 ) (-2168 744 1664 ) (-2048 744 1904 ) (-2048 744 4096 ) 
4 116 135 (-2048 0 1904 ) (-2048 0 4096 ) (-2168 0 4096 ) (-2168 0 1664 ) 
4 116 118 (-2168 0 1664 ) (-2168 0 4096 ) (-2168 744 4096 ) (-2168 744 1664 ) 
4 116 117 (-2104 744 1792 ) (-2048 744 1904 ) (-2048 0 1904 ) (-2104 0 1792 ) 
3 117 136 (-2048 0 1820 ) (-2048 0 1904 ) (-2104 0 1792 ) 
4 118 151 (-3072 0 1024 ) (-3072 0 4096 ) (-3072 1024 4096 ) (-3072 1024 1024 ) 
4 118 137 (-3072 0 4096 ) (-3072 0 1024 ) (-2168 0 1024 ) (-2168 0 4096 ) 
4 119 152 (-3072 0 -1792 ) (-3072 0 768 ) (-3072 1024 768 ) (-3072 1024 -1792 ) 
4 119 146 (-2048 0 -1792 ) (-2048 0 768 ) (-3072 0 768 ) (-3072 0 -1792 ) 
4 120 135 (-2048 0 4096 ) (-2048 0 1956 ) (-2048 -24 1956 ) (-2048 -24 4096 ) 
4 120 124 (-2048 -24 4096 ) (-2048 -24 1956 ) (-1024 -24 1444 ) (-1024 -24 4096 ) 
4 120 123 (-1912 -24 1888 ) (-2048 -24 1956 ) (-2048 0 1956 ) (-1912 0 1888 ) 
4 120 121 (-1024 -24 1444 ) (-1719.988037 -24 1791.993774 ) (-1719.988037 0 1791.993774 ) (-1024 0 1444 ) 
4 121 124 (-1335.991089 -24 1024 ) (-1024 -24 1024 ) (-1024 -24 1444 ) (-1719.988037 -24 1791.994019 ) 
4 121 122 (-1335.992188 0 1024 ) (-1335.992188 -24 1024 ) (-1656 -24 1664.017334 ) (-1656 0 1664.017212 ) 
3 122 124 (-1656 -24 1024 ) (-1335.991089 -24 1024 ) (-1656 -24 1664.017944 ) 
4 123 136 (-2048 0 1904 ) (-2048 0 1820 ) (-2048 -24 1820 ) (-2048 -24 1904 ) 
4 123 135 (-2048 0 1956 ) (-2048 0 1904 ) (-2048 -24 1904 ) (-2048 -24 1956 ) 
3 123 124 (-2048 -24 1956 ) (-2048 -24 1820 ) (-1912 -24 1888 ) 
4 124 138 (-2048 -24 1024 ) (-2048 -88 1024 ) (-2048 -88 4096 ) (-2048 -24 4096 ) 
3 124 128 (-1896 -88 2008 ) (-2048 -88 2084 ) (-2048 -88 1932 ) 
3 124 127 (-1640 -88 1784 ) (-1640 -88 1880 ) (-1704 -88 1912 ) 
4 124 126 (-1640 -88 1880 ) (-1640 -88 4096 ) (-2048 -88 4096 ) (-2048 -88 2084 ) 
4 124 125 (-1640 -88 1024 ) (-1024 -88 1024 ) (-1024 -88 4096 ) (-1640 -88 4096 ) 
4 125 127 (-1640 -88 1880 ) (-1640 -88 1784 ) (-1640 -856 1784 ) (-1640 -856 1880 ) 
4 125 126 (-1640 -88 4096 ) (-1640 -88 1880 ) (-1640 -856 1880 ) (-1640 -856 4096 ) 
4 125 129 (-1640 -856 1024 ) (-1024 -856 1024 ) (-1024 -856 4096 ) (-1640 -856 4096 ) 
4 126 139 (-2048 -856 2084 ) (-2048 -856 4096 ) (-2048 -88 4096 ) (-2048 -88 2084 ) 
4 126 128 (-2048 -88 2084 ) (-1896 -88 2008 ) (-1896 -856 2008 ) (-2048 -856 2084 ) 
4 126 127 (-1704 -88 1912.001221 ) (-1640 -88 1880 ) (-1640 -856 1880 ) (-1704 -856 1912.001221 ) 
4 126 129 (-1640 -856 1880 ) (-1640 -856 4096 ) (-2048 -856 4096 ) (-2048 -856 2084 ) 
3 127 129 (-1640 -856 1784 ) (-1640 -856 1880 ) (-1704 -856 1912 ) 
4 128 140 (-2048 -856 1932 ) (-2048 -856 1992 ) (-2048 -88 1992 ) (-2048 -88 1932 ) 
4 128 139 (-2048 -856 1992 ) (-2048 -856 2084 ) (-2048 -88 2084 ) (-2048 -88 1992 ) 
3 128 129 (-1896 -856 2008 ) (-2048 -856 2084 ) (-2048 -856 1932 ) 
4 129 142 (-2048 -856 1024 ) (-2048 -888 1024 ) (-2048 -888 4096 ) (-2048 -856 4096 ) 
3 129 133 (-1872 -888 1888 ) (-2048 -888 1976 ) (-2048 -888 1800 ) 
3 129 132 (-1616 -888 1664 ) (-1616 -888 1760 ) (-1680 -888 1792 ) 
4 129 131 (-1616 -888 1760 ) (-1616 -888 4096 ) (-2048 -888 4096 ) (-2048 -888 1976 ) 
4 129 130 (-1616 -888 1024 ) (-1024 -888 1024 ) (-1024 -888 4096 ) (-1616 -888 4096 ) 
4 130 201 (-1024 -1024 1024 ) (-1024 -1024 4096 ) (-1616 -1024 4096 ) (-1616 -1024 1024 ) 
4 130 132 (-1616 -888 1760 ) (-1616 -888 1664 ) (-1616 -1024 1664 ) (-1616 -1024 1760 ) 
4 130 131 (-1616 -1024 4096 ) (-1616 -888 4096 ) (-1616 -888 1760 ) (-1616 -1024 1760 ) 
4 131 202 (-1616 -1024 4096 ) (-2048 -1024 4096 ) (-2048 -1024 1976 ) (-1616 -1024 1760 ) 
4 131 143 (-2048 -1024 1976 ) (-2048 -1024 4096 ) (-2048 -888 4096 ) (-2048 -888 1976 ) 
4 131 133 (-2048 -1024 1976 ) (-2048 -888 1976 ) (-1872 -888 1888 ) (-1872 -1024 1888 ) 
4 131 132 (-1680 -888 1792 ) (-1616 -888 1760 ) (-1616 -1024 1760 ) (-1680 -1024 1792 ) 
3 132 203 (-1616 -1024 1664 ) (-1616 -1024 1760 ) (-1680 -1024 1792 ) 
3 133 204 (-2048 -1024 1976 ) (-2048 -1024 1800 ) (-1872 -1024 1888 ) 
4 133 144 (-2048 -1024 1800 ) (-2048 -1024 1824 ) (-2048 -888 1824 ) (-2048 -888 1800 ) 
4 133 143 (-2048 -1024 1824 ) (-2048 -1024 1976 ) (-2048 -888 1976 ) (-2048 -888 1824 ) 
4 134 206 (-1024 -1024 -1792 ) (-1024 -1024 768 ) (-2048 -1024 768 ) (-2048 -1024 -1792 ) 
4 134 146 (-2048 0 768 ) (-2048 0 -1792 ) (-2048 -1024 -1792 ) (-2048 -1024 768 ) 
4 135 138 (-2048 -24 1904 ) (-2048 -24 4096 ) (-2168 -24 4096 ) (-2168 -24 1664 ) 
4 135 136 (-2104 0 1792 ) (-2048 0 1904 ) (-2048 -24 1904 ) (-2104 -24 1792 ) 
4 135 137 (-2168 -24 1664 ) (-2168 -24 4096 ) (-2168 0 4096 ) (-2168 0 1664 ) 
3 136 138 (-2048 -24 1820 ) (-2048 -24 1904 ) (-2104 -24 1792 ) 
4 137 154 (-3072 0 4096 ) (-3072 0 1024 ) (-3072 -24 1024 ) (-3072 -24 4096 ) 
4 137 138 (-3072 -24 4096 ) (-3072 -24 1024 ) (-2168 -24 1024 ) (-2168 -24 4096 ) 
4 138 154 (-3072 -24 4096 ) (-3072 -24 1024 ) (-3072 -88 1024 ) (-3072 -88 4096 ) 
3 138 140 (-2048 -88 1932 ) (-2048 -88 1992 ) (-2088 -88 1912 ) 
4 138 139 (-2048 -88 1992 ) (-2048 -88 4096 ) (-2152 -88 4096 ) (-2152 -88 1784 ) 
4 138 141 (-3072 -88 1024 ) (-2152 -88 1024 ) (-2152 -88 4096 ) (-3072 -88 4096 ) 
4 139 140 (-2048 -856 1991.997803 ) (-2087.998535 -856 1912 ) (-2087.998779 -88 1912 ) (-2048 -88 1991.998047 ) 
4 139 141 (-2152 -88 4096 ) (-2152 -88 1784 ) (-2152 -856 1784 ) (-2152 -856 4096 ) 
4 139 142 (-2048 -856 1992 ) (-2048 -856 4096 ) (-2152 -856 4096 ) (-2152 -856 1784 ) 
3 140 142 (-2048 -856 1932 ) (-2048 -856 1992 ) (-2088 -856 1912 ) 
4 141 154 (-3072 -88 1024 ) (-3072 -856 1024 ) (-3072 -856 4096 ) (-3072 -88 4096 ) 
4 141 142 (-3072 -856 1024 ) (-2152 -856 1024 ) (-2152 -856 4096 ) (-3072 -856 4096 ) 
4 142 154 (-3072 -856 1024 ) (-3072 -888 1024 ) (-3072 -888 4096 ) (-3072 -856 4096 ) 
3 142 144 (-2048 -888 1800 ) (-2048 -888 1824 ) (-2064 -888 1792 ) 
4 142 143 (-2048 -888 1824 ) (-2048 -888 4096 ) (-2128 -888 4096 ) (-2128 -888 1664 ) 
4 142 145 (-3072 -888 1024 ) (-2128 -888 1024 ) (-2128 -888 4096 ) (-3072 -888 4096 ) 
4 143 207 (-2048 -1024 1824 ) (-2048 -1024 4096 ) (-2128 -1024 4096 ) (-2128 -1024 1664 ) 
4 143 144 (-2064 -888 1792 ) (-2048 -888 1824 ) (-2048 -1024 1824 ) (-2064 -1024 1792 ) 
4 143 145 (-2128 -1024 4096 ) (-2128 -888 4096 ) (-2128 -888 1664 ) (-2128 -1024 1664 ) 
3 144 208 (-2048 -1024 1800 ) (-2048 -1024 1824 ) (-2064 -1024 1792 ) 
4 145 209 (-2128 -1024 4096 ) (-3072 -1024 4096 ) (-3072 -1024 1024 ) (-2128 -1024 1024 ) 
4 145 154 (-3072 -1024 1024 ) (-3072 -1024 4096 ) (-3072 -888 4096 ) (-3072 -888 1024 ) 
4 146 211 (-2048 -1024 -1792 ) (-2048 -1024 768 ) (-3072 -1024 768 ) (-3072 -1024 -1792 ) 
4 146 155 (-3072 -1024 -1792 ) (-3072 -1024 768 ) (-3072 0 768 ) (-3072 0 -1792 ) 
4 147 151 (-3072 1024 1024 ) (-3072 1024 4096 ) (-4096 1024 4096 ) (-4096 1024 1024 ) 
4 147 150 (-4096 2048 4096 ) (-4096 2048 1024 ) (-4096 1024 1024 ) (-4096 1024 4096 ) 
4 147 149 (-4096 1024 1024 ) (-4096 2048 1024 ) (-3806 2048 1024 ) (-3806 1024 1024 ) 
4 148 152 (-3072 1024 -1792 ) (-3072 1024 768 ) (-3806 1024 768 ) (-3806 1024 -1792 ) 
4 148 149 (-3806 2048 -1792 ) (-3806 1024 -1792 ) (-3806 1024 768 ) (-3806 2048 768 ) 
4 149 153 (-3806 1024 1024 ) (-4096 1024 1024 ) (-4096 1024 -1792 ) (-3806 1024 -1792 ) 
4 149 150 (-4096 2048 1024 ) (-4096 2048 -1792 ) (-4096 1024 -1792 ) (-4096 1024 1024 ) 
4 150 157 (-4096 1024 -1792 ) (-4096 1024 4096 ) (-4352 1024 4096 ) (-4352 1024 -1792 ) 
4 151 157 (-4096 1024 4096 ) (-4096 1024 1024 ) (-4096 0 1024 ) (-4096 0 4096 ) 
4 151 154 (-3072 0 1024 ) (-3072 0 4096 ) (-4096 0 4096 ) (-4096 0 1024 ) 
4 151 153 (-3806 0 1024 ) (-4096 0 1024 ) (-4096 1024 1024 ) (-3806 1024 1024 ) 
4 152 155 (-3072 0 -1792 ) (-3072 0 768 ) (-3806 0 768 ) (-3806 0 -1792 ) 
4 152 153 (-3806 1024 -1792 ) (-3806 0 -1792 ) (-3806 0 768 ) (-3806 1024 768 ) 
4 153 157 (-4096 1024 1024 ) (-4096 1024 -1792 ) (-4096 0 -1792 ) (-4096 0 1024 ) 
4 153 156 (-3806 0 1024 ) (-4096 0 1024 ) (-4096 0 -1792 ) (-3806 0 -1792 ) 
4 154 224 (-3072 -1024 1024 ) (-3072 -1024 4096 ) (-4096 -1024 4096 ) (-4096 -1024 1024 ) 
4 154 158 (-4096 -1024 1024 ) (-4096 -1024 4096 ) (-4096 0 4096 ) (-4096 0 1024 ) 
4 154 156 (-3806 -1024 1024 ) (-4096 -1024 1024 ) (-4096 0 1024 ) (-3806 0 1024 ) 
4 155 225 (-3072 -1024 -1792 ) (-3072 -1024 768 ) (-3806 -1024 768 ) (-3806 -1024 -1792 ) 
4 155 156 (-3806 0 -1792 ) (-3806 -1024 -1792 ) (-3806 -1024 768 ) (-3806 0 768 ) 
4 156 226 (-3806 -1024 1024 ) (-4096 -1024 1024 ) (-4096 -1024 -1792 ) (-3806 -1024 -1792 ) 
4 156 158 (-4096 -1024 -1792 ) (-4096 -1024 1024 ) (-4096 0 1024 ) (-4096 0 -1792 ) 
4 157 158 (-4096 0 -1792 ) (-4096 0 4096 ) (-4352 0 4096 ) (-4352 0 -1792 ) 
4 158 227 (-4096 -1024 -1792 ) (-4096 -1024 4096 ) (-4352 -1024 4096 ) (-4352 -1024 -1792 ) 
4 159 161 (4352 -2048 -1792 ) (4352 -2048 4096 ) (4096 -2048 4096 ) (4096 -2048 -1792 ) 
4 159 160 (4096 -2048 -1792 ) (4096 -2048 4096 ) (4096 -1024 4096 ) (4096 -1024 -1792 ) 
4 160 165 (3072 -1024 4096 ) (3072 -1024 -1792 ) (3072 -2048 -1792 ) (3072 -2048 4096 ) 
4 160 162 (4096 -2048 -1792 ) (4096 -2048 4096 ) (3072 -2048 4096 ) (3072 -2048 -1792 ) 
4 161 163 (4352 -3072 -1792 ) (4352 -3072 4096 ) (4096 -3072 4096 ) (4096 -3072 -1792 ) 
4 161 162 (4096 -2048 4096 ) (4096 -2048 -1792 ) (4096 -3072 -1792 ) (4096 -3072 4096 ) 
4 162 170 (3072 -3072 -1792 ) (3072 -3072 4096 ) (3072 -2048 4096 ) (3072 -2048 -1792 ) 
4 162 164 (4096 -3072 -1792 ) (4096 -3072 4096 ) (3072 -3072 4096 ) (3072 -3072 -1792 ) 
4 163 179 (4352 -4096 -1792 ) (4352 -4096 4096 ) (4096 -4096 4096 ) (4096 -4096 -1792 ) 
4 163 164 (4096 -3072 4096 ) (4096 -3072 -1792 ) (4096 -4096 -1792 ) (4096 -4096 4096 ) 
4 164 180 (4096 -4096 -1792 ) (4096 -4096 4096 ) (3072 -4096 4096 ) (3072 -4096 -1792 ) 
4 164 171 (3072 -4096 -1792 ) (3072 -4096 4096 ) (3072 -3072 4096 ) (3072 -3072 -1792 ) 
4 165 170 (3072 -2048 -1792 ) (3072 -2048 4096 ) (2048 -2048 4096 ) (2048 -2048 -1792 ) 
4 165 166 (2048 -1024 4096 ) (2048 -1024 -1792 ) (2048 -2048 -1792 ) (2048 -2048 4096 ) 
4 166 172 (2048 -2048 -1792 ) (2048 -2048 4096 ) (1024 -2048 4096 ) (1024 -2048 -1792 ) 
4 166 168 (1024 -2048 -1792 ) (1024 -2048 1024 ) (1024 -1024 1024 ) (1024 -1024 -1792 ) 
4 166 167 (1024 -2048 1024 ) (1024 -2048 4096 ) (1024 -1024 4096 ) (1024 -1024 1024 ) 
4 167 199 (0 -1664 1024 ) (0 -2048 1024 ) (0 -2048 4096 ) (0 -1664 4096 ) 
4 167 192 (0 -1260 3206.278809 ) (0 -1286 3206.278809 ) (0 -1286 3215.114258 ) (0 -1260 3215.114258 ) 
4 167 191 (0 -1286 3215.114258 ) (0 -1286 4096 ) (0 -1260 4096 ) (0 -1260 3215.114258 ) 
4 167 189 (0 -1024 4096 ) (0 -1024 3206.278809 ) (0 -1260 3206.278809 ) (0 -1260 4096 ) 
4 167 193 (0 -1286 3206.278809 ) (0 -1664 3206.278809 ) (0 -1664 4096 ) (0 -1286 4096 ) 
4 167 186 (0 -1024 1152 ) (0 -1024 1024 ) (0 -1664 1024 ) (0 -1664 1152 ) 
4 167 185 (0 -1024 1632 ) (0 -1024 1152 ) (0 -1664 1152 ) (0 -1664 1632 ) 
4 167 184 (0 -1024 3206.278809 ) (0 -1024 1632 ) (0 -1664 1632 ) (0 -1664 3206.278809 ) 
4 167 173 (1024 -2048 1024 ) (1024 -2048 4096 ) (0 -2048 4096 ) (0 -2048 1024 ) 
4 167 168 (1024 -2048 1024 ) (162 -2048 1024 ) (162 -1024 1024 ) (1024 -1024 1024 ) 
4 168 174 (1024 -2048 -1792 ) (1024 -2048 1024 ) (162 -2048 1024 ) (162 -2048 -1792 ) 
4 168 169 (162 -1024 -1792 ) (162 -2048 -1792 ) (162 -2048 768 ) (162 -1024 768 ) 
4 169 200 (0 -1024 768 ) (0 -1024 -1792 ) (0 -2048 -1792 ) (0 -2048 768 ) 
4 169 175 (0 -2048 768 ) (0 -2048 -1792 ) (162 -2048 -1792 ) (162 -2048 768 ) 
4 170 172 (2048 -2048 4096 ) (2048 -2048 -1792 ) (2048 -3072 -1792 ) (2048 -3072 4096 ) 
4 170 171 (3072 -3072 -1792 ) (3072 -3072 4096 ) (2048 -3072 4096 ) (2048 -3072 -1792 ) 
4 171 181 (3072 -4096 -1792 ) (3072 -4096 4096 ) (2048 -4096 4096 ) (2048 -4096 -1792 ) 
4 171 177 (2048 -4096 -1792 ) (2048 -4096 4096 ) (2048 -3072 4096 ) (2048 -3072 -1792 ) 
4 172 177 (2048 -3072 -1792 ) (2048 -3072 4096 ) (1024 -3072 4096 ) (1024 -3072 -1792 ) 
4 172 174 (1024 -2048 1024 ) (1024 -2048 -1792 ) (1024 -3072 -1792 ) (1024 -3072 1024 ) 
4 172 173 (1024 -2048 4096 ) (1024 -2048 1024 ) (1024 -3072 1024 ) (1024 -3072 4096 ) 
4 173 212 (0 -3072 1024 ) (0 -3072 4096 ) (0 -2048 4096 ) (0 -2048 1024 ) 
4 173 178 (1024 -3072 1024 ) (1024 -3072 4096 ) (0 -3072 4096 ) (0 -3072 1024 ) 
4 173 176 (162 -3072 1024 ) (0 -3072 1024 ) (0 -2068 1024 ) (162 -2068 1024 ) 
4 173 174 (1024 -3072 1024 ) (162 -3072 1024 ) (162 -2048 1024 ) (1024 -2048 1024 ) 
4 174 178 (1024 -3072 -1792 ) (1024 -3072 1024 ) (162 -3072 1024 ) (162 -3072 -1792 ) 
4 174 175 (162 -2048 -1792 ) (162 -2068 -1792 ) (162 -2068 768 ) (162 -2048 768 ) 
4 174 176 (162 -2068 -1792 ) (162 -3072 -1792 ) (162 -3072 1024 ) (162 -2068 1024 ) 
4 175 213 (0 -2048 768 ) (0 -2048 -1792 ) (0 -2068 -1792 ) (0 -2068 768 ) 
4 175 176 (0 -2068 -1792 ) (162 -2068 -1792 ) (162 -2068 768 ) (0 -2068 768 ) 
4 176 214 (0 -3072 -1792 ) (0 -3072 1024 ) (0 -2068 1024 ) (0 -2068 -1792 ) 
4 176 178 (162 -3072 1024 ) (0 -3072 1024 ) (0 -3072 -1792 ) (162 -3072 -1792 ) 
4 177 182 (2048 -4096 -1792 ) (2048 -4096 4096 ) (1024 -4096 4096 ) (1024 -4096 -1792 ) 
4 177 178 (1024 -3072 4096 ) (1024 -3072 -1792 ) (1024 -4096 -1792 ) (1024 -4096 4096 ) 
4 178 215 (0 -4096 -1792 ) (0 -4096 4096 ) (0 -3072 4096 ) (0 -3072 -1792 ) 
4 178 183 (1024 -4096 -1792 ) (1024 -4096 4096 ) (0 -4096 4096 ) (0 -4096 -1792 ) 
4 179 180 (4096 -5120 -1792 ) (4096 -5120 4096 ) (4096 -4096 4096 ) (4096 -4096 -1792 ) 
4 180 181 (3072 -4096 4096 ) (3072 -4096 -1792 ) (3072 -5120 -1792 ) (3072 -5120 4096 ) 
4 181 182 (2048 -4096 4096 ) (2048 -4096 -1792 ) (2048 -5120 -1792 ) (2048 -5120 4096 ) 
4 182 183 (1024 -5120 -1792 ) (1024 -5120 4096 ) (1024 -4096 4096 ) (1024 -4096 -1792 ) 
4 183 235 (0 -5120 -1792 ) (0 -5120 4096 ) (0 -4096 4096 ) (0 -4096 -1792 ) 
3 184 199 (0 -1664 1632 ) (0 -1664 3206.278809 ) (-628.262817 -1664 1946.131348 ) 
4 184 192 (0 -1286 3206.282471 ) (0 -1260 3206.282471 ) (-628.264038 -1260 1946.131958 ) (-628.264038 -1286 1946.131958 ) 
4 184 189 (0 -1260 3206.282471 ) (0 -1024 3206.282471 ) (-628.264038 -1024 1946.131958 ) (-628.264038 -1260 1946.131958 ) 
4 184 193 (-628.264038 -1664 1946.131958 ) (0 -1664 3206.282715 ) (0 -1286 3206.282471 ) (-628.264038 -1286 1946.131958 ) 
4 184 188 (-512 -1664 1888 ) (-627.200012 -1664 1945.599976 ) (-627.200012 -1024 1945.599976 ) (-512 -1024 1888 ) 
4 184 187 (-627.200012 -1664 1945.599976 ) (-628.261719 -1664 1946.130859 ) (-628.261719 -1024 1946.130859 ) (-627.200012 -1024 1945.599976 ) 
4 184 185 (0 -1664 1632 ) (-320 -1664 1792 ) (-320 -1024 1792 ) (0 -1024 1632 ) 
3 185 199 (0 -1664 1152 ) (0 -1664 1632 ) (-320 -1664 1792 ) 
4 185 186 (0 -1664 1152.003540 ) (-256 -1664 1664.002319 ) (-256 -1024 1664.002319 ) (0 -1024 1152.003662 ) 
4 186 199 (-256 -1664 1024 ) (0 -1664 1024 ) (0 -1664 1152 ) (-256 -1664 1664 ) 
4 187 199 (-627.200073 -1664 1945.599976 ) (-628.262817 -1664 1946.131348 ) (-760 -1664 1681.897461 ) (-760 -1664 1680 ) 
4 187 195 (-760 -1664 1680 ) (-760 -1664 1681.897461 ) (-760 -1024 1681.897461 ) (-760 -1024 1680 ) 
4 187 192 (-706.847961 -1286 1788.510986 ) (-628.264038 -1286 1946.131958 ) (-628.264038 -1260 1946.131958 ) (-706.847961 -1260 1788.510986 ) 
4 187 190 (-760 -1260 1681.900391 ) (-760 -1286 1681.900391 ) (-755.761536 -1286 1690.401855 ) (-755.761536 -1260 1690.401855 ) 
4 187 189 (-760 -1024 1681.900391 ) (-760 -1260 1681.900391 ) (-628.264038 -1260 1946.131958 ) (-628.264038 -1024 1946.131958 ) 
4 187 193 (-760 -1286 1681.900391 ) (-760 -1664 1681.900391 ) (-628.264038 -1664 1946.131958 ) (-628.264038 -1286 1946.131958 ) 
4 187 188 (-704 -1024 1792 ) (-627.200562 -1024 1945.598877 ) (-627.200562 -1664 1945.598877 ) (-704 -1664 1792 ) 
3 188 199 (-512 -1664 1888 ) (-627.200073 -1664 1945.599976 ) (-704 -1664 1792 ) 
4 189 195 (-760 -1024 1684 ) (-760 -1024 1681.897461 ) (-760 -1260 1681.897461 ) (-760 -1260 1684 ) 
4 189 194 (-760 -1260 4096 ) (-760 -1024 4096 ) (-760 -1024 1684 ) (-760 -1260 1684 ) 
4 189 192 (-706.845642 -1260 1788.509644 ) (0 -1260 3206.275635 ) (0 -1260 3215.114258 ) (-710.287842 -1260 1790.570313 ) 
5 189 191 (-760 -1260 4096 ) (-760 -1260 1692.522217 ) (-759.339966 -1260 1692.192017 ) (0 -1260 3215.114258 ) (0 -1260 4096 ) 
3 189 190 (-760 -1260 1692.522217 ) (-760 -1260 1681.894531 ) (-755.759155 -1260 1690.400635 ) 
4 190 195 (-760 -1260 1684 ) (-760 -1260 1681.897461 ) (-760 -1286 1681.897461 ) (-760 -1286 1684 ) 
4 190 194 (-760 -1260 1692.522217 ) (-760 -1260 1684 ) (-760 -1286 1684 ) (-760 -1286 1692.522217 ) 
4 190 191 (-759.339844 -1260 1692.192383 ) (-760 -1260 1692.522583 ) (-760 -1286 1692.521484 ) (-759.340210 -1286 1692.191528 ) 
3 190 193 (-760 -1286 1692.522217 ) (-760 -1286 1681.894531 ) (-755.759155 -1286 1690.400635 ) 
4 191 194 (-760 -1286 4096 ) (-760 -1260 4096 ) (-760 -1260 1692.522217 ) (-760 -1286 1692.522217 ) 
4 191 192 (0 -1286 3215.114258 ) (-710.288940 -1286 1790.570923 ) (-710.289001 -1260 1790.571045 ) (0 -1260 3215.117188 ) 
5 191 193 (-760 -1286 4096 ) (-760 -1286 1692.522217 ) (-759.339966 -1286 1692.192017 ) (0 -1286 3215.114258 ) (0 -1286 4096 ) 
4 192 193 (-706.845642 -1286 1788.509644 ) (0 -1286 3206.275635 ) (0 -1286 3215.114258 ) (-710.287842 -1286 1790.570313 ) 
4 193 199 (0 -1664 3206.278809 ) (0 -1664 4096 ) (-760 -1664 4096 ) (-760 -1664 1681.897461 ) 
4 193 195 (-760 -1664 1681.897461 ) (-760 -1664 1684 ) (-760 -1286 1684 ) (-760 -1286 1681.897461 ) 
4 193 194 (-760 -1664 1684 ) (-760 -1664 4096 ) (-760 -1286 4096 ) (-760 -1286 1684 ) 
4 194 199 (-760 -1664 1684 ) (-760 -1664 4096 ) (-780 -1664 4096 ) (-780 -1664 1684 ) 
4 194 198 (-780 -1664 1684 ) (-780 -1664 4096 ) (-780 -1024 4096 ) (-780 -1024 1684 ) 
4 194 195 (-780 -1664 1684 ) (-780 -1024 1684 ) (-760 -1024 1684 ) (-760 -1664 1684 ) 
4 195 199 (-760 -1664 1680 ) (-760 -1664 1684 ) (-780 -1664 1684 ) (-780 -1664 1680 ) 
4 195 196 (-768 -1024 1680 ) (-760 -1024 1680 ) (-760 -1664 1680 ) (-768 -1664 1680 ) 
4 195 197 (-780 -1664 1680 ) (-780 -1024 1680 ) (-768 -1024 1680 ) (-768 -1664 1680 ) 
4 195 198 (-780 -1664 1680 ) (-780 -1664 1684 ) (-780 -1024 1684 ) (-780 -1024 1680 ) 
3 196 199 (-760 -1664 1680 ) (-768 -1664 1680 ) (-768 -1664 1664 ) 
4 196 197 (-768 -1664 1664 ) (-768 -1664 1680 ) (-768 -1024 1680 ) (-768 -1024 1664 ) 
4 197 199 (-780 -1664 1024 ) (-768 -1664 1024 ) (-768 -1664 1680 ) (-780 -1664 1680 ) 
4 197 198 (-780 -1024 1024 ) (-780 -1664 1024 ) (-780 -1664 1680 ) (-780 -1024 1680 ) 
4 198 201 (-1024 -1024 4096 ) (-1024 -1024 1024 ) (-1024 -1656 1024 ) (-1024 -1656 4096 ) 
4 198 205 (-1024 -1656 1024 ) (-1024 -1664 1024 ) (-1024 -1664 4096 ) (-1024 -1656 4096 ) 
4 198 199 (-1024 -1664 4096 ) (-1024 -1664 1024 ) (-780 -1664 1024 ) (-780 -1664 4096 ) 
4 199 212 (0 -2048 1024 ) (0 -2048 4096 ) (-1024 -2048 4096 ) (-1024 -2048 1024 ) 
4 199 205 (-1024 -1664 1024 ) (-1024 -2048 1024 ) (-1024 -2048 4096 ) (-1024 -1664 4096 ) 
4 200 213 (0 -2048 -1792 ) (0 -2048 768 ) (-1024 -2048 768 ) (-1024 -2048 -1792 ) 
4 200 206 (-1024 -1024 768 ) (-1024 -1024 -1792 ) (-1024 -2048 -1792 ) (-1024 -2048 768 ) 
4 201 203 (-1616 -1656 1664 ) (-1616 -1656 1760 ) (-1616 -1024 1760 ) (-1616 -1024 1664 ) 
4 201 202 (-1616 -1656 1760 ) (-1616 -1656 4096 ) (-1616 -1024 4096 ) (-1616 -1024 1760 ) 
4 201 205 (-1616 -1656 1024 ) (-1024 -1656 1024 ) (-1024 -1656 4096 ) (-1616 -1656 4096 ) 
4 202 207 (-2048 -1656 4096 ) (-2048 -1024 4096 ) (-2048 -1024 1976 ) (-2048 -1656 1976 ) 
4 202 204 (-1872 -1656 1888 ) (-2048 -1656 1976 ) (-2048 -1024 1976 ) (-1872 -1024 1888 ) 
4 202 203 (-1616 -1024 1760 ) (-1616 -1656 1760 ) (-1680 -1656 1792 ) (-1680 -1024 1792 ) 
4 202 205 (-1616 -1656 1760 ) (-1616 -1656 4096 ) (-2048 -1656 4096 ) (-2048 -1656 1976 ) 
3 203 205 (-1616 -1656 1664 ) (-1616 -1656 1760 ) (-1680 -1656 1792 ) 
4 204 208 (-2048 -1024 1824 ) (-2048 -1024 1800 ) (-2048 -1656 1800 ) (-2048 -1656 1824 ) 
4 204 207 (-2048 -1024 1976 ) (-2048 -1024 1824 ) (-2048 -1656 1824 ) (-2048 -1656 1976 ) 
3 204 205 (-1872 -1656 1888 ) (-2048 -1656 1976 ) (-2048 -1656 1800 ) 
4 205 216 (-1024 -2048 1024 ) (-1024 -2048 4096 ) (-2048 -2048 4096 ) (-2048 -2048 1024 ) 
4 205 210 (-2048 -2048 1024 ) (-2048 -2048 4096 ) (-2048 -1656 4096 ) (-2048 -1656 1024 ) 
4 206 217 (-1024 -2048 -1792 ) (-1024 -2048 768 ) (-2048 -2048 768 ) (-2048 -2048 -1792 ) 
4 206 211 (-2048 -2048 -1792 ) (-2048 -2048 768 ) (-2048 -1024 768 ) (-2048 -1024 -1792 ) 
4 207 208 (-2048 -1656 1824 ) (-2064 -1656 1792 ) (-2064 -1024 1792 ) (-2048 -1024 1824 ) 
4 207 209 (-2128 -1656 1664 ) (-2128 -1656 4096 ) (-2128 -1024 4096 ) (-2128 -1024 1664 ) 
4 207 210 (-2048 -1656 1824 ) (-2048 -1656 4096 ) (-2128 -1656 4096 ) (-2128 -1656 1664 ) 
3 208 210 (-2048 -1656 1800 ) (-2048 -1656 1824 ) (-2064 -1656 1792 ) 
4 209 224 (-3072 -1024 4096 ) (-3072 -1024 1024 ) (-3072 -1656 1024 ) (-3072 -1656 4096 ) 
4 209 210 (-3072 -1656 1024 ) (-2128 -1656 1024 ) (-2128 -1656 4096 ) (-3072 -1656 4096 ) 
4 210 224 (-3072 -1656 1024 ) (-3072 -2048 1024 ) (-3072 -2048 4096 ) (-3072 -1656 4096 ) 
4 210 219 (-2048 -2048 1024 ) (-2048 -2048 4096 ) (-3072 -2048 4096 ) (-3072 -2048 1024 ) 
4 211 225 (-3072 -1024 768 ) (-3072 -1024 -1792 ) (-3072 -2048 -1792 ) (-3072 -2048 768 ) 
4 211 220 (-2048 -2048 -1792 ) (-2048 -2048 768 ) (-3072 -2048 768 ) (-3072 -2048 -1792 ) 
4 212 216 (-1024 -2048 4096 ) (-1024 -2048 1024 ) (-1024 -3072 1024 ) (-1024 -3072 4096 ) 
4 212 215 (0 -3072 1024 ) (0 -3072 4096 ) (-1024 -3072 4096 ) (-1024 -3072 1024 ) 
4 212 214 (0 -3072 1024 ) (-1024 -3072 1024 ) (-1024 -2068 1024 ) (0 -2068 1024 ) 
4 213 217 (-1024 -2048 768 ) (-1024 -2048 -1792 ) (-1024 -2068 -1792 ) (-1024 -2068 768 ) 
4 213 214 (-1024 -2068 -1792 ) (0 -2068 -1792 ) (0 -2068 768 ) (-1024 -2068 768 ) 
4 214 218 (-1024 -2068 -1792 ) (-1024 -3072 -1792 ) (-1024 -3072 1024 ) (-1024 -2068 1024 ) 
4 214 215 (0 -3072 -1792 ) (0 -3072 1024 ) (-1024 -3072 1024 ) (-1024 -3072 -1792 ) 
4 215 235 (0 -4096 -1792 ) (0 -4096 4096 ) (-1024 -4096 4096 ) (-1024 -4096 -1792 ) 
4 215 222 (-1024 -4096 -1792 ) (-1024 -4096 4096 ) (-1024 -3072 4096 ) (-1024 -3072 -1792 ) 
4 216 222 (-1024 -3072 1024 ) (-1024 -3072 4096 ) (-2048 -3072 4096 ) (-2048 -3072 1024 ) 
4 216 219 (-2048 -2048 4096 ) (-2048 -2048 1024 ) (-2048 -3072 1024 ) (-2048 -3072 4096 ) 
4 216 218 (-2048 -3072 1024 ) (-2048 -2068 1024 ) (-1024 -2068 1024 ) (-1024 -3072 1024 ) 
4 217 220 (-2048 -2048 768 ) (-2048 -2048 -1792 ) (-2048 -2068 -1792 ) (-2048 -2068 768 ) 
4 217 218 (-2048 -2068 -1792 ) (-1024 -2068 -1792 ) (-1024 -2068 768 ) (-2048 -2068 768 ) 
4 218 222 (-1024 -3072 -1792 ) (-1024 -3072 1024 ) (-2048 -3072 1024 ) (-2048 -3072 -1792 ) 
4 218 221 (-2048 -2068 -1792 ) (-2048 -3072 -1792 ) (-2048 -3072 1024 ) (-2048 -2068 1024 ) 
4 219 228 (-3072 -3072 1024 ) (-3072 -3072 4096 ) (-3072 -2048 4096 ) (-3072 -2048 1024 ) 
4 219 223 (-2048 -3072 1024 ) (-2048 -3072 4096 ) (-3072 -3072 4096 ) (-3072 -3072 1024 ) 
4 219 221 (-2048 -3072 1024 ) (-3072 -3072 1024 ) (-3072 -2068 1024 ) (-2048 -2068 1024 ) 
4 220 229 (-3072 -2048 768 ) (-3072 -2048 -1792 ) (-3072 -2068 -1792 ) (-3072 -2068 768 ) 
4 220 221 (-3072 -2068 -1792 ) (-2048 -2068 -1792 ) (-2048 -2068 768 ) (-3072 -2068 768 ) 
4 221 230 (-3072 -3072 -1792 ) (-3072 -3072 1024 ) (-3072 -2068 1024 ) (-3072 -2068 -1792 ) 
4 221 223 (-2048 -3072 -1792 ) (-2048 -3072 1024 ) (-3072 -3072 1024 ) (-3072 -3072 -1792 ) 
4 222 236 (-1024 -4096 -1792 ) (-1024 -4096 4096 ) (-2048 -4096 4096 ) (-2048 -4096 -1792 ) 
4 222 223 (-2048 -3072 4096 ) (-2048 -3072 -1792 ) (-2048 -4096 -1792 ) (-2048 -4096 4096 ) 
4 223 237 (-2048 -4096 -1792 ) (-2048 -4096 4096 ) (-3072 -4096 4096 ) (-3072 -4096 -1792 ) 
4 223 232 (-3072 -4096 -1792 ) (-3072 -4096 4096 ) (-3072 -3072 4096 ) (-3072 -3072 -1792 ) 
4 224 228 (-3072 -2048 1024 ) (-3072 -2048 4096 ) (-4096 -2048 4096 ) (-4096 -2048 1024 ) 
4 224 227 (-4096 -1024 4096 ) (-4096 -1024 1024 ) (-4096 -2048 1024 ) (-4096 -2048 4096 ) 
4 224 226 (-4096 -2048 1024 ) (-4096 -1024 1024 ) (-3806 -1024 1024 ) (-3806 -2048 1024 ) 
4 225 229 (-3072 -2048 -1792 ) (-3072 -2048 768 ) (-3806 -2048 768 ) (-3806 -2048 -1792 ) 
4 225 226 (-3806 -1024 -1792 ) (-3806 -2048 -1792 ) (-3806 -2048 768 ) (-3806 -1024 768 ) 
4 226 231 (-3806 -2048 1024 ) (-4096 -2048 1024 ) (-4096 -2048 -1792 ) (-3806 -2048 -1792 ) 
4 226 227 (-4096 -1024 1024 ) (-4096 -1024 -1792 ) (-4096 -2048 -1792 ) (-4096 -2048 1024 ) 
4 227 233 (-4096 -2048 -1792 ) (-4096 -2048 4096 ) (-4352 -2048 4096 ) (-4352 -2048 -1792 ) 
4 228 233 (-4096 -2048 4096 ) (-4096 -2048 1024 ) (-4096 -3072 1024 ) (-4096 -3072 4096 ) 
4 228 232 (-3072 -3072 1024 ) (-3072 -3072 4096 ) (-4096 -3072 4096 ) (-4096 -3072 1024 ) 
4 228 230 (-3072 -3072 1024 ) (-3806 -3072 1024 ) (-3806 -2068 1024 ) (-3072 -2068 1024 ) 
4 228 231 (-3806 -3072 1024 ) (-4096 -3072 1024 ) (-4096 -2048 1024 ) (-3806 -2048 1024 ) 
4 229 230 (-3806 -2068 768 ) (-3806 -2068 -1792 ) (-3072 -2068 -1792 ) (-3072 -2068 768 ) 
4 229 231 (-3806 -2048 -1792 ) (-3806 -2068 -1792 ) (-3806 -2068 768 ) (-3806 -2048 768 ) 
4 230 232 (-3072 -3072 -1792 ) (-3072 -3072 1024 ) (-3806 -3072 1024 ) (-3806 -3072 -1792 ) 
4 230 231 (-3806 -2068 -1792 ) (-3806 -3072 -1792 ) (-3806 -3072 1024 ) (-3806 -2068 1024 ) 
4 231 233 (-4096 -2048 1024 ) (-4096 -2048 -1792 ) (-4096 -3072 -1792 ) (-4096 -3072 1024 ) 
4 231 232 (-3806 -3072 1024 ) (-4096 -3072 1024 ) (-4096 -3072 -1792 ) (-3806 -3072 -1792 ) 
4 232 238 (-3072 -4096 -1792 ) (-3072 -4096 4096 ) (-4096 -4096 4096 ) (-4096 -4096 -1792 ) 
4 232 234 (-4096 -4096 -1792 ) (-4096 -4096 4096 ) (-4096 -3072 4096 ) (-4096 -3072 -1792 ) 
4 233 234 (-4096 -3072 -1792 ) (-4096 -3072 4096 ) (-4352 -3072 4096 ) (-4352 -3072 -1792 ) 
4 234 239 (-4096 -4096 -1792 ) (-4096 -4096 4096 ) (-4352 -4096 4096 ) (-4352 -4096 -1792 ) 
4 235 236 (-1024 -4096 4096 ) (-1024 -4096 -1792 ) (-1024 -5120 -1792 ) (-1024 -5120 4096 ) 
4 236 237 (-2048 -5120 -1792 ) (-2048 -5120 4096 ) (-2048 -4096 4096 ) (-2048 -4096 -1792 ) 
4 237 238 (-3072 -4096 4096 ) (-3072 -4096 -1792 ) (-3072 -5120 -1792 ) (-3072 -5120 4096 ) 
4 238 239 (-4096 -4096 4096 ) (-4096 -4096 -1792 ) (-4096 -5120 -1792 ) (-4096 -5120 4096 ) 
