PRT1
492
1088
4 0 4 (7269.330078 8192 -1792 ) (7269.330078 8192 4096 ) (7168 8192 4096 ) (7168 8192 -1792 ) 
4 0 1 (7168 8192 -1792 ) (7168 8192 4096 ) (7168 8320.940430 4096 ) (7168 8320.940430 -1792 ) 
4 1 7 (7168 8192 -1792 ) (7168 8192 4096 ) (6144 8192 4096 ) (6144 8192 -1792 ) 
4 1 2 (6144 8192 -1792 ) (6144 8192 4096 ) (6144 8320.940430 4096 ) (6144 8320.940430 -1792 ) 
4 2 8 (6144 8192 -1792 ) (6144 8192 4096 ) (5120 8192 4096 ) (5120 8192 -1792 ) 
4 2 3 (5120 8192 -1792 ) (5120 8192 4096 ) (5120 8320.940430 4096 ) (5120 8320.940430 -1792 ) 
4 3 16 (4096 8192 -1792 ) (4096 8192 4096 ) (4096 8320.940430 4096 ) (4096 8320.940430 -1792 ) 
4 3 9 (5120 8192 -1792 ) (5120 8192 4096 ) (4096 8192 4096 ) (4096 8192 -1792 ) 
4 4 7 (7168 8192 4096 ) (7168 8192 -1792 ) (7168 7168 -1792 ) (7168 7168 4096 ) 
4 4 5 (7269.330078 7168 -1792 ) (7269.330078 7168 4096 ) (7168 7168 4096 ) (7168 7168 -1792 ) 
4 5 10 (7168 6144 -1792 ) (7168 6144 4096 ) (7168 7168 4096 ) (7168 7168 -1792 ) 
4 5 6 (7168 6144 4096 ) (7168 6144 -1792 ) (7269.330078 6144 -1792 ) (7269.330078 6144 4096 ) 
4 6 36 (7269.330078 5120 -1792 ) (7269.330078 5120 4096 ) (7168 5120 4096 ) (7168 5120 -1792 ) 
4 6 11 (7168 5120 -1792 ) (7168 5120 4096 ) (7168 6144 4096 ) (7168 6144 -1792 ) 
4 7 10 (7168 7168 -1792 ) (7168 7168 4096 ) (6144 7168 4096 ) (6144 7168 -1792 ) 
4 7 8 (6144 8192 4096 ) (6144 8192 -1792 ) (6144 7168 -1792 ) (6144 7168 4096 ) 
4 8 12 (6144 7168 -1792 ) (6144 7168 4096 ) (5120 7168 4096 ) (5120 7168 -1792 ) 
4 8 9 (5120 7168 -1792 ) (5120 7168 4096 ) (5120 8192 4096 ) (5120 8192 -1792 ) 
4 9 21 (4096 7168 -1792 ) (4096 7168 4096 ) (4096 8192 4096 ) (4096 8192 -1792 ) 
4 9 13 (5120 7168 -1792 ) (5120 7168 4096 ) (4096 7168 4096 ) (4096 7168 -1792 ) 
4 10 12 (6144 7168 4096 ) (6144 7168 -1792 ) (6144 6144 -1792 ) (6144 6144 4096 ) 
4 10 11 (7168 6144 -1792 ) (7168 6144 4096 ) (6144 6144 4096 ) (6144 6144 -1792 ) 
4 11 38 (7168 5120 -1792 ) (7168 5120 4096 ) (6144 5120 4096 ) (6144 5120 -1792 ) 
4 11 14 (6144 5120 -1792 ) (6144 5120 4096 ) (6144 6144 4096 ) (6144 6144 -1792 ) 
4 12 14 (6144 6144 -1792 ) (6144 6144 4096 ) (5120 6144 4096 ) (5120 6144 -1792 ) 
4 12 13 (5120 7168 4096 ) (5120 7168 -1792 ) (5120 6144 -1792 ) (5120 6144 4096 ) 
4 13 23 (4096 6144 -1792 ) (4096 6144 4096 ) (4096 7168 4096 ) (4096 7168 -1792 ) 
4 13 15 (5120 6144 -1792 ) (5120 6144 4096 ) (4096 6144 4096 ) (4096 6144 -1792 ) 
4 14 43 (6144 5120 -1792 ) (6144 5120 768 ) (5120 5120 768 ) (5120 5120 -1792 ) 
4 14 41 (5248 5120 4096 ) (5120 5120 4096 ) (5120 5120 768 ) (5248 5120 768 ) 
4 14 40 (6144 5120 768 ) (6144 5120 4096 ) (5248 5120 4096 ) (5248 5120 768 ) 
4 14 15 (5120 6144 4096 ) (5120 6144 -1792 ) (5120 5120 -1792 ) (5120 5120 4096 ) 
4 15 46 (5120 5120 -1792 ) (5120 5120 768 ) (4096 5120 768 ) (4096 5120 -1792 ) 
4 15 44 (5120 5120 768 ) (5120 5120 4096 ) (4096 5120 4096 ) (4096 5120 768 ) 
4 15 25 (4096 5120 -1792 ) (4096 5120 4096 ) (4096 6144 4096 ) (4096 6144 -1792 ) 
4 16 21 (4096 8192 -1792 ) (4096 8192 4096 ) (3072 8192 4096 ) (3072 8192 -1792 ) 
4 16 17 (3072 8192 -1792 ) (3072 8192 4096 ) (3072 8320.940430 4096 ) (3072 8320.940430 -1792 ) 
4 17 22 (3072 8192 -1792 ) (3072 8192 4096 ) (2048 8192 4096 ) (2048 8192 -1792 ) 
4 17 18 (2048 8192 -1792 ) (2048 8192 4096 ) (2048 8320.940430 4096 ) (2048 8320.940430 -1792 ) 
4 18 27 (2048 8192 -1792 ) (2048 8192 4096 ) (1024 8192 4096 ) (1024 8192 -1792 ) 
4 18 19 (1024 8192 -1792 ) (1024 8192 4096 ) (1024 8320.940430 4096 ) (1024 8320.940430 -1792 ) 
4 19 28 (1024 8192 -1792 ) (1024 8192 4096 ) (0 8192 4096 ) (0 8192 -1792 ) 
4 19 20 (0 8192 -1792 ) (0 8192 4096 ) (0 8320.940430 4096 ) (0 8320.940430 -1792 ) 
4 20 164 (-1024 8192 -1792 ) (-1024 8192 4096 ) (-1024 8320.940430 4096 ) (-1024 8320.940430 -1792 ) 
4 20 29 (0 8192 -1792 ) (0 8192 4096 ) (-1024 8192 4096 ) (-1024 8192 -1792 ) 
4 21 23 (4096 7168 -1792 ) (4096 7168 4096 ) (3072 7168 4096 ) (3072 7168 -1792 ) 
4 21 22 (3072 8192 4096 ) (3072 8192 -1792 ) (3072 7168 -1792 ) (3072 7168 4096 ) 
4 22 27 (2048 8192 4096 ) (2048 8192 -1792 ) (2048 7168 -1792 ) (2048 7168 4096 ) 
4 22 24 (3072 7168 -1792 ) (3072 7168 4096 ) (2048 7168 4096 ) (2048 7168 -1792 ) 
4 23 25 (4096 6144 -1792 ) (4096 6144 4096 ) (3072 6144 4096 ) (3072 6144 -1792 ) 
4 23 24 (3072 6144 -1792 ) (3072 6144 4096 ) (3072 7168 4096 ) (3072 7168 -1792 ) 
4 24 30 (2048 6144 -1792 ) (2048 6144 4096 ) (2048 7168 4096 ) (2048 7168 -1792 ) 
4 24 26 (2048 6144 4096 ) (2048 6144 -1792 ) (3072 6144 -1792 ) (3072 6144 4096 ) 
4 25 75 (4096 5120 -1792 ) (4096 5120 768 ) (3072 5120 768 ) (3072 5120 -1792 ) 
4 25 73 (4096 5120 768 ) (4096 5120 4096 ) (3072 5120 4096 ) (3072 5120 768 ) 
4 25 26 (3072 6144 4096 ) (3072 6144 -1792 ) (3072 5120 -1792 ) (3072 5120 4096 ) 
4 26 78 (3072 5120 -1792 ) (3072 5120 768 ) (2048 5120 768 ) (2048 5120 -1792 ) 
4 26 76 (3072 5120 768 ) (3072 5120 4096 ) (2048 5120 4096 ) (2048 5120 768 ) 
4 26 31 (2048 5120 -1792 ) (2048 5120 4096 ) (2048 6144 4096 ) (2048 6144 -1792 ) 
4 27 30 (2048 7168 -1792 ) (2048 7168 4096 ) (1024 7168 4096 ) (1024 7168 -1792 ) 
4 27 28 (1024 8192 4096 ) (1024 8192 -1792 ) (1024 7168 -1792 ) (1024 7168 4096 ) 
4 28 32 (1024 7168 -1792 ) (1024 7168 4096 ) (0 7168 4096 ) (0 7168 -1792 ) 
4 28 29 (0 7168 -1792 ) (0 7168 4096 ) (0 8192 4096 ) (0 8192 -1792 ) 
4 29 169 (-1024 7168 -1792 ) (-1024 7168 4096 ) (-1024 8192 4096 ) (-1024 8192 -1792 ) 
4 29 33 (0 7168 -1792 ) (0 7168 4096 ) (-1024 7168 4096 ) (-1024 7168 -1792 ) 
4 30 32 (1024 7168 4096 ) (1024 7168 -1792 ) (1024 6144 -1792 ) (1024 6144 4096 ) 
4 30 31 (2048 6144 -1792 ) (2048 6144 4096 ) (1024 6144 4096 ) (1024 6144 -1792 ) 
4 31 85 (2048 5120 -1792 ) (2048 5120 768 ) (1024 5120 768 ) (1024 5120 -1792 ) 
4 31 83 (2048 5120 768 ) (2048 5120 4096 ) (1024 5120 4096 ) (1024 5120 768 ) 
4 31 34 (1024 5120 -1792 ) (1024 5120 4096 ) (1024 6144 4096 ) (1024 6144 -1792 ) 
4 32 34 (1024 6144 -1792 ) (1024 6144 4096 ) (0 6144 4096 ) (0 6144 -1792 ) 
4 32 33 (0 7168 4096 ) (0 7168 -1792 ) (0 6144 -1792 ) (0 6144 4096 ) 
4 33 171 (-1024 6144 -1792 ) (-1024 6144 4096 ) (-1024 7168 4096 ) (-1024 7168 -1792 ) 
4 33 35 (0 6144 -1792 ) (0 6144 4096 ) (-1024 6144 4096 ) (-1024 6144 -1792 ) 
4 34 90 (1024 5120 -1792 ) (1024 5120 768 ) (0 5120 768 ) (0 5120 -1792 ) 
4 34 88 (1024 5120 768 ) (1024 5120 4096 ) (0 5120 4096 ) (0 5120 768 ) 
4 34 35 (0 6144 4096 ) (0 6144 -1792 ) (0 5120 -1792 ) (0 5120 4096 ) 
4 35 173 (-1024 5120 -1792 ) (-1024 5120 4096 ) (-1024 6144 4096 ) (-1024 6144 -1792 ) 
4 35 93 (0 5120 -1792 ) (0 5120 768 ) (-1024 5120 768 ) (-1024 5120 -1792 ) 
4 35 91 (0 5120 768 ) (0 5120 4096 ) (-1024 5120 4096 ) (-1024 5120 768 ) 
4 36 38 (7168 5120 4096 ) (7168 5120 -1792 ) (7168 4096 -1792 ) (7168 4096 4096 ) 
4 36 37 (7269.330078 4096 -1792 ) (7269.330078 4096 4096 ) (7168 4096 4096 ) (7168 4096 -1792 ) 
4 37 52 (7269.330078 3072 -1792 ) (7269.330078 3072 4096 ) (7168 3072 4096 ) (7168 3072 -1792 ) 
4 37 39 (7168 3072 -1792 ) (7168 3072 4096 ) (7168 4096 4096 ) (7168 4096 -1792 ) 
4 38 43 (6144 4096 -1792 ) (6144 4096 768 ) (6144 5120 768 ) (6144 5120 -1792 ) 
4 38 40 (6144 4096 768 ) (6144 4096 4096 ) (6144 5120 4096 ) (6144 5120 768 ) 
4 38 39 (7168 4096 -1792 ) (7168 4096 4096 ) (6144 4096 4096 ) (6144 4096 -1792 ) 
4 39 55 (7168 3072 -1792 ) (7168 3072 4096 ) (6144 3072 4096 ) (6144 3072 -1792 ) 
4 39 49 (6144 3072 -1792 ) (6144 3072 768 ) (6144 4096 768 ) (6144 4096 -1792 ) 
4 39 47 (6144 3072 768 ) (6144 3072 4096 ) (6144 4096 4096 ) (6144 4096 768 ) 
4 40 47 (6144 4096 768 ) (6144 4096 4096 ) (5248 4096 4096 ) (5248 4096 768 ) 
4 40 43 (6144 4096 768 ) (5248 4096 768 ) (5248 5120 768 ) (6144 5120 768 ) 
4 40 42 (5248 4096 1024 ) (5248 4096 4096 ) (5248 4480 4096 ) (5248 4480 1024 ) 
4 40 41 (5248 5120 768 ) (5248 4480 768 ) (5248 4480 4096 ) (5248 5120 4096 ) 
4 41 44 (5120 4480 4096 ) (5120 5120 4096 ) (5120 5120 768 ) (5120 4480 768 ) 
4 41 43 (5120 4480 768 ) (5120 5120 768 ) (5248 5120 768 ) (5248 4480 768 ) 
4 41 42 (5248 4480 1024 ) (5248 4480 4096 ) (5120 4480 4096 ) (5120 4480 1024 ) 
4 42 48 (5248 4096 4096 ) (5120 4096 4096 ) (5120 4096 1024 ) (5248 4096 1024 ) 
4 42 45 (5120 4096 1024 ) (5120 4096 4096 ) (5120 4480 4096 ) (5120 4480 1024 ) 
4 43 49 (6144 4096 -1792 ) (6144 4096 768 ) (5120 4096 768 ) (5120 4096 -1792 ) 
4 43 46 (5120 4096 -1792 ) (5120 4096 768 ) (5120 5120 768 ) (5120 5120 -1792 ) 
4 44 73 (4096 5120 4096 ) (4096 5120 768 ) (4096 4480 768 ) (4096 4480 4096 ) 
4 44 46 (5120 5120 768 ) (5120 4480 768 ) (4096 4480 768 ) (4096 5120 768 ) 
4 44 45 (5120 4480 1024 ) (5120 4480 4096 ) (4096 4480 4096 ) (4096 4480 1024 ) 
4 45 74 (4096 4096 1024 ) (4096 4096 4096 ) (4096 4480 4096 ) (4096 4480 1024 ) 
4 45 50 (4096 4096 4096 ) (4096 4096 1024 ) (5120 4096 1024 ) (5120 4096 4096 ) 
4 46 75 (4096 5120 768 ) (4096 5120 -1792 ) (4096 4096 -1792 ) (4096 4096 768 ) 
4 46 51 (4096 4096 768 ) (4096 4096 -1792 ) (5120 4096 -1792 ) (5120 4096 768 ) 
4 47 56 (6144 3072 768 ) (6144 3072 4096 ) (5248 3072 4096 ) (5248 3072 768 ) 
4 47 49 (5248 4096 768 ) (6144 4096 768 ) (6144 3072 768 ) (5248 3072 768 ) 
4 47 48 (5248 3072 1024 ) (5248 3072 4096 ) (5248 4096 4096 ) (5248 4096 1024 ) 
4 48 57 (5248 3072 4096 ) (5120 3072 4096 ) (5120 3072 1024 ) (5248 3072 1024 ) 
4 48 50 (5120 4096 4096 ) (5120 4096 1024 ) (5120 3072 1024 ) (5120 3072 4096 ) 
4 49 58 (6144 3072 -1792 ) (6144 3072 768 ) (5120 3072 768 ) (5120 3072 -1792 ) 
4 49 51 (5120 4096 768 ) (5120 4096 -1792 ) (5120 3072 -1792 ) (5120 3072 768 ) 
4 50 79 (4096 3072 1024 ) (4096 3072 4096 ) (4096 4096 4096 ) (4096 4096 1024 ) 
4 50 59 (5120 3072 1024 ) (5120 3072 4096 ) (4096 3072 4096 ) (4096 3072 1024 ) 
4 51 80 (4096 3072 -1792 ) (4096 3072 768 ) (4096 4096 768 ) (4096 4096 -1792 ) 
4 51 60 (5120 3072 -1792 ) (5120 3072 768 ) (4096 3072 768 ) (4096 3072 -1792 ) 
4 52 55 (7168 3072 4096 ) (7168 3072 -1792 ) (7168 2048 -1792 ) (7168 2048 4096 ) 
4 52 53 (7269.330078 2048 -1792 ) (7269.330078 2048 4096 ) (7168 2048 4096 ) (7168 2048 -1792 ) 
4 53 61 (7168 1024 -1792 ) (7168 1024 4096 ) (7168 2048 4096 ) (7168 2048 -1792 ) 
4 53 54 (7168 1024 4096 ) (7168 1024 -1792 ) (7269.330078 1024 -1792 ) (7269.330078 1024 4096 ) 
4 54 259 (7269.330078 0 -1792 ) (7269.330078 0 4096 ) (7168 0 4096 ) (7168 0 -1792 ) 
4 54 62 (7168 0 -1792 ) (7168 0 4096 ) (7168 1024 4096 ) (7168 1024 -1792 ) 
4 55 61 (7168 2048 -1792 ) (7168 2048 4096 ) (6144 2048 4096 ) (6144 2048 -1792 ) 
4 55 58 (6144 3072 768 ) (6144 3072 -1792 ) (6144 2048 -1792 ) (6144 2048 768 ) 
4 55 56 (6144 3072 4096 ) (6144 3072 768 ) (6144 2048 768 ) (6144 2048 4096 ) 
4 56 63 (6144 2048 768 ) (6144 2048 4096 ) (5248 2048 4096 ) (5248 2048 768 ) 
4 56 58 (6144 2048 768 ) (5248 2048 768 ) (5248 3072 768 ) (6144 3072 768 ) 
4 56 57 (5248 2048 1024 ) (5248 2048 4096 ) (5248 3072 4096 ) (5248 3072 1024 ) 
4 57 64 (5248 2048 4096 ) (5120 2048 4096 ) (5120 2048 1024 ) (5248 2048 1024 ) 
4 57 59 (5120 2048 1024 ) (5120 2048 4096 ) (5120 3072 4096 ) (5120 3072 1024 ) 
4 58 65 (6144 2048 -1792 ) (6144 2048 768 ) (5120 2048 768 ) (5120 2048 -1792 ) 
4 58 60 (5120 2048 -1792 ) (5120 2048 768 ) (5120 3072 768 ) (5120 3072 -1792 ) 
4 59 98 (4096 2048 1024 ) (4096 2048 4096 ) (4096 3072 4096 ) (4096 3072 1024 ) 
4 59 66 (5120 2048 1024 ) (5120 2048 4096 ) (4096 2048 4096 ) (4096 2048 1024 ) 
4 60 99 (4096 2048 -1792 ) (4096 2048 768 ) (4096 3072 768 ) (4096 3072 -1792 ) 
4 60 67 (5120 2048 -1792 ) (5120 2048 768 ) (4096 2048 768 ) (4096 2048 -1792 ) 
4 61 65 (6144 2048 768 ) (6144 2048 -1792 ) (6144 1024 -1792 ) (6144 1024 768 ) 
4 61 63 (6144 2048 4096 ) (6144 2048 768 ) (6144 1024 768 ) (6144 1024 4096 ) 
4 61 62 (7168 1024 -1792 ) (7168 1024 4096 ) (6144 1024 4096 ) (6144 1024 -1792 ) 
4 62 261 (7168 0 -1792 ) (7168 0 4096 ) (6144 0 4096 ) (6144 0 -1792 ) 
4 62 70 (6144 0 -1792 ) (6144 0 768 ) (6144 1024 768 ) (6144 1024 -1792 ) 
4 62 68 (6144 0 768 ) (6144 0 4096 ) (6144 1024 4096 ) (6144 1024 768 ) 
4 63 68 (6144 1024 768 ) (6144 1024 4096 ) (5248 1024 4096 ) (5248 1024 768 ) 
4 63 65 (6144 1024 768 ) (5248 1024 768 ) (5248 2048 768 ) (6144 2048 768 ) 
4 63 64 (5248 1024 1024 ) (5248 1024 4096 ) (5248 2048 4096 ) (5248 2048 1024 ) 
4 64 69 (5248 1024 4096 ) (5120 1024 4096 ) (5120 1024 1024 ) (5248 1024 1024 ) 
4 64 66 (5120 2048 4096 ) (5120 2048 1024 ) (5120 1024 1024 ) (5120 1024 4096 ) 
4 65 70 (6144 1024 -1792 ) (6144 1024 768 ) (5120 1024 768 ) (5120 1024 -1792 ) 
4 65 67 (5120 2048 768 ) (5120 2048 -1792 ) (5120 1024 -1792 ) (5120 1024 768 ) 
4 66 102 (4096 1024 1024 ) (4096 1024 4096 ) (4096 2048 4096 ) (4096 2048 1024 ) 
4 66 71 (5120 1024 1024 ) (5120 1024 4096 ) (4096 1024 4096 ) (4096 1024 1024 ) 
4 67 103 (4096 1024 -1792 ) (4096 1024 768 ) (4096 2048 768 ) (4096 2048 -1792 ) 
4 67 72 (5120 1024 -1792 ) (5120 1024 768 ) (4096 1024 768 ) (4096 1024 -1792 ) 
4 68 263 (6144 0 768 ) (6144 0 4096 ) (5248 0 4096 ) (5248 0 768 ) 
4 68 70 (5248 1024 768 ) (6144 1024 768 ) (6144 0 768 ) (5248 0 768 ) 
4 68 69 (5248 0 1024 ) (5248 0 4096 ) (5248 1024 4096 ) (5248 1024 1024 ) 
4 69 264 (5248 0 4096 ) (5120 0 4096 ) (5120 0 1024 ) (5248 0 1024 ) 
4 69 71 (5120 1024 4096 ) (5120 1024 1024 ) (5120 0 1024 ) (5120 0 4096 ) 
4 70 265 (6144 0 -1792 ) (6144 0 768 ) (5120 0 768 ) (5120 0 -1792 ) 
4 70 72 (5120 1024 768 ) (5120 1024 -1792 ) (5120 0 -1792 ) (5120 0 768 ) 
4 71 266 (5120 0 1024 ) (5120 0 4096 ) (4096 0 4096 ) (4096 0 1024 ) 
4 71 106 (4096 0 1024 ) (4096 0 4096 ) (4096 1024 4096 ) (4096 1024 1024 ) 
4 72 267 (5120 0 -1792 ) (5120 0 768 ) (4096 0 768 ) (4096 0 -1792 ) 
4 72 107 (4096 0 -1792 ) (4096 0 768 ) (4096 1024 768 ) (4096 1024 -1792 ) 
4 73 76 (3072 5120 4096 ) (3072 5120 768 ) (3072 4480 768 ) (3072 4480 4096 ) 
4 73 75 (3072 4480 768 ) (3072 5120 768 ) (4096 5120 768 ) (4096 4480 768 ) 
4 73 74 (4096 4480 1024 ) (4096 4480 4096 ) (3072 4480 4096 ) (3072 4480 1024 ) 
4 74 79 (4096 4096 1024 ) (4096 4096 4096 ) (3072 4096 4096 ) (3072 4096 1024 ) 
4 74 77 (3072 4096 1024 ) (3072 4096 4096 ) (3072 4480 4096 ) (3072 4480 1024 ) 
4 75 80 (4096 4096 -1792 ) (4096 4096 768 ) (3072 4096 768 ) (3072 4096 -1792 ) 
4 75 78 (3072 5120 768 ) (3072 5120 -1792 ) (3072 4096 -1792 ) (3072 4096 768 ) 
4 76 83 (2048 5120 4096 ) (2048 5120 768 ) (2048 4480 768 ) (2048 4480 4096 ) 
4 76 78 (2048 5120 768 ) (3072 5120 768 ) (3072 4480 768 ) (2048 4480 768 ) 
4 76 77 (3072 4480 1024 ) (3072 4480 4096 ) (2048 4480 4096 ) (2048 4480 1024 ) 
4 77 84 (2048 4096 1024 ) (2048 4096 4096 ) (2048 4480 4096 ) (2048 4480 1024 ) 
4 77 81 (3072 4096 1024 ) (3072 4096 4096 ) (2048 4096 4096 ) (2048 4096 1024 ) 
4 78 85 (2048 5120 768 ) (2048 5120 -1792 ) (2048 4096 -1792 ) (2048 4096 768 ) 
4 78 82 (3072 4096 -1792 ) (3072 4096 768 ) (2048 4096 768 ) (2048 4096 -1792 ) 
4 79 98 (4096 3072 1024 ) (4096 3072 4096 ) (3072 3072 4096 ) (3072 3072 1024 ) 
4 79 81 (3072 4096 4096 ) (3072 4096 1024 ) (3072 3072 1024 ) (3072 3072 4096 ) 
4 80 99 (4096 3072 -1792 ) (4096 3072 768 ) (3072 3072 768 ) (3072 3072 -1792 ) 
4 80 82 (3072 4096 768 ) (3072 4096 -1792 ) (3072 3072 -1792 ) (3072 3072 768 ) 
4 81 100 (3072 3072 1024 ) (3072 3072 4096 ) (2048 3072 4096 ) (2048 3072 1024 ) 
4 81 86 (2048 3072 1024 ) (2048 3072 4096 ) (2048 4096 4096 ) (2048 4096 1024 ) 
4 82 101 (3072 3072 -1792 ) (3072 3072 768 ) (2048 3072 768 ) (2048 3072 -1792 ) 
4 82 87 (2048 3072 -1792 ) (2048 3072 768 ) (2048 4096 768 ) (2048 4096 -1792 ) 
4 83 88 (1024 4480 4096 ) (1024 5120 4096 ) (1024 5120 768 ) (1024 4480 768 ) 
4 83 85 (1024 4480 768 ) (1024 5120 768 ) (2048 5120 768 ) (2048 4480 768 ) 
4 83 84 (2048 4480 1024 ) (2048 4480 4096 ) (1024 4480 4096 ) (1024 4480 1024 ) 
4 84 89 (1024 4096 1024 ) (1024 4096 4096 ) (1024 4480 4096 ) (1024 4480 1024 ) 
4 84 86 (2048 4096 1024 ) (2048 4096 4096 ) (1024 4096 4096 ) (1024 4096 1024 ) 
4 85 90 (1024 4096 -1792 ) (1024 4096 768 ) (1024 5120 768 ) (1024 5120 -1792 ) 
4 85 87 (2048 4096 -1792 ) (2048 4096 768 ) (1024 4096 768 ) (1024 4096 -1792 ) 
4 86 112 (1408 3072 2176 ) (1024 3072 2176 ) (1024 3072 1024 ) (1408 3072 1024 ) 
4 86 111 (2048 3072 1024 ) (2048 3072 2176 ) (1408 3072 2176 ) (1408 3072 1024 ) 
4 86 110 (2048 3072 2176 ) (2048 3072 4096 ) (1024 3072 4096 ) (1024 3072 2176 ) 
4 86 94 (1024 3072 1024 ) (1024 3072 4096 ) (1024 4096 4096 ) (1024 4096 1024 ) 
4 87 113 (2048 3072 -1792 ) (2048 3072 768 ) (1024 3072 768 ) (1024 3072 -1792 ) 
4 87 95 (1024 3072 -1792 ) (1024 3072 768 ) (1024 4096 768 ) (1024 4096 -1792 ) 
4 88 91 (0 4480 4096 ) (0 5120 4096 ) (0 5120 768 ) (0 4480 768 ) 
4 88 90 (0 4480 768 ) (0 5120 768 ) (1024 5120 768 ) (1024 4480 768 ) 
4 88 89 (1024 4480 1024 ) (1024 4480 4096 ) (0 4480 4096 ) (0 4480 1024 ) 
4 89 94 (1024 4096 1024 ) (1024 4096 4096 ) (0 4096 4096 ) (0 4096 1024 ) 
4 89 92 (0 4096 1024 ) (0 4096 4096 ) (0 4480 4096 ) (0 4480 1024 ) 
4 90 95 (1024 4096 -1792 ) (1024 4096 768 ) (0 4096 768 ) (0 4096 -1792 ) 
4 90 93 (0 4096 -1792 ) (0 4096 768 ) (0 5120 768 ) (0 5120 -1792 ) 
4 91 196 (-1024 4480 4096 ) (-1024 5120 4096 ) (-1024 5120 768 ) (-1024 4480 768 ) 
4 91 93 (-1024 5120 768 ) (0 5120 768 ) (0 4480 768 ) (-1024 4480 768 ) 
4 91 92 (0 4480 1024 ) (0 4480 4096 ) (-1024 4480 4096 ) (-1024 4480 1024 ) 
4 92 197 (-1024 4096 1024 ) (-1024 4096 4096 ) (-1024 4480 4096 ) (-1024 4480 1024 ) 
4 92 96 (-1024 4096 4096 ) (-1024 4096 1024 ) (0 4096 1024 ) (0 4096 4096 ) 
4 93 198 (-1024 4096 -1792 ) (-1024 4096 768 ) (-1024 5120 768 ) (-1024 5120 -1792 ) 
4 93 97 (-1024 4096 768 ) (-1024 4096 -1792 ) (0 4096 -1792 ) (0 4096 768 ) 
4 94 115 (1024 3072 1024 ) (1024 3072 2176 ) (960 3072 2176 ) (960 3072 1024 ) 
4 94 116 (960 3072 2176 ) (0 3072 2176 ) (0 3072 1024 ) (960 3072 1024 ) 
4 94 114 (1024 3072 2176 ) (1024 3072 4096 ) (0 3072 4096 ) (0 3072 2176 ) 
4 94 96 (0 4096 4096 ) (0 4096 1024 ) (0 3072 1024 ) (0 3072 4096 ) 
4 95 117 (1024 3072 -1792 ) (1024 3072 768 ) (0 3072 768 ) (0 3072 -1792 ) 
4 95 97 (0 4096 768 ) (0 4096 -1792 ) (0 3072 -1792 ) (0 3072 768 ) 
4 96 202 (-1024 3072 1024 ) (-1024 3072 4096 ) (-1024 4096 4096 ) (-1024 4096 1024 ) 
4 96 118 (0 3072 1024 ) (0 3072 4096 ) (-1024 3072 4096 ) (-1024 3072 1024 ) 
4 97 203 (-1024 3072 -1792 ) (-1024 3072 768 ) (-1024 4096 768 ) (-1024 4096 -1792 ) 
4 97 119 (0 3072 -1792 ) (0 3072 768 ) (-1024 3072 768 ) (-1024 3072 -1792 ) 
4 98 102 (4096 2048 1024 ) (4096 2048 4096 ) (3072 2048 4096 ) (3072 2048 1024 ) 
4 98 100 (3072 3072 4096 ) (3072 3072 1024 ) (3072 2048 1024 ) (3072 2048 4096 ) 
4 99 103 (4096 2048 -1792 ) (4096 2048 768 ) (3072 2048 768 ) (3072 2048 -1792 ) 
4 99 101 (3072 3072 768 ) (3072 3072 -1792 ) (3072 2048 -1792 ) (3072 2048 768 ) 
4 100 111 (2048 3072 2176 ) (2048 3072 1024 ) (2048 2048 1024 ) (2048 2048 2176 ) 
4 100 110 (2048 3072 4096 ) (2048 3072 2176 ) (2048 2048 2176 ) (2048 2048 4096 ) 
4 100 104 (3072 2048 1024 ) (3072 2048 4096 ) (2048 2048 4096 ) (2048 2048 1024 ) 
4 101 113 (2048 3072 768 ) (2048 3072 -1792 ) (2048 2048 -1792 ) (2048 2048 768 ) 
4 101 105 (3072 2048 -1792 ) (3072 2048 768 ) (2048 2048 768 ) (2048 2048 -1792 ) 
4 102 106 (4096 1024 1024 ) (4096 1024 4096 ) (3072 1024 4096 ) (3072 1024 1024 ) 
4 102 104 (3072 1024 1024 ) (3072 1024 4096 ) (3072 2048 4096 ) (3072 2048 1024 ) 
4 103 107 (4096 1024 -1792 ) (4096 1024 768 ) (3072 1024 768 ) (3072 1024 -1792 ) 
4 103 105 (3072 1024 -1792 ) (3072 1024 768 ) (3072 2048 768 ) (3072 2048 -1792 ) 
4 104 122 (2048 1024 1024 ) (2048 1024 4096 ) (2048 1408 4096 ) (2048 1408 1024 ) 
4 104 120 (2048 1408 4096 ) (2048 2048 4096 ) (2048 2048 1024 ) (2048 1408 1024 ) 
4 104 108 (2048 1024 4096 ) (2048 1024 1024 ) (3072 1024 1024 ) (3072 1024 4096 ) 
4 105 124 (2048 1024 -1792 ) (2048 1024 768 ) (2048 2048 768 ) (2048 2048 -1792 ) 
4 105 109 (2048 1024 768 ) (2048 1024 -1792 ) (3072 1024 -1792 ) (3072 1024 768 ) 
4 106 296 (4096 0 1024 ) (4096 0 4096 ) (3072 0 4096 ) (3072 0 1024 ) 
4 106 108 (3072 1024 4096 ) (3072 1024 1024 ) (3072 0 1024 ) (3072 0 4096 ) 
4 107 297 (4096 0 -1792 ) (4096 0 768 ) (3072 0 768 ) (3072 0 -1792 ) 
4 107 109 (3072 1024 768 ) (3072 1024 -1792 ) (3072 0 -1792 ) (3072 0 768 ) 
4 108 298 (3072 0 1024 ) (3072 0 4096 ) (2048 0 4096 ) (2048 0 1024 ) 
4 108 128 (2048 0 1024 ) (2048 0 2176 ) (2048 1024 2176 ) (2048 1024 1024 ) 
4 108 126 (2048 0 2176 ) (2048 0 3108.571289 ) (2048 1024 3108.571289 ) (2048 1024 2176 ) 
4 108 125 (2048 0 3108.571289 ) (2048 0 4096 ) (2048 1024 4096 ) (2048 1024 3108.571289 ) 
4 109 299 (3072 0 -1792 ) (3072 0 768 ) (2048 0 768 ) (2048 0 -1792 ) 
4 109 131 (2048 0 -1792 ) (2048 0 768 ) (2048 1024 768 ) (2048 1024 -1792 ) 
4 110 121 (1408 2048 4096 ) (1024 2048 4096 ) (1024 2048 2176 ) (1408 2048 2176 ) 
4 110 120 (2048 2048 2176 ) (2048 2048 4096 ) (1408 2048 4096 ) (1408 2048 2176 ) 
4 110 114 (1024 3072 4096 ) (1024 3072 2176 ) (1024 2048 2176 ) (1024 2048 4096 ) 
4 110 112 (1024 2432 2176 ) (1024 3072 2176 ) (1408 3072 2176 ) (1408 2432 2176 ) 
4 110 111 (1408 3072 2176 ) (2048 3072 2176 ) (2048 2048 2176 ) (1408 2048 2176 ) 
4 111 120 (2048 2048 1024 ) (2048 2048 2176 ) (1408 2048 2176 ) (1408 2048 1024 ) 
4 111 112 (1408 3072 1024 ) (1408 2432 1024 ) (1408 2432 2176 ) (1408 3072 2176 ) 
4 112 115 (1024 3072 2176 ) (1024 3072 1024 ) (1024 2432 1024 ) (1024 2432 2176 ) 
4 113 124 (2048 2048 -1792 ) (2048 2048 768 ) (1024 2048 768 ) (1024 2048 -1792 ) 
4 113 117 (1024 3072 768 ) (1024 3072 -1792 ) (1024 2048 -1792 ) (1024 2048 768 ) 
4 114 132 (1024 2048 2176 ) (1024 2048 4096 ) (0 2048 4096 ) (0 2048 2176 ) 
4 114 118 (0 2048 2176 ) (0 2048 4096 ) (0 3072 4096 ) (0 3072 2176 ) 
4 114 115 (960 3072 2176 ) (1024 3072 2176 ) (1024 2432 2176 ) (960 2432 2176 ) 
4 114 116 (0 2048 2176 ) (0 3072 2176 ) (960 3072 2176 ) (960 2048 2176 ) 
4 115 116 (960 3072 1024 ) (960 2432 1024 ) (960 2432 2176 ) (960 3072 2176 ) 
4 116 135 (64 2048 2176 ) (0 2048 2176 ) (0 2048 1024 ) (64 2048 1024 ) 
4 116 134 (960 2048 2176 ) (64 2048 2176 ) (64 2048 1024 ) (960 2048 1024 ) 
4 116 118 (0 2048 1024 ) (0 2048 2176 ) (0 3072 2176 ) (0 3072 1024 ) 
4 117 136 (1024 2048 -1792 ) (1024 2048 768 ) (0 2048 768 ) (0 2048 -1792 ) 
4 117 119 (0 2048 -1792 ) (0 2048 768 ) (0 3072 768 ) (0 3072 -1792 ) 
4 118 217 (-1024 2048 1024 ) (-1024 2048 4096 ) (-1024 3072 4096 ) (-1024 3072 1024 ) 
4 118 138 (0 2048 1024 ) (0 2048 2176 ) (-384 2048 2176 ) (-384 2048 1024 ) 
4 118 139 (-384 2048 2176 ) (-1024 2048 2176 ) (-1024 2048 1024 ) (-384 2048 1024 ) 
4 118 137 (0 2048 2176 ) (0 2048 4096 ) (-1024 2048 4096 ) (-1024 2048 2176 ) 
4 119 218 (-1024 2048 -1792 ) (-1024 2048 768 ) (-1024 3072 768 ) (-1024 3072 -1792 ) 
4 119 140 (0 2048 -1792 ) (0 2048 768 ) (-1024 2048 768 ) (-1024 2048 -1792 ) 
4 120 122 (1408 1408 1024 ) (2048 1408 1024 ) (2048 1408 4096 ) (1408 1408 4096 ) 
4 120 121 (1408 1408 2176 ) (1408 1408 4096 ) (1408 2048 4096 ) (1408 2048 2176 ) 
4 121 132 (1024 2048 4096 ) (1024 2048 2176 ) (1024 1408 2176 ) (1024 1408 4096 ) 
4 121 123 (1408 1408 2176 ) (1408 1408 4096 ) (1024 1408 4096 ) (1024 1408 2176 ) 
4 122 128 (2048 1024 1024 ) (2048 1024 2176 ) (1408 1024 2176 ) (1408 1024 1024 ) 
4 122 126 (2048 1024 2176 ) (2048 1024 3108.571289 ) (1408 1024 2560 ) (1408 1024 2176 ) 
4 122 125 (2048 1024 3108.571289 ) (2048 1024 4096 ) (1408 1024 4096 ) (1408 1024 2560 ) 
4 122 123 (1408 1024 4096 ) (1408 1408 4096 ) (1408 1408 1984 ) (1408 1024 1984 ) 
4 123 133 (1024 1024 1984 ) (1024 1024 2176 ) (1024 1408 2176 ) (1024 1408 1984 ) 
4 123 132 (1024 1024 2176 ) (1024 1024 4096 ) (1024 1408 4096 ) (1024 1408 2176 ) 
4 123 129 (1024 1024 2176 ) (1024 1024 1984 ) (1408 1024 1984 ) (1408 1024 2176 ) 
4 123 127 (1024 1024 2230.857178 ) (1024 1024 2176 ) (1408 1024 2176 ) (1184 1024 2368 ) 
3 123 126 (1408 1024 2176 ) (1408 1024 2560 ) (1184 1024 2368 ) 
4 123 125 (1408 1024 4096 ) (1024 1024 4096 ) (1024 1024 2230.857178 ) (1408 1024 2560 ) 
4 124 136 (1024 2048 768 ) (1024 2048 -1792 ) (1024 1024 -1792 ) (1024 1024 768 ) 
4 124 131 (2048 1024 -1792 ) (2048 1024 768 ) (1024 1024 768 ) (1024 1024 -1792 ) 
4 125 304 (2048 0 3108.571289 ) (2048 0 4096 ) (1024 0 4096 ) (1024 0 2230.857178 ) 
4 125 149 (1024 0 2230.856934 ) (1024 0 4096 ) (1024 192 4096 ) (1024 192 2230.856934 ) 
4 125 144 (1024 192 4096 ) (1024 896 4096 ) (1024 896 2230.857178 ) (1024 192 2230.856934 ) 
4 125 141 (1024 896 4096 ) (1024 1024 4096 ) (1024 1024 2230.857178 ) (1024 896 2230.857178 ) 
4 125 127 (1024 155.427383 2230.858887 ) (1024 1024 2230.858887 ) (1184 1024 2368 ) (1184 64 2368 ) 
4 125 126 (2048 1024 3108.572998 ) (2048 0 3108.572998 ) (1184 0 2368 ) (1184 1024 2368 ) 
4 126 305 (2048 0 2176 ) (2048 0 3108.571289 ) (1184 0 2368 ) (1408 0 2176 ) 
4 126 128 (2048 1024 2176 ) (2048 0 2176 ) (1408 0 2176 ) (1408 1024 2176 ) 
4 126 127 (1184 64 2368 ) (1184 1024 2368 ) (1408 1024 2176 ) (1408 192 2176 ) 
3 127 150 (1024 155.428680 2230.856934 ) (1024 192 2230.856934 ) (1024 192 2176 ) 
4 127 144 (1024 192 2230.856934 ) (1024 896 2230.857178 ) (1024 896 2176 ) (1024 192 2176 ) 
4 127 141 (1024 896 2230.857178 ) (1024 1024 2230.857178 ) (1024 1024 2176 ) (1024 896 2176 ) 
4 127 130 (1024 192 2176 ) (1024 384 2176 ) (1408 384 2176 ) (1408 192 2176 ) 
4 127 129 (1024 896 2176 ) (1024 1024 2176 ) (1408 1024 2176 ) (1408 896 2176 ) 
4 128 307 (2048 0 1024 ) (2048 0 1627.428711 ) (1408 0 2176 ) (1408 0 1024 ) 
3 128 305 (2048 0 1627.428711 ) (2048 0 2176 ) (1408 0 2176 ) 
4 128 130 (1408 384 1024 ) (1408 192 1024 ) (1408 192 2176 ) (1408 384 2176 ) 
4 128 129 (1408 896 1984 ) (1408 896 2176 ) (1408 1024 2176 ) (1408 1024 1984 ) 
4 129 142 (1024 896 2176 ) (1024 1024 2176 ) (1024 1024 1984 ) (1024 896 1984 ) 
4 130 145 (1024 192 2176 ) (1024 384 2176 ) (1024 384 1024 ) (1024 192 1024 ) 
4 131 309 (2048 0 -1792 ) (2048 0 768 ) (1024 0 768 ) (1024 0 -1792 ) 
4 131 155 (1024 0 -1792 ) (1024 0 768 ) (1024 1024 768 ) (1024 1024 -1792 ) 
4 132 141 (1024 1024 2176 ) (1024 1024 4096 ) (0 1024 4096 ) (0 1024 2176 ) 
4 132 137 (0 2048 4096 ) (0 2048 2176 ) (0 1024 2176 ) (0 1024 4096 ) 
4 132 135 (0 1920 2176 ) (0 2048 2176 ) (64 2048 2176 ) (64 1920 2176 ) 
4 132 134 (64 2048 2176 ) (960 2048 2176 ) (960 1024 2176 ) (64 1024 2176 ) 
4 132 133 (1024 1408 2176 ) (1024 1024 2176 ) (960 1024 2176 ) (960 1408 2176 ) 
4 133 142 (1024 1024 1984 ) (1024 1024 2176 ) (960 1024 2176 ) (960 1024 1984 ) 
4 133 134 (960 1024 1984 ) (960 1024 2176 ) (960 1408 2176 ) (960 1408 1984 ) 
4 134 143 (960 1024 2176 ) (64 1024 2176 ) (64 1024 1024 ) (960 1024 1024 ) 
4 134 135 (64 2048 1024 ) (64 1920 1024 ) (64 1920 2176 ) (64 2048 2176 ) 
4 135 138 (0 2048 2176 ) (0 2048 1024 ) (0 1920 1024 ) (0 1920 2176 ) 
4 136 155 (1024 1024 -1792 ) (1024 1024 768 ) (0 1024 768 ) (0 1024 -1792 ) 
4 136 140 (0 2048 768 ) (0 2048 -1792 ) (0 1024 -1792 ) (0 1024 768 ) 
4 137 221 (-1024 1024 2176 ) (-1024 1024 4096 ) (-1024 2048 4096 ) (-1024 2048 2176 ) 
4 137 156 (0 1024 2176 ) (0 1024 4096 ) (-1024 1024 4096 ) (-1024 1024 2176 ) 
4 137 138 (-384 1920 2176 ) (-384 2048 2176 ) (0 2048 2176 ) (0 1920 2176 ) 
4 137 139 (-384 1024 2176 ) (-1024 1024 2176 ) (-1024 2048 2176 ) (-384 2048 2176 ) 
4 138 139 (-384 2048 1024 ) (-384 1920 1024 ) (-384 1920 2176 ) (-384 2048 2176 ) 
4 139 221 (-1024 1024 1024 ) (-1024 1024 2176 ) (-1024 2048 2176 ) (-1024 2048 1024 ) 
4 139 157 (-384 1024 2176 ) (-1024 1024 2176 ) (-1024 1024 1024 ) (-384 1024 1024 ) 
4 140 222 (-1024 1024 -1792 ) (-1024 1024 768 ) (-1024 2048 768 ) (-1024 2048 -1792 ) 
4 140 163 (0 1024 -1792 ) (0 1024 768 ) (-1024 1024 768 ) (-1024 1024 -1792 ) 
4 141 156 (0 1024 4096 ) (0 1024 2176 ) (0 896 2176 ) (0 896 4096 ) 
4 141 144 (1024 896 2176 ) (1024 896 4096 ) (0 896 4096 ) (0 896 2176 ) 
4 141 143 (960 896 2176 ) (64 896 2176 ) (64 1024 2176 ) (960 1024 2176 ) 
4 141 142 (1024 896 2176 ) (960 896 2176 ) (960 1024 2176 ) (1024 1024 2176 ) 
4 142 143 (960 896 1984 ) (960 896 2176 ) (960 1024 2176 ) (960 1024 1984 ) 
4 143 147 (576 896 1984 ) (576 896 2176 ) (64 896 2176 ) (64 896 1984 ) 
4 143 146 (576 896 1024 ) (960 896 1024 ) (960 896 2176 ) (576 896 2176 ) 
4 144 158 (0 192 2176 ) (0 192 4096 ) (0 896 4096 ) (0 896 2176 ) 
4 144 154 (0 192 4096 ) (0 192 2176 ) (256 192 2176 ) (256 192 4096 ) 
4 144 153 (256 192 2176 ) (512 192 2176 ) (512 192 4096 ) (256 192 4096 ) 
4 144 152 (512 192 2176 ) (768 192 2176 ) (768 192 4096 ) (512 192 4096 ) 
4 144 151 (960 192 2272 ) (960 192 4096 ) (768 192 4096 ) (768 192 2272 ) 
3 144 150 (960 192 2176 ) (1024 192 2176 ) (1024 192 2230.856934 ) 
4 144 149 (960 192 2176 ) (1024 192 2230.856934 ) (1024 192 4096 ) (960 192 4096 ) 
4 144 147 (0 512 2176 ) (0 896 2176 ) (576 896 2176 ) (576 512 2176 ) 
4 144 148 (576 192 2176 ) (0 192 2176 ) (0 512 2176 ) (576 512 2176 ) 
4 144 146 (960 192 2176 ) (576 192 2176 ) (576 896 2176 ) (960 896 2176 ) 
4 144 145 (1024 192 2176 ) (960 192 2176 ) (960 384 2176 ) (1024 384 2176 ) 
4 145 146 (960 192 1024 ) (960 192 2176 ) (960 384 2176 ) (960 384 1024 ) 
4 146 152 (768 192 2048 ) (768 192 2176 ) (576 192 2176 ) (576 192 2048 ) 
4 146 147 (576 512 2176 ) (576 896 2176 ) (576 896 1984 ) (576 512 1984 ) 
4 146 148 (576 192 1024 ) (576 192 2176 ) (576 512 2176 ) (576 512 1024 ) 
4 147 158 (0 512 1984 ) (0 512 2176 ) (0 896 2176 ) (0 896 1984 ) 
4 147 148 (576 512 1984 ) (576 512 2176 ) (0 512 2176 ) (0 512 1984 ) 
4 148 159 (0 512 1024 ) (0 192 1024 ) (0 192 1984 ) (0 512 1984 ) 
4 148 158 (0 192 1984 ) (0 192 2176 ) (0 512 2176 ) (0 512 1984 ) 
4 148 154 (0 192 2176 ) (0 192 1856 ) (256 192 1856 ) (256 192 2176 ) 
4 148 153 (256 192 1792 ) (512 192 1792 ) (512 192 2176 ) (256 192 2176 ) 
4 148 152 (576 192 2048 ) (576 192 2176 ) (512 192 2176 ) (512 192 2048 ) 
4 149 312 (1024 0 2230.856934 ) (1024 0 4096 ) (960 0 4096 ) (960 0 2176 ) 
4 149 151 (960 192 4096 ) (960 192 2272 ) (960 0 2272 ) (960 0 4096 ) 
3 149 150 (960 192 2176.001709 ) (1024 192 2230.858887 ) (1024 155.427338 2230.858887 ) 
4 151 312 (768 0 4096 ) (768 0 2272 ) (960 0 2272 ) (960 0 4096 ) 
4 151 152 (768 192 4096 ) (768 192 2272 ) (768 0 2272 ) (768 0 4096 ) 
4 152 316 (512 0 4096 ) (512 0 2048 ) (640 0 2048 ) (640 0 4096 ) 
4 152 312 (640 0 2048 ) (768 0 2048 ) (768 0 4096 ) (640 0 4096 ) 
4 152 153 (512 192 4096 ) (512 192 2048 ) (512 0 2048 ) (512 0 4096 ) 
4 153 320 (256 0 1792 ) (512 0 1792 ) (512 0 1923.001709 ) (256 0 1822.157227 ) 
4 153 316 (512 0 1923.001709 ) (512 0 4096 ) (256 0 4096 ) (256 0 1822.157227 ) 
4 153 154 (256 0 1920 ) (256 0 4096 ) (256 192 4096 ) (256 192 1856 ) 
4 154 324 (0 0 4096 ) (0 0 1920 ) (256 0 1920 ) (256 0 4096 ) 
4 154 161 (0 0 1920 ) (0 0 4096 ) (0 192 4096 ) (0 192 1856 ) 
4 155 326 (1024 0 -1792 ) (1024 0 768 ) (0 0 768 ) (0 0 -1792 ) 
4 155 163 (0 1024 768 ) (0 1024 -1792 ) (0 0 -1792 ) (0 0 768 ) 
4 156 225 (-1024 1024 4096 ) (-1024 1024 2176 ) (-1024 896 2176 ) (-1024 896 4096 ) 
4 156 158 (0 896 2176 ) (0 896 4096 ) (-1024 896 4096 ) (-1024 896 2176 ) 
4 156 157 (-384 896 2176 ) (-1024 896 2176 ) (-1024 1024 2176 ) (-384 1024 2176 ) 
4 157 225 (-1024 1024 2176 ) (-1024 1024 1024 ) (-1024 896 1024 ) (-1024 896 2176 ) 
4 157 160 (-1024 896 1024 ) (-384 896 1024 ) (-384 896 1984 ) (-1024 896 1984 ) 
4 157 158 (-384 896 1984 ) (-384 896 2176 ) (-1024 896 2176 ) (-1024 896 1984 ) 
4 158 225 (-1024 896 4096 ) (-1024 896 1984 ) (-1024 192 1984 ) (-1024 192 4096 ) 
4 158 161 (-768 192 1984 ) (0 192 1984 ) (0 192 4096 ) (-768 192 4096 ) 
4 158 162 (-1024 192 4096 ) (-1024 192 1984 ) (-768 192 1984 ) (-768 192 4096 ) 
4 158 159 (0 192 1984 ) (-384 192 1984 ) (-384 512 1984 ) (0 512 1984 ) 
4 158 160 (-384 192 1984 ) (-1024 192 1984 ) (-1024 896 1984 ) (-384 896 1984 ) 
4 159 161 (0 192 1856 ) (0 192 1984 ) (-384 192 1984 ) (-384 192 1856 ) 
4 159 160 (-384 192 1024 ) (-384 192 1984 ) (-384 512 1984 ) (-384 512 1024 ) 
4 160 225 (-1024 896 1984 ) (-1024 896 1024 ) (-1024 192 1024 ) (-1024 192 1984 ) 
4 160 161 (-384 192 1856 ) (-384 192 1984 ) (-768 192 1984 ) (-768 192 1856 ) 
4 160 162 (-1024 192 1984 ) (-1024 192 1024 ) (-768 192 1024 ) (-768 192 1984 ) 
4 161 327 (0 0 1920 ) (0 0 4096 ) (-768 0 4096 ) (-768 0 1920 ) 
4 161 162 (-768 0 4096 ) (-768 192 4096 ) (-768 192 1856 ) (-768 0 1920 ) 
4 162 328 (-768 0 4096 ) (-1024 0 4096 ) (-1024 0 1024 ) (-768 0 1024 ) 
4 162 225 (-1024 0 1024 ) (-1024 0 4096 ) (-1024 192 4096 ) (-1024 192 1024 ) 
4 163 335 (0 0 -1792 ) (0 0 768 ) (-1024 0 768 ) (-1024 0 -1792 ) 
4 163 226 (-1024 0 -1792 ) (-1024 0 768 ) (-1024 1024 768 ) (-1024 1024 -1792 ) 
4 164 169 (-1024 8192 -1792 ) (-1024 8192 4096 ) (-2048 8192 4096 ) (-2048 8192 -1792 ) 
4 164 165 (-2048 8192 -1792 ) (-2048 8192 4096 ) (-2048 8320.940430 4096 ) (-2048 8320.940430 -1792 ) 
4 165 170 (-2048 8192 -1792 ) (-2048 8192 4096 ) (-3072 8192 4096 ) (-3072 8192 -1792 ) 
4 165 166 (-3072 8192 -1792 ) (-3072 8192 4096 ) (-3072 8320.940430 4096 ) (-3072 8320.940430 -1792 ) 
4 166 175 (-3072 8192 -1792 ) (-3072 8192 4096 ) (-4096 8192 4096 ) (-4096 8192 -1792 ) 
4 166 167 (-4096 8192 -1792 ) (-4096 8192 4096 ) (-4096 8320.940430 4096 ) (-4096 8320.940430 -1792 ) 
4 167 176 (-4096 8192 -1792 ) (-4096 8192 4096 ) (-5120 8192 4096 ) (-5120 8192 -1792 ) 
4 167 168 (-5120 8192 -1792 ) (-5120 8192 4096 ) (-5120 8320.940430 4096 ) (-5120 8320.940430 -1792 ) 
4 168 184 (-6144 8192 -1792 ) (-6144 8192 4096 ) (-6144 8320.940430 4096 ) (-6144 8320.940430 -1792 ) 
4 168 177 (-5120 8192 -1792 ) (-5120 8192 4096 ) (-6144 8192 4096 ) (-6144 8192 -1792 ) 
4 169 171 (-1024 7168 -1792 ) (-1024 7168 4096 ) (-2048 7168 4096 ) (-2048 7168 -1792 ) 
4 169 170 (-2048 8192 4096 ) (-2048 8192 -1792 ) (-2048 7168 -1792 ) (-2048 7168 4096 ) 
4 170 175 (-3072 8192 4096 ) (-3072 8192 -1792 ) (-3072 7168 -1792 ) (-3072 7168 4096 ) 
4 170 172 (-2048 7168 -1792 ) (-2048 7168 4096 ) (-3072 7168 4096 ) (-3072 7168 -1792 ) 
4 171 173 (-1024 6144 -1792 ) (-1024 6144 4096 ) (-2048 6144 4096 ) (-2048 6144 -1792 ) 
4 171 172 (-2048 6144 -1792 ) (-2048 6144 4096 ) (-2048 7168 4096 ) (-2048 7168 -1792 ) 
4 172 178 (-3072 6144 -1792 ) (-3072 6144 4096 ) (-3072 7168 4096 ) (-3072 7168 -1792 ) 
4 172 174 (-3072 6144 4096 ) (-3072 6144 -1792 ) (-2048 6144 -1792 ) (-2048 6144 4096 ) 
4 173 198 (-1024 5120 -1792 ) (-1024 5120 768 ) (-2048 5120 768 ) (-2048 5120 -1792 ) 
4 173 196 (-1024 5120 768 ) (-1024 5120 4096 ) (-2048 5120 4096 ) (-2048 5120 768 ) 
4 173 174 (-2048 6144 4096 ) (-2048 6144 -1792 ) (-2048 5120 -1792 ) (-2048 5120 4096 ) 
4 174 201 (-2048 5120 -1792 ) (-2048 5120 768 ) (-3072 5120 768 ) (-3072 5120 -1792 ) 
4 174 199 (-2048 5120 768 ) (-2048 5120 4096 ) (-3072 5120 4096 ) (-3072 5120 768 ) 
4 174 179 (-3072 5120 -1792 ) (-3072 5120 4096 ) (-3072 6144 4096 ) (-3072 6144 -1792 ) 
4 175 178 (-3072 7168 -1792 ) (-3072 7168 4096 ) (-4096 7168 4096 ) (-4096 7168 -1792 ) 
4 175 176 (-4096 8192 4096 ) (-4096 8192 -1792 ) (-4096 7168 -1792 ) (-4096 7168 4096 ) 
4 176 180 (-4096 7168 -1792 ) (-4096 7168 4096 ) (-5120 7168 4096 ) (-5120 7168 -1792 ) 
4 176 177 (-5120 7168 -1792 ) (-5120 7168 4096 ) (-5120 8192 4096 ) (-5120 8192 -1792 ) 
4 177 187 (-6144 7168 -1792 ) (-6144 7168 4096 ) (-6144 8192 4096 ) (-6144 8192 -1792 ) 
4 177 181 (-5120 7168 -1792 ) (-5120 7168 4096 ) (-6144 7168 4096 ) (-6144 7168 -1792 ) 
4 178 180 (-4096 7168 4096 ) (-4096 7168 -1792 ) (-4096 6144 -1792 ) (-4096 6144 4096 ) 
4 178 179 (-3072 6144 -1792 ) (-3072 6144 4096 ) (-4096 6144 4096 ) (-4096 6144 -1792 ) 
4 179 209 (-3072 5120 -1792 ) (-3072 5120 768 ) (-4096 5120 768 ) (-4096 5120 -1792 ) 
4 179 206 (-3072 5120 768 ) (-3072 5120 4096 ) (-3801.760254 5120 4096 ) (-3801.760254 5120 768 ) 
4 179 208 (-3801.760254 5120 4096 ) (-4096 5120 4096 ) (-4096 5120 768 ) (-3801.760254 5120 768 ) 
4 179 182 (-4096 5120 -1792 ) (-4096 5120 4096 ) (-4096 6144 4096 ) (-4096 6144 -1792 ) 
4 180 182 (-4096 6144 -1792 ) (-4096 6144 4096 ) (-5120 6144 4096 ) (-5120 6144 -1792 ) 
4 180 181 (-5120 7168 4096 ) (-5120 7168 -1792 ) (-5120 6144 -1792 ) (-5120 6144 4096 ) 
4 181 189 (-6144 6144 -1792 ) (-6144 6144 4096 ) (-6144 7168 4096 ) (-6144 7168 -1792 ) 
4 181 183 (-5120 6144 -1792 ) (-5120 6144 4096 ) (-6144 6144 4096 ) (-6144 6144 -1792 ) 
4 182 213 (-4096 5120 -1792 ) (-4096 5120 4096 ) (-5120 5120 4096 ) (-5120 5120 -1792 ) 
4 182 183 (-5120 6144 4096 ) (-5120 6144 -1792 ) (-5120 5120 -1792 ) (-5120 5120 4096 ) 
4 183 214 (-5120 5120 -1792 ) (-5120 5120 4096 ) (-6144 5120 4096 ) (-6144 5120 -1792 ) 
4 183 191 (-6144 5120 -1792 ) (-6144 5120 4096 ) (-6144 6144 4096 ) (-6144 6144 -1792 ) 
4 184 187 (-6144 8192 -1792 ) (-6144 8192 4096 ) (-7168 8192 4096 ) (-7168 8192 -1792 ) 
4 184 185 (-7168 8192 -1792 ) (-7168 8192 4096 ) (-7168 8320.940430 4096 ) (-7168 8320.940430 -1792 ) 
4 185 188 (-7168 8192 -1792 ) (-7168 8192 4096 ) (-8192 8192 4096 ) (-8192 8192 -1792 ) 
4 185 186 (-8192 8192 -1792 ) (-8192 8192 4096 ) (-8192 8320.940430 4096 ) (-8192 8320.940430 -1792 ) 
4 186 193 (-8192 8192 -1792 ) (-8192 8192 4096 ) (-8869.330078 8192 4096 ) (-8869.330078 8192 -1792 ) 
4 187 189 (-6144 7168 -1792 ) (-6144 7168 4096 ) (-7168 7168 4096 ) (-7168 7168 -1792 ) 
4 187 188 (-7168 8192 4096 ) (-7168 8192 -1792 ) (-7168 7168 -1792 ) (-7168 7168 4096 ) 
4 188 193 (-8192 8192 4096 ) (-8192 8192 -1792 ) (-8192 7168 -1792 ) (-8192 7168 4096 ) 
4 188 190 (-7168 7168 -1792 ) (-7168 7168 4096 ) (-8192 7168 4096 ) (-8192 7168 -1792 ) 
4 189 191 (-6144 6144 -1792 ) (-6144 6144 4096 ) (-7168 6144 4096 ) (-7168 6144 -1792 ) 
4 189 190 (-7168 6144 -1792 ) (-7168 6144 4096 ) (-7168 7168 4096 ) (-7168 7168 -1792 ) 
4 190 194 (-8192 6144 -1792 ) (-8192 6144 4096 ) (-8192 7168 4096 ) (-8192 7168 -1792 ) 
4 190 192 (-8192 6144 4096 ) (-8192 6144 -1792 ) (-7168 6144 -1792 ) (-7168 6144 4096 ) 
4 191 244 (-6144 5120 -1792 ) (-6144 5120 4096 ) (-7168 5120 4096 ) (-7168 5120 -1792 ) 
4 191 192 (-7168 6144 4096 ) (-7168 6144 -1792 ) (-7168 5120 -1792 ) (-7168 5120 4096 ) 
4 192 245 (-7168 5120 -1792 ) (-7168 5120 4096 ) (-8192 5120 4096 ) (-8192 5120 -1792 ) 
4 192 195 (-8192 5120 -1792 ) (-8192 5120 4096 ) (-8192 6144 4096 ) (-8192 6144 -1792 ) 
4 193 194 (-8192 7168 -1792 ) (-8192 7168 4096 ) (-8869.330078 7168 4096 ) (-8869.330078 7168 -1792 ) 
4 194 195 (-8192 6144 -1792 ) (-8192 6144 4096 ) (-8869.330078 6144 4096 ) (-8869.330078 6144 -1792 ) 
4 195 248 (-8192 5120 -1792 ) (-8192 5120 4096 ) (-8869.330078 5120 4096 ) (-8869.330078 5120 -1792 ) 
4 196 199 (-2048 5120 4096 ) (-2048 5120 768 ) (-2048 4480 768 ) (-2048 4480 4096 ) 
4 196 198 (-2048 4480 768 ) (-2048 5120 768 ) (-1024 5120 768 ) (-1024 4480 768 ) 
4 196 197 (-1024 4480 1024 ) (-1024 4480 4096 ) (-2048 4480 4096 ) (-2048 4480 1024 ) 
4 197 202 (-1024 4096 1024 ) (-1024 4096 4096 ) (-2048 4096 4096 ) (-2048 4096 1024 ) 
4 197 200 (-2048 4096 1024 ) (-2048 4096 4096 ) (-2048 4480 4096 ) (-2048 4480 1024 ) 
4 198 203 (-1024 4096 -1792 ) (-1024 4096 768 ) (-2048 4096 768 ) (-2048 4096 -1792 ) 
4 198 201 (-2048 5120 768 ) (-2048 5120 -1792 ) (-2048 4096 -1792 ) (-2048 4096 768 ) 
4 199 206 (-3072 5120 4096 ) (-3072 5120 768 ) (-3072 4480 768 ) (-3072 4480 4096 ) 
4 199 201 (-3072 5120 768 ) (-2048 5120 768 ) (-2048 4480 768 ) (-3072 4480 768 ) 
4 199 200 (-2048 4480 1024 ) (-2048 4480 4096 ) (-3072 4480 4096 ) (-3072 4480 1024 ) 
4 200 207 (-3072 4096 1024 ) (-3072 4096 4096 ) (-3072 4480 4096 ) (-3072 4480 1024 ) 
4 200 204 (-2048 4096 1024 ) (-2048 4096 4096 ) (-3072 4096 4096 ) (-3072 4096 1024 ) 
4 201 209 (-3072 5120 768 ) (-3072 5120 -1792 ) (-3072 4096 -1792 ) (-3072 4096 768 ) 
4 201 205 (-2048 4096 -1792 ) (-2048 4096 768 ) (-3072 4096 768 ) (-3072 4096 -1792 ) 
4 202 217 (-1024 3072 1024 ) (-1024 3072 4096 ) (-2048 3072 4096 ) (-2048 3072 1024 ) 
4 202 204 (-2048 4096 4096 ) (-2048 4096 1024 ) (-2048 3072 1024 ) (-2048 3072 4096 ) 
4 203 218 (-1024 3072 -1792 ) (-1024 3072 768 ) (-2048 3072 768 ) (-2048 3072 -1792 ) 
4 203 205 (-2048 4096 768 ) (-2048 4096 -1792 ) (-2048 3072 -1792 ) (-2048 3072 768 ) 
4 204 219 (-2048 3072 1024 ) (-2048 3072 4096 ) (-3072 3072 4096 ) (-3072 3072 1024 ) 
4 204 210 (-3072 3072 1024 ) (-3072 3072 4096 ) (-3072 4096 4096 ) (-3072 4096 1024 ) 
4 205 220 (-2048 3072 -1792 ) (-2048 3072 768 ) (-3072 3072 768 ) (-3072 3072 -1792 ) 
4 205 212 (-3072 3072 -1792 ) (-3072 3072 768 ) (-3072 4096 768 ) (-3072 4096 -1792 ) 
4 206 209 (-3801.760254 5120 768 ) (-3072 5120 768 ) (-3072 4480 768 ) (-3801.760254 4480 768 ) 
4 206 207 (-3801.760254 4480 4096 ) (-3801.760254 4480 1024 ) (-3072 4480 1024 ) (-3072 4480 4096 ) 
4 206 208 (-3801.760254 5120 768 ) (-3801.760254 4480 768 ) (-3801.760254 4480 4096 ) (-3801.760254 5120 4096 ) 
4 207 210 (-3072 4096 1024 ) (-3072 4096 4096 ) (-3801.760254 4096 4096 ) (-3801.760254 4096 1024 ) 
4 207 208 (-3801.760254 4096 1024 ) (-3801.760254 4096 4096 ) (-3801.760254 4480 4096 ) (-3801.760254 4480 1024 ) 
4 208 213 (-4096 4096 768 ) (-4096 4096 4096 ) (-4096 5120 4096 ) (-4096 5120 768 ) 
4 208 211 (-3801.760254 4096 4096 ) (-4096 4096 4096 ) (-4096 4096 768 ) (-3801.760254 4096 768 ) 
4 208 209 (-4096 4096 768 ) (-4096 5120 768 ) (-3801.760254 5120 768 ) (-3801.760254 4096 768 ) 
4 209 213 (-4096 4096 -1792 ) (-4096 4096 768 ) (-4096 5120 768 ) (-4096 5120 -1792 ) 
4 209 212 (-3072 4096 -1792 ) (-3072 4096 768 ) (-4096 4096 768 ) (-4096 4096 -1792 ) 
4 210 229 (-3072 3072 1024 ) (-3072 3072 4096 ) (-3801.760254 3072 4096 ) (-3801.760254 3072 1024 ) 
4 210 211 (-3801.760254 3072 1024 ) (-3801.760254 3072 4096 ) (-3801.760254 4096 4096 ) (-3801.760254 4096 1024 ) 
4 211 230 (-3801.760254 3072 4096 ) (-4096 3072 4096 ) (-4096 3072 768 ) (-3801.760254 3072 768 ) 
4 211 215 (-4096 3072 768 ) (-4096 3072 4096 ) (-4096 4096 4096 ) (-4096 4096 768 ) 
4 211 212 (-4096 3072 768 ) (-4096 4096 768 ) (-3801.760254 4096 768 ) (-3801.760254 3072 768 ) 
4 212 231 (-3072 3072 -1792 ) (-3072 3072 768 ) (-4096 3072 768 ) (-4096 3072 -1792 ) 
4 212 215 (-4096 3072 -1792 ) (-4096 3072 768 ) (-4096 4096 768 ) (-4096 4096 -1792 ) 
4 213 215 (-4096 4096 -1792 ) (-4096 4096 4096 ) (-5120 4096 4096 ) (-5120 4096 -1792 ) 
4 213 214 (-5120 4096 -1792 ) (-5120 4096 4096 ) (-5120 5120 4096 ) (-5120 5120 -1792 ) 
4 214 244 (-6144 5120 4096 ) (-6144 5120 -1792 ) (-6144 4096 -1792 ) (-6144 4096 4096 ) 
4 214 216 (-6144 4096 4096 ) (-6144 4096 -1792 ) (-5120 4096 -1792 ) (-5120 4096 4096 ) 
4 215 232 (-4096 3072 -1792 ) (-4096 3072 4096 ) (-5120 3072 4096 ) (-5120 3072 -1792 ) 
4 215 216 (-5120 4096 4096 ) (-5120 4096 -1792 ) (-5120 3072 -1792 ) (-5120 3072 4096 ) 
4 216 246 (-6144 3072 -1792 ) (-6144 3072 4096 ) (-6144 4096 4096 ) (-6144 4096 -1792 ) 
4 216 233 (-5120 3072 -1792 ) (-5120 3072 4096 ) (-6144 3072 4096 ) (-6144 3072 -1792 ) 
4 217 221 (-1024 2048 1024 ) (-1024 2048 4096 ) (-2048 2048 4096 ) (-2048 2048 1024 ) 
4 217 219 (-2048 3072 4096 ) (-2048 3072 1024 ) (-2048 2048 1024 ) (-2048 2048 4096 ) 
4 218 222 (-1024 2048 -1792 ) (-1024 2048 768 ) (-2048 2048 768 ) (-2048 2048 -1792 ) 
4 218 220 (-2048 3072 768 ) (-2048 3072 -1792 ) (-2048 2048 -1792 ) (-2048 2048 768 ) 
4 219 229 (-3072 3072 4096 ) (-3072 3072 1024 ) (-3072 2048 1024 ) (-3072 2048 4096 ) 
4 219 223 (-2048 2048 1024 ) (-2048 2048 4096 ) (-3072 2048 4096 ) (-3072 2048 1024 ) 
4 220 231 (-3072 3072 768 ) (-3072 3072 -1792 ) (-3072 2048 -1792 ) (-3072 2048 768 ) 
4 220 224 (-2048 2048 -1792 ) (-2048 2048 768 ) (-3072 2048 768 ) (-3072 2048 -1792 ) 
4 221 225 (-1024 1024 1024 ) (-1024 1024 4096 ) (-2048 1024 4096 ) (-2048 1024 1024 ) 
4 221 223 (-2048 1024 1024 ) (-2048 1024 4096 ) (-2048 2048 4096 ) (-2048 2048 1024 ) 
4 222 226 (-1024 1024 -1792 ) (-1024 1024 768 ) (-2048 1024 768 ) (-2048 1024 -1792 ) 
4 222 224 (-2048 1024 -1792 ) (-2048 1024 768 ) (-2048 2048 768 ) (-2048 2048 -1792 ) 
4 223 234 (-3072 1024 1024 ) (-3072 1024 4096 ) (-3072 2048 4096 ) (-3072 2048 1024 ) 
4 223 227 (-3072 1024 4096 ) (-3072 1024 1024 ) (-2048 1024 1024 ) (-2048 1024 4096 ) 
4 224 236 (-3072 1024 -1792 ) (-3072 1024 768 ) (-3072 2048 768 ) (-3072 2048 -1792 ) 
4 224 228 (-3072 1024 768 ) (-3072 1024 -1792 ) (-2048 1024 -1792 ) (-2048 1024 768 ) 
4 225 405 (-1024 0 1024 ) (-1024 0 4096 ) (-2048 0 4096 ) (-2048 0 1024 ) 
4 225 227 (-2048 1024 4096 ) (-2048 1024 1024 ) (-2048 0 1024 ) (-2048 0 4096 ) 
4 226 406 (-1024 0 -1792 ) (-1024 0 768 ) (-2048 0 768 ) (-2048 0 -1792 ) 
4 226 228 (-2048 1024 768 ) (-2048 1024 -1792 ) (-2048 0 -1792 ) (-2048 0 768 ) 
4 227 407 (-2048 0 1024 ) (-2048 0 4096 ) (-3072 0 4096 ) (-3072 0 1024 ) 
4 227 237 (-3072 0 1024 ) (-3072 0 4096 ) (-3072 1024 4096 ) (-3072 1024 1024 ) 
4 228 408 (-2048 0 -1792 ) (-2048 0 768 ) (-3072 0 768 ) (-3072 0 -1792 ) 
4 228 239 (-3072 0 -1792 ) (-3072 0 768 ) (-3072 1024 768 ) (-3072 1024 -1792 ) 
4 229 234 (-3072 2048 1024 ) (-3072 2048 4096 ) (-3801.760254 2048 4096 ) (-3801.760254 2048 1024 ) 
4 229 230 (-3801.760254 2048 1024 ) (-3801.760254 2048 4096 ) (-3801.760254 3072 4096 ) (-3801.760254 3072 1024 ) 
4 230 235 (-3801.760254 2048 4096 ) (-4096 2048 4096 ) (-4096 2048 768 ) (-3801.760254 2048 768 ) 
4 230 232 (-4096 3072 4096 ) (-4096 3072 768 ) (-4096 2048 768 ) (-4096 2048 4096 ) 
4 230 231 (-3801.760254 2048 768 ) (-4096 2048 768 ) (-4096 3072 768 ) (-3801.760254 3072 768 ) 
4 231 236 (-3072 2048 -1792 ) (-3072 2048 768 ) (-4096 2048 768 ) (-4096 2048 -1792 ) 
4 231 232 (-4096 3072 768 ) (-4096 3072 -1792 ) (-4096 2048 -1792 ) (-4096 2048 768 ) 
4 232 240 (-4096 2048 -1792 ) (-4096 2048 4096 ) (-5120 2048 4096 ) (-5120 2048 -1792 ) 
4 232 233 (-5120 2048 -1792 ) (-5120 2048 4096 ) (-5120 3072 4096 ) (-5120 3072 -1792 ) 
4 233 250 (-6144 2048 -1792 ) (-6144 2048 4096 ) (-6144 3072 4096 ) (-6144 3072 -1792 ) 
4 233 241 (-5120 2048 -1792 ) (-5120 2048 4096 ) (-6144 2048 4096 ) (-6144 2048 -1792 ) 
4 234 237 (-3072 1024 1024 ) (-3072 1024 4096 ) (-3801.760254 1024 4096 ) (-3801.760254 1024 1024 ) 
4 234 235 (-3801.760254 1024 1024 ) (-3801.760254 1024 4096 ) (-3801.760254 2048 4096 ) (-3801.760254 2048 1024 ) 
4 235 240 (-4096 2048 4096 ) (-4096 2048 768 ) (-4096 1024 768 ) (-4096 1024 4096 ) 
4 235 238 (-3801.760254 1024 4096 ) (-4096 1024 4096 ) (-4096 1024 768 ) (-3801.760254 1024 768 ) 
4 235 236 (-4096 1024 768 ) (-4096 2048 768 ) (-3801.760254 2048 768 ) (-3801.760254 1024 768 ) 
4 236 240 (-4096 2048 768 ) (-4096 2048 -1792 ) (-4096 1024 -1792 ) (-4096 1024 768 ) 
4 236 239 (-3072 1024 -1792 ) (-3072 1024 768 ) (-4096 1024 768 ) (-4096 1024 -1792 ) 
4 237 413 (-3072 0 1024 ) (-3072 0 4096 ) (-3801.760254 0 4096 ) (-3801.760254 0 1024 ) 
4 237 238 (-3801.760254 0 1024 ) (-3801.760254 0 4096 ) (-3801.760254 1024 4096 ) (-3801.760254 1024 1024 ) 
4 238 414 (-3801.760254 0 4096 ) (-4096 0 4096 ) (-4096 0 768 ) (-3801.760254 0 768 ) 
4 238 242 (-4096 0 768 ) (-4096 0 4096 ) (-4096 1024 4096 ) (-4096 1024 768 ) 
4 238 239 (-3801.760254 0 768 ) (-4096 0 768 ) (-4096 1024 768 ) (-3801.760254 1024 768 ) 
4 239 415 (-3072 0 -1792 ) (-3072 0 768 ) (-4096 0 768 ) (-4096 0 -1792 ) 
4 239 242 (-4096 0 -1792 ) (-4096 0 768 ) (-4096 1024 768 ) (-4096 1024 -1792 ) 
4 240 242 (-4096 1024 -1792 ) (-4096 1024 4096 ) (-5120 1024 4096 ) (-5120 1024 -1792 ) 
4 240 241 (-5120 2048 4096 ) (-5120 2048 -1792 ) (-5120 1024 -1792 ) (-5120 1024 4096 ) 
4 241 252 (-6144 1024 -1792 ) (-6144 1024 4096 ) (-6144 2048 4096 ) (-6144 2048 -1792 ) 
4 241 243 (-5120 1024 -1792 ) (-5120 1024 4096 ) (-6144 1024 4096 ) (-6144 1024 -1792 ) 
4 242 419 (-4096 0 -1792 ) (-4096 0 4096 ) (-5120 0 4096 ) (-5120 0 -1792 ) 
4 242 243 (-5120 1024 4096 ) (-5120 1024 -1792 ) (-5120 0 -1792 ) (-5120 0 4096 ) 
4 243 420 (-5120 0 -1792 ) (-5120 0 4096 ) (-6144 0 4096 ) (-6144 0 -1792 ) 
4 243 254 (-6144 0 -1792 ) (-6144 0 4096 ) (-6144 1024 4096 ) (-6144 1024 -1792 ) 
4 244 246 (-6144 4096 -1792 ) (-6144 4096 4096 ) (-7168 4096 4096 ) (-7168 4096 -1792 ) 
4 244 245 (-7168 5120 4096 ) (-7168 5120 -1792 ) (-7168 4096 -1792 ) (-7168 4096 4096 ) 
4 245 248 (-8192 5120 4096 ) (-8192 5120 -1792 ) (-8192 4096 -1792 ) (-8192 4096 4096 ) 
4 245 247 (-7168 4096 -1792 ) (-7168 4096 4096 ) (-8192 4096 4096 ) (-8192 4096 -1792 ) 
4 246 250 (-6144 3072 -1792 ) (-6144 3072 4096 ) (-7168 3072 4096 ) (-7168 3072 -1792 ) 
4 246 247 (-7168 4096 4096 ) (-7168 4096 -1792 ) (-7168 3072 -1792 ) (-7168 3072 4096 ) 
4 247 251 (-7168 3072 -1792 ) (-7168 3072 4096 ) (-8192 3072 4096 ) (-8192 3072 -1792 ) 
4 247 249 (-8192 3072 -1792 ) (-8192 3072 4096 ) (-8192 4096 4096 ) (-8192 4096 -1792 ) 
4 248 249 (-8192 4096 -1792 ) (-8192 4096 4096 ) (-8869.330078 4096 4096 ) (-8869.330078 4096 -1792 ) 
4 249 256 (-8192 3072 -1792 ) (-8192 3072 4096 ) (-8869.330078 3072 4096 ) (-8869.330078 3072 -1792 ) 
4 250 252 (-6144 2048 -1792 ) (-6144 2048 4096 ) (-7168 2048 4096 ) (-7168 2048 -1792 ) 
4 250 251 (-7168 3072 4096 ) (-7168 3072 -1792 ) (-7168 2048 -1792 ) (-7168 2048 4096 ) 
4 251 256 (-8192 3072 4096 ) (-8192 3072 -1792 ) (-8192 2048 -1792 ) (-8192 2048 4096 ) 
4 251 253 (-7168 2048 -1792 ) (-7168 2048 4096 ) (-8192 2048 4096 ) (-8192 2048 -1792 ) 
4 252 254 (-6144 1024 -1792 ) (-6144 1024 4096 ) (-7168 1024 4096 ) (-7168 1024 -1792 ) 
4 252 253 (-7168 1024 -1792 ) (-7168 1024 4096 ) (-7168 2048 4096 ) (-7168 2048 -1792 ) 
4 253 257 (-8192 1024 -1792 ) (-8192 1024 4096 ) (-8192 2048 4096 ) (-8192 2048 -1792 ) 
4 253 255 (-8192 1024 4096 ) (-8192 1024 -1792 ) (-7168 1024 -1792 ) (-7168 1024 4096 ) 
4 254 453 (-6144 0 -1792 ) (-6144 0 4096 ) (-7168 0 4096 ) (-7168 0 -1792 ) 
4 254 255 (-7168 1024 4096 ) (-7168 1024 -1792 ) (-7168 0 -1792 ) (-7168 0 4096 ) 
4 255 454 (-7168 0 -1792 ) (-7168 0 4096 ) (-8192 0 4096 ) (-8192 0 -1792 ) 
4 255 258 (-8192 0 -1792 ) (-8192 0 4096 ) (-8192 1024 4096 ) (-8192 1024 -1792 ) 
4 256 257 (-8192 2048 -1792 ) (-8192 2048 4096 ) (-8869.330078 2048 4096 ) (-8869.330078 2048 -1792 ) 
4 257 258 (-8192 1024 -1792 ) (-8192 1024 4096 ) (-8869.330078 1024 4096 ) (-8869.330078 1024 -1792 ) 
4 258 457 (-8192 0 -1792 ) (-8192 0 4096 ) (-8869.330078 0 4096 ) (-8869.330078 0 -1792 ) 
4 259 261 (7168 0 4096 ) (7168 0 -1792 ) (7168 -1024 -1792 ) (7168 -1024 4096 ) 
4 259 260 (7269.330078 -1024 -1792 ) (7269.330078 -1024 4096 ) (7168 -1024 4096 ) (7168 -1024 -1792 ) 
4 260 273 (7269.330078 -2048 -1792 ) (7269.330078 -2048 4096 ) (7168 -2048 4096 ) (7168 -2048 -1792 ) 
4 260 262 (7168 -2048 -1792 ) (7168 -2048 4096 ) (7168 -1024 4096 ) (7168 -1024 -1792 ) 
4 261 265 (6144 -1024 -1792 ) (6144 -1024 768 ) (6144 0 768 ) (6144 0 -1792 ) 
4 261 263 (6144 -1024 768 ) (6144 -1024 4096 ) (6144 0 4096 ) (6144 0 768 ) 
4 261 262 (7168 -1024 -1792 ) (7168 -1024 4096 ) (6144 -1024 4096 ) (6144 -1024 -1792 ) 
4 262 276 (7168 -2048 -1792 ) (7168 -2048 4096 ) (6144 -2048 4096 ) (6144 -2048 -1792 ) 
4 262 270 (6144 -2048 -1792 ) (6144 -2048 768 ) (6144 -1024 768 ) (6144 -1024 -1792 ) 
4 262 268 (6144 -2048 768 ) (6144 -2048 4096 ) (6144 -1024 4096 ) (6144 -1024 768 ) 
4 263 268 (6144 -1024 768 ) (6144 -1024 4096 ) (5248 -1024 4096 ) (5248 -1024 768 ) 
4 263 265 (6144 -1024 768 ) (5248 -1024 768 ) (5248 0 768 ) (6144 0 768 ) 
4 263 264 (5248 -1024 1024 ) (5248 -1024 4096 ) (5248 0 4096 ) (5248 0 1024 ) 
4 264 269 (5248 -1024 4096 ) (5120 -1024 4096 ) (5120 -1024 1024 ) (5248 -1024 1024 ) 
4 264 266 (5120 -1024 1024 ) (5120 -1024 4096 ) (5120 0 4096 ) (5120 0 1024 ) 
4 265 270 (6144 -1024 -1792 ) (6144 -1024 768 ) (5120 -1024 768 ) (5120 -1024 -1792 ) 
4 265 267 (5120 -1024 -1792 ) (5120 -1024 768 ) (5120 0 768 ) (5120 0 -1792 ) 
4 266 296 (4096 0 4096 ) (4096 0 1024 ) (4096 -1024 1024 ) (4096 -1024 4096 ) 
4 266 271 (4096 -1024 4096 ) (4096 -1024 1024 ) (5120 -1024 1024 ) (5120 -1024 4096 ) 
4 267 297 (4096 0 768 ) (4096 0 -1792 ) (4096 -1024 -1792 ) (4096 -1024 768 ) 
4 267 272 (4096 -1024 768 ) (4096 -1024 -1792 ) (5120 -1024 -1792 ) (5120 -1024 768 ) 
4 268 277 (6144 -2048 768 ) (6144 -2048 4096 ) (5248 -2048 4096 ) (5248 -2048 768 ) 
4 268 270 (5248 -1024 768 ) (6144 -1024 768 ) (6144 -2048 768 ) (5248 -2048 768 ) 
4 268 269 (5248 -2048 1024 ) (5248 -2048 4096 ) (5248 -1024 4096 ) (5248 -1024 1024 ) 
4 269 278 (5248 -2048 4096 ) (5120 -2048 4096 ) (5120 -2048 1024 ) (5248 -2048 1024 ) 
4 269 271 (5120 -1024 4096 ) (5120 -1024 1024 ) (5120 -2048 1024 ) (5120 -2048 4096 ) 
4 270 279 (6144 -2048 -1792 ) (6144 -2048 768 ) (5120 -2048 768 ) (5120 -2048 -1792 ) 
4 270 272 (5120 -1024 768 ) (5120 -1024 -1792 ) (5120 -2048 -1792 ) (5120 -2048 768 ) 
4 271 300 (4096 -2048 1024 ) (4096 -2048 4096 ) (4096 -1024 4096 ) (4096 -1024 1024 ) 
4 271 280 (5120 -2048 1024 ) (5120 -2048 4096 ) (4096 -2048 4096 ) (4096 -2048 1024 ) 
4 272 301 (4096 -2048 -1792 ) (4096 -2048 768 ) (4096 -1024 768 ) (4096 -1024 -1792 ) 
4 272 281 (5120 -2048 -1792 ) (5120 -2048 768 ) (4096 -2048 768 ) (4096 -2048 -1792 ) 
4 273 276 (7168 -2048 4096 ) (7168 -2048 -1792 ) (7168 -3072 -1792 ) (7168 -3072 4096 ) 
4 273 274 (7269.330078 -3072 -1792 ) (7269.330078 -3072 4096 ) (7168 -3072 4096 ) (7168 -3072 -1792 ) 
4 274 282 (7168 -4096 -1792 ) (7168 -4096 4096 ) (7168 -3072 4096 ) (7168 -3072 -1792 ) 
4 274 275 (7168 -4096 4096 ) (7168 -4096 -1792 ) (7269.330078 -4096 -1792 ) (7269.330078 -4096 4096 ) 
4 275 378 (7269.330078 -5120 -1792 ) (7269.330078 -5120 4096 ) (7168 -5120 4096 ) (7168 -5120 -1792 ) 
4 275 283 (7168 -5120 -1792 ) (7168 -5120 4096 ) (7168 -4096 4096 ) (7168 -4096 -1792 ) 
4 276 282 (7168 -3072 -1792 ) (7168 -3072 4096 ) (6144 -3072 4096 ) (6144 -3072 -1792 ) 
4 276 279 (6144 -2048 768 ) (6144 -2048 -1792 ) (6144 -3072 -1792 ) (6144 -3072 768 ) 
4 276 277 (6144 -2048 4096 ) (6144 -2048 768 ) (6144 -3072 768 ) (6144 -3072 4096 ) 
4 277 284 (6144 -3072 768 ) (6144 -3072 4096 ) (5248 -3072 4096 ) (5248 -3072 768 ) 
4 277 279 (6144 -3072 768 ) (5248 -3072 768 ) (5248 -2048 768 ) (6144 -2048 768 ) 
4 277 278 (5248 -3072 1024 ) (5248 -3072 4096 ) (5248 -2048 4096 ) (5248 -2048 1024 ) 
4 278 285 (5248 -3072 4096 ) (5120 -3072 4096 ) (5120 -3072 1024 ) (5248 -3072 1024 ) 
4 278 280 (5120 -3072 1024 ) (5120 -3072 4096 ) (5120 -2048 4096 ) (5120 -2048 1024 ) 
4 279 286 (6144 -3072 -1792 ) (6144 -3072 768 ) (5120 -3072 768 ) (5120 -3072 -1792 ) 
4 279 281 (5120 -3072 -1792 ) (5120 -3072 768 ) (5120 -2048 768 ) (5120 -2048 -1792 ) 
4 280 343 (4096 -3072 1024 ) (4096 -3072 4096 ) (4096 -2048 4096 ) (4096 -2048 1024 ) 
4 280 287 (5120 -3072 1024 ) (5120 -3072 4096 ) (4096 -3072 4096 ) (4096 -3072 1024 ) 
4 281 344 (4096 -3072 -1792 ) (4096 -3072 768 ) (4096 -2048 768 ) (4096 -2048 -1792 ) 
4 281 288 (5120 -3072 -1792 ) (5120 -3072 768 ) (4096 -3072 768 ) (4096 -3072 -1792 ) 
4 282 286 (6144 -3072 768 ) (6144 -3072 -1792 ) (6144 -4096 -1792 ) (6144 -4096 768 ) 
4 282 284 (6144 -3072 4096 ) (6144 -3072 768 ) (6144 -4096 768 ) (6144 -4096 4096 ) 
4 282 283 (7168 -4096 -1792 ) (7168 -4096 4096 ) (6144 -4096 4096 ) (6144 -4096 -1792 ) 
4 283 380 (7168 -5120 -1792 ) (7168 -5120 4096 ) (6144 -5120 4096 ) (6144 -5120 -1792 ) 
4 283 292 (6144 -5120 -1792 ) (6144 -5120 768 ) (6144 -4096 768 ) (6144 -4096 -1792 ) 
4 283 289 (6144 -5120 768 ) (6144 -5120 4096 ) (6144 -4096 4096 ) (6144 -4096 768 ) 
4 284 289 (6144 -4096 768 ) (6144 -4096 4096 ) (5248 -4096 4096 ) (5248 -4096 768 ) 
4 284 286 (6144 -4096 768 ) (5248 -4096 768 ) (5248 -3072 768 ) (6144 -3072 768 ) 
4 284 285 (5248 -4096 1024 ) (5248 -4096 4096 ) (5248 -3072 4096 ) (5248 -3072 1024 ) 
4 285 290 (5248 -4096 4096 ) (5120 -4096 4096 ) (5120 -4096 1024 ) (5248 -4096 1024 ) 
4 285 287 (5120 -3072 4096 ) (5120 -3072 1024 ) (5120 -4096 1024 ) (5120 -4096 4096 ) 
4 286 292 (6144 -4096 -1792 ) (6144 -4096 768 ) (5120 -4096 768 ) (5120 -4096 -1792 ) 
4 286 288 (5120 -3072 768 ) (5120 -3072 -1792 ) (5120 -4096 -1792 ) (5120 -4096 768 ) 
4 287 347 (4096 -4096 1024 ) (4096 -4096 4096 ) (4096 -3072 4096 ) (4096 -3072 1024 ) 
4 287 293 (5120 -4096 1024 ) (5120 -4096 4096 ) (4096 -4096 4096 ) (4096 -4096 1024 ) 
4 288 348 (4096 -4096 -1792 ) (4096 -4096 768 ) (4096 -3072 768 ) (4096 -3072 -1792 ) 
4 288 295 (5120 -4096 -1792 ) (5120 -4096 768 ) (4096 -4096 768 ) (4096 -4096 -1792 ) 
4 289 382 (6144 -5120 768 ) (6144 -5120 4096 ) (5248 -5120 4096 ) (5248 -5120 768 ) 
4 289 292 (5248 -4096 768 ) (6144 -4096 768 ) (6144 -5120 768 ) (5248 -5120 768 ) 
4 289 290 (5248 -4544 1024 ) (5248 -4544 4096 ) (5248 -4096 4096 ) (5248 -4096 1024 ) 
4 289 291 (5248 -4544 768 ) (5248 -5120 768 ) (5248 -5120 4096 ) (5248 -4544 4096 ) 
4 290 293 (5120 -4096 4096 ) (5120 -4096 1024 ) (5120 -4544 1024 ) (5120 -4544 4096 ) 
4 290 291 (5248 -4544 1024 ) (5248 -4544 4096 ) (5120 -4544 4096 ) (5120 -4544 1024 ) 
4 291 382 (5248 -5120 4096 ) (5120 -5120 4096 ) (5120 -5120 768 ) (5248 -5120 768 ) 
4 291 294 (5120 -4544 768 ) (5120 -5120 768 ) (5120 -5120 4096 ) (5120 -4544 4096 ) 
4 291 292 (5248 -4544 768 ) (5248 -5120 768 ) (5120 -5120 768 ) (5120 -4544 768 ) 
4 292 382 (6144 -5120 -1792 ) (6144 -5120 768 ) (5120 -5120 768 ) (5120 -5120 -1792 ) 
4 292 295 (5120 -4096 768 ) (5120 -4096 -1792 ) (5120 -5120 -1792 ) (5120 -5120 768 ) 
4 293 351 (4096 -4544 4096 ) (4096 -4096 4096 ) (4096 -4096 1024 ) (4096 -4544 1024 ) 
4 293 294 (5120 -4544 1024 ) (5120 -4544 4096 ) (4096 -4544 4096 ) (4096 -4544 1024 ) 
4 294 383 (5120 -5120 768 ) (5120 -5120 4096 ) (4096 -5120 4096 ) (4096 -5120 768 ) 
4 294 352 (4096 -5120 768 ) (4096 -5120 4096 ) (4096 -4544 4096 ) (4096 -4544 768 ) 
4 294 295 (5120 -4544 768 ) (5120 -5120 768 ) (4096 -5120 768 ) (4096 -4544 768 ) 
4 295 383 (5120 -5120 -1792 ) (5120 -5120 768 ) (4096 -5120 768 ) (4096 -5120 -1792 ) 
4 295 353 (4096 -5120 -1792 ) (4096 -5120 768 ) (4096 -4096 768 ) (4096 -4096 -1792 ) 
4 296 300 (4096 -1024 1024 ) (4096 -1024 4096 ) (3072 -1024 4096 ) (3072 -1024 1024 ) 
4 296 298 (3072 0 4096 ) (3072 0 1024 ) (3072 -1024 1024 ) (3072 -1024 4096 ) 
4 297 301 (4096 -1024 -1792 ) (4096 -1024 768 ) (3072 -1024 768 ) (3072 -1024 -1792 ) 
4 297 299 (3072 0 768 ) (3072 0 -1792 ) (3072 -1024 -1792 ) (3072 -1024 768 ) 
4 298 307 (2048 0 1627.428711 ) (2048 0 1024 ) (2048 -320 1024 ) (2048 -320 1627.428711 ) 
4 298 308 (2048 -320 1024 ) (2048 -1024 1024 ) (2048 -1024 1627.428711 ) (2048 -320 1627.428711 ) 
4 298 305 (2048 0 3108.571289 ) (2048 0 1627.428711 ) (2048 -1024 1627.428711 ) (2048 -1024 3108.571289 ) 
4 298 304 (2048 0 4096 ) (2048 0 3108.571289 ) (2048 -1024 3108.571289 ) (2048 -1024 4096 ) 
4 298 302 (3072 -1024 1024 ) (3072 -1024 4096 ) (2048 -1024 4096 ) (2048 -1024 1024 ) 
4 299 309 (2048 0 768 ) (2048 0 -1792 ) (2048 -1024 -1792 ) (2048 -1024 768 ) 
4 299 303 (3072 -1024 -1792 ) (3072 -1024 768 ) (2048 -1024 768 ) (2048 -1024 -1792 ) 
4 300 343 (4096 -2048 1024 ) (4096 -2048 4096 ) (3072 -2048 4096 ) (3072 -2048 1024 ) 
4 300 302 (3072 -1024 4096 ) (3072 -1024 1024 ) (3072 -2048 1024 ) (3072 -2048 4096 ) 
4 301 344 (4096 -2048 -1792 ) (4096 -2048 768 ) (3072 -2048 768 ) (3072 -2048 -1792 ) 
4 301 303 (3072 -1024 768 ) (3072 -1024 -1792 ) (3072 -2048 -1792 ) (3072 -2048 768 ) 
4 302 345 (3072 -2048 1024 ) (3072 -2048 4096 ) (2048 -2048 4096 ) (2048 -2048 1024 ) 
4 302 310 (2048 -2048 1024 ) (2048 -2048 4096 ) (2048 -1024 4096 ) (2048 -1024 1024 ) 
4 303 346 (3072 -2048 -1792 ) (3072 -2048 768 ) (2048 -2048 768 ) (2048 -2048 -1792 ) 
4 303 311 (2048 -2048 -1792 ) (2048 -2048 768 ) (2048 -1024 768 ) (2048 -1024 -1792 ) 
4 304 325 (1024 -1024 2230.856934 ) (1024 -1024 4096 ) (1024 -320 4096 ) (1024 -320 2230.857178 ) 
4 304 312 (1024 -320 4096 ) (1024 0 4096 ) (1024 0 2230.857178 ) (1024 -320 2230.857178 ) 
4 304 310 (2048 -1024 3108.571289 ) (2048 -1024 4096 ) (1024 -1024 4096 ) (1024 -1024 2230.857178 ) 
4 304 306 (1024 -320 2230.858887 ) (1024 -283.427338 2230.858887 ) (1184 -192 2368 ) (1184 -320 2368 ) 
4 304 308 (1024 -1024 2230.858887 ) (1024 -320 2230.858887 ) (1184 -320 2368 ) (1184 -1024 2368 ) 
4 304 305 (1184 0 2368 ) (2048 0 3108.573242 ) (2048 -1024 3108.573242 ) (1184 -1024 2368 ) 
3 305 310 (2048 -1024 1627.428711 ) (2048 -1024 3108.571289 ) (1184 -1024 2368 ) 
4 305 307 (1408 0 2176 ) (2048 0 1627.428589 ) (2048 -320 1627.428589 ) (1408 -320 2176 ) 
3 305 306 (1184 -320 2368 ) (1184 -192 2368 ) (1408 -320 2176 ) 
4 305 308 (1184 -1024 2368 ) (1184 -320 2368 ) (2048 -320 1627.428589 ) (2048 -1024 1627.428589 ) 
3 306 313 (1024 -320 2230.857178 ) (1024 -283.428497 2230.857178 ) (1024 -320 2176 ) 
4 306 308 (1408.001221 -320 2176 ) (1183.996094 -320 2368.003906 ) (1024 -320 2230.864258 ) (1024 -320 2176 ) 
5 307 308 (2048 -320 1627.430664 ) (1408.001221 -320 2176 ) (1408 -320 2176 ) (1408 -320 1024 ) (2048 -320 1024 ) 
4 308 325 (1024 -1024 1024 ) (1024 -1024 2230.856934 ) (1024 -320 2230.857178 ) (1024 -320 1024 ) 
5 308 310 (2048 -1024 1024 ) (2048 -1024 1627.428711 ) (1184 -1024 2368 ) (1024 -1024 2230.857178 ) (1024 -1024 1024 ) 
4 309 326 (1024 -1024 -1792 ) (1024 -1024 768 ) (1024 0 768 ) (1024 0 -1792 ) 
4 309 311 (2048 -1024 -1792 ) (2048 -1024 768 ) (1024 -1024 768 ) (1024 -1024 -1792 ) 
4 310 357 (2048 -2048 1024 ) (2048 -2048 4096 ) (1024 -2048 4096 ) (1024 -2048 1024 ) 
4 310 336 (1024 -2048 1024 ) (1024 -2048 4096 ) (1024 -1024 4096 ) (1024 -1024 1024 ) 
4 311 358 (2048 -2048 -1792 ) (2048 -2048 768 ) (1024 -2048 768 ) (1024 -2048 -1792 ) 
4 311 337 (1024 -2048 -1792 ) (1024 -2048 768 ) (1024 -1024 768 ) (1024 -1024 -1792 ) 
5 312 325 (1024 -320 2230.856934 ) (1024 -320 4096 ) (640 -320 4096 ) (640 -320 2048 ) (810.666809 -320 2048 ) 
4 312 316 (640 -320 2048 ) (640 -320 4096 ) (640 0 4096 ) (640 0 2048 ) 
4 312 315 (640 -192 2048 ) (640 0 2048 ) (810.666809 0 2048 ) (810.666809 -192 2048 ) 
4 312 314 (810.666016 -320 2048 ) (810.666016 0 2048 ) (960 0 2176 ) (960 -320 2176 ) 
3 312 313 (1024 -283.428070 2230.857910 ) (1024 -320 2230.857910 ) (960 -320 2176 ) 
3 313 325 (1024 -320 2176 ) (1024 -320 2230.856934 ) (960 -320 2176 ) 
3 314 325 (960 -320 2176 ) (810.666809 -320 2048 ) (960 -320 2048 ) 
4 314 315 (810.666809 -192 2048 ) (810.666809 0 2048 ) (960 0 2048 ) (960 -192 2048 ) 
4 315 322 (640 -168 1920 ) (640 -192 1920 ) (640 -192 1973.423950 ) (640 -168 1973.423950 ) 
4 315 319 (640 -168 1969.126587 ) (640 -168 1973.423950 ) (640 -112 1973.423950 ) (640 -112 1969.126587 ) 
4 315 318 (640 -112 1920 ) (640 -168 1920 ) (640 -168 1969.126587 ) (640 -112 1969.126587 ) 
4 315 317 (640 0 1973.423950 ) (640 0 1920 ) (640 -112 1920 ) (640 -112 1973.423950 ) 
4 315 316 (640 -192 2048 ) (640 0 2048 ) (640 0 1973.423950 ) (640 -192 1973.423950 ) 
4 316 325 (640 -320 1973.423828 ) (640 -320 4096 ) (256 -320 4096 ) (256 -320 1822.157227 ) 
5 316 324 (256 0 4096 ) (256 0 1920 ) (256 -244.607010 1822.157349 ) (256 -320 1822.157349 ) (256 -320 4096 ) 
4 316 322 (512 -168 1923.002075 ) (640 -168 1973.424316 ) (640 -320 1973.424316 ) (512 -320 1923.002075 ) 
4 316 323 (256 -320 1822.157471 ) (256 -168 1822.157471 ) (512 -168 1923.002075 ) (512 -320 1923.002075 ) 
4 316 320 (256 -112 1822.157471 ) (256 0 1822.157471 ) (512 0 1923.002075 ) (512 -112 1923.002075 ) 
4 316 319 (640 -112 1973.424316 ) (640 -168 1973.424316 ) (514.533875 -168 1924 ) (514.533875 -112 1924 ) 
4 316 317 (512 0 1923.002075 ) (640 0 1973.424316 ) (640 -112 1973.424316 ) (512 -112 1923.002075 ) 
4 317 320 (512 -112 1920 ) (512 -112 1922.996094 ) (512 0 1922.996094 ) (512 0 1920 ) 
4 317 319 (516 -112 1920.280029 ) (640 -112 1969.126465 ) (640 -112 1973.421875 ) (514.534546 -112 1923.998413 ) 
3 317 318 (515.288940 -112 1920 ) (640 -112 1920 ) (640 -112 1969.126465 ) 
3 318 322 (515.288940 -168 1920 ) (640 -168 1920 ) (640 -168 1969.126587 ) 
4 318 319 (640 -112 1969.126953 ) (516 -112 1920.280640 ) (516 -168 1920.280640 ) (640 -168 1969.127319 ) 
4 319 322 (640 -168 1973.423828 ) (514.534119 -168 1924 ) (516 -168 1920.280029 ) (640 -168 1969.126587 ) 
4 320 321 (512 -112 1792 ) (512 -112 1918.704346 ) (256 -112 1817.860107 ) (256 -112 1792 ) 
4 321 323 (256 -168 1817.860107 ) (256 -168 1792 ) (512 -168 1792 ) (512 -168 1918.704346 ) 
4 322 325 (640 -320 1920 ) (640 -320 1973.423828 ) (512 -320 1923.001587 ) (512 -320 1920 ) 
4 322 323 (512 -168 1923 ) (512 -168 1920 ) (512 -320 1920 ) (512 -320 1923 ) 
4 323 325 (512 -320 1923.001587 ) (256 -320 1822.157227 ) (256 -320 1792 ) (512 -320 1792 ) 
3 323 324 (256 -320 1792 ) (256 -320 1822.157349 ) (256 -244.606918 1822.157349 ) 
4 324 327 (0 0 4096 ) (0 0 1920 ) (0 -320 1792 ) (0 -320 4096 ) 
4 324 325 (0 -320 4096 ) (0 -320 1792 ) (256 -320 1792 ) (256 -320 4096 ) 
4 325 336 (1024 -1024 1024 ) (1024 -1024 4096 ) (0 -1024 4096 ) (0 -1024 1024 ) 
4 325 332 (0 -1024 1024 ) (0 -1024 4096 ) (0 -640 4096 ) (0 -640 1024 ) 
4 325 330 (0 -320 1728 ) (0 -320 1024 ) (0 -640 1024 ) (0 -640 1728 ) 
4 325 329 (0 -640 4096 ) (0 -320 4096 ) (0 -320 1728 ) (0 -640 1728 ) 
4 326 337 (1024 -1024 -1792 ) (1024 -1024 768 ) (0 -1024 768 ) (0 -1024 -1792 ) 
4 326 335 (0 -1024 -1792 ) (0 -1024 768 ) (0 0 768 ) (0 0 -1792 ) 
4 327 329 (0 -320 1792 ) (0 -320 4096 ) (-768 -320 4096 ) (-768 -320 1792 ) 
4 327 328 (-768 -320 1792 ) (-768 -320 4096 ) (-768 0 4096 ) (-768 0 1920 ) 
4 328 405 (-1024 0 4096 ) (-1024 0 1024 ) (-1024 -320 1024 ) (-1024 -320 4096 ) 
4 328 331 (-1024 -320 1024 ) (-768 -320 1024 ) (-768 -320 1728 ) (-1024 -320 1728 ) 
4 328 329 (-768 -320 1728 ) (-768 -320 4096 ) (-1024 -320 4096 ) (-1024 -320 1728 ) 
4 329 405 (-1024 -640 1728 ) (-1024 -640 4096 ) (-1024 -320 4096 ) (-1024 -320 1728 ) 
4 329 333 (-128 -640 1792 ) (-128 -640 4096 ) (-768 -640 4096 ) (-768 -640 1792 ) 
4 329 332 (-128 -640 1728 ) (0 -640 1728 ) (0 -640 4096 ) (-128 -640 4096 ) 
4 329 334 (-1024 -640 4096 ) (-1024 -640 1728 ) (-768 -640 1728 ) (-768 -640 4096 ) 
4 329 330 (0 -640 1728 ) (-384 -640 1728 ) (-384 -320 1728 ) (0 -320 1728 ) 
4 329 331 (-704 -640 1728 ) (-1024 -640 1728 ) (-1024 -320 1728 ) (-704 -320 1728 ) 
4 330 332 (-128 -640 1024 ) (0 -640 1024 ) (0 -640 1728 ) (-128 -640 1728 ) 
4 331 405 (-1024 -320 1024 ) (-1024 -640 1024 ) (-1024 -640 1728 ) (-1024 -320 1728 ) 
4 331 334 (-1024 -640 1728 ) (-1024 -640 1024 ) (-768 -640 1024 ) (-768 -640 1728 ) 
4 332 338 (-128 -1024 1024 ) (0 -1024 1024 ) (0 -1024 4096 ) (-128 -1024 4096 ) 
4 332 333 (-128 -1024 4096 ) (-128 -640 4096 ) (-128 -640 1792 ) (-128 -1024 1792 ) 
4 333 339 (-128 -1024 1792 ) (-128 -1024 4096 ) (-768 -1024 4096 ) (-768 -1024 1792 ) 
4 333 334 (-768 -1024 4096 ) (-768 -640 4096 ) (-768 -640 1792 ) (-768 -1024 1792 ) 
4 334 405 (-1024 -640 1024 ) (-1024 -1024 1024 ) (-1024 -1024 4096 ) (-1024 -640 4096 ) 
4 334 341 (-1024 -1024 4096 ) (-1024 -1024 1024 ) (-768 -1024 1024 ) (-768 -1024 4096 ) 
4 335 406 (-1024 0 768 ) (-1024 0 -1792 ) (-1024 -1024 -1792 ) (-1024 -1024 768 ) 
4 335 342 (-1024 -1024 768 ) (-1024 -1024 -1792 ) (0 -1024 -1792 ) (0 -1024 768 ) 
4 336 359 (1024 -2048 1024 ) (1024 -2048 4096 ) (0 -2048 4096 ) (0 -2048 1024 ) 
4 336 338 (0 -1024 4096 ) (0 -1024 1024 ) (0 -2048 1024 ) (0 -2048 4096 ) 
4 337 360 (1024 -2048 -1792 ) (1024 -2048 768 ) (0 -2048 768 ) (0 -2048 -1792 ) 
4 337 342 (0 -1024 768 ) (0 -1024 -1792 ) (0 -2048 -1792 ) (0 -2048 768 ) 
4 338 361 (0 -2048 1024 ) (0 -2048 4096 ) (-128 -2048 4096 ) (-128 -2048 1024 ) 
4 338 339 (-128 -1664 1792 ) (-128 -1664 4096 ) (-128 -1024 4096 ) (-128 -1024 1792 ) 
4 338 340 (-128 -1664 1024 ) (-128 -2048 1024 ) (-128 -2048 4096 ) (-128 -1664 4096 ) 
4 339 340 (-768 -1664 4096 ) (-768 -1664 1792 ) (-128 -1664 1792 ) (-128 -1664 4096 ) 
4 339 341 (-768 -1664 1792 ) (-768 -1664 4096 ) (-768 -1024 4096 ) (-768 -1024 1792 ) 
4 340 361 (-128 -2048 4096 ) (-768 -2048 4096 ) (-768 -2048 1024 ) (-128 -2048 1024 ) 
4 340 341 (-768 -1664 1024 ) (-768 -2048 1024 ) (-768 -2048 4096 ) (-768 -1664 4096 ) 
4 341 409 (-1024 -2048 1024 ) (-1024 -2048 4096 ) (-1024 -1024 4096 ) (-1024 -1024 1024 ) 
4 341 361 (-768 -2048 4096 ) (-1024 -2048 4096 ) (-1024 -2048 1024 ) (-768 -2048 1024 ) 
4 342 410 (-1024 -2048 -1792 ) (-1024 -2048 768 ) (-1024 -1024 768 ) (-1024 -1024 -1792 ) 
4 342 362 (0 -2048 -1792 ) (0 -2048 768 ) (-1024 -2048 768 ) (-1024 -2048 -1792 ) 
4 343 347 (4096 -3072 1024 ) (4096 -3072 4096 ) (3072 -3072 4096 ) (3072 -3072 1024 ) 
4 343 345 (3072 -2048 4096 ) (3072 -2048 1024 ) (3072 -3072 1024 ) (3072 -3072 4096 ) 
4 344 348 (4096 -3072 -1792 ) (4096 -3072 768 ) (3072 -3072 768 ) (3072 -3072 -1792 ) 
4 344 346 (3072 -2048 768 ) (3072 -2048 -1792 ) (3072 -3072 -1792 ) (3072 -3072 768 ) 
4 345 357 (2048 -2048 4096 ) (2048 -2048 1024 ) (2048 -3072 1024 ) (2048 -3072 4096 ) 
4 345 349 (3072 -3072 1024 ) (3072 -3072 4096 ) (2048 -3072 4096 ) (2048 -3072 1024 ) 
4 346 358 (2048 -2048 768 ) (2048 -2048 -1792 ) (2048 -3072 -1792 ) (2048 -3072 768 ) 
4 346 350 (3072 -3072 -1792 ) (3072 -3072 768 ) (2048 -3072 768 ) (2048 -3072 -1792 ) 
4 347 351 (4096 -4096 1024 ) (4096 -4096 4096 ) (3072 -4096 4096 ) (3072 -4096 1024 ) 
4 347 349 (3072 -4096 1024 ) (3072 -4096 4096 ) (3072 -3072 4096 ) (3072 -3072 1024 ) 
4 348 353 (4096 -4096 -1792 ) (4096 -4096 768 ) (3072 -4096 768 ) (3072 -4096 -1792 ) 
4 348 350 (3072 -4096 -1792 ) (3072 -4096 768 ) (3072 -3072 768 ) (3072 -3072 -1792 ) 
4 349 363 (2048 -4096 1024 ) (2048 -4096 4096 ) (2048 -3072 4096 ) (2048 -3072 1024 ) 
4 349 354 (2048 -4096 4096 ) (2048 -4096 1024 ) (3072 -4096 1024 ) (3072 -4096 4096 ) 
4 350 364 (2048 -4096 -1792 ) (2048 -4096 768 ) (2048 -3072 768 ) (2048 -3072 -1792 ) 
4 350 356 (2048 -4096 768 ) (2048 -4096 -1792 ) (3072 -4096 -1792 ) (3072 -4096 768 ) 
4 351 354 (3072 -4096 4096 ) (3072 -4096 1024 ) (3072 -4544 1024 ) (3072 -4544 4096 ) 
4 351 352 (4096 -4544 1024 ) (4096 -4544 4096 ) (3072 -4544 4096 ) (3072 -4544 1024 ) 
4 352 390 (4096 -5120 768 ) (4096 -5120 4096 ) (3072 -5120 4096 ) (3072 -5120 768 ) 
4 352 355 (3072 -4544 768 ) (3072 -5120 768 ) (3072 -5120 4096 ) (3072 -4544 4096 ) 
4 352 353 (4096 -5120 768 ) (3072 -5120 768 ) (3072 -4544 768 ) (4096 -4544 768 ) 
4 353 390 (4096 -5120 -1792 ) (4096 -5120 768 ) (3072 -5120 768 ) (3072 -5120 -1792 ) 
4 353 356 (3072 -4096 768 ) (3072 -4096 -1792 ) (3072 -5120 -1792 ) (3072 -5120 768 ) 
4 354 365 (2048 -4544 4096 ) (2048 -4096 4096 ) (2048 -4096 1024 ) (2048 -4544 1024 ) 
4 354 355 (3072 -4544 1024 ) (3072 -4544 4096 ) (2048 -4544 4096 ) (2048 -4544 1024 ) 
4 355 391 (3072 -5120 768 ) (3072 -5120 4096 ) (2048 -5120 4096 ) (2048 -5120 768 ) 
4 355 366 (2048 -5120 768 ) (2048 -5120 4096 ) (2048 -4544 4096 ) (2048 -4544 768 ) 
4 355 356 (2048 -5120 768 ) (2048 -4544 768 ) (3072 -4544 768 ) (3072 -5120 768 ) 
4 356 391 (3072 -5120 -1792 ) (3072 -5120 768 ) (2048 -5120 768 ) (2048 -5120 -1792 ) 
4 356 367 (2048 -5120 -1792 ) (2048 -5120 768 ) (2048 -4096 768 ) (2048 -4096 -1792 ) 
4 357 363 (2048 -3072 1024 ) (2048 -3072 4096 ) (1024 -3072 4096 ) (1024 -3072 1024 ) 
4 357 359 (1024 -2048 4096 ) (1024 -2048 1024 ) (1024 -3072 1024 ) (1024 -3072 4096 ) 
4 358 364 (2048 -3072 -1792 ) (2048 -3072 768 ) (1024 -3072 768 ) (1024 -3072 -1792 ) 
4 358 360 (1024 -2048 768 ) (1024 -2048 -1792 ) (1024 -3072 -1792 ) (1024 -3072 768 ) 
4 359 368 (1024 -3072 1024 ) (1024 -3072 4096 ) (0 -3072 4096 ) (0 -3072 1024 ) 
4 359 361 (0 -3072 1024 ) (0 -3072 4096 ) (0 -2048 4096 ) (0 -2048 1024 ) 
4 360 369 (1024 -3072 -1792 ) (1024 -3072 768 ) (0 -3072 768 ) (0 -3072 -1792 ) 
4 360 362 (0 -3072 -1792 ) (0 -3072 768 ) (0 -2048 768 ) (0 -2048 -1792 ) 
4 361 423 (-1024 -3072 1024 ) (-1024 -3072 4096 ) (-1024 -2048 4096 ) (-1024 -2048 1024 ) 
4 361 370 (0 -3072 1024 ) (0 -3072 4096 ) (-1024 -3072 4096 ) (-1024 -3072 1024 ) 
4 362 424 (-1024 -3072 -1792 ) (-1024 -3072 768 ) (-1024 -2048 768 ) (-1024 -2048 -1792 ) 
4 362 371 (0 -3072 -1792 ) (0 -3072 768 ) (-1024 -3072 768 ) (-1024 -3072 -1792 ) 
4 363 368 (1024 -3072 4096 ) (1024 -3072 1024 ) (1024 -4096 1024 ) (1024 -4096 4096 ) 
4 363 365 (2048 -4096 1024 ) (2048 -4096 4096 ) (1024 -4096 4096 ) (1024 -4096 1024 ) 
4 364 369 (1024 -3072 768 ) (1024 -3072 -1792 ) (1024 -4096 -1792 ) (1024 -4096 768 ) 
4 364 367 (2048 -4096 -1792 ) (2048 -4096 768 ) (1024 -4096 768 ) (1024 -4096 -1792 ) 
4 365 372 (1024 -4544 4096 ) (1024 -4096 4096 ) (1024 -4096 1024 ) (1024 -4544 1024 ) 
4 365 366 (2048 -4544 1024 ) (2048 -4544 4096 ) (1024 -4544 4096 ) (1024 -4544 1024 ) 
4 366 394 (2048 -5120 768 ) (2048 -5120 4096 ) (1024 -5120 4096 ) (1024 -5120 768 ) 
4 366 373 (1024 -5120 768 ) (1024 -5120 4096 ) (1024 -4544 4096 ) (1024 -4544 768 ) 
4 366 367 (2048 -5120 768 ) (1024 -5120 768 ) (1024 -4544 768 ) (2048 -4544 768 ) 
4 367 394 (2048 -5120 -1792 ) (2048 -5120 768 ) (1024 -5120 768 ) (1024 -5120 -1792 ) 
4 367 374 (1024 -5120 -1792 ) (1024 -5120 768 ) (1024 -4096 768 ) (1024 -4096 -1792 ) 
4 368 372 (1024 -4096 1024 ) (1024 -4096 4096 ) (0 -4096 4096 ) (0 -4096 1024 ) 
4 368 370 (0 -3072 4096 ) (0 -3072 1024 ) (0 -4096 1024 ) (0 -4096 4096 ) 
4 369 374 (1024 -4096 -1792 ) (1024 -4096 768 ) (0 -4096 768 ) (0 -4096 -1792 ) 
4 369 371 (0 -3072 768 ) (0 -3072 -1792 ) (0 -4096 -1792 ) (0 -4096 768 ) 
4 370 427 (-1024 -4096 1024 ) (-1024 -4096 4096 ) (-1024 -3072 4096 ) (-1024 -3072 1024 ) 
4 370 375 (0 -4096 1024 ) (0 -4096 4096 ) (-1024 -4096 4096 ) (-1024 -4096 1024 ) 
4 371 428 (-1024 -4096 -1792 ) (-1024 -4096 768 ) (-1024 -3072 768 ) (-1024 -3072 -1792 ) 
4 371 377 (0 -4096 -1792 ) (0 -4096 768 ) (-1024 -4096 768 ) (-1024 -4096 -1792 ) 
4 372 375 (0 -4096 4096 ) (0 -4096 1024 ) (0 -4544 1024 ) (0 -4544 4096 ) 
4 372 373 (1024 -4544 1024 ) (1024 -4544 4096 ) (0 -4544 4096 ) (0 -4544 1024 ) 
4 373 396 (1024 -5120 768 ) (1024 -5120 4096 ) (0 -5120 4096 ) (0 -5120 768 ) 
4 373 376 (0 -4544 768 ) (0 -5120 768 ) (0 -5120 4096 ) (0 -4544 4096 ) 
4 373 374 (1024 -4544 768 ) (1024 -5120 768 ) (0 -5120 768 ) (0 -4544 768 ) 
4 374 396 (1024 -5120 -1792 ) (1024 -5120 768 ) (0 -5120 768 ) (0 -5120 -1792 ) 
4 374 377 (0 -4096 768 ) (0 -4096 -1792 ) (0 -5120 -1792 ) (0 -5120 768 ) 
4 375 431 (-1024 -4544 4096 ) (-1024 -4096 4096 ) (-1024 -4096 1024 ) (-1024 -4544 1024 ) 
4 375 376 (0 -4544 1024 ) (0 -4544 4096 ) (-1024 -4544 4096 ) (-1024 -4544 1024 ) 
4 376 432 (-1024 -5120 768 ) (-1024 -5120 4096 ) (-1024 -4544 4096 ) (-1024 -4544 768 ) 
4 376 397 (0 -5120 768 ) (0 -5120 4096 ) (-1024 -5120 4096 ) (-1024 -5120 768 ) 
4 376 377 (0 -4544 768 ) (0 -5120 768 ) (-1024 -5120 768 ) (-1024 -4544 768 ) 
4 377 433 (-1024 -5120 -1792 ) (-1024 -5120 768 ) (-1024 -4096 768 ) (-1024 -4096 -1792 ) 
4 377 397 (0 -5120 -1792 ) (0 -5120 768 ) (-1024 -5120 768 ) (-1024 -5120 -1792 ) 
4 378 380 (7168 -5120 4096 ) (7168 -5120 -1792 ) (7168 -6144 -1792 ) (7168 -6144 4096 ) 
4 378 379 (7269.330078 -6144 -1792 ) (7269.330078 -6144 4096 ) (7168 -6144 4096 ) (7168 -6144 -1792 ) 
4 379 386 (7269.330078 -7168 -1792 ) (7269.330078 -7168 4096 ) (7168 -7168 4096 ) (7168 -7168 -1792 ) 
4 379 381 (7168 -7168 -1792 ) (7168 -7168 4096 ) (7168 -6144 4096 ) (7168 -6144 -1792 ) 
4 380 382 (6144 -6144 -1792 ) (6144 -6144 4096 ) (6144 -5120 4096 ) (6144 -5120 -1792 ) 
4 380 381 (7168 -6144 -1792 ) (7168 -6144 4096 ) (6144 -6144 4096 ) (6144 -6144 -1792 ) 
4 381 387 (7168 -7168 -1792 ) (7168 -7168 4096 ) (6144 -7168 4096 ) (6144 -7168 -1792 ) 
4 381 384 (6144 -7168 -1792 ) (6144 -7168 4096 ) (6144 -6144 4096 ) (6144 -6144 -1792 ) 
4 382 384 (6144 -6144 -1792 ) (6144 -6144 4096 ) (5120 -6144 4096 ) (5120 -6144 -1792 ) 
4 382 383 (5120 -6144 -1792 ) (5120 -6144 4096 ) (5120 -5120 4096 ) (5120 -5120 -1792 ) 
4 383 390 (4096 -5120 4096 ) (4096 -5120 -1792 ) (4096 -6144 -1792 ) (4096 -6144 4096 ) 
4 383 385 (4096 -6144 4096 ) (4096 -6144 -1792 ) (5120 -6144 -1792 ) (5120 -6144 4096 ) 
4 384 388 (6144 -7168 -1792 ) (6144 -7168 4096 ) (5120 -7168 4096 ) (5120 -7168 -1792 ) 
4 384 385 (5120 -6144 4096 ) (5120 -6144 -1792 ) (5120 -7168 -1792 ) (5120 -7168 4096 ) 
4 385 392 (4096 -7168 -1792 ) (4096 -7168 4096 ) (4096 -6144 4096 ) (4096 -6144 -1792 ) 
4 385 389 (5120 -7168 -1792 ) (5120 -7168 4096 ) (4096 -7168 4096 ) (4096 -7168 -1792 ) 
4 386 387 (7168 -7168 4096 ) (7168 -7168 -1792 ) (7168 -8032.940430 -1792 ) (7168 -8032.940430 4096 ) 
4 387 388 (6144 -7168 4096 ) (6144 -7168 -1792 ) (6144 -8032.940430 -1792 ) (6144 -8032.940430 4096 ) 
4 388 389 (5120 -8032.940430 -1792 ) (5120 -8032.940430 4096 ) (5120 -7168 4096 ) (5120 -7168 -1792 ) 
4 389 400 (4096 -8032.940430 -1792 ) (4096 -8032.940430 4096 ) (4096 -7168 4096 ) (4096 -7168 -1792 ) 
4 390 392 (4096 -6144 -1792 ) (4096 -6144 4096 ) (3072 -6144 4096 ) (3072 -6144 -1792 ) 
4 390 391 (3072 -5120 4096 ) (3072 -5120 -1792 ) (3072 -6144 -1792 ) (3072 -6144 4096 ) 
4 391 394 (2048 -5120 4096 ) (2048 -5120 -1792 ) (2048 -6144 -1792 ) (2048 -6144 4096 ) 
4 391 393 (3072 -6144 -1792 ) (3072 -6144 4096 ) (2048 -6144 4096 ) (2048 -6144 -1792 ) 
4 392 400 (4096 -7168 -1792 ) (4096 -7168 4096 ) (3072 -7168 4096 ) (3072 -7168 -1792 ) 
4 392 393 (3072 -6144 4096 ) (3072 -6144 -1792 ) (3072 -7168 -1792 ) (3072 -7168 4096 ) 
4 393 401 (3072 -7168 -1792 ) (3072 -7168 4096 ) (2048 -7168 4096 ) (2048 -7168 -1792 ) 
4 393 395 (2048 -7168 -1792 ) (2048 -7168 4096 ) (2048 -6144 4096 ) (2048 -6144 -1792 ) 
4 394 396 (1024 -6144 -1792 ) (1024 -6144 4096 ) (1024 -5120 4096 ) (1024 -5120 -1792 ) 
4 394 395 (2048 -6144 -1792 ) (2048 -6144 4096 ) (1024 -6144 4096 ) (1024 -6144 -1792 ) 
4 395 402 (2048 -7168 -1792 ) (2048 -7168 4096 ) (1024 -7168 4096 ) (1024 -7168 -1792 ) 
4 395 398 (1024 -7168 -1792 ) (1024 -7168 4096 ) (1024 -6144 4096 ) (1024 -6144 -1792 ) 
4 396 398 (1024 -6144 -1792 ) (1024 -6144 4096 ) (0 -6144 4096 ) (0 -6144 -1792 ) 
4 396 397 (0 -6144 -1792 ) (0 -6144 4096 ) (0 -5120 4096 ) (0 -5120 -1792 ) 
4 397 468 (-1024 -6144 -1792 ) (-1024 -6144 4096 ) (-1024 -5120 4096 ) (-1024 -5120 -1792 ) 
4 397 399 (-1024 -6144 4096 ) (-1024 -6144 -1792 ) (0 -6144 -1792 ) (0 -6144 4096 ) 
4 398 403 (1024 -7168 -1792 ) (1024 -7168 4096 ) (0 -7168 4096 ) (0 -7168 -1792 ) 
4 398 399 (0 -6144 4096 ) (0 -6144 -1792 ) (0 -7168 -1792 ) (0 -7168 4096 ) 
4 399 470 (-1024 -7168 -1792 ) (-1024 -7168 4096 ) (-1024 -6144 4096 ) (-1024 -6144 -1792 ) 
4 399 404 (0 -7168 -1792 ) (0 -7168 4096 ) (-1024 -7168 4096 ) (-1024 -7168 -1792 ) 
4 400 401 (3072 -7168 4096 ) (3072 -7168 -1792 ) (3072 -8032.940430 -1792 ) (3072 -8032.940430 4096 ) 
4 401 402 (2048 -7168 4096 ) (2048 -7168 -1792 ) (2048 -8032.940430 -1792 ) (2048 -8032.940430 4096 ) 
4 402 403 (1024 -7168 4096 ) (1024 -7168 -1792 ) (1024 -8032.940430 -1792 ) (1024 -8032.940430 4096 ) 
4 403 404 (0 -8032.940430 -1792 ) (0 -8032.940430 4096 ) (0 -7168 4096 ) (0 -7168 -1792 ) 
4 404 478 (-1024 -8032.940430 -1792 ) (-1024 -8032.940430 4096 ) (-1024 -7168 4096 ) (-1024 -7168 -1792 ) 
4 405 409 (-1024 -1024 1024 ) (-1024 -1024 4096 ) (-2048 -1024 4096 ) (-2048 -1024 1024 ) 
4 405 407 (-2048 0 4096 ) (-2048 0 1024 ) (-2048 -1024 1024 ) (-2048 -1024 4096 ) 
4 406 410 (-1024 -1024 -1792 ) (-1024 -1024 768 ) (-2048 -1024 768 ) (-2048 -1024 -1792 ) 
4 406 408 (-2048 0 768 ) (-2048 0 -1792 ) (-2048 -1024 -1792 ) (-2048 -1024 768 ) 
4 407 413 (-3072 0 4096 ) (-3072 0 1024 ) (-3072 -1024 1024 ) (-3072 -1024 4096 ) 
4 407 411 (-2048 -1024 1024 ) (-2048 -1024 4096 ) (-3072 -1024 4096 ) (-3072 -1024 1024 ) 
4 408 415 (-3072 0 768 ) (-3072 0 -1792 ) (-3072 -1024 -1792 ) (-3072 -1024 768 ) 
4 408 412 (-2048 -1024 -1792 ) (-2048 -1024 768 ) (-3072 -1024 768 ) (-3072 -1024 -1792 ) 
4 409 423 (-1024 -2048 1024 ) (-1024 -2048 4096 ) (-2048 -2048 4096 ) (-2048 -2048 1024 ) 
4 409 411 (-2048 -1024 4096 ) (-2048 -1024 1024 ) (-2048 -2048 1024 ) (-2048 -2048 4096 ) 
4 410 424 (-1024 -2048 -1792 ) (-1024 -2048 768 ) (-2048 -2048 768 ) (-2048 -2048 -1792 ) 
4 410 412 (-2048 -1024 768 ) (-2048 -1024 -1792 ) (-2048 -2048 -1792 ) (-2048 -2048 768 ) 
4 411 425 (-2048 -2048 1024 ) (-2048 -2048 4096 ) (-3072 -2048 4096 ) (-3072 -2048 1024 ) 
4 411 416 (-3072 -2048 1024 ) (-3072 -2048 4096 ) (-3072 -1024 4096 ) (-3072 -1024 1024 ) 
4 412 426 (-2048 -2048 -1792 ) (-2048 -2048 768 ) (-3072 -2048 768 ) (-3072 -2048 -1792 ) 
4 412 418 (-3072 -2048 -1792 ) (-3072 -2048 768 ) (-3072 -1024 768 ) (-3072 -1024 -1792 ) 
4 413 416 (-3072 -1024 1024 ) (-3072 -1024 4096 ) (-3801.760254 -1024 4096 ) (-3801.760254 -1024 1024 ) 
4 413 414 (-3801.760254 -1024 1024 ) (-3801.760254 -1024 4096 ) (-3801.760254 0 4096 ) (-3801.760254 0 1024 ) 
4 414 419 (-4096 -1024 768 ) (-4096 -1024 4096 ) (-4096 0 4096 ) (-4096 0 768 ) 
4 414 417 (-3801.760254 -1024 4096 ) (-4096 -1024 4096 ) (-4096 -1024 768 ) (-3801.760254 -1024 768 ) 
4 414 415 (-4096 -1024 768 ) (-4096 0 768 ) (-3801.760254 0 768 ) (-3801.760254 -1024 768 ) 
4 415 419 (-4096 -1024 -1792 ) (-4096 -1024 768 ) (-4096 0 768 ) (-4096 0 -1792 ) 
4 415 418 (-3072 -1024 -1792 ) (-3072 -1024 768 ) (-4096 -1024 768 ) (-4096 -1024 -1792 ) 
4 416 437 (-3072 -2048 1024 ) (-3072 -2048 4096 ) (-3801.760254 -2048 4096 ) (-3801.760254 -2048 1024 ) 
4 416 417 (-3801.760254 -2048 1024 ) (-3801.760254 -2048 4096 ) (-3801.760254 -1024 4096 ) (-3801.760254 -1024 1024 ) 
4 417 438 (-3801.760254 -2048 4096 ) (-4096 -2048 4096 ) (-4096 -2048 768 ) (-3801.760254 -2048 768 ) 
4 417 421 (-4096 -2048 768 ) (-4096 -2048 4096 ) (-4096 -1024 4096 ) (-4096 -1024 768 ) 
4 417 418 (-4096 -2048 768 ) (-4096 -1024 768 ) (-3801.760254 -1024 768 ) (-3801.760254 -2048 768 ) 
4 418 439 (-3072 -2048 -1792 ) (-3072 -2048 768 ) (-4096 -2048 768 ) (-4096 -2048 -1792 ) 
4 418 421 (-4096 -2048 -1792 ) (-4096 -2048 768 ) (-4096 -1024 768 ) (-4096 -1024 -1792 ) 
4 419 421 (-4096 -1024 -1792 ) (-4096 -1024 4096 ) (-5120 -1024 4096 ) (-5120 -1024 -1792 ) 
4 419 420 (-5120 -1024 -1792 ) (-5120 -1024 4096 ) (-5120 0 4096 ) (-5120 0 -1792 ) 
4 420 453 (-6144 0 4096 ) (-6144 0 -1792 ) (-6144 -1024 -1792 ) (-6144 -1024 4096 ) 
4 420 422 (-6144 -1024 4096 ) (-6144 -1024 -1792 ) (-5120 -1024 -1792 ) (-5120 -1024 4096 ) 
4 421 440 (-4096 -2048 -1792 ) (-4096 -2048 4096 ) (-5120 -2048 4096 ) (-5120 -2048 -1792 ) 
4 421 422 (-5120 -1024 4096 ) (-5120 -1024 -1792 ) (-5120 -2048 -1792 ) (-5120 -2048 4096 ) 
4 422 455 (-6144 -2048 -1792 ) (-6144 -2048 4096 ) (-6144 -1024 4096 ) (-6144 -1024 -1792 ) 
4 422 441 (-5120 -2048 -1792 ) (-5120 -2048 4096 ) (-6144 -2048 4096 ) (-6144 -2048 -1792 ) 
4 423 427 (-1024 -3072 1024 ) (-1024 -3072 4096 ) (-2048 -3072 4096 ) (-2048 -3072 1024 ) 
4 423 425 (-2048 -2048 4096 ) (-2048 -2048 1024 ) (-2048 -3072 1024 ) (-2048 -3072 4096 ) 
4 424 428 (-1024 -3072 -1792 ) (-1024 -3072 768 ) (-2048 -3072 768 ) (-2048 -3072 -1792 ) 
4 424 426 (-2048 -2048 768 ) (-2048 -2048 -1792 ) (-2048 -3072 -1792 ) (-2048 -3072 768 ) 
4 425 437 (-3072 -2048 4096 ) (-3072 -2048 1024 ) (-3072 -3072 1024 ) (-3072 -3072 4096 ) 
4 425 429 (-2048 -3072 1024 ) (-2048 -3072 4096 ) (-3072 -3072 4096 ) (-3072 -3072 1024 ) 
4 426 439 (-3072 -2048 768 ) (-3072 -2048 -1792 ) (-3072 -3072 -1792 ) (-3072 -3072 768 ) 
4 426 430 (-2048 -3072 -1792 ) (-2048 -3072 768 ) (-3072 -3072 768 ) (-3072 -3072 -1792 ) 
4 427 431 (-1024 -4096 1024 ) (-1024 -4096 4096 ) (-2048 -4096 4096 ) (-2048 -4096 1024 ) 
4 427 429 (-2048 -4096 1024 ) (-2048 -4096 4096 ) (-2048 -3072 4096 ) (-2048 -3072 1024 ) 
4 428 433 (-1024 -4096 -1792 ) (-1024 -4096 768 ) (-2048 -4096 768 ) (-2048 -4096 -1792 ) 
4 428 430 (-2048 -4096 -1792 ) (-2048 -4096 768 ) (-2048 -3072 768 ) (-2048 -3072 -1792 ) 
4 429 442 (-3072 -4096 1024 ) (-3072 -4096 4096 ) (-3072 -3072 4096 ) (-3072 -3072 1024 ) 
4 429 434 (-3072 -4096 4096 ) (-3072 -4096 1024 ) (-2048 -4096 1024 ) (-2048 -4096 4096 ) 
4 430 444 (-3072 -4096 -1792 ) (-3072 -4096 768 ) (-3072 -3072 768 ) (-3072 -3072 -1792 ) 
4 430 436 (-3072 -4096 768 ) (-3072 -4096 -1792 ) (-2048 -4096 -1792 ) (-2048 -4096 768 ) 
4 431 434 (-2048 -4096 4096 ) (-2048 -4096 1024 ) (-2048 -4544 1024 ) (-2048 -4544 4096 ) 
4 431 432 (-1024 -4544 1024 ) (-1024 -4544 4096 ) (-2048 -4544 4096 ) (-2048 -4544 1024 ) 
4 432 468 (-1024 -5120 768 ) (-1024 -5120 4096 ) (-2048 -5120 4096 ) (-2048 -5120 768 ) 
4 432 435 (-2048 -4544 768 ) (-2048 -5120 768 ) (-2048 -5120 4096 ) (-2048 -4544 4096 ) 
4 432 433 (-1024 -4544 768 ) (-1024 -5120 768 ) (-2048 -5120 768 ) (-2048 -4544 768 ) 
4 433 468 (-1024 -5120 -1792 ) (-1024 -5120 768 ) (-2048 -5120 768 ) (-2048 -5120 -1792 ) 
4 433 436 (-2048 -4096 768 ) (-2048 -4096 -1792 ) (-2048 -5120 -1792 ) (-2048 -5120 768 ) 
4 434 445 (-3072 -4544 4096 ) (-3072 -4096 4096 ) (-3072 -4096 1024 ) (-3072 -4544 1024 ) 
4 434 435 (-2048 -4544 1024 ) (-2048 -4544 4096 ) (-3072 -4544 4096 ) (-3072 -4544 1024 ) 
4 435 469 (-2048 -5120 768 ) (-2048 -5120 4096 ) (-3072 -5120 4096 ) (-3072 -5120 768 ) 
4 435 446 (-3072 -5120 768 ) (-3072 -5120 4096 ) (-3072 -4544 4096 ) (-3072 -4544 768 ) 
4 435 436 (-3072 -5120 768 ) (-3072 -4544 768 ) (-2048 -4544 768 ) (-2048 -5120 768 ) 
4 436 469 (-2048 -5120 -1792 ) (-2048 -5120 768 ) (-3072 -5120 768 ) (-3072 -5120 -1792 ) 
4 436 448 (-3072 -5120 -1792 ) (-3072 -5120 768 ) (-3072 -4096 768 ) (-3072 -4096 -1792 ) 
4 437 442 (-3072 -3072 1024 ) (-3072 -3072 4096 ) (-3801.760254 -3072 4096 ) (-3801.760254 -3072 1024 ) 
4 437 438 (-3801.760254 -3072 1024 ) (-3801.760254 -3072 4096 ) (-3801.760254 -2048 4096 ) (-3801.760254 -2048 1024 ) 
4 438 443 (-3801.760254 -3072 4096 ) (-4096 -3072 4096 ) (-4096 -3072 768 ) (-3801.760254 -3072 768 ) 
4 438 440 (-4096 -2048 4096 ) (-4096 -2048 768 ) (-4096 -3072 768 ) (-4096 -3072 4096 ) 
4 438 439 (-3801.760254 -3072 768 ) (-4096 -3072 768 ) (-4096 -2048 768 ) (-3801.760254 -2048 768 ) 
4 439 444 (-3072 -3072 -1792 ) (-3072 -3072 768 ) (-4096 -3072 768 ) (-4096 -3072 -1792 ) 
4 439 440 (-4096 -2048 768 ) (-4096 -2048 -1792 ) (-4096 -3072 -1792 ) (-4096 -3072 768 ) 
4 440 449 (-4096 -3072 -1792 ) (-4096 -3072 4096 ) (-5120 -3072 4096 ) (-5120 -3072 -1792 ) 
4 440 441 (-5120 -3072 -1792 ) (-5120 -3072 4096 ) (-5120 -2048 4096 ) (-5120 -2048 -1792 ) 
4 441 459 (-6144 -3072 -1792 ) (-6144 -3072 4096 ) (-6144 -2048 4096 ) (-6144 -2048 -1792 ) 
4 441 450 (-5120 -3072 -1792 ) (-5120 -3072 4096 ) (-6144 -3072 4096 ) (-6144 -3072 -1792 ) 
4 442 445 (-3072 -4096 1024 ) (-3072 -4096 4096 ) (-3801.760254 -4096 4096 ) (-3801.760254 -4096 1024 ) 
4 442 443 (-3801.760254 -4096 1024 ) (-3801.760254 -4096 4096 ) (-3801.760254 -3072 4096 ) (-3801.760254 -3072 1024 ) 
4 443 449 (-4096 -3072 4096 ) (-4096 -3072 768 ) (-4096 -4096 768 ) (-4096 -4096 4096 ) 
4 443 447 (-3801.760254 -4096 4096 ) (-4096 -4096 4096 ) (-4096 -4096 768 ) (-3801.760254 -4096 768 ) 
4 443 444 (-4096 -4096 768 ) (-4096 -3072 768 ) (-3801.760254 -3072 768 ) (-3801.760254 -4096 768 ) 
4 444 449 (-4096 -3072 768 ) (-4096 -3072 -1792 ) (-4096 -4096 -1792 ) (-4096 -4096 768 ) 
4 444 448 (-3072 -4096 -1792 ) (-3072 -4096 768 ) (-4096 -4096 768 ) (-4096 -4096 -1792 ) 
4 445 446 (-3801.760254 -4544 4096 ) (-3801.760254 -4544 1024 ) (-3072 -4544 1024 ) (-3072 -4544 4096 ) 
4 445 447 (-3801.760254 -4544 1024 ) (-3801.760254 -4544 4096 ) (-3801.760254 -4096 4096 ) (-3801.760254 -4096 1024 ) 
4 446 472 (-3072 -5120 768 ) (-3072 -5120 4096 ) (-3801.760254 -5120 4096 ) (-3801.760254 -5120 768 ) 
4 446 448 (-3072 -5120 768 ) (-3801.760254 -5120 768 ) (-3801.760254 -4544 768 ) (-3072 -4544 768 ) 
4 446 447 (-3801.760254 -4544 768 ) (-3801.760254 -5120 768 ) (-3801.760254 -5120 4096 ) (-3801.760254 -4544 4096 ) 
4 447 472 (-3801.760254 -5120 4096 ) (-4096 -5120 4096 ) (-4096 -5120 768 ) (-3801.760254 -5120 768 ) 
4 447 451 (-4096 -5120 768 ) (-4096 -5120 4096 ) (-4096 -4096 4096 ) (-4096 -4096 768 ) 
4 447 448 (-3801.760254 -5120 768 ) (-4096 -5120 768 ) (-4096 -4096 768 ) (-3801.760254 -4096 768 ) 
4 448 472 (-3072 -5120 -1792 ) (-3072 -5120 768 ) (-4096 -5120 768 ) (-4096 -5120 -1792 ) 
4 448 451 (-4096 -5120 -1792 ) (-4096 -5120 768 ) (-4096 -4096 768 ) (-4096 -4096 -1792 ) 
4 449 451 (-4096 -4096 -1792 ) (-4096 -4096 4096 ) (-5120 -4096 4096 ) (-5120 -4096 -1792 ) 
4 449 450 (-5120 -3072 4096 ) (-5120 -3072 -1792 ) (-5120 -4096 -1792 ) (-5120 -4096 4096 ) 
4 450 461 (-6144 -4096 -1792 ) (-6144 -4096 4096 ) (-6144 -3072 4096 ) (-6144 -3072 -1792 ) 
4 450 452 (-5120 -4096 -1792 ) (-5120 -4096 4096 ) (-6144 -4096 4096 ) (-6144 -4096 -1792 ) 
4 451 474 (-4096 -5120 -1792 ) (-4096 -5120 4096 ) (-5120 -5120 4096 ) (-5120 -5120 -1792 ) 
4 451 452 (-5120 -4096 4096 ) (-5120 -4096 -1792 ) (-5120 -5120 -1792 ) (-5120 -5120 4096 ) 
4 452 475 (-5120 -5120 -1792 ) (-5120 -5120 4096 ) (-6144 -5120 4096 ) (-6144 -5120 -1792 ) 
4 452 463 (-6144 -5120 -1792 ) (-6144 -5120 4096 ) (-6144 -4096 4096 ) (-6144 -4096 -1792 ) 
4 453 455 (-6144 -1024 -1792 ) (-6144 -1024 4096 ) (-7168 -1024 4096 ) (-7168 -1024 -1792 ) 
4 453 454 (-7168 0 4096 ) (-7168 0 -1792 ) (-7168 -1024 -1792 ) (-7168 -1024 4096 ) 
4 454 457 (-8192 0 4096 ) (-8192 0 -1792 ) (-8192 -1024 -1792 ) (-8192 -1024 4096 ) 
4 454 456 (-7168 -1024 -1792 ) (-7168 -1024 4096 ) (-8192 -1024 4096 ) (-8192 -1024 -1792 ) 
4 455 459 (-6144 -2048 -1792 ) (-6144 -2048 4096 ) (-7168 -2048 4096 ) (-7168 -2048 -1792 ) 
4 455 456 (-7168 -1024 4096 ) (-7168 -1024 -1792 ) (-7168 -2048 -1792 ) (-7168 -2048 4096 ) 
4 456 460 (-7168 -2048 -1792 ) (-7168 -2048 4096 ) (-8192 -2048 4096 ) (-8192 -2048 -1792 ) 
4 456 458 (-8192 -2048 -1792 ) (-8192 -2048 4096 ) (-8192 -1024 4096 ) (-8192 -1024 -1792 ) 
4 457 458 (-8192 -1024 -1792 ) (-8192 -1024 4096 ) (-8869.330078 -1024 4096 ) (-8869.330078 -1024 -1792 ) 
4 458 465 (-8192 -2048 -1792 ) (-8192 -2048 4096 ) (-8869.330078 -2048 4096 ) (-8869.330078 -2048 -1792 ) 
4 459 461 (-6144 -3072 -1792 ) (-6144 -3072 4096 ) (-7168 -3072 4096 ) (-7168 -3072 -1792 ) 
4 459 460 (-7168 -2048 4096 ) (-7168 -2048 -1792 ) (-7168 -3072 -1792 ) (-7168 -3072 4096 ) 
4 460 465 (-8192 -2048 4096 ) (-8192 -2048 -1792 ) (-8192 -3072 -1792 ) (-8192 -3072 4096 ) 
4 460 462 (-7168 -3072 -1792 ) (-7168 -3072 4096 ) (-8192 -3072 4096 ) (-8192 -3072 -1792 ) 
4 461 463 (-6144 -4096 -1792 ) (-6144 -4096 4096 ) (-7168 -4096 4096 ) (-7168 -4096 -1792 ) 
4 461 462 (-7168 -4096 -1792 ) (-7168 -4096 4096 ) (-7168 -3072 4096 ) (-7168 -3072 -1792 ) 
4 462 466 (-8192 -4096 -1792 ) (-8192 -4096 4096 ) (-8192 -3072 4096 ) (-8192 -3072 -1792 ) 
4 462 464 (-8192 -4096 4096 ) (-8192 -4096 -1792 ) (-7168 -4096 -1792 ) (-7168 -4096 4096 ) 
4 463 483 (-6144 -5120 -1792 ) (-6144 -5120 4096 ) (-7168 -5120 4096 ) (-7168 -5120 -1792 ) 
4 463 464 (-7168 -4096 4096 ) (-7168 -4096 -1792 ) (-7168 -5120 -1792 ) (-7168 -5120 4096 ) 
4 464 484 (-7168 -5120 -1792 ) (-7168 -5120 4096 ) (-8192 -5120 4096 ) (-8192 -5120 -1792 ) 
4 464 467 (-8192 -5120 -1792 ) (-8192 -5120 4096 ) (-8192 -4096 4096 ) (-8192 -4096 -1792 ) 
4 465 466 (-8192 -3072 -1792 ) (-8192 -3072 4096 ) (-8869.330078 -3072 4096 ) (-8869.330078 -3072 -1792 ) 
4 466 467 (-8192 -4096 -1792 ) (-8192 -4096 4096 ) (-8869.330078 -4096 4096 ) (-8869.330078 -4096 -1792 ) 
4 467 487 (-8192 -5120 -1792 ) (-8192 -5120 4096 ) (-8869.330078 -5120 4096 ) (-8869.330078 -5120 -1792 ) 
4 468 470 (-1024 -6144 -1792 ) (-1024 -6144 4096 ) (-2048 -6144 4096 ) (-2048 -6144 -1792 ) 
4 468 469 (-2048 -5120 4096 ) (-2048 -5120 -1792 ) (-2048 -6144 -1792 ) (-2048 -6144 4096 ) 
4 469 472 (-3072 -5120 4096 ) (-3072 -5120 -1792 ) (-3072 -6144 -1792 ) (-3072 -6144 4096 ) 
4 469 471 (-2048 -6144 -1792 ) (-2048 -6144 4096 ) (-3072 -6144 4096 ) (-3072 -6144 -1792 ) 
4 470 478 (-1024 -7168 -1792 ) (-1024 -7168 4096 ) (-2048 -7168 4096 ) (-2048 -7168 -1792 ) 
4 470 471 (-2048 -6144 4096 ) (-2048 -6144 -1792 ) (-2048 -7168 -1792 ) (-2048 -7168 4096 ) 
4 471 479 (-2048 -7168 -1792 ) (-2048 -7168 4096 ) (-3072 -7168 4096 ) (-3072 -7168 -1792 ) 
4 471 473 (-3072 -7168 -1792 ) (-3072 -7168 4096 ) (-3072 -6144 4096 ) (-3072 -6144 -1792 ) 
4 472 474 (-4096 -6144 -1792 ) (-4096 -6144 4096 ) (-4096 -5120 4096 ) (-4096 -5120 -1792 ) 
4 472 473 (-3072 -6144 -1792 ) (-3072 -6144 4096 ) (-4096 -6144 4096 ) (-4096 -6144 -1792 ) 
4 473 480 (-3072 -7168 -1792 ) (-3072 -7168 4096 ) (-4096 -7168 4096 ) (-4096 -7168 -1792 ) 
4 473 476 (-4096 -7168 -1792 ) (-4096 -7168 4096 ) (-4096 -6144 4096 ) (-4096 -6144 -1792 ) 
4 474 476 (-4096 -6144 -1792 ) (-4096 -6144 4096 ) (-5120 -6144 4096 ) (-5120 -6144 -1792 ) 
4 474 475 (-5120 -6144 -1792 ) (-5120 -6144 4096 ) (-5120 -5120 4096 ) (-5120 -5120 -1792 ) 
4 475 483 (-6144 -5120 4096 ) (-6144 -5120 -1792 ) (-6144 -6144 -1792 ) (-6144 -6144 4096 ) 
4 475 477 (-6144 -6144 4096 ) (-6144 -6144 -1792 ) (-5120 -6144 -1792 ) (-5120 -6144 4096 ) 
4 476 481 (-4096 -7168 -1792 ) (-4096 -7168 4096 ) (-5120 -7168 4096 ) (-5120 -7168 -1792 ) 
4 476 477 (-5120 -6144 4096 ) (-5120 -6144 -1792 ) (-5120 -7168 -1792 ) (-5120 -7168 4096 ) 
4 477 485 (-6144 -7168 -1792 ) (-6144 -7168 4096 ) (-6144 -6144 4096 ) (-6144 -6144 -1792 ) 
4 477 482 (-5120 -7168 -1792 ) (-5120 -7168 4096 ) (-6144 -7168 4096 ) (-6144 -7168 -1792 ) 
4 478 479 (-2048 -7168 4096 ) (-2048 -7168 -1792 ) (-2048 -8032.940430 -1792 ) (-2048 -8032.940430 4096 ) 
4 479 480 (-3072 -7168 4096 ) (-3072 -7168 -1792 ) (-3072 -8032.940430 -1792 ) (-3072 -8032.940430 4096 ) 
4 480 481 (-4096 -7168 4096 ) (-4096 -7168 -1792 ) (-4096 -8032.940430 -1792 ) (-4096 -8032.940430 4096 ) 
4 481 482 (-5120 -8032.940430 -1792 ) (-5120 -8032.940430 4096 ) (-5120 -7168 4096 ) (-5120 -7168 -1792 ) 
4 482 489 (-6144 -8032.940430 -1792 ) (-6144 -8032.940430 4096 ) (-6144 -7168 4096 ) (-6144 -7168 -1792 ) 
4 483 485 (-6144 -6144 -1792 ) (-6144 -6144 4096 ) (-7168 -6144 4096 ) (-7168 -6144 -1792 ) 
4 483 484 (-7168 -5120 4096 ) (-7168 -5120 -1792 ) (-7168 -6144 -1792 ) (-7168 -6144 4096 ) 
4 484 487 (-8192 -5120 4096 ) (-8192 -5120 -1792 ) (-8192 -6144 -1792 ) (-8192 -6144 4096 ) 
4 484 486 (-7168 -6144 -1792 ) (-7168 -6144 4096 ) (-8192 -6144 4096 ) (-8192 -6144 -1792 ) 
4 485 489 (-6144 -7168 -1792 ) (-6144 -7168 4096 ) (-7168 -7168 4096 ) (-7168 -7168 -1792 ) 
4 485 486 (-7168 -6144 4096 ) (-7168 -6144 -1792 ) (-7168 -7168 -1792 ) (-7168 -7168 4096 ) 
4 486 490 (-7168 -7168 -1792 ) (-7168 -7168 4096 ) (-8192 -7168 4096 ) (-8192 -7168 -1792 ) 
4 486 488 (-8192 -7168 -1792 ) (-8192 -7168 4096 ) (-8192 -6144 4096 ) (-8192 -6144 -1792 ) 
4 487 488 (-8192 -6144 -1792 ) (-8192 -6144 4096 ) (-8869.330078 -6144 4096 ) (-8869.330078 -6144 -1792 ) 
4 488 491 (-8192 -7168 -1792 ) (-8192 -7168 4096 ) (-8869.330078 -7168 4096 ) (-8869.330078 -7168 -1792 ) 
4 489 490 (-7168 -7168 4096 ) (-7168 -7168 -1792 ) (-7168 -8032.940430 -1792 ) (-7168 -8032.940430 4096 ) 
4 490 491 (-8192 -7168 4096 ) (-8192 -7168 -1792 ) (-8192 -8032.940430 -1792 ) (-8192 -8032.940430 4096 ) 
